

================================================================
== Vitis HLS Report for 'conv2x2_top'
================================================================
* Date:           Thu Apr 16 02:04:54 2026

* Version:        2023.1 (Build 3854077 on May  4 2023)
* Project:        conv2x2_prj
* Solution:       xcvu9p-flga2577-2-e (Vivado IP Flow Target)
* Product family: virtexuplus
* Target device:  xcvu9p-flga2577-2-e


================================================================
== Performance Estimates
================================================================
+ Timing: 
    * Summary: 
    +--------+----------+----------+------------+
    |  Clock |  Target  | Estimated| Uncertainty|
    +--------+----------+----------+------------+
    |ap_clk  |  10.00 ns|  2.407 ns|     2.70 ns|
    +--------+----------+----------+------------+

+ Latency: 
    * Summary: 
    +---------+---------+----------+----------+-----+-----+---------+
    |  Latency (cycles) |  Latency (absolute) |  Interval | Pipeline|
    |   min   |   max   |    min   |    max   | min | max |   Type  |
    +---------+---------+----------+----------+-----+-----+---------+
    |       37|       37|  0.370 us|  0.370 us|   38|   38|       no|
    +---------+---------+----------+----------+-----+-----+---------+

    + Detail: 
        * Instance: 
        +--------------------------------------------------+---------------------------------------+---------+---------+-----------+-----------+-----+-----+---------+
        |                                                  |                                       |  Latency (cycles) |   Latency (absolute)  |  Interval | Pipeline|
        |                     Instance                     |                 Module                |   min   |   max   |    min    |    max    | min | max |   Type  |
        +--------------------------------------------------+---------------------------------------+---------+---------+-----------+-----------+-----+-----+---------+
        |grp_conv2x2_top_Pipeline_VITIS_LOOP_47_1_fu_126   |conv2x2_top_Pipeline_VITIS_LOOP_47_1   |        6|        6|  60.000 ns|  60.000 ns|    6|    6|       no|
        |grp_conv2x2_top_Pipeline_VITIS_LOOP_197_2_fu_135  |conv2x2_top_Pipeline_VITIS_LOOP_197_2  |        8|        8|  80.000 ns|  80.000 ns|    8|    8|       no|
        |call_ln40_load_weights_once_fu_143                |load_weights_once                      |        0|        0|       0 ns|       0 ns|    0|    0|       no|
        |grp_conv2x2_top_Pipeline_VITIS_LOOP_74_3_fu_149   |conv2x2_top_Pipeline_VITIS_LOOP_74_3   |        6|        6|  60.000 ns|  60.000 ns|    6|    6|       no|
        |grp_conv2x2_top_Pipeline_VITIS_LOOP_79_2_fu_155   |conv2x2_top_Pipeline_VITIS_LOOP_79_2   |        6|        6|  60.000 ns|  60.000 ns|    6|    6|       no|
        +--------------------------------------------------+---------------------------------------+---------+---------+-----------+-----------+-----+-----+---------+

        * Loop: 
        N/A



================================================================
== Utilization Estimates
================================================================
* Summary: 
+---------------------+---------+------+---------+---------+-----+
|         Name        | BRAM_18K|  DSP |    FF   |   LUT   | URAM|
+---------------------+---------+------+---------+---------+-----+
|DSP                  |        -|     -|        -|        -|    -|
|Expression           |        -|     -|        -|        -|    -|
|FIFO                 |        -|     -|       23|       72|    -|
|Instance             |        -|     -|      257|     1102|    -|
|Memory               |        0|     -|        4|        6|    0|
|Multiplexer          |        -|     -|        -|      119|    -|
|Register             |        -|     -|       17|        -|    -|
+---------------------+---------+------+---------+---------+-----+
|Total                |        0|     0|      301|     1299|    0|
+---------------------+---------+------+---------+---------+-----+
|Available SLR        |     1440|  2280|   788160|   394080|  320|
+---------------------+---------+------+---------+---------+-----+
|Utilization SLR (%)  |        0|     0|       ~0|       ~0|    0|
+---------------------+---------+------+---------+---------+-----+
|Available            |     4320|  6840|  2364480|  1182240|  960|
+---------------------+---------+------+---------+---------+-----+
|Utilization (%)      |        0|     0|       ~0|       ~0|    0|
+---------------------+---------+------+---------+---------+-----+

+ Detail: 
    * Instance: 
    +--------------------------------------------------+---------------------------------------+---------+----+-----+-----+-----+
    |                     Instance                     |                 Module                | BRAM_18K| DSP|  FF | LUT | URAM|
    +--------------------------------------------------+---------------------------------------+---------+----+-----+-----+-----+
    |grp_conv2x2_top_Pipeline_VITIS_LOOP_197_2_fu_135  |conv2x2_top_Pipeline_VITIS_LOOP_197_2  |        0|   0|  234|  858|    0|
    |grp_conv2x2_top_Pipeline_VITIS_LOOP_47_1_fu_126   |conv2x2_top_Pipeline_VITIS_LOOP_47_1   |        0|   0|    7|   91|    0|
    |grp_conv2x2_top_Pipeline_VITIS_LOOP_74_3_fu_149   |conv2x2_top_Pipeline_VITIS_LOOP_74_3   |        0|   0|    6|   82|    0|
    |grp_conv2x2_top_Pipeline_VITIS_LOOP_79_2_fu_155   |conv2x2_top_Pipeline_VITIS_LOOP_79_2   |        0|   0|    8|   71|    0|
    |call_ln40_load_weights_once_fu_143                |load_weights_once                      |        0|   0|    2|    0|    0|
    +--------------------------------------------------+---------------------------------------+---------+----+-----+-----+-----+
    |Total                                             |                                       |        0|   0|  257| 1102|    0|
    +--------------------------------------------------+---------------------------------------+---------+----+-----+-----+-----+

    * DSP: 
    N/A

    * Memory: 
    +--------------+---------------------------+---------+---+----+-----+------+-----+------+-------------+
    |    Memory    |           Module          | BRAM_18K| FF| LUT| URAM| Words| Bits| Banks| W*Bits*Banks|
    +--------------+---------------------------+---------+---+----+-----+------+-----+------+-------------+
    |inputBuf_U    |inputBuf_RAM_2P_AUTO_1R1W  |        0|  2|   3|    0|     2|    1|     1|            2|
    |inputBuf_1_U  |inputBuf_RAM_2P_AUTO_1R1W  |        0|  2|   3|    0|     2|    1|     1|            2|
    +--------------+---------------------------+---------+---+----+-----+------+-----+------+-------------+
    |Total         |                           |        0|  4|   6|    0|     4|    2|     2|            4|
    +--------------+---------------------------+---------+---+----+-----+------+-----+------+-------------+

    * FIFO: 
    +-------------------+---------+----+----+-----+------+-----+---------+
    |        Name       | BRAM_18K| FF | LUT| URAM| Depth| Bits| Size:D*B|
    +-------------------+---------+----+----+-----+------+-----+---------+
    |convInp_fifo_U     |        0|  11|   0|    -|   256|    1|      256|
    |in_stream_fifo_U   |        0|   6|   0|    -|     8|    1|        8|
    |out_stream_fifo_U  |        0|   6|   0|    -|     8|    1|        8|
    +-------------------+---------+----+----+-----+------+-----+---------+
    |Total              |        0|  23|   0|    0|   272|    3|      272|
    +-------------------+---------+----+----+-----+------+-----+---------+

    * Expression: 
    N/A

    * Multiplexer: 
    +------------------+----+-----------+-----+-----------+
    |       Name       | LUT| Input Size| Bits| Total Bits|
    +------------------+----+-----------+-----+-----------+
    |ap_NS_fsm         |  65|         13|    1|         13|
    |convInp_read      |   9|          2|    1|          2|
    |convInp_write     |   9|          2|    1|          2|
    |in_stream_read    |   9|          2|    1|          2|
    |in_stream_write   |   9|          2|    1|          2|
    |out_stream_read   |   9|          2|    1|          2|
    |out_stream_write  |   9|          2|    1|          2|
    +------------------+----+-----------+-----+-----------+
    |Total             | 119|         25|    7|         25|
    +------------------+----+-----------+-----+-----------+

    * Register: 
    +---------------------------------------------------------------+----+----+-----+-----------+
    |                              Name                             | FF | LUT| Bits| Const Bits|
    +---------------------------------------------------------------+----+----+-----+-----------+
    |ap_CS_fsm                                                      |  12|   0|   12|          0|
    |grp_conv2x2_top_Pipeline_VITIS_LOOP_197_2_fu_135_ap_start_reg  |   1|   0|    1|          0|
    |grp_conv2x2_top_Pipeline_VITIS_LOOP_47_1_fu_126_ap_start_reg   |   1|   0|    1|          0|
    |grp_conv2x2_top_Pipeline_VITIS_LOOP_74_3_fu_149_ap_start_reg   |   1|   0|    1|          0|
    |grp_conv2x2_top_Pipeline_VITIS_LOOP_79_2_fu_155_ap_start_reg   |   1|   0|    1|          0|
    |st_init                                                        |   1|   0|    1|          0|
    +---------------------------------------------------------------+----+----+-----+-----------+
    |Total                                                          |  17|   0|   17|          0|
    +---------------------------------------------------------------+----+----+-----+-----------+



================================================================
== Interface
================================================================
* Summary: 
+--------------+-----+-----+------------+--------------+--------------+
|   RTL Ports  | Dir | Bits|  Protocol  | Source Object|    C Type    |
+--------------+-----+-----+------------+--------------+--------------+
|ap_clk        |   in|    1|  ap_ctrl_hs|   conv2x2_top|  return value|
|ap_rst        |   in|    1|  ap_ctrl_hs|   conv2x2_top|  return value|
|ap_start      |   in|    1|  ap_ctrl_hs|   conv2x2_top|  return value|
|ap_done       |  out|    1|  ap_ctrl_hs|   conv2x2_top|  return value|
|ap_idle       |  out|    1|  ap_ctrl_hs|   conv2x2_top|  return value|
|ap_ready      |  out|    1|  ap_ctrl_hs|   conv2x2_top|  return value|
|in_0          |   in|    1|     ap_none|          in_0|       pointer|
|in_1          |   in|    1|     ap_none|          in_1|       pointer|
|in_2          |   in|    1|     ap_none|          in_2|       pointer|
|in_3          |   in|    1|     ap_none|          in_3|       pointer|
|out_0         |  out|    1|      ap_vld|         out_0|       pointer|
|out_0_ap_vld  |  out|    1|      ap_vld|         out_0|       pointer|
|out_1         |  out|    1|      ap_vld|         out_1|       pointer|
|out_1_ap_vld  |  out|    1|      ap_vld|         out_1|       pointer|
|out_2         |  out|    1|      ap_vld|         out_2|       pointer|
|out_2_ap_vld  |  out|    1|      ap_vld|         out_2|       pointer|
|out_3         |  out|    1|      ap_vld|         out_3|       pointer|
|out_3_ap_vld  |  out|    1|      ap_vld|         out_3|       pointer|
+--------------+-----+-----+------------+--------------+--------------+

