

================================================================
== Vitis HLS Report for 'conv2x2_top_Pipeline_VITIS_LOOP_131_1'
================================================================
* Date:           Sat Apr 25 21:02:40 2026

* Version:        2023.1 (Build 3854077 on May  4 2023)
* Project:        conv2x2_prj
* Solution:       xcvu9p-flga2577-2-e (Vivado IP Flow Target)
* Product family: virtexuplus
* Target device:  xcvu9p-flga2577-2-e


================================================================
== Performance Estimates
================================================================
+ Timing: 
    * Summary: 
    +--------+----------+----------+------------+
    |  Clock |  Target  | Estimated| Uncertainty|
    +--------+----------+----------+------------+
    |ap_clk  |  10.00 ns|  4.324 ns|     2.70 ns|
    +--------+----------+----------+------------+

+ Latency: 
    * Summary: 
    +---------+---------+-----------+-----------+-----+-----+---------+
    |  Latency (cycles) |   Latency (absolute)  |  Interval | Pipeline|
    |   min   |   max   |    min    |    max    | min | max |   Type  |
    +---------+---------+-----------+-----------+-----+-----+---------+
    |        6|        6|  60.000 ns|  60.000 ns|    6|    6|       no|
    +---------+---------+-----------+-----------+-----+-----+---------+

    + Detail: 
        * Instance: 
        N/A

        * Loop: 
        +--------------------+---------+---------+----------+-----------+-----------+------+----------+
        |                    |  Latency (cycles) | Iteration|  Initiation Interval  | Trip |          |
        |      Loop Name     |   min   |   max   |  Latency |  achieved |   target  | Count| Pipelined|
        +--------------------+---------+---------+----------+-----------+-----------+------+----------+
        |- VITIS_LOOP_131_1  |        4|        4|         2|          1|          1|     4|       yes|
        +--------------------+---------+---------+----------+-----------+-----------+------+----------+



================================================================
== Utilization Estimates
================================================================
* Summary: 
+---------------------+---------+------+---------+---------+-----+
|         Name        | BRAM_18K|  DSP |    FF   |   LUT   | URAM|
+---------------------+---------+------+---------+---------+-----+
|DSP                  |        -|     -|        -|        -|    -|
|Expression           |        -|     -|        0|      110|    -|
|FIFO                 |        -|     -|        -|        -|    -|
|Instance             |        -|     -|        0|       20|    -|
|Memory               |        -|     -|        -|        -|    -|
|Multiplexer          |        -|     -|        -|       72|    -|
|Register             |        -|     -|       74|        -|    -|
+---------------------+---------+------+---------+---------+-----+
|Total                |        0|     0|       74|      202|    0|
+---------------------+---------+------+---------+---------+-----+
|Available SLR        |     1440|  2280|   788160|   394080|  320|
+---------------------+---------+------+---------+---------+-----+
|Utilization SLR (%)  |        0|     0|       ~0|       ~0|    0|
+---------------------+---------+------+---------+---------+-----+
|Available            |     4320|  6840|  2364480|  1182240|  960|
+---------------------+---------+------+---------+---------+-----+
|Utilization (%)      |        0|     0|       ~0|       ~0|    0|
+---------------------+---------+------+---------+---------+-----+

+ Detail: 
    * Instance: 
    +--------------------+----------------+---------+----+---+----+-----+
    |      Instance      |     Module     | BRAM_18K| DSP| FF| LUT| URAM|
    +--------------------+----------------+---------+----+---+----+-----+
    |mux_4_2_16_1_1_U15  |mux_4_2_16_1_1  |        0|   0|  0|  20|    0|
    +--------------------+----------------+---------+----+---+----+-----+
    |Total               |                |        0|   0|  0|  20|    0|
    +--------------------+----------------+---------+----+---+----+-----+

    * DSP: 
    N/A

    * Memory: 
    N/A

    * FIFO: 
    N/A

    * Expression: 
    +----------------------------------+----------+----+---+----+------------+------------+
    |           Variable Name          | Operation| DSP| FF| LUT| Bitwidth P0| Bitwidth P1|
    +----------------------------------+----------+----+---+----+------------+------------+
    |cntr_3_fu_123_p2                  |         +|   0|  0|   9|           2|           1|
    |i_4_fu_117_p2                     |         +|   0|  0|  10|           3|           1|
    |newSecond_fu_207_p2               |         +|   0|  0|  16|          16|          16|
    |temp_1_fu_201_p2                  |         -|   0|  0|  16|          16|          16|
    |ap_block_pp0_stage0_01001         |       and|   0|  0|   2|           1|           1|
    |icmp_ln131_fu_111_p2              |      icmp|   0|  0|  12|           3|           4|
    |outElem_fu_213_p2                 |      icmp|   0|  0|  23|          16|           1|
    |ap_block_state2_pp0_stage0_iter1  |        or|   0|  0|   2|           1|           1|
    |select_ln179_fu_220_p3            |    select|   0|  0|  16|           1|           1|
    |select_ln202_fu_182_p3            |    select|   0|  0|   2|           1|           2|
    |ap_enable_pp0                     |       xor|   0|  0|   2|           1|           2|
    +----------------------------------+----------+----+---+----+------------+------------+
    |Total                             |          |   0|  0| 110|          61|          46|
    +----------------------------------+----------+----+---+----+------------+------------+

    * Multiplexer: 
    +-------------------------+----+-----------+-----+-----------+
    |           Name          | LUT| Input Size| Bits| Total Bits|
    +-------------------------+----+-----------+-----+-----------+
    |ap_done_int              |   9|          2|    1|          2|
    |ap_enable_reg_pp0_iter1  |   9|          2|    1|          2|
    |ap_sig_allocacmp_cntr_2  |   9|          2|    2|          4|
    |ap_sig_allocacmp_i       |   9|          2|    3|          6|
    |cntr_fu_68               |   9|          2|    2|          4|
    |convInp_blk_n            |   9|          2|    1|          2|
    |i_2_fu_72                |   9|          2|    3|          6|
    |out_stream_blk_n         |   9|          2|    1|          2|
    +-------------------------+----+-----------+-----+-----------+
    |Total                    |  72|         16|   14|         28|
    +-------------------------+----+-----------+-----+-----------+

    * Register: 
    +---------------------------------------------------------------------------------+----+----+-----+-----------+
    |                                       Name                                      | FF | LUT| Bits| Const Bits|
    +---------------------------------------------------------------------------------+----+----+-----+-----------+
    |ap_CS_fsm                                                                        |   1|   0|    1|          0|
    |ap_done_reg                                                                      |   1|   0|    1|          0|
    |ap_enable_reg_pp0_iter1                                                          |   1|   0|    1|          0|
    |cntr_2_reg_271                                                                   |   2|   0|    2|          0|
    |cntr_fu_68                                                                       |   2|   0|    2|          0|
    |i_2_fu_72                                                                        |   3|   0|    3|          0|
    |void_Matrix_Vector_Activate_Batch_stream_stream_FixedPointWeightsSp_const_Dum    |  16|   0|   16|          0|
    |void_Matrix_Vector_Activate_Batch_stream_stream_FixedPointWeightsSp_const_Dum_1  |  16|   0|   16|          0|
    |void_Matrix_Vector_Activate_Batch_stream_stream_FixedPointWeightsSp_const_Dum_2  |  16|   0|   16|          0|
    |void_Matrix_Vector_Activate_Batch_stream_stream_FixedPointWeightsSp_const_Dum_3  |  16|   0|   16|          0|
    +---------------------------------------------------------------------------------+----+----+-----+-----------+
    |Total                                                                            |  74|   0|   74|          0|
    +---------------------------------------------------------------------------------+----+----+-----+-----------+



================================================================
== Interface
================================================================
* Summary: 
+-------------------+-----+-----+------------+---------------------------------------+--------------+
|     RTL Ports     | Dir | Bits|  Protocol  |             Source Object             |    C Type    |
+-------------------+-----+-----+------------+---------------------------------------+--------------+
|ap_clk             |   in|    1|  ap_ctrl_hs|  conv2x2_top_Pipeline_VITIS_LOOP_131_1|  return value|
|ap_rst             |   in|    1|  ap_ctrl_hs|  conv2x2_top_Pipeline_VITIS_LOOP_131_1|  return value|
|ap_start           |   in|    1|  ap_ctrl_hs|  conv2x2_top_Pipeline_VITIS_LOOP_131_1|  return value|
|ap_done            |  out|    1|  ap_ctrl_hs|  conv2x2_top_Pipeline_VITIS_LOOP_131_1|  return value|
|ap_idle            |  out|    1|  ap_ctrl_hs|  conv2x2_top_Pipeline_VITIS_LOOP_131_1|  return value|
|ap_ready           |  out|    1|  ap_ctrl_hs|  conv2x2_top_Pipeline_VITIS_LOOP_131_1|  return value|
|convInp_dout       |   in|    1|     ap_fifo|                                convInp|       pointer|
|convInp_empty_n    |   in|    1|     ap_fifo|                                convInp|       pointer|
|convInp_read       |  out|    1|     ap_fifo|                                convInp|       pointer|
|out_stream_din     |  out|    1|     ap_fifo|                             out_stream|       pointer|
|out_stream_full_n  |   in|    1|     ap_fifo|                             out_stream|       pointer|
|out_stream_write   |  out|    1|     ap_fifo|                             out_stream|       pointer|
|temp_4             |   in|    2|     ap_none|                                 temp_4|        scalar|
+-------------------+-----+-----+------------+---------------------------------------+--------------+

