================================================================
== Design Size Report
================================================================

* Instructions per Function for each Compilation Phase
+-------------------------------------+--------------------+-----------------+---------------+----------------------+---------------+
| Function                            | Location           | Compile/Link    | Unroll/Inline | Performance/Pipeline | Optimizations |
+-------------------------------------+--------------------+-----------------+---------------+----------------------+---------------+
| + fc1full_top                       | fc1full_top.cpp:61 | 1,855           | 244           | 13,102               | 13,256        |
|    load_weights_once                | fc1full_top.cpp:44 |    93           |  28           |     22               |     30        |
|  + StreamingFCLayer_Batch<3200,...  | fclayer.h:96       | 1,266           |               |                      |               |
|     WidthAdjustedInputStream        | streamtools.h:837  |     3           |               |                      |               |
|     WidthAdjustedOutputStream       | streamtools.h:869  |     3           |               |                      |               |
|     operator hls::stream<ap_uint... | streamtools.h:841  |     3           |               |                      |               |
|     operator hls::stream<ap_uint... | streamtools.h:874  |     3           |               |                      |               |
|   + Matrix_Vector_Activate_Batch... | mvau.hpp:95        | 1,231           |               |                      |               |
|    + weights                        | weights.hpp:214    |    13           |               |                      |               |
|       TileIndex                     | weights.hpp:190    |     8           |               |                      |               |
|      operator[]                     | weights.hpp:196    |   172           |               |                      |               |
|    + operator()<ap_uint<1> >        | interpret.hpp:235  |    12           |               |                      |               |
|       Container                     | interpret.hpp:202  |    10           |               |                      |               |
|      operator()                     | interpret.hpp:209  |    38 (2 calls) |               |                      |               |
|      operator const ap_uint<1> &    | interpret.hpp:222  |     2           |               |                      |               |
|     ~WidthAdjustedOutputStream      | streamtools.h:871  |     1           |               |                      |               |
|     ~WidthAdjustedInputStream       | streamtools.h:838  |     1           |               |                      |               |
|    WidthAdjustedInputStream         | streamtools.h:837  |                 |   3           |                      |               |
|    WidthAdjustedOutputStream        | streamtools.h:869  |                 |   3           |                      |               |
|    operator hls::stream<ap_uint...  | streamtools.h:841  |                 |   1           |                      |               |
|    operator hls::stream<ap_uint...  | streamtools.h:874  |                 |   1           |                      |               |
|    Matrix_Vector_Activate_Batch...  | mvau.hpp:95        |                 | 142           |                      |               |
+-------------------------------------+--------------------+-----------------+---------------+----------------------+---------------+

* Description of Compilation Phases
+----------------------+------------------------------------------------------------+
| Compilation Phase    | Description                                                |
+----------------------+------------------------------------------------------------+
| Compile/Link         | All functions are compiled and linked into a single design |
| Unroll/Inline        | After user unroll and inline pragmas are applied           |
| Performance/Pipeline | After performance and pipeline pragmas are applied         |
| Optimizations        | After high level synthesis optimizations                   |
+----------------------+------------------------------------------------------------+

* Design Size Message Settings
+---------------------------------------------+--------+------------------------------------------------------------------+
| Message Setting                             | Value  | Description                                                      |
+---------------------------------------------+--------+------------------------------------------------------------------+
| config_compile -design_size_maximum_warning | 100000 | Show a warning when total design instructions exceeds this value |
+---------------------------------------------+--------+------------------------------------------------------------------+


