

================================================================
== Synthesis Summary Report of 'fc1full_top'
================================================================
+ General Information: 
    * Date:           Thu Apr 30 15:39:38 2026
    * Version:        2023.1 (Build 3854077 on May  4 2023)
    * Project:        fc1full_prj
    * Solution:       xcvu9p-flga2577-2-e (Vivado IP Flow Target)
    * Product family: virtexuplus
    * Target device:  xcvu9p-flga2577-2-e
    

+ Performance & Resource Estimates: 
    
    PS: '+' for module; 'o' for loop; '*' for dataflow
    +----------------------------------------------------------------+------+------+---------+-----------+----------+---------+--------+----------+---------+---------+------------+------------+-----+
    |                             Modules                            | Issue|      | Latency |  Latency  | Iteration|         |  Trip  |          |         |         |            |            |     |
    |                             & Loops                            | Type | Slack| (cycles)|    (ns)   |  Latency | Interval|  Count | Pipelined|  BRAM   |   DSP   |     FF     |     LUT    | URAM|
    +----------------------------------------------------------------+------+------+---------+-----------+----------+---------+--------+----------+---------+---------+------------+------------+-----+
    |+ fc1full_top                                                   |     -|  2.36|   412885|  4.129e+06|         -|   412886|       -|        no|  4 (~0%)|  2 (~0%)|  3552 (~0%)|  3907 (~0%)|    -|
    | + load_weights_once                                            |     -|  4.80|   204806|  2.048e+06|         -|   204806|       -|        no|  2 (~0%)|  2 (~0%)|    94 (~0%)|   193 (~0%)|    -|
    |  + load_weights_once_Pipeline_VITIS_LOOP_49_1_VITIS_LOOP_50_2  |     -|  4.80|   204805|  2.048e+06|         -|   204805|       -|        no|  2 (~0%)|  2 (~0%)|    89 (~0%)|   177 (~0%)|    -|
    |   o VITIS_LOOP_49_1_VITIS_LOOP_50_2                            |     -|  7.30|   204803|  2.048e+06|         5|        1|  204800|       yes|        -|        -|           -|           -|    -|
    | + fc1full_top_Pipeline_VITIS_LOOP_72_1                         |     -|  4.91|     3202|  3.202e+04|         -|     3202|       -|        no|        -|        -|    15 (~0%)|    87 (~0%)|    -|
    |  o VITIS_LOOP_72_1                                             |     -|  7.30|     3200|  3.200e+04|         2|        1|    3200|       yes|        -|        -|           -|           -|    -|
    | + fc1full_top_Pipeline_VITIS_LOOP_131_1                        |     -|  2.36|   204802|  2.048e+06|         -|   204802|       -|        no|        -|        -|  3366 (~0%)|  3305 (~0%)|    -|
    |  o VITIS_LOOP_131_1                                            |     -|  7.30|   204800|  2.048e+06|         2|        1|  204800|       yes|        -|        -|           -|           -|    -|
    | + fc1full_top_Pipeline_VITIS_LOOP_105_2                        |     -|  5.88|       66|    660.000|         -|       66|       -|        no|        -|        -|    16 (~0%)|    78 (~0%)|    -|
    |  o VITIS_LOOP_105_2                                            |     -|  7.30|       64|    640.000|         2|        1|      64|       yes|        -|        -|           -|           -|    -|
    +----------------------------------------------------------------+------+------+---------+-----------+----------+---------+--------+----------+---------+---------+------------+------------+-----+


================================================================
== HW Interfaces
================================================================
* AP_MEMORY
+---------------+-----------+----------+
| Port          | Direction | Bitwidth |
+---------------+-----------+----------+
| in_r_address0 | out       | 12       |
| in_r_q0       | in        | 1        |
+---------------+-----------+----------+

* Other Ports
+--------+--------+-----------+----------+
| Port   | Mode   | Direction | Bitwidth |
+--------+--------+-----------+----------+
| out_0  | ap_vld | out       | 1        |
| out_1  | ap_vld | out       | 1        |
| out_10 | ap_vld | out       | 1        |
| out_11 | ap_vld | out       | 1        |
| out_12 | ap_vld | out       | 1        |
| out_13 | ap_vld | out       | 1        |
| out_14 | ap_vld | out       | 1        |
| out_15 | ap_vld | out       | 1        |
| out_16 | ap_vld | out       | 1        |
| out_17 | ap_vld | out       | 1        |
| out_18 | ap_vld | out       | 1        |
| out_19 | ap_vld | out       | 1        |
| out_2  | ap_vld | out       | 1        |
| out_20 | ap_vld | out       | 1        |
| out_21 | ap_vld | out       | 1        |
| out_22 | ap_vld | out       | 1        |
| out_23 | ap_vld | out       | 1        |
| out_24 | ap_vld | out       | 1        |
| out_25 | ap_vld | out       | 1        |
| out_26 | ap_vld | out       | 1        |
| out_27 | ap_vld | out       | 1        |
| out_28 | ap_vld | out       | 1        |
| out_29 | ap_vld | out       | 1        |
| out_3  | ap_vld | out       | 1        |
| out_30 | ap_vld | out       | 1        |
| out_31 | ap_vld | out       | 1        |
| out_32 | ap_vld | out       | 1        |
| out_33 | ap_vld | out       | 1        |
| out_34 | ap_vld | out       | 1        |
| out_35 | ap_vld | out       | 1        |
| out_36 | ap_vld | out       | 1        |
| out_37 | ap_vld | out       | 1        |
| out_38 | ap_vld | out       | 1        |
| out_39 | ap_vld | out       | 1        |
| out_4  | ap_vld | out       | 1        |
| out_40 | ap_vld | out       | 1        |
| out_41 | ap_vld | out       | 1        |
| out_42 | ap_vld | out       | 1        |
| out_43 | ap_vld | out       | 1        |
| out_44 | ap_vld | out       | 1        |
| out_45 | ap_vld | out       | 1        |
| out_46 | ap_vld | out       | 1        |
| out_47 | ap_vld | out       | 1        |
| out_48 | ap_vld | out       | 1        |
| out_49 | ap_vld | out       | 1        |
| out_5  | ap_vld | out       | 1        |
| out_50 | ap_vld | out       | 1        |
| out_51 | ap_vld | out       | 1        |
| out_52 | ap_vld | out       | 1        |
| out_53 | ap_vld | out       | 1        |
| out_54 | ap_vld | out       | 1        |
| out_55 | ap_vld | out       | 1        |
| out_56 | ap_vld | out       | 1        |
| out_57 | ap_vld | out       | 1        |
| out_58 | ap_vld | out       | 1        |
| out_59 | ap_vld | out       | 1        |
| out_6  | ap_vld | out       | 1        |
| out_60 | ap_vld | out       | 1        |
| out_61 | ap_vld | out       | 1        |
| out_62 | ap_vld | out       | 1        |
| out_63 | ap_vld | out       | 1        |
| out_7  | ap_vld | out       | 1        |
| out_8  | ap_vld | out       | 1        |
| out_9  | ap_vld | out       | 1        |
+--------+--------+-----------+----------+

* TOP LEVEL CONTROL
+-----------+------------+-----------------------------------+
| Interface | Type       | Ports                             |
+-----------+------------+-----------------------------------+
| ap_clk    | clock      | ap_clk                            |
| ap_rst    | reset      | ap_rst                            |
| ap_ctrl   | ap_ctrl_hs | ap_done ap_idle ap_ready ap_start |
+-----------+------------+-----------------------------------+


================================================================
== SW I/O Information
================================================================
* Top Function Arguments
+----------+-----------+--------------------+
| Argument | Direction | Datatype           |
+----------+-----------+--------------------+
| in       | in        | ap_uint<1> const * |
| out      | out       | ap_uint<1>*        |
+----------+-----------+--------------------+

* SW-to-HW Mapping
+----------+---------------+---------+----------+
| Argument | HW Interface  | HW Type | HW Usage |
+----------+---------------+---------+----------+
| in       | in_r_address0 | port    | offset   |
| in       | in_r_ce0      | port    |          |
| in       | in_r_q0       | port    |          |
| out      | out_0         | port    |          |
| out      | out_0_ap_vld  | port    |          |
| out      | out_1         | port    |          |
| out      | out_1_ap_vld  | port    |          |
| out      | out_2         | port    |          |
| out      | out_2_ap_vld  | port    |          |
| out      | out_3         | port    |          |
| out      | out_3_ap_vld  | port    |          |
| out      | out_4         | port    |          |
| out      | out_4_ap_vld  | port    |          |
| out      | out_5         | port    |          |
| out      | out_5_ap_vld  | port    |          |
| out      | out_6         | port    |          |
| out      | out_6_ap_vld  | port    |          |
| out      | out_7         | port    |          |
| out      | out_7_ap_vld  | port    |          |
| out      | out_8         | port    |          |
| out      | out_8_ap_vld  | port    |          |
| out      | out_9         | port    |          |
| out      | out_9_ap_vld  | port    |          |
| out      | out_10        | port    |          |
| out      | out_10_ap_vld | port    |          |
| out      | out_11        | port    |          |
| out      | out_11_ap_vld | port    |          |
| out      | out_12        | port    |          |
| out      | out_12_ap_vld | port    |          |
| out      | out_13        | port    |          |
| out      | out_13_ap_vld | port    |          |
| out      | out_14        | port    |          |
| out      | out_14_ap_vld | port    |          |
| out      | out_15        | port    |          |
| out      | out_15_ap_vld | port    |          |
| out      | out_16        | port    |          |
| out      | out_16_ap_vld | port    |          |
| out      | out_17        | port    |          |
| out      | out_17_ap_vld | port    |          |
| out      | out_18        | port    |          |
| out      | out_18_ap_vld | port    |          |
| out      | out_19        | port    |          |
| out      | out_19_ap_vld | port    |          |
| out      | out_20        | port    |          |
| out      | out_20_ap_vld | port    |          |
| out      | out_21        | port    |          |
| out      | out_21_ap_vld | port    |          |
| out      | out_22        | port    |          |
| out      | out_22_ap_vld | port    |          |
| out      | out_23        | port    |          |
| out      | out_23_ap_vld | port    |          |
| out      | out_24        | port    |          |
| out      | out_24_ap_vld | port    |          |
| out      | out_25        | port    |          |
| out      | out_25_ap_vld | port    |          |
| out      | out_26        | port    |          |
| out      | out_26_ap_vld | port    |          |
| out      | out_27        | port    |          |
| out      | out_27_ap_vld | port    |          |
| out      | out_28        | port    |          |
| out      | out_28_ap_vld | port    |          |
| out      | out_29        | port    |          |
| out      | out_29_ap_vld | port    |          |
| out      | out_30        | port    |          |
| out      | out_30_ap_vld | port    |          |
| out      | out_31        | port    |          |
| out      | out_31_ap_vld | port    |          |
| out      | out_32        | port    |          |
| out      | out_32_ap_vld | port    |          |
| out      | out_33        | port    |          |
| out      | out_33_ap_vld | port    |          |
| out      | out_34        | port    |          |
| out      | out_34_ap_vld | port    |          |
| out      | out_35        | port    |          |
| out      | out_35_ap_vld | port    |          |
| out      | out_36        | port    |          |
| out      | out_36_ap_vld | port    |          |
| out      | out_37        | port    |          |
| out      | out_37_ap_vld | port    |          |
| out      | out_38        | port    |          |
| out      | out_38_ap_vld | port    |          |
| out      | out_39        | port    |          |
| out      | out_39_ap_vld | port    |          |
| out      | out_40        | port    |          |
| out      | out_40_ap_vld | port    |          |
| out      | out_41        | port    |          |
| out      | out_41_ap_vld | port    |          |
| out      | out_42        | port    |          |
| out      | out_42_ap_vld | port    |          |
| out      | out_43        | port    |          |
| out      | out_43_ap_vld | port    |          |
| out      | out_44        | port    |          |
| out      | out_44_ap_vld | port    |          |
| out      | out_45        | port    |          |
| out      | out_45_ap_vld | port    |          |
| out      | out_46        | port    |          |
| out      | out_46_ap_vld | port    |          |
| out      | out_47        | port    |          |
| out      | out_47_ap_vld | port    |          |
| out      | out_48        | port    |          |
| out      | out_48_ap_vld | port    |          |
| out      | out_49        | port    |          |
| out      | out_49_ap_vld | port    |          |
| out      | out_50        | port    |          |
| out      | out_50_ap_vld | port    |          |
| out      | out_51        | port    |          |
| out      | out_51_ap_vld | port    |          |
| out      | out_52        | port    |          |
| out      | out_52_ap_vld | port    |          |
| out      | out_53        | port    |          |
| out      | out_53_ap_vld | port    |          |
| out      | out_54        | port    |          |
| out      | out_54_ap_vld | port    |          |
| out      | out_55        | port    |          |
| out      | out_55_ap_vld | port    |          |
| out      | out_56        | port    |          |
| out      | out_56_ap_vld | port    |          |
| out      | out_57        | port    |          |
| out      | out_57_ap_vld | port    |          |
| out      | out_58        | port    |          |
| out      | out_58_ap_vld | port    |          |
| out      | out_59        | port    |          |
| out      | out_59_ap_vld | port    |          |
| out      | out_60        | port    |          |
| out      | out_60_ap_vld | port    |          |
| out      | out_61        | port    |          |
| out      | out_61_ap_vld | port    |          |
| out      | out_62        | port    |          |
| out      | out_62_ap_vld | port    |          |
| out      | out_63        | port    |          |
| out      | out_63_ap_vld | port    |          |
+----------+---------------+---------+----------+


================================================================
== Bind Op Report
================================================================
+----------------------------------------------------------------+-----+--------+------------+-----+--------+---------+
| Name                                                           | DSP | Pragma | Variable   | Op  | Impl   | Latency |
+----------------------------------------------------------------+-----+--------+------------+-----+--------+---------+
| + fc1full_top                                                  | 2   |        |            |     |        |         |
|  + load_weights_once                                           | 2   |        |            |     |        |         |
|   + load_weights_once_Pipeline_VITIS_LOOP_49_1_VITIS_LOOP_50_2 | 2   |        |            |     |        |         |
|     add_ln49_1_fu_105_p2                                       | -   |        | add_ln49_1 | add | fabric | 0       |
|     add_ln49_fu_117_p2                                         | -   |        | add_ln49   | add | fabric | 0       |
|     mac_muladd_7ns_12ns_12ns_18_4_1_U1                         | 1   |        | mul_ln49_1 | mul | dsp48  | 3       |
|     mac_muladd_7ns_12ns_12ns_18_4_1_U2                         | 1   |        | mul_ln49   | mul | dsp48  | 3       |
|     mac_muladd_7ns_12ns_12ns_18_4_1_U1                         | 1   |        | add_ln53   | add | dsp48  | 3       |
|     mac_muladd_7ns_12ns_12ns_18_4_1_U2                         | 1   |        | add_ln52   | add | dsp48  | 3       |
|     add_ln50_fu_153_p2                                         | -   |        | add_ln50   | add | fabric | 0       |
|  + fc1full_top_Pipeline_VITIS_LOOP_72_1                        | 0   |        |            |     |        |         |
|    add_ln72_fu_77_p2                                           | -   |        | add_ln72   | add | fabric | 0       |
|  + fc1full_top_Pipeline_VITIS_LOOP_131_1                       | 0   |        |            |     |        |         |
|    i_2_fu_19341_p2                                             | -   |        | i_2        | add | fabric | 0       |
|    add_ln165_fu_51483_p2                                       | -   |        | add_ln165  | add | fabric | 0       |
|    tile_1_fu_19371_p2                                          | -   |        | tile_1     | add | fabric | 0       |
|    sf_3_fu_19377_p2                                            | -   |        | sf_3       | add | fabric | 0       |
|    nf_4_fu_19399_p2                                            | -   |        | nf_4       | add | fabric | 0       |
|  + fc1full_top_Pipeline_VITIS_LOOP_105_2                       | 0   |        |            |     |        |         |
|    add_ln105_fu_824_p2                                         | -   |        | add_ln105  | add | fabric | 0       |
+----------------------------------------------------------------+-----+--------+------------+-----+--------+---------+


================================================================
== Bind Storage Report
================================================================
+----------------------------------------------------------------+------+------+--------+---------------+---------+--------+---------+
| Name                                                           | BRAM | URAM | Pragma | Variable      | Storage | Impl   | Latency |
+----------------------------------------------------------------+------+------+--------+---------------+---------+--------+---------+
| + fc1full_top                                                  | 4    | 0    |        |               |         |        |         |
|   in_stream_fifo_U                                             | -    | -    |        | in_stream     | fifo    | memory | 0       |
|   out_stream_fifo_U                                            | -    | -    |        | out_stream    | fifo    | srl    | 0       |
|   fc1_weights_0_U                                              | 2    | -    |        | fc1_weights_0 | ram_1p  | auto   | 1       |
|  + load_weights_once                                           | 2    | 0    |        |               |         |        |         |
|   + load_weights_once_Pipeline_VITIS_LOOP_49_1_VITIS_LOOP_50_2 | 2    | 0    |        |               |         |        |         |
|     FC1_W_U                                                    | 2    | -    |        | FC1_W         | rom_1p  | auto   | 1       |
+----------------------------------------------------------------+------+------+--------+---------------+---------+--------+---------+


================================================================
== Pragma Report
================================================================
* Pragmas with Warnings
+----------+------------------------------------------+---------------------------------------------------------------------------------------------+----------------------------------------------------------------------------+
| Type     | Options                                  | Location                                                                                    | Messages                                                                   |
+----------+------------------------------------------+---------------------------------------------------------------------------------------------+----------------------------------------------------------------------------+
| resource | variable=res core=Mul_LUT                | ../../../../Documents/s2n2/finn-hlslib-lif/mac.hpp:116 in mul, res                          | 'Resource pragma' is deprecated, use 'bind_op/bind_storage pragma' instead |
| resource | variable=res core=DSP48                  | ../../../../Documents/s2n2/finn-hlslib-lif/mac.hpp:142 in mul, res                          | 'Resource pragma' is deprecated, use 'bind_op/bind_storage pragma' instead |
| resource | variable=accumulators core=RAM_2P_LUTRAM | ../../../../Documents/s2n2/finn-hlslib-lif/maxpool.h:296 in accpool_batch, accumulators     | 'Resource pragma' is deprecated, use 'bind_op/bind_storage pragma' instead |
| resource | variable=inputBuf core=RAM_2P            | ../../../../Documents/s2n2/finn-hlslib-lif/slidingwindow.h:75 in memory_resource, inputBuf  | 'Resource pragma' is deprecated, use 'bind_op/bind_storage pragma' instead |
| resource | variable=inputBuf core=RAM_S2P_BRAM      | ../../../../Documents/s2n2/finn-hlslib-lif/slidingwindow.h:97 in memory_resource, inputBuf  | 'Resource pragma' is deprecated, use 'bind_op/bind_storage pragma' instead |
| resource | variable=inputBuf core=RAM_S2P_URAM      | ../../../../Documents/s2n2/finn-hlslib-lif/slidingwindow.h:119 in memory_resource, inputBuf | 'Resource pragma' is deprecated, use 'bind_op/bind_storage pragma' instead |
| resource | variable=inputBuf core=RAM_S2P_LUTRAM    | ../../../../Documents/s2n2/finn-hlslib-lif/slidingwindow.h:141 in memory_resource, inputBuf | 'Resource pragma' is deprecated, use 'bind_op/bind_storage pragma' instead |
+----------+------------------------------------------+---------------------------------------------------------------------------------------------+----------------------------------------------------------------------------+

* Valid Pragma Syntax
+-----------------+------------------------------------------+------------------------------------------------------------------------------------------------------------------------------------+
| Type            | Options                                  | Location                                                                                                                           |
+-----------------+------------------------------------------+------------------------------------------------------------------------------------------------------------------------------------+
| inline          |                                          | ../../../../Documents/s2n2/finn-hlslib-lif/convlayer.h:113 in convlayer_batch                                                      |
| inline          |                                          | ../../../../Documents/s2n2/finn-hlslib-lif/convlayer.h:186 in convlayer_batch_mmv                                                  |
| pipeline        | II=1                                     | ../../../../Documents/s2n2/finn-hlslib-lif/dma.h:141 in mem2stream                                                                 |
| pipeline        | II=1                                     | ../../../../Documents/s2n2/finn-hlslib-lif/dma.h:154 in stream2mem                                                                 |
| pipeline        | II=1                                     | ../../../../Documents/s2n2/finn-hlslib-lif/dma.h:224 in genparamstream                                                             |
| inline          |                                          | ../../../../Documents/s2n2/finn-hlslib-lif/fclayer.h:103 in streamingfclayer_batch                                                 |
| inline          |                                          | ../../../../Documents/s2n2/finn-hlslib-lif/interpret.hpp:61 in xnormul                                                             |
| inline          |                                          | ../../../../Documents/s2n2/finn-hlslib-lif/interpret.hpp:66 in operator*                                                           |
| inline          |                                          | ../../../../Documents/s2n2/finn-hlslib-lif/interpret.hpp:71 in operator*                                                           |
| inline          |                                          | ../../../../Documents/s2n2/finn-hlslib-lif/interpret.hpp:79 in binary                                                              |
| inline          |                                          | ../../../../Documents/s2n2/finn-hlslib-lif/interpret.hpp:88 in operator*                                                           |
| inline          |                                          | ../../../../Documents/s2n2/finn-hlslib-lif/interpret.hpp:96 in operator*                                                           |
| inline          |                                          | ../../../../Documents/s2n2/finn-hlslib-lif/interpret.hpp:101 in operator*                                                          |
| inline          |                                          | ../../../../Documents/s2n2/finn-hlslib-lif/interpret.hpp:115 in operator()                                                         |
| inline          |                                          | ../../../../Documents/s2n2/finn-hlslib-lif/interpret.hpp:121 in operator()                                                         |
| inline          |                                          | ../../../../Documents/s2n2/finn-hlslib-lif/interpret.hpp:137 in container<tv>                                                      |
| inline          |                                          | ../../../../Documents/s2n2/finn-hlslib-lif/interpret.hpp:142 in operator[]                                                         |
| inline          |                                          | ../../../../Documents/s2n2/finn-hlslib-lif/interpret.hpp:146 in operator[]                                                         |
| inline          |                                          | ../../../../Documents/s2n2/finn-hlslib-lif/interpret.hpp:150 in operator()                                                         |
| inline          |                                          | ../../../../Documents/s2n2/finn-hlslib-lif/interpret.hpp:154 in operator const type-parameter-1-0 &                                |
| inline          |                                          | ../../../../Documents/s2n2/finn-hlslib-lif/interpret.hpp:162 in operator()                                                         |
| inline          |                                          | ../../../../Documents/s2n2/finn-hlslib-lif/interpret.hpp:167 in operator()                                                         |
| inline          |                                          | ../../../../Documents/s2n2/finn-hlslib-lif/interpret.hpp:172 in operator()                                                         |
| inline          |                                          | ../../../../Documents/s2n2/finn-hlslib-lif/interpret.hpp:203 in container<tv>                                                      |
| inline          |                                          | ../../../../Documents/s2n2/finn-hlslib-lif/interpret.hpp:206 in container<tv>                                                      |
| inline          |                                          | ../../../../Documents/s2n2/finn-hlslib-lif/interpret.hpp:210 in operator()                                                         |
| inline          |                                          | ../../../../Documents/s2n2/finn-hlslib-lif/interpret.hpp:214 in operator()                                                         |
| inline          |                                          | ../../../../Documents/s2n2/finn-hlslib-lif/interpret.hpp:219 in operator[]                                                         |
| inline          |                                          | ../../../../Documents/s2n2/finn-hlslib-lif/interpret.hpp:223 in operator const type-parameter-1-0 &                                |
| inline          |                                          | ../../../../Documents/s2n2/finn-hlslib-lif/interpret.hpp:231 in operator()                                                         |
| inline          |                                          | ../../../../Documents/s2n2/finn-hlslib-lif/interpret.hpp:236 in operator()                                                         |
| inline          |                                          | ../../../../Documents/s2n2/finn-hlslib-lif/interpret.hpp:241 in operator()                                                         |
| inline          |                                          | ../../../../Documents/s2n2/finn-hlslib-lif/interpret.hpp:260 in container<tv>                                                      |
| inline          |                                          | ../../../../Documents/s2n2/finn-hlslib-lif/interpret.hpp:263 in container<tv>                                                      |
| inline          |                                          | ../../../../Documents/s2n2/finn-hlslib-lif/interpret.hpp:266 in container<tv>                                                      |
| inline          |                                          | ../../../../Documents/s2n2/finn-hlslib-lif/interpret.hpp:270 in operator const type-parameter-1-0 &                                |
| inline          |                                          | ../../../../Documents/s2n2/finn-hlslib-lif/interpret.hpp:274 in operator()                                                         |
| inline          |                                          | ../../../../Documents/s2n2/finn-hlslib-lif/interpret.hpp:278 in operator()                                                         |
| inline          |                                          | ../../../../Documents/s2n2/finn-hlslib-lif/interpret.hpp:283 in operator[]                                                         |
| inline          |                                          | ../../../../Documents/s2n2/finn-hlslib-lif/interpret.hpp:291 in operator()                                                         |
| inline          |                                          | ../../../../Documents/s2n2/finn-hlslib-lif/interpret.hpp:296 in operator()                                                         |
| inline          |                                          | ../../../../Documents/s2n2/finn-hlslib-lif/interpret.hpp:301 in operator()                                                         |
| inline          |                                          | ../../../../Documents/s2n2/finn-hlslib-lif/mac.hpp:89 in mul                                                                       |
| inline          |                                          | ../../../../Documents/s2n2/finn-hlslib-lif/mac.hpp:114 in mul                                                                      |
| inline          |                                          | ../../../../Documents/s2n2/finn-hlslib-lif/mac.hpp:140 in mul                                                                      |
| inline          |                                          | ../../../../Documents/s2n2/finn-hlslib-lif/mac.hpp:165 in mac                                                                      |
| unroll          |                                          | ../../../../Documents/s2n2/finn-hlslib-lif/mac.hpp:168 in mac                                                                      |
| inline          |                                          | ../../../../Documents/s2n2/finn-hlslib-lif/mac.hpp:178 in acc                                                                      |
| unroll          |                                          | ../../../../Documents/s2n2/finn-hlslib-lif/mac.hpp:181 in acc                                                                      |
| inline          |                                          | ../../../../Documents/s2n2/finn-hlslib-lif/mac.hpp:206 in mac                                                                      |
| unroll          |                                          | ../../../../Documents/s2n2/finn-hlslib-lif/mac.hpp:209 in mac                                                                      |
| inline          |                                          | ../../../../Documents/s2n2/finn-hlslib-lif/mac.hpp:216 in mac                                                                      |
| unroll          |                                          | ../../../../Documents/s2n2/finn-hlslib-lif/maxpool.h:72 in streamingmaxpool                                                        |
| pipeline        | II=1                                     | ../../../../Documents/s2n2/finn-hlslib-lif/maxpool.h:79 in streamingmaxpool                                                        |
| pipeline        | II=1                                     | ../../../../Documents/s2n2/finn-hlslib-lif/maxpool.h:89 in streamingmaxpool                                                        |
| array_partition | variable=buf complete dim=2              | ../../../../Documents/s2n2/finn-hlslib-lif/maxpool.h:144 in streamingmaxpool_precision, buf                                        |
| unroll          |                                          | ../../../../Documents/s2n2/finn-hlslib-lif/maxpool.h:147 in streamingmaxpool_precision                                             |
| pipeline        | II=1                                     | ../../../../Documents/s2n2/finn-hlslib-lif/maxpool.h:157 in streamingmaxpool_precision                                             |
| unroll          |                                          | ../../../../Documents/s2n2/finn-hlslib-lif/maxpool.h:160 in streamingmaxpool_precision                                             |
| unroll          |                                          | ../../../../Documents/s2n2/finn-hlslib-lif/maxpool.h:174 in streamingmaxpool_precision                                             |
| inline          |                                          | ../../../../Documents/s2n2/finn-hlslib-lif/maxpool.h:207 in streamingmaxpool_precision_batch                                       |
| pipeline        | II=1                                     | ../../../../Documents/s2n2/finn-hlslib-lif/maxpool.h:251 in relu_batch                                                             |
| unroll          |                                          | ../../../../Documents/s2n2/finn-hlslib-lif/maxpool.h:254 in relu_batch                                                             |
| pipeline        | II=1                                     | ../../../../Documents/s2n2/finn-hlslib-lif/maxpool.h:302 in accpool_batch                                                          |
| unroll          |                                          | ../../../../Documents/s2n2/finn-hlslib-lif/maxpool.h:306 in accpool_batch                                                          |
| array_partition | variable=toplabels complete dim=1        | ../../../../Documents/s2n2/finn-hlslib-lif/maxpool.h:363 in labelselect_batch, toplabels                                           |
| array_partition | variable=topval complete dim=1           | ../../../../Documents/s2n2/finn-hlslib-lif/maxpool.h:366 in labelselect_batch, topval                                              |
| unroll          |                                          | ../../../../Documents/s2n2/finn-hlslib-lif/maxpool.h:371 in labelselect_batch                                                      |
| pipeline        | II=1                                     | ../../../../Documents/s2n2/finn-hlslib-lif/maxpool.h:375 in labelselect_batch                                                      |
| unroll          |                                          | ../../../../Documents/s2n2/finn-hlslib-lif/maxpool.h:378 in labelselect_batch                                                      |
| unroll          |                                          | ../../../../Documents/s2n2/finn-hlslib-lif/maxpool.h:383 in labelselect_batch                                                      |
| array_partition | variable=accu complete dim=0             | ../../../../Documents/s2n2/finn-hlslib-lif/maxpool.h:443 in pool_batch, accu                                                       |
| pipeline        | II=1                                     | ../../../../Documents/s2n2/finn-hlslib-lif/maxpool.h:450 in pool_batch                                                             |
| unroll          |                                          | ../../../../Documents/s2n2/finn-hlslib-lif/maxpool.h:457 in pool_batch                                                             |
| unroll          |                                          | ../../../../Documents/s2n2/finn-hlslib-lif/maxpool.h:464 in pool_batch                                                             |
| unroll          |                                          | ../../../../Documents/s2n2/finn-hlslib-lif/maxpool.h:473 in pool_batch                                                             |
| inline          |                                          | ../../../../Documents/s2n2/finn-hlslib-lif/mmv.hpp:53 in operator[]                                                                |
| array_partition | variable=inputBuf complete dim=0         | ../../../../Documents/s2n2/finn-hlslib-lif/mvau.hpp:112 in matrix_vector_activate_batch, inputBuf                                  |
| array_partition | variable=neust complete dim=2            | ../../../../Documents/s2n2/finn-hlslib-lif/mvau.hpp:117 in matrix_vector_activate_batch, neust                                     |
| array_partition | variable=accu complete dim=0             | ../../../../Documents/s2n2/finn-hlslib-lif/mvau.hpp:121 in matrix_vector_activate_batch, accu                                      |
| pipeline        | II=1                                     | ../../../../Documents/s2n2/finn-hlslib-lif/mvau.hpp:132 in matrix_vector_activate_batch                                            |
| unroll          |                                          | ../../../../Documents/s2n2/finn-hlslib-lif/mvau.hpp:151 in matrix_vector_activate_batch                                            |
| unroll          |                                          | ../../../../Documents/s2n2/finn-hlslib-lif/mvau.hpp:164 in matrix_vector_activate_batch                                            |
| unroll          |                                          | ../../../../Documents/s2n2/finn-hlslib-lif/mvau.hpp:176 in matrix_vector_activate_batch                                            |
| array_partition | variable=inputBuf complete dim=1         | ../../../../Documents/s2n2/finn-hlslib-lif/mvau.hpp:249 in matrix_vector_activate_stream_batch, inputBuf                           |
| array_partition | variable=accu complete dim=0             | ../../../../Documents/s2n2/finn-hlslib-lif/mvau.hpp:252 in matrix_vector_activate_stream_batch, accu                               |
| array_partition | variable=w.m_weights complete dim=0      | ../../../../Documents/s2n2/finn-hlslib-lif/mvau.hpp:255 in matrix_vector_activate_stream_batch, w.m_weights                        |
| pipeline        | II=1                                     | ../../../../Documents/s2n2/finn-hlslib-lif/mvau.hpp:267 in matrix_vector_activate_stream_batch                                     |
| unroll          |                                          | ../../../../Documents/s2n2/finn-hlslib-lif/mvau.hpp:284 in matrix_vector_activate_stream_batch                                     |
| unroll          |                                          | ../../../../Documents/s2n2/finn-hlslib-lif/mvau.hpp:291 in matrix_vector_activate_stream_batch                                     |
| unroll          |                                          | ../../../../Documents/s2n2/finn-hlslib-lif/mvau.hpp:298 in matrix_vector_activate_stream_batch                                     |
| unroll          |                                          | ../../../../Documents/s2n2/finn-hlslib-lif/mvau.hpp:311 in matrix_vector_activate_stream_batch                                     |
| inline          |                                          | ../../../../Documents/s2n2/finn-hlslib-lif/slidingwindow.h:74 in memory_resource                                                   |
| inline          |                                          | ../../../../Documents/s2n2/finn-hlslib-lif/slidingwindow.h:96 in memory_resource                                                   |
| inline          |                                          | ../../../../Documents/s2n2/finn-hlslib-lif/slidingwindow.h:118 in memory_resource                                                  |
| inline          |                                          | ../../../../Documents/s2n2/finn-hlslib-lif/slidingwindow.h:140 in memory_resource                                                  |
| array_partition | variable=inputBuf complete dim=1         | ../../../../Documents/s2n2/finn-hlslib-lif/slidingwindow.h:182 in convolutioninputgenerator, inputBuf                              |
| reset           | variable=inp                             | ../../../../Documents/s2n2/finn-hlslib-lif/slidingwindow.h:195 in convolutioninputgenerator, inp                                   |
| pipeline        | II=1                                     | ../../../../Documents/s2n2/finn-hlslib-lif/slidingwindow.h:198 in convolutioninputgenerator                                        |
| dependence      | variable=inputBuf intra false            | ../../../../Documents/s2n2/finn-hlslib-lif/slidingwindow.h:249 in convolutioninputgenerator, inputBuf                              |
| dependence      | variable=inputBuf inter false            | ../../../../Documents/s2n2/finn-hlslib-lif/slidingwindow.h:250 in convolutioninputgenerator, inputBuf                              |
| dependence      | variable=current_block_write intra false | ../../../../Documents/s2n2/finn-hlslib-lif/slidingwindow.h:260 in convolutioninputgenerator, current_block_write                   |
| dependence      | variable=inputBuf inter false            | ../../../../Documents/s2n2/finn-hlslib-lif/slidingwindow.h:314 in convolutioninputgenerator_mmv, inputBuf                          |
| dependence      | variable=inputBuf intra false            | ../../../../Documents/s2n2/finn-hlslib-lif/slidingwindow.h:315 in convolutioninputgenerator_mmv, inputBuf                          |
| array_partition | variable=inputBuf complete dim=1         | ../../../../Documents/s2n2/finn-hlslib-lif/slidingwindow.h:316 in convolutioninputgenerator_mmv, inputBuf                          |
| array_partition | variable=inputBuf complete dim=2         | ../../../../Documents/s2n2/finn-hlslib-lif/slidingwindow.h:317 in convolutioninputgenerator_mmv, inputBuf                          |
| reset           | variable=inp                             | ../../../../Documents/s2n2/finn-hlslib-lif/slidingwindow.h:330 in convolutioninputgenerator_mmv, inp                               |
| pipeline        | II=1                                     | ../../../../Documents/s2n2/finn-hlslib-lif/slidingwindow.h:333 in convolutioninputgenerator_mmv                                    |
| unroll          |                                          | ../../../../Documents/s2n2/finn-hlslib-lif/slidingwindow.h:340 in convolutioninputgenerator_mmv                                    |
| unroll          |                                          | ../../../../Documents/s2n2/finn-hlslib-lif/slidingwindow.h:366 in convolutioninputgenerator_mmv                                    |
| unroll          |                                          | ../../../../Documents/s2n2/finn-hlslib-lif/slidingwindow.h:399 in convolutioninputgenerator_mmv                                    |
| dependence      | variable=inputBuf intra false            | ../../../../Documents/s2n2/finn-hlslib-lif/slidingwindow.h:401 in convolutioninputgenerator_mmv, inputBuf                          |
| dependence      | variable=inputBuf inter false            | ../../../../Documents/s2n2/finn-hlslib-lif/slidingwindow.h:402 in convolutioninputgenerator_mmv, inputBuf                          |
| dependence      | variable=current_block_write intra false | ../../../../Documents/s2n2/finn-hlslib-lif/slidingwindow.h:413 in convolutioninputgenerator_mmv, current_block_write               |
| array_partition | variable=inputBuf complete dim=1         | ../../../../Documents/s2n2/finn-hlslib-lif/slidingwindow.h:466 in convolutioninputgenerator_kernel_stride, inputBuf                |
| reset           | variable=inp                             | ../../../../Documents/s2n2/finn-hlslib-lif/slidingwindow.h:478 in convolutioninputgenerator_kernel_stride, inp                     |
| dependence      | variable=inputBuf inter false            | ../../../../Documents/s2n2/finn-hlslib-lif/slidingwindow.h:480 in convolutioninputgenerator_kernel_stride, inputBuf                |
| dependence      | variable=inputBuf intra false            | ../../../../Documents/s2n2/finn-hlslib-lif/slidingwindow.h:481 in convolutioninputgenerator_kernel_stride, inputBuf                |
| dependence      | variable=current_block_write intra false | ../../../../Documents/s2n2/finn-hlslib-lif/slidingwindow.h:487 in convolutioninputgenerator_kernel_stride, current_block_write     |
| pipeline        | II=1                                     | ../../../../Documents/s2n2/finn-hlslib-lif/slidingwindow.h:490 in convolutioninputgenerator_kernel_stride                          |
| dependence      | variable=inputBuf inter false            | ../../../../Documents/s2n2/finn-hlslib-lif/slidingwindow.h:555 in convolutioninputgenerator_kernel_stride, inputBuf                |
| dependence      | variable=inputBuf intra false            | ../../../../Documents/s2n2/finn-hlslib-lif/slidingwindow.h:556 in convolutioninputgenerator_kernel_stride, inputBuf                |
| dependence      | variable=current_block_write intra false | ../../../../Documents/s2n2/finn-hlslib-lif/slidingwindow.h:565 in convolutioninputgenerator_kernel_stride, current_block_write     |
| array_partition | variable=inputBuf complete dim=1         | ../../../../Documents/s2n2/finn-hlslib-lif/slidingwindow.h:616 in convolutioninputgenerator_dws, inputBuf                          |
| reset           | variable=inp                             | ../../../../Documents/s2n2/finn-hlslib-lif/slidingwindow.h:629 in convolutioninputgenerator_dws, inp                               |
| pipeline        | II=1                                     | ../../../../Documents/s2n2/finn-hlslib-lif/slidingwindow.h:632 in convolutioninputgenerator_dws                                    |
| dependence      | variable=inputBuf intra false            | ../../../../Documents/s2n2/finn-hlslib-lif/slidingwindow.h:683 in convolutioninputgenerator_dws, inputBuf                          |
| dependence      | variable=inputBuf inter false            | ../../../../Documents/s2n2/finn-hlslib-lif/slidingwindow.h:684 in convolutioninputgenerator_dws, inputBuf                          |
| dependence      | variable=current_block_write intra false | ../../../../Documents/s2n2/finn-hlslib-lif/slidingwindow.h:694 in convolutioninputgenerator_dws, current_block_write               |
| array_partition | variable=inputBuf complete dim=1         | ../../../../Documents/s2n2/finn-hlslib-lif/slidingwindow.h:746 in convolutioninputgenerator_kernel_stride_dws, inputBuf            |
| reset           | variable=inp                             | ../../../../Documents/s2n2/finn-hlslib-lif/slidingwindow.h:757 in convolutioninputgenerator_kernel_stride_dws, inp                 |
| dependence      | variable=inputBuf inter false            | ../../../../Documents/s2n2/finn-hlslib-lif/slidingwindow.h:759 in convolutioninputgenerator_kernel_stride_dws, inputBuf            |
| dependence      | variable=inputBuf intra false            | ../../../../Documents/s2n2/finn-hlslib-lif/slidingwindow.h:760 in convolutioninputgenerator_kernel_stride_dws, inputBuf            |
| pipeline        | II=1                                     | ../../../../Documents/s2n2/finn-hlslib-lif/slidingwindow.h:768 in convolutioninputgenerator_kernel_stride_dws                      |
| dependence      | variable=current_block_write intra false | ../../../../Documents/s2n2/finn-hlslib-lif/slidingwindow.h:770 in convolutioninputgenerator_kernel_stride_dws, current_block_write |
| dependence      | variable=inputBuf inter false            | ../../../../Documents/s2n2/finn-hlslib-lif/slidingwindow.h:836 in convolutioninputgenerator_kernel_stride_dws, inputBuf            |
| dependence      | variable=inputBuf intra false            | ../../../../Documents/s2n2/finn-hlslib-lif/slidingwindow.h:837 in convolutioninputgenerator_kernel_stride_dws, inputBuf            |
| dependence      | variable=current_block_write intra false | ../../../../Documents/s2n2/finn-hlslib-lif/slidingwindow.h:846 in convolutioninputgenerator_kernel_stride_dws, current_block_write |
| pipeline        | II=1                                     | ../../../../Documents/s2n2/finn-hlslib-lif/slidingwindow.h:888 in convolutioninputgenerator_kernel1                                |
| pipeline        | II=1                                     | ../../../../Documents/s2n2/finn-hlslib-lif/streamtools.h:77 in streamlimiter                                                       |
| pipeline        | II=1                                     | ../../../../Documents/s2n2/finn-hlslib-lif/streamtools.h:160 in sameresize                                                         |
| pipeline        | II=1                                     | ../../../../Documents/s2n2/finn-hlslib-lif/streamtools.h:234 in streamingcast                                                      |
| pipeline        | II=1                                     | ../../../../Documents/s2n2/finn-hlslib-lif/streamtools.h:282 in fmpadding                                                          |
| pipeline        | II=1                                     | ../../../../Documents/s2n2/finn-hlslib-lif/streamtools.h:371 in streamingdatawidthconverter_batch                                  |
| pipeline        | II=1                                     | ../../../../Documents/s2n2/finn-hlslib-lif/streamtools.h:391 in streamingdatawidthconverter_batch                                  |
| pipeline        | II=1                                     | ../../../../Documents/s2n2/finn-hlslib-lif/streamtools.h:403 in streamingdatawidthconverter_batch                                  |
| pipeline        | II=1                                     | ../../../../Documents/s2n2/finn-hlslib-lif/streamtools.h:512 in duplicatestreams                                                   |
| pipeline        | II = 1                                   | ../../../../Documents/s2n2/finn-hlslib-lif/streamtools.h:570 in addstreams                                                         |
| unroll          |                                          | ../../../../Documents/s2n2/finn-hlslib-lif/streamtools.h:575 in addstreams                                                         |
| inline          |                                          | ../../../../Documents/s2n2/finn-hlslib-lif/streamtools.h:644 in addstreamslayer_batch                                              |
| pipeline        | II=1                                     | ../../../../Documents/s2n2/finn-hlslib-lif/streamtools.h:691 in multichandatawidthconverter_batch                                  |
| unroll          |                                          | ../../../../Documents/s2n2/finn-hlslib-lif/streamtools.h:698 in multichandatawidthconverter_batch                                  |
| pipeline        | II=1                                     | ../../../../Documents/s2n2/finn-hlslib-lif/streamtools.h:714 in multichandatawidthconverter_batch                                  |
| unroll          |                                          | ../../../../Documents/s2n2/finn-hlslib-lif/streamtools.h:720 in multichandatawidthconverter_batch                                  |
| pipeline        | II=1                                     | ../../../../Documents/s2n2/finn-hlslib-lif/streamtools.h:733 in multichandatawidthconverter_batch                                  |
| unroll          |                                          | ../../../../Documents/s2n2/finn-hlslib-lif/streamtools.h:737 in multichandatawidthconverter_batch                                  |
| pipeline        | II=1                                     | ../../../../Documents/s2n2/finn-hlslib-lif/streamtools.h:773 in flattenmultichandata                                               |
| unroll          |                                          | ../../../../Documents/s2n2/finn-hlslib-lif/streamtools.h:777 in flattenmultichandata                                               |
| pipeline        | II=1                                     | ../../../../Documents/s2n2/finn-hlslib-lif/streamtools.h:804 in packmultichandata                                                  |
| unroll          |                                          | ../../../../Documents/s2n2/finn-hlslib-lif/streamtools.h:808 in packmultichandata                                                  |
| pipeline        | II=1                                     | ../../../../Documents/s2n2/finn-hlslib-lif/streamtools.h:897 in qdma2stream_batch                                                  |
| pipeline        | II=1                                     | ../../../../Documents/s2n2/finn-hlslib-lif/streamtools.h:920 in stream2qdma_batch                                                  |
| array_partition | variable=accu complete dim=0             | ../../../../Documents/s2n2/finn-hlslib-lif/vvau.hpp:100 in vector_vector_activate_batch, accu                                      |
| pipeline        | II=1                                     | ../../../../Documents/s2n2/finn-hlslib-lif/vvau.hpp:109 in vector_vector_activate_batch                                            |
| unroll          |                                          | ../../../../Documents/s2n2/finn-hlslib-lif/vvau.hpp:116 in vector_vector_activate_batch                                            |
| unroll          |                                          | ../../../../Documents/s2n2/finn-hlslib-lif/vvau.hpp:125 in vector_vector_activate_batch                                            |
| unroll          |                                          | ../../../../Documents/s2n2/finn-hlslib-lif/vvau.hpp:139 in vector_vector_activate_batch                                            |
| unroll          |                                          | ../../../../Documents/s2n2/finn-hlslib-lif/vvau.hpp:141 in vector_vector_activate_batch                                            |
| inline          |                                          | ../../../../Documents/s2n2/finn-hlslib-lif/weights.hpp:83 in tileindex                                                             |
| inline          |                                          | ../../../../Documents/s2n2/finn-hlslib-lif/weights.hpp:88 in operator[]                                                            |
| inline          |                                          | ../../../../Documents/s2n2/finn-hlslib-lif/weights.hpp:95 in weights                                                               |
| inline          |                                          | ../../../../Documents/s2n2/finn-hlslib-lif/weights.hpp:127 in tileindex                                                            |
| inline          |                                          | ../../../../Documents/s2n2/finn-hlslib-lif/weights.hpp:132 in operator[]                                                           |
| unroll          |                                          | ../../../../Documents/s2n2/finn-hlslib-lif/weights.hpp:135 in operator[]                                                           |
| inline          |                                          | ../../../../Documents/s2n2/finn-hlslib-lif/weights.hpp:147 in weights                                                              |
| inline          |                                          | ../../../../Documents/s2n2/finn-hlslib-lif/weights.hpp:159 in operator[]                                                           |
| unroll          |                                          | ../../../../Documents/s2n2/finn-hlslib-lif/weights.hpp:162 in operator[]                                                           |
| inline          |                                          | ../../../../Documents/s2n2/finn-hlslib-lif/weights.hpp:192 in tileindex                                                            |
| inline          |                                          | ../../../../Documents/s2n2/finn-hlslib-lif/weights.hpp:197 in operator[]                                                           |
| unroll          |                                          | ../../../../Documents/s2n2/finn-hlslib-lif/weights.hpp:201 in operator[]                                                           |
| inline          |                                          | ../../../../Documents/s2n2/finn-hlslib-lif/weights.hpp:215 in weights                                                              |
| inline          |                                          | ../../../../Documents/s2n2/finn-hlslib-lif/weights.hpp:240 in tileindex                                                            |
| inline          |                                          | ../../../../Documents/s2n2/finn-hlslib-lif/weights.hpp:245 in operator[]                                                           |
| unroll          |                                          | ../../../../Documents/s2n2/finn-hlslib-lif/weights.hpp:248 in operator[]                                                           |
| inline          |                                          | ../../../../Documents/s2n2/finn-hlslib-lif/weights.hpp:265 in weights                                                              |
| inline          |                                          | ../../../../Documents/s2n2/finn-hlslib-lif/weights.hpp:271 in setmask                                                              |
| unroll          |                                          | ../../../../Documents/s2n2/finn-hlslib-lif/weights.hpp:274 in setmask                                                              |
| inline          |                                          | ../fc1full_top.cpp:29 in operator()                                                                                                |
| inline          |                                          | ../fc1full_top.cpp:34 in init                                                                                                      |
| inline          |                                          | ../fc1full_top.cpp:39 in activate                                                                                                  |
| inline          | off                                      | ../fc1full_top.cpp:45 in load_weights_once                                                                                         |
| pipeline        | II=1                                     | ../fc1full_top.cpp:51 in load_weights_once                                                                                         |
| array_partition | variable=out complete dim=1              | ../fc1full_top.cpp:62 in fc1full_top, out                                                                                          |
| stream          | variable=in_stream depth=4096            | ../fc1full_top.cpp:69 in fc1full_top, in_stream                                                                                    |
| stream          | variable=out_stream depth=128            | ../fc1full_top.cpp:70 in fc1full_top, out_stream                                                                                   |
| pipeline        | II=1                                     | ../fc1full_top.cpp:73 in fc1full_top                                                                                               |
| pipeline        | II=1                                     | ../fc1full_top.cpp:106 in fc1full_top                                                                                              |
+-----------------+------------------------------------------+------------------------------------------------------------------------------------------------------------------------------------+


