

================================================================
== Vitis HLS Report for 'fc1full_top_Pipeline_VITIS_LOOP_105_2'
================================================================
* Date:           Thu Apr 30 15:39:22 2026

* Version:        2023.1 (Build 3854077 on May  4 2023)
* Project:        fc1full_prj
* Solution:       xcvu9p-flga2577-2-e (Vivado IP Flow Target)
* Product family: virtexuplus
* Target device:  xcvu9p-flga2577-2-e


================================================================
== Performance Estimates
================================================================
+ Timing: 
    * Summary: 
    +--------+----------+----------+------------+
    |  Clock |  Target  | Estimated| Uncertainty|
    +--------+----------+----------+------------+
    |ap_clk  |  10.00 ns|  1.424 ns|     2.70 ns|
    +--------+----------+----------+------------+

+ Latency: 
    * Summary: 
    +---------+---------+----------+----------+-----+-----+---------+
    |  Latency (cycles) |  Latency (absolute) |  Interval | Pipeline|
    |   min   |   max   |    min   |    max   | min | max |   Type  |
    +---------+---------+----------+----------+-----+-----+---------+
    |       66|       66|  0.660 us|  0.660 us|   66|   66|       no|
    +---------+---------+----------+----------+-----+-----+---------+

    + Detail: 
        * Instance: 
        N/A

        * Loop: 
        +--------------------+---------+---------+----------+-----------+-----------+------+----------+
        |                    |  Latency (cycles) | Iteration|  Initiation Interval  | Trip |          |
        |      Loop Name     |   min   |   max   |  Latency |  achieved |   target  | Count| Pipelined|
        +--------------------+---------+---------+----------+-----------+-----------+------+----------+
        |- VITIS_LOOP_105_2  |       64|       64|         2|          1|          1|    64|       yes|
        +--------------------+---------+---------+----------+-----------+-----------+------+----------+



================================================================
== Utilization Estimates
================================================================
* Summary: 
+---------------------+---------+------+---------+---------+-----+
|         Name        | BRAM_18K|  DSP |    FF   |   LUT   | URAM|
+---------------------+---------+------+---------+---------+-----+
|DSP                  |        -|     -|        -|        -|    -|
|Expression           |        -|     -|        0|       33|    -|
|FIFO                 |        -|     -|        -|        -|    -|
|Instance             |        -|     -|        -|        -|    -|
|Memory               |        -|     -|        -|        -|    -|
|Multiplexer          |        -|     -|        -|       45|    -|
|Register             |        -|     -|       16|        -|    -|
+---------------------+---------+------+---------+---------+-----+
|Total                |        0|     0|       16|       78|    0|
+---------------------+---------+------+---------+---------+-----+
|Available SLR        |     1440|  2280|   788160|   394080|  320|
+---------------------+---------+------+---------+---------+-----+
|Utilization SLR (%)  |        0|     0|       ~0|       ~0|    0|
+---------------------+---------+------+---------+---------+-----+
|Available            |     4320|  6840|  2364480|  1182240|  960|
+---------------------+---------+------+---------+---------+-----+
|Utilization (%)      |        0|     0|       ~0|       ~0|    0|
+---------------------+---------+------+---------+---------+-----+

+ Detail: 
    * Instance: 
    N/A

    * DSP: 
    N/A

    * Memory: 
    N/A

    * FIFO: 
    N/A

    * Expression: 
    +---------------------------+----------+----+---+----+------------+------------+
    |       Variable Name       | Operation| DSP| FF| LUT| Bitwidth P0| Bitwidth P1|
    +---------------------------+----------+----+---+----+------------+------------+
    |add_ln105_fu_824_p2        |         +|   0|  0|  14|           7|           1|
    |ap_block_pp0_stage0_01001  |       and|   0|  0|   2|           1|           1|
    |icmp_ln105_fu_818_p2       |      icmp|   0|  0|  15|           7|           8|
    |ap_enable_pp0              |       xor|   0|  0|   2|           1|           2|
    +---------------------------+----------+----+---+----+------------+------------+
    |Total                      |          |   0|  0|  33|          16|          12|
    +---------------------------+----------+----+---+----+------------+------------+

    * Multiplexer: 
    +-------------------------+----+-----------+-----+-----------+
    |           Name          | LUT| Input Size| Bits| Total Bits|
    +-------------------------+----+-----------+-----+-----------+
    |ap_done_int              |   9|          2|    1|          2|
    |ap_enable_reg_pp0_iter1  |   9|          2|    1|          2|
    |ap_sig_allocacmp_i       |   9|          2|    7|         14|
    |i_2_fu_288               |   9|          2|    7|         14|
    |out_stream_blk_n         |   9|          2|    1|          2|
    +-------------------------+----+-----------+-----+-----------+
    |Total                    |  45|         10|   17|         34|
    +-------------------------+----+-----------+-----+-----------+

    * Register: 
    +-------------------------+---+----+-----+-----------+
    |           Name          | FF| LUT| Bits| Const Bits|
    +-------------------------+---+----+-----+-----------+
    |ap_CS_fsm                |  1|   0|    1|          0|
    |ap_done_reg              |  1|   0|    1|          0|
    |ap_enable_reg_pp0_iter1  |  1|   0|    1|          0|
    |i_2_fu_288               |  7|   0|    7|          0|
    |trunc_ln105_reg_849      |  6|   0|    6|          0|
    +-------------------------+---+----+-----+-----------+
    |Total                    | 16|   0|   16|          0|
    +-------------------------+---+----+-----+-----------+



================================================================
== Interface
================================================================
* Summary: 
+--------------------+-----+-----+------------+---------------------------------------+--------------+
|      RTL Ports     | Dir | Bits|  Protocol  |             Source Object             |    C Type    |
+--------------------+-----+-----+------------+---------------------------------------+--------------+
|ap_clk              |   in|    1|  ap_ctrl_hs|  fc1full_top_Pipeline_VITIS_LOOP_105_2|  return value|
|ap_rst              |   in|    1|  ap_ctrl_hs|  fc1full_top_Pipeline_VITIS_LOOP_105_2|  return value|
|ap_start            |   in|    1|  ap_ctrl_hs|  fc1full_top_Pipeline_VITIS_LOOP_105_2|  return value|
|ap_done             |  out|    1|  ap_ctrl_hs|  fc1full_top_Pipeline_VITIS_LOOP_105_2|  return value|
|ap_idle             |  out|    1|  ap_ctrl_hs|  fc1full_top_Pipeline_VITIS_LOOP_105_2|  return value|
|ap_ready            |  out|    1|  ap_ctrl_hs|  fc1full_top_Pipeline_VITIS_LOOP_105_2|  return value|
|out_stream_dout     |   in|    1|     ap_fifo|                             out_stream|       pointer|
|out_stream_empty_n  |   in|    1|     ap_fifo|                             out_stream|       pointer|
|out_stream_read     |  out|    1|     ap_fifo|                             out_stream|       pointer|
|out_0               |  out|    1|      ap_vld|                                  out_0|       pointer|
|out_0_ap_vld        |  out|    1|      ap_vld|                                  out_0|       pointer|
|out_63              |  out|    1|      ap_vld|                                 out_63|       pointer|
|out_63_ap_vld       |  out|    1|      ap_vld|                                 out_63|       pointer|
|out_62              |  out|    1|      ap_vld|                                 out_62|       pointer|
|out_62_ap_vld       |  out|    1|      ap_vld|                                 out_62|       pointer|
|out_61              |  out|    1|      ap_vld|                                 out_61|       pointer|
|out_61_ap_vld       |  out|    1|      ap_vld|                                 out_61|       pointer|
|out_60              |  out|    1|      ap_vld|                                 out_60|       pointer|
|out_60_ap_vld       |  out|    1|      ap_vld|                                 out_60|       pointer|
|out_59              |  out|    1|      ap_vld|                                 out_59|       pointer|
|out_59_ap_vld       |  out|    1|      ap_vld|                                 out_59|       pointer|
|out_58              |  out|    1|      ap_vld|                                 out_58|       pointer|
|out_58_ap_vld       |  out|    1|      ap_vld|                                 out_58|       pointer|
|out_57              |  out|    1|      ap_vld|                                 out_57|       pointer|
|out_57_ap_vld       |  out|    1|      ap_vld|                                 out_57|       pointer|
|out_56              |  out|    1|      ap_vld|                                 out_56|       pointer|
|out_56_ap_vld       |  out|    1|      ap_vld|                                 out_56|       pointer|
|out_55              |  out|    1|      ap_vld|                                 out_55|       pointer|
|out_55_ap_vld       |  out|    1|      ap_vld|                                 out_55|       pointer|
|out_54              |  out|    1|      ap_vld|                                 out_54|       pointer|
|out_54_ap_vld       |  out|    1|      ap_vld|                                 out_54|       pointer|
|out_53              |  out|    1|      ap_vld|                                 out_53|       pointer|
|out_53_ap_vld       |  out|    1|      ap_vld|                                 out_53|       pointer|
|out_52              |  out|    1|      ap_vld|                                 out_52|       pointer|
|out_52_ap_vld       |  out|    1|      ap_vld|                                 out_52|       pointer|
|out_51              |  out|    1|      ap_vld|                                 out_51|       pointer|
|out_51_ap_vld       |  out|    1|      ap_vld|                                 out_51|       pointer|
|out_50              |  out|    1|      ap_vld|                                 out_50|       pointer|
|out_50_ap_vld       |  out|    1|      ap_vld|                                 out_50|       pointer|
|out_49              |  out|    1|      ap_vld|                                 out_49|       pointer|
|out_49_ap_vld       |  out|    1|      ap_vld|                                 out_49|       pointer|
|out_48              |  out|    1|      ap_vld|                                 out_48|       pointer|
|out_48_ap_vld       |  out|    1|      ap_vld|                                 out_48|       pointer|
|out_47              |  out|    1|      ap_vld|                                 out_47|       pointer|
|out_47_ap_vld       |  out|    1|      ap_vld|                                 out_47|       pointer|
|out_46              |  out|    1|      ap_vld|                                 out_46|       pointer|
|out_46_ap_vld       |  out|    1|      ap_vld|                                 out_46|       pointer|
|out_45              |  out|    1|      ap_vld|                                 out_45|       pointer|
|out_45_ap_vld       |  out|    1|      ap_vld|                                 out_45|       pointer|
|out_44              |  out|    1|      ap_vld|                                 out_44|       pointer|
|out_44_ap_vld       |  out|    1|      ap_vld|                                 out_44|       pointer|
|out_43              |  out|    1|      ap_vld|                                 out_43|       pointer|
|out_43_ap_vld       |  out|    1|      ap_vld|                                 out_43|       pointer|
|out_42              |  out|    1|      ap_vld|                                 out_42|       pointer|
|out_42_ap_vld       |  out|    1|      ap_vld|                                 out_42|       pointer|
|out_41              |  out|    1|      ap_vld|                                 out_41|       pointer|
|out_41_ap_vld       |  out|    1|      ap_vld|                                 out_41|       pointer|
|out_40              |  out|    1|      ap_vld|                                 out_40|       pointer|
|out_40_ap_vld       |  out|    1|      ap_vld|                                 out_40|       pointer|
|out_39              |  out|    1|      ap_vld|                                 out_39|       pointer|
|out_39_ap_vld       |  out|    1|      ap_vld|                                 out_39|       pointer|
|out_38              |  out|    1|      ap_vld|                                 out_38|       pointer|
|out_38_ap_vld       |  out|    1|      ap_vld|                                 out_38|       pointer|
|out_37              |  out|    1|      ap_vld|                                 out_37|       pointer|
|out_37_ap_vld       |  out|    1|      ap_vld|                                 out_37|       pointer|
|out_36              |  out|    1|      ap_vld|                                 out_36|       pointer|
|out_36_ap_vld       |  out|    1|      ap_vld|                                 out_36|       pointer|
|out_35              |  out|    1|      ap_vld|                                 out_35|       pointer|
|out_35_ap_vld       |  out|    1|      ap_vld|                                 out_35|       pointer|
|out_34              |  out|    1|      ap_vld|                                 out_34|       pointer|
|out_34_ap_vld       |  out|    1|      ap_vld|                                 out_34|       pointer|
|out_33              |  out|    1|      ap_vld|                                 out_33|       pointer|
|out_33_ap_vld       |  out|    1|      ap_vld|                                 out_33|       pointer|
|out_32              |  out|    1|      ap_vld|                                 out_32|       pointer|
|out_32_ap_vld       |  out|    1|      ap_vld|                                 out_32|       pointer|
|out_31              |  out|    1|      ap_vld|                                 out_31|       pointer|
|out_31_ap_vld       |  out|    1|      ap_vld|                                 out_31|       pointer|
|out_30              |  out|    1|      ap_vld|                                 out_30|       pointer|
|out_30_ap_vld       |  out|    1|      ap_vld|                                 out_30|       pointer|
|out_29              |  out|    1|      ap_vld|                                 out_29|       pointer|
|out_29_ap_vld       |  out|    1|      ap_vld|                                 out_29|       pointer|
|out_28              |  out|    1|      ap_vld|                                 out_28|       pointer|
|out_28_ap_vld       |  out|    1|      ap_vld|                                 out_28|       pointer|
|out_27              |  out|    1|      ap_vld|                                 out_27|       pointer|
|out_27_ap_vld       |  out|    1|      ap_vld|                                 out_27|       pointer|
|out_26              |  out|    1|      ap_vld|                                 out_26|       pointer|
|out_26_ap_vld       |  out|    1|      ap_vld|                                 out_26|       pointer|
|out_25              |  out|    1|      ap_vld|                                 out_25|       pointer|
|out_25_ap_vld       |  out|    1|      ap_vld|                                 out_25|       pointer|
|out_24              |  out|    1|      ap_vld|                                 out_24|       pointer|
|out_24_ap_vld       |  out|    1|      ap_vld|                                 out_24|       pointer|
|out_23              |  out|    1|      ap_vld|                                 out_23|       pointer|
|out_23_ap_vld       |  out|    1|      ap_vld|                                 out_23|       pointer|
|out_22              |  out|    1|      ap_vld|                                 out_22|       pointer|
|out_22_ap_vld       |  out|    1|      ap_vld|                                 out_22|       pointer|
|out_21              |  out|    1|      ap_vld|                                 out_21|       pointer|
|out_21_ap_vld       |  out|    1|      ap_vld|                                 out_21|       pointer|
|out_20              |  out|    1|      ap_vld|                                 out_20|       pointer|
|out_20_ap_vld       |  out|    1|      ap_vld|                                 out_20|       pointer|
|out_19              |  out|    1|      ap_vld|                                 out_19|       pointer|
|out_19_ap_vld       |  out|    1|      ap_vld|                                 out_19|       pointer|
|out_18              |  out|    1|      ap_vld|                                 out_18|       pointer|
|out_18_ap_vld       |  out|    1|      ap_vld|                                 out_18|       pointer|
|out_17              |  out|    1|      ap_vld|                                 out_17|       pointer|
|out_17_ap_vld       |  out|    1|      ap_vld|                                 out_17|       pointer|
|out_16              |  out|    1|      ap_vld|                                 out_16|       pointer|
|out_16_ap_vld       |  out|    1|      ap_vld|                                 out_16|       pointer|
|out_15              |  out|    1|      ap_vld|                                 out_15|       pointer|
|out_15_ap_vld       |  out|    1|      ap_vld|                                 out_15|       pointer|
|out_14              |  out|    1|      ap_vld|                                 out_14|       pointer|
|out_14_ap_vld       |  out|    1|      ap_vld|                                 out_14|       pointer|
|out_13              |  out|    1|      ap_vld|                                 out_13|       pointer|
|out_13_ap_vld       |  out|    1|      ap_vld|                                 out_13|       pointer|
|out_12              |  out|    1|      ap_vld|                                 out_12|       pointer|
|out_12_ap_vld       |  out|    1|      ap_vld|                                 out_12|       pointer|
|out_11              |  out|    1|      ap_vld|                                 out_11|       pointer|
|out_11_ap_vld       |  out|    1|      ap_vld|                                 out_11|       pointer|
|out_10              |  out|    1|      ap_vld|                                 out_10|       pointer|
|out_10_ap_vld       |  out|    1|      ap_vld|                                 out_10|       pointer|
|out_9               |  out|    1|      ap_vld|                                  out_9|       pointer|
|out_9_ap_vld        |  out|    1|      ap_vld|                                  out_9|       pointer|
|out_8               |  out|    1|      ap_vld|                                  out_8|       pointer|
|out_8_ap_vld        |  out|    1|      ap_vld|                                  out_8|       pointer|
|out_7               |  out|    1|      ap_vld|                                  out_7|       pointer|
|out_7_ap_vld        |  out|    1|      ap_vld|                                  out_7|       pointer|
|out_6               |  out|    1|      ap_vld|                                  out_6|       pointer|
|out_6_ap_vld        |  out|    1|      ap_vld|                                  out_6|       pointer|
|out_5               |  out|    1|      ap_vld|                                  out_5|       pointer|
|out_5_ap_vld        |  out|    1|      ap_vld|                                  out_5|       pointer|
|out_4               |  out|    1|      ap_vld|                                  out_4|       pointer|
|out_4_ap_vld        |  out|    1|      ap_vld|                                  out_4|       pointer|
|out_3               |  out|    1|      ap_vld|                                  out_3|       pointer|
|out_3_ap_vld        |  out|    1|      ap_vld|                                  out_3|       pointer|
|out_2               |  out|    1|      ap_vld|                                  out_2|       pointer|
|out_2_ap_vld        |  out|    1|      ap_vld|                                  out_2|       pointer|
|out_1               |  out|    1|      ap_vld|                                  out_1|       pointer|
|out_1_ap_vld        |  out|    1|      ap_vld|                                  out_1|       pointer|
+--------------------+-----+-----+------------+---------------------------------------+--------------+

