

================================================================
== Vitis HLS Report for 'fc1full_top'
================================================================
* Date:           Thu Apr 30 15:39:38 2026

* Version:        2023.1 (Build 3854077 on May  4 2023)
* Project:        fc1full_prj
* Solution:       xcvu9p-flga2577-2-e (Vivado IP Flow Target)
* Product family: virtexuplus
* Target device:  xcvu9p-flga2577-2-e


================================================================
== Performance Estimates
================================================================
+ Timing: 
    * Summary: 
    +--------+----------+----------+------------+
    |  Clock |  Target  | Estimated| Uncertainty|
    +--------+----------+----------+------------+
    |ap_clk  |  10.00 ns|  4.944 ns|     2.70 ns|
    +--------+----------+----------+------------+

+ Latency: 
    * Summary: 
    +---------+---------+----------+----------+--------+--------+---------+
    |  Latency (cycles) |  Latency (absolute) |     Interval    | Pipeline|
    |   min   |   max   |    min   |    max   |   min  |   max  |   Type  |
    +---------+---------+----------+----------+--------+--------+---------+
    |   208080|   412885|  2.081 ms|  4.129 ms|  208081|  412886|       no|
    +---------+---------+----------+----------+--------+--------+---------+

    + Detail: 
        * Instance: 
        +--------------------------------------------------+---------------------------------------+---------+---------+-----------+-----------+--------+--------+---------+
        |                                                  |                                       |  Latency (cycles) |   Latency (absolute)  |     Interval    | Pipeline|
        |                     Instance                     |                 Module                |   min   |   max   |    min    |    max    |   min  |   max  |   Type  |
        +--------------------------------------------------+---------------------------------------+---------+---------+-----------+-----------+--------+--------+---------+
        |grp_load_weights_once_fu_190                      |load_weights_once                      |        1|   204806|  10.000 ns|   2.048 ms|       1|  204806|       no|
        |grp_fc1full_top_Pipeline_VITIS_LOOP_72_1_fu_200   |fc1full_top_Pipeline_VITIS_LOOP_72_1   |     3202|     3202|  32.020 us|  32.020 us|    3202|    3202|       no|
        |grp_fc1full_top_Pipeline_VITIS_LOOP_131_1_fu_207  |fc1full_top_Pipeline_VITIS_LOOP_131_1  |   204802|   204802|   2.048 ms|   2.048 ms|  204802|  204802|       no|
        |grp_fc1full_top_Pipeline_VITIS_LOOP_105_2_fu_215  |fc1full_top_Pipeline_VITIS_LOOP_105_2  |       66|       66|   0.660 us|   0.660 us|      66|      66|       no|
        +--------------------------------------------------+---------------------------------------+---------+---------+-----------+-----------+--------+--------+---------+

        * Loop: 
        N/A



================================================================
== Utilization Estimates
================================================================
* Summary: 
+---------------------+---------+------+---------+---------+-----+
|         Name        | BRAM_18K|  DSP |    FF   |   LUT   | URAM|
+---------------------+---------+------+---------+---------+-----+
|DSP                  |        -|     -|        -|        -|    -|
|Expression           |        -|     -|        -|        -|    -|
|FIFO                 |        0|     -|       47|      112|    -|
|Instance             |        2|     2|     3491|     3663|    -|
|Memory               |        2|     -|        0|        0|    0|
|Multiplexer          |        -|     -|        -|      132|    -|
|Register             |        -|     -|       14|        -|    -|
+---------------------+---------+------+---------+---------+-----+
|Total                |        4|     2|     3552|     3907|    0|
+---------------------+---------+------+---------+---------+-----+
|Available SLR        |     1440|  2280|   788160|   394080|  320|
+---------------------+---------+------+---------+---------+-----+
|Utilization SLR (%)  |       ~0|    ~0|       ~0|       ~0|    0|
+---------------------+---------+------+---------+---------+-----+
|Available            |     4320|  6840|  2364480|  1182240|  960|
+---------------------+---------+------+---------+---------+-----+
|Utilization (%)      |       ~0|    ~0|       ~0|       ~0|    0|
+---------------------+---------+------+---------+---------+-----+

+ Detail: 
    * Instance: 
    +--------------------------------------------------+---------------------------------------+---------+----+------+------+-----+
    |                     Instance                     |                 Module                | BRAM_18K| DSP|  FF  |  LUT | URAM|
    +--------------------------------------------------+---------------------------------------+---------+----+------+------+-----+
    |grp_fc1full_top_Pipeline_VITIS_LOOP_105_2_fu_215  |fc1full_top_Pipeline_VITIS_LOOP_105_2  |        0|   0|    16|    78|    0|
    |grp_fc1full_top_Pipeline_VITIS_LOOP_131_1_fu_207  |fc1full_top_Pipeline_VITIS_LOOP_131_1  |        0|   0|  3366|  3305|    0|
    |grp_fc1full_top_Pipeline_VITIS_LOOP_72_1_fu_200   |fc1full_top_Pipeline_VITIS_LOOP_72_1   |        0|   0|    15|    87|    0|
    |grp_load_weights_once_fu_190                      |load_weights_once                      |        2|   2|    94|   193|    0|
    +--------------------------------------------------+---------------------------------------+---------+----+------+------+-----+
    |Total                                             |                                       |        2|   2|  3491|  3663|    0|
    +--------------------------------------------------+---------------------------------------+---------+----+------+------+-----+

    * DSP: 
    N/A

    * Memory: 
    +-----------------+-----------------------------+---------+---+----+-----+--------+-----+------+-------------+
    |      Memory     |            Module           | BRAM_18K| FF| LUT| URAM|  Words | Bits| Banks| W*Bits*Banks|
    +-----------------+-----------------------------+---------+---+----+-----+--------+-----+------+-------------+
    |fc1_weights_0_U  |fc1_weights_0_RAM_AUTO_1R1W  |        2|  0|   0|    0|  204800|    3|     1|       614400|
    +-----------------+-----------------------------+---------+---+----+-----+--------+-----+------+-------------+
    |Total            |                             |        2|  0|   0|    0|  204800|    3|     1|       614400|
    +-----------------+-----------------------------+---------+---+----+-----+--------+-----+------+-------------+

    * FIFO: 
    +-------------------+---------+----+----+-----+------+-----+---------+
    |        Name       | BRAM_18K| FF | LUT| URAM| Depth| Bits| Size:D*B|
    +-------------------+---------+----+----+-----+------+-----+---------+
    |in_stream_fifo_U   |        0|  37|   0|    -|  4096|    1|     4096|
    |out_stream_fifo_U  |        0|  10|   0|    -|   128|    1|      128|
    +-------------------+---------+----+----+-----+------+-----+---------+
    |Total              |        0|  47|   0|    0|  4224|    2|     4224|
    +-------------------+---------+----+----+-----+------+-----+---------+

    * Expression: 
    N/A

    * Multiplexer: 
    +------------------------+----+-----------+-----+-----------+
    |          Name          | LUT| Input Size| Bits| Total Bits|
    +------------------------+----+-----------+-----+-----------+
    |ap_NS_fsm               |  59|         11|    1|         11|
    |fc1_weights_0_address0  |  14|          3|   18|         54|
    |fc1_weights_0_ce0       |  14|          3|    1|          3|
    |fc1_weights_0_we0       |   9|          2|    1|          2|
    |in_stream_read          |   9|          2|    1|          2|
    |in_stream_write         |   9|          2|    1|          2|
    |out_stream_read         |   9|          2|    1|          2|
    |out_stream_write        |   9|          2|    1|          2|
    +------------------------+----+-----------+-----+-----------+
    |Total                   | 132|         27|   25|         78|
    +------------------------+----+-----------+-----+-----------+

    * Register: 
    +---------------------------------------------------------------+----+----+-----+-----------+
    |                              Name                             | FF | LUT| Bits| Const Bits|
    +---------------------------------------------------------------+----+----+-----+-----------+
    |ap_CS_fsm                                                      |  10|   0|   10|          0|
    |grp_fc1full_top_Pipeline_VITIS_LOOP_105_2_fu_215_ap_start_reg  |   1|   0|    1|          0|
    |grp_fc1full_top_Pipeline_VITIS_LOOP_131_1_fu_207_ap_start_reg  |   1|   0|    1|          0|
    |grp_fc1full_top_Pipeline_VITIS_LOOP_72_1_fu_200_ap_start_reg   |   1|   0|    1|          0|
    |grp_load_weights_once_fu_190_ap_start_reg                      |   1|   0|    1|          0|
    +---------------------------------------------------------------+----+----+-----+-----------+
    |Total                                                          |  14|   0|   14|          0|
    +---------------------------------------------------------------+----+----+-----+-----------+



================================================================
== Interface
================================================================
* Summary: 
+---------------+-----+-----+------------+--------------+--------------+
|   RTL Ports   | Dir | Bits|  Protocol  | Source Object|    C Type    |
+---------------+-----+-----+------------+--------------+--------------+
|ap_clk         |   in|    1|  ap_ctrl_hs|   fc1full_top|  return value|
|ap_rst         |   in|    1|  ap_ctrl_hs|   fc1full_top|  return value|
|ap_start       |   in|    1|  ap_ctrl_hs|   fc1full_top|  return value|
|ap_done        |  out|    1|  ap_ctrl_hs|   fc1full_top|  return value|
|ap_idle        |  out|    1|  ap_ctrl_hs|   fc1full_top|  return value|
|ap_ready       |  out|    1|  ap_ctrl_hs|   fc1full_top|  return value|
|in_r_address0  |  out|   12|   ap_memory|          in_r|         array|
|in_r_ce0       |  out|    1|   ap_memory|          in_r|         array|
|in_r_q0        |   in|    1|   ap_memory|          in_r|         array|
|out_0          |  out|    1|      ap_vld|         out_0|       pointer|
|out_0_ap_vld   |  out|    1|      ap_vld|         out_0|       pointer|
|out_1          |  out|    1|      ap_vld|         out_1|       pointer|
|out_1_ap_vld   |  out|    1|      ap_vld|         out_1|       pointer|
|out_2          |  out|    1|      ap_vld|         out_2|       pointer|
|out_2_ap_vld   |  out|    1|      ap_vld|         out_2|       pointer|
|out_3          |  out|    1|      ap_vld|         out_3|       pointer|
|out_3_ap_vld   |  out|    1|      ap_vld|         out_3|       pointer|
|out_4          |  out|    1|      ap_vld|         out_4|       pointer|
|out_4_ap_vld   |  out|    1|      ap_vld|         out_4|       pointer|
|out_5          |  out|    1|      ap_vld|         out_5|       pointer|
|out_5_ap_vld   |  out|    1|      ap_vld|         out_5|       pointer|
|out_6          |  out|    1|      ap_vld|         out_6|       pointer|
|out_6_ap_vld   |  out|    1|      ap_vld|         out_6|       pointer|
|out_7          |  out|    1|      ap_vld|         out_7|       pointer|
|out_7_ap_vld   |  out|    1|      ap_vld|         out_7|       pointer|
|out_8          |  out|    1|      ap_vld|         out_8|       pointer|
|out_8_ap_vld   |  out|    1|      ap_vld|         out_8|       pointer|
|out_9          |  out|    1|      ap_vld|         out_9|       pointer|
|out_9_ap_vld   |  out|    1|      ap_vld|         out_9|       pointer|
|out_10         |  out|    1|      ap_vld|        out_10|       pointer|
|out_10_ap_vld  |  out|    1|      ap_vld|        out_10|       pointer|
|out_11         |  out|    1|      ap_vld|        out_11|       pointer|
|out_11_ap_vld  |  out|    1|      ap_vld|        out_11|       pointer|
|out_12         |  out|    1|      ap_vld|        out_12|       pointer|
|out_12_ap_vld  |  out|    1|      ap_vld|        out_12|       pointer|
|out_13         |  out|    1|      ap_vld|        out_13|       pointer|
|out_13_ap_vld  |  out|    1|      ap_vld|        out_13|       pointer|
|out_14         |  out|    1|      ap_vld|        out_14|       pointer|
|out_14_ap_vld  |  out|    1|      ap_vld|        out_14|       pointer|
|out_15         |  out|    1|      ap_vld|        out_15|       pointer|
|out_15_ap_vld  |  out|    1|      ap_vld|        out_15|       pointer|
|out_16         |  out|    1|      ap_vld|        out_16|       pointer|
|out_16_ap_vld  |  out|    1|      ap_vld|        out_16|       pointer|
|out_17         |  out|    1|      ap_vld|        out_17|       pointer|
|out_17_ap_vld  |  out|    1|      ap_vld|        out_17|       pointer|
|out_18         |  out|    1|      ap_vld|        out_18|       pointer|
|out_18_ap_vld  |  out|    1|      ap_vld|        out_18|       pointer|
|out_19         |  out|    1|      ap_vld|        out_19|       pointer|
|out_19_ap_vld  |  out|    1|      ap_vld|        out_19|       pointer|
|out_20         |  out|    1|      ap_vld|        out_20|       pointer|
|out_20_ap_vld  |  out|    1|      ap_vld|        out_20|       pointer|
|out_21         |  out|    1|      ap_vld|        out_21|       pointer|
|out_21_ap_vld  |  out|    1|      ap_vld|        out_21|       pointer|
|out_22         |  out|    1|      ap_vld|        out_22|       pointer|
|out_22_ap_vld  |  out|    1|      ap_vld|        out_22|       pointer|
|out_23         |  out|    1|      ap_vld|        out_23|       pointer|
|out_23_ap_vld  |  out|    1|      ap_vld|        out_23|       pointer|
|out_24         |  out|    1|      ap_vld|        out_24|       pointer|
|out_24_ap_vld  |  out|    1|      ap_vld|        out_24|       pointer|
|out_25         |  out|    1|      ap_vld|        out_25|       pointer|
|out_25_ap_vld  |  out|    1|      ap_vld|        out_25|       pointer|
|out_26         |  out|    1|      ap_vld|        out_26|       pointer|
|out_26_ap_vld  |  out|    1|      ap_vld|        out_26|       pointer|
|out_27         |  out|    1|      ap_vld|        out_27|       pointer|
|out_27_ap_vld  |  out|    1|      ap_vld|        out_27|       pointer|
|out_28         |  out|    1|      ap_vld|        out_28|       pointer|
|out_28_ap_vld  |  out|    1|      ap_vld|        out_28|       pointer|
|out_29         |  out|    1|      ap_vld|        out_29|       pointer|
|out_29_ap_vld  |  out|    1|      ap_vld|        out_29|       pointer|
|out_30         |  out|    1|      ap_vld|        out_30|       pointer|
|out_30_ap_vld  |  out|    1|      ap_vld|        out_30|       pointer|
|out_31         |  out|    1|      ap_vld|        out_31|       pointer|
|out_31_ap_vld  |  out|    1|      ap_vld|        out_31|       pointer|
|out_32         |  out|    1|      ap_vld|        out_32|       pointer|
|out_32_ap_vld  |  out|    1|      ap_vld|        out_32|       pointer|
|out_33         |  out|    1|      ap_vld|        out_33|       pointer|
|out_33_ap_vld  |  out|    1|      ap_vld|        out_33|       pointer|
|out_34         |  out|    1|      ap_vld|        out_34|       pointer|
|out_34_ap_vld  |  out|    1|      ap_vld|        out_34|       pointer|
|out_35         |  out|    1|      ap_vld|        out_35|       pointer|
|out_35_ap_vld  |  out|    1|      ap_vld|        out_35|       pointer|
|out_36         |  out|    1|      ap_vld|        out_36|       pointer|
|out_36_ap_vld  |  out|    1|      ap_vld|        out_36|       pointer|
|out_37         |  out|    1|      ap_vld|        out_37|       pointer|
|out_37_ap_vld  |  out|    1|      ap_vld|        out_37|       pointer|
|out_38         |  out|    1|      ap_vld|        out_38|       pointer|
|out_38_ap_vld  |  out|    1|      ap_vld|        out_38|       pointer|
|out_39         |  out|    1|      ap_vld|        out_39|       pointer|
|out_39_ap_vld  |  out|    1|      ap_vld|        out_39|       pointer|
|out_40         |  out|    1|      ap_vld|        out_40|       pointer|
|out_40_ap_vld  |  out|    1|      ap_vld|        out_40|       pointer|
|out_41         |  out|    1|      ap_vld|        out_41|       pointer|
|out_41_ap_vld  |  out|    1|      ap_vld|        out_41|       pointer|
|out_42         |  out|    1|      ap_vld|        out_42|       pointer|
|out_42_ap_vld  |  out|    1|      ap_vld|        out_42|       pointer|
|out_43         |  out|    1|      ap_vld|        out_43|       pointer|
|out_43_ap_vld  |  out|    1|      ap_vld|        out_43|       pointer|
|out_44         |  out|    1|      ap_vld|        out_44|       pointer|
|out_44_ap_vld  |  out|    1|      ap_vld|        out_44|       pointer|
|out_45         |  out|    1|      ap_vld|        out_45|       pointer|
|out_45_ap_vld  |  out|    1|      ap_vld|        out_45|       pointer|
|out_46         |  out|    1|      ap_vld|        out_46|       pointer|
|out_46_ap_vld  |  out|    1|      ap_vld|        out_46|       pointer|
|out_47         |  out|    1|      ap_vld|        out_47|       pointer|
|out_47_ap_vld  |  out|    1|      ap_vld|        out_47|       pointer|
|out_48         |  out|    1|      ap_vld|        out_48|       pointer|
|out_48_ap_vld  |  out|    1|      ap_vld|        out_48|       pointer|
|out_49         |  out|    1|      ap_vld|        out_49|       pointer|
|out_49_ap_vld  |  out|    1|      ap_vld|        out_49|       pointer|
|out_50         |  out|    1|      ap_vld|        out_50|       pointer|
|out_50_ap_vld  |  out|    1|      ap_vld|        out_50|       pointer|
|out_51         |  out|    1|      ap_vld|        out_51|       pointer|
|out_51_ap_vld  |  out|    1|      ap_vld|        out_51|       pointer|
|out_52         |  out|    1|      ap_vld|        out_52|       pointer|
|out_52_ap_vld  |  out|    1|      ap_vld|        out_52|       pointer|
|out_53         |  out|    1|      ap_vld|        out_53|       pointer|
|out_53_ap_vld  |  out|    1|      ap_vld|        out_53|       pointer|
|out_54         |  out|    1|      ap_vld|        out_54|       pointer|
|out_54_ap_vld  |  out|    1|      ap_vld|        out_54|       pointer|
|out_55         |  out|    1|      ap_vld|        out_55|       pointer|
|out_55_ap_vld  |  out|    1|      ap_vld|        out_55|       pointer|
|out_56         |  out|    1|      ap_vld|        out_56|       pointer|
|out_56_ap_vld  |  out|    1|      ap_vld|        out_56|       pointer|
|out_57         |  out|    1|      ap_vld|        out_57|       pointer|
|out_57_ap_vld  |  out|    1|      ap_vld|        out_57|       pointer|
|out_58         |  out|    1|      ap_vld|        out_58|       pointer|
|out_58_ap_vld  |  out|    1|      ap_vld|        out_58|       pointer|
|out_59         |  out|    1|      ap_vld|        out_59|       pointer|
|out_59_ap_vld  |  out|    1|      ap_vld|        out_59|       pointer|
|out_60         |  out|    1|      ap_vld|        out_60|       pointer|
|out_60_ap_vld  |  out|    1|      ap_vld|        out_60|       pointer|
|out_61         |  out|    1|      ap_vld|        out_61|       pointer|
|out_61_ap_vld  |  out|    1|      ap_vld|        out_61|       pointer|
|out_62         |  out|    1|      ap_vld|        out_62|       pointer|
|out_62_ap_vld  |  out|    1|      ap_vld|        out_62|       pointer|
|out_63         |  out|    1|      ap_vld|        out_63|       pointer|
|out_63_ap_vld  |  out|    1|      ap_vld|        out_63|       pointer|
+---------------+-----+-----+------------+--------------+--------------+

