

================================================================
== Vitis HLS Report for 'load_weights_once_Pipeline_VITIS_LOOP_49_1_VITIS_LOOP_50_2'
================================================================
* Date:           Thu Apr 30 15:38:47 2026

* Version:        2023.1 (Build 3854077 on May  4 2023)
* Project:        fc1full_prj
* Solution:       xcvu9p-flga2577-2-e (Vivado IP Flow Target)
* Product family: virtexuplus
* Target device:  xcvu9p-flga2577-2-e


================================================================
== Performance Estimates
================================================================
+ Timing: 
    * Summary: 
    +--------+----------+----------+------------+
    |  Clock |  Target  | Estimated| Uncertainty|
    +--------+----------+----------+------------+
    |ap_clk  |  10.00 ns|  2.496 ns|     2.70 ns|
    +--------+----------+----------+------------+

+ Latency: 
    * Summary: 
    +---------+---------+----------+----------+--------+--------+---------+
    |  Latency (cycles) |  Latency (absolute) |     Interval    | Pipeline|
    |   min   |   max   |    min   |    max   |   min  |   max  |   Type  |
    +---------+---------+----------+----------+--------+--------+---------+
    |   204805|   204805|  2.048 ms|  2.048 ms|  204805|  204805|       no|
    +---------+---------+----------+----------+--------+--------+---------+

    + Detail: 
        * Instance: 
        N/A

        * Loop: 
        +-----------------------------------+---------+---------+----------+-----------+-----------+--------+----------+
        |                                   |  Latency (cycles) | Iteration|  Initiation Interval  |  Trip  |          |
        |             Loop Name             |   min   |   max   |  Latency |  achieved |   target  |  Count | Pipelined|
        +-----------------------------------+---------+---------+----------+-----------+-----------+--------+----------+
        |- VITIS_LOOP_49_1_VITIS_LOOP_50_2  |   204803|   204803|         5|          1|          1|  204800|       yes|
        +-----------------------------------+---------+---------+----------+-----------+-----------+--------+----------+



================================================================
== Utilization Estimates
================================================================
* Summary: 
+---------------------+---------+------+---------+---------+-----+
|         Name        | BRAM_18K|  DSP |    FF   |   LUT   | URAM|
+---------------------+---------+------+---------+---------+-----+
|DSP                  |        -|     2|        -|        -|    -|
|Expression           |        -|     -|        0|      123|    -|
|FIFO                 |        -|     -|        -|        -|    -|
|Instance             |        -|     -|        -|        -|    -|
|Memory               |        2|     -|        0|        0|    -|
|Multiplexer          |        -|     -|        -|       54|    -|
|Register             |        -|     -|       89|        -|    -|
+---------------------+---------+------+---------+---------+-----+
|Total                |        2|     2|       89|      177|    0|
+---------------------+---------+------+---------+---------+-----+
|Available SLR        |     1440|  2280|   788160|   394080|  320|
+---------------------+---------+------+---------+---------+-----+
|Utilization SLR (%)  |       ~0|    ~0|       ~0|       ~0|    0|
+---------------------+---------+------+---------+---------+-----+
|Available            |     4320|  6840|  2364480|  1182240|  960|
+---------------------+---------+------+---------+---------+-----+
|Utilization (%)      |       ~0|    ~0|       ~0|       ~0|    0|
+---------------------+---------+------+---------+---------+-----+

+ Detail: 
    * Instance: 
    N/A

    * DSP: 
    +------------------------------------+---------------------------------+--------------+
    |              Instance              |              Module             |  Expression  |
    +------------------------------------+---------------------------------+--------------+
    |mac_muladd_7ns_12ns_12ns_18_4_1_U1  |mac_muladd_7ns_12ns_12ns_18_4_1  |  i0 * i1 + i2|
    |mac_muladd_7ns_12ns_12ns_18_4_1_U2  |mac_muladd_7ns_12ns_12ns_18_4_1  |  i0 + i1 * i2|
    +------------------------------------+---------------------------------+--------------+

    * Memory: 
    +---------+------------------------------------------------------------------------------+---------+---+----+-----+--------+-----+------+-------------+
    |  Memory |                                    Module                                    | BRAM_18K| FF| LUT| URAM|  Words | Bits| Banks| W*Bits*Banks|
    +---------+------------------------------------------------------------------------------+---------+---+----+-----+--------+-----+------+-------------+
    |FC1_W_U  |load_weights_once_Pipeline_VITIS_LOOP_49_1_VITIS_LOOP_50_2_FC1_W_ROM_AUTO_1R  |        2|  0|   0|    0|  204800|    3|     1|       614400|
    +---------+------------------------------------------------------------------------------+---------+---+----+-----+--------+-----+------+-------------+
    |Total    |                                                                              |        2|  0|   0|    0|  204800|    3|     1|       614400|
    +---------+------------------------------------------------------------------------------+---------+---+----+-----+--------+-----+------+-------------+

    * FIFO: 
    N/A

    * Expression: 
    +-------------------------+----------+----+---+----+------------+------------+
    |      Variable Name      | Operation| DSP| FF| LUT| Bitwidth P0| Bitwidth P1|
    +-------------------------+----------+----+---+----+------------+------------+
    |add_ln49_1_fu_105_p2     |         +|   0|  0|  25|          18|           1|
    |add_ln49_fu_117_p2       |         +|   0|  0|  14|           7|           1|
    |add_ln50_fu_153_p2       |         +|   0|  0|  19|          12|           1|
    |icmp_ln49_fu_99_p2       |      icmp|   0|  0|  25|          18|          17|
    |icmp_ln50_fu_123_p2      |      icmp|   0|  0|  19|          12|          11|
    |select_ln49_1_fu_137_p3  |    select|   0|  0|   7|           1|           7|
    |select_ln49_fu_129_p3    |    select|   0|  0|  12|           1|           1|
    |ap_enable_pp0            |       xor|   0|  0|   2|           1|           2|
    +-------------------------+----------+----+---+----+------------+------------+
    |Total                    |          |   0|  0| 123|          70|          41|
    +-------------------------+----------+----+---+----+------------+------------+

    * Multiplexer: 
    +-------------------------+----+-----------+-----+-----------+
    |           Name          | LUT| Input Size| Bits| Total Bits|
    +-------------------------+----+-----------+-----+-----------+
    |ap_done_int              |   9|          2|    1|          2|
    |ap_enable_reg_pp0_iter1  |   9|          2|    1|          2|
    |ap_enable_reg_pp0_iter2  |   9|          2|    1|          2|
    |col_fu_42                |   9|          2|   12|         24|
    |indvar_flatten_fu_50     |   9|          2|   18|         36|
    |row_fu_46                |   9|          2|    7|         14|
    +-------------------------+----+-----------+-----+-----------+
    |Total                    |  54|         12|   40|         80|
    +-------------------------+----+-----------+-----+-----------+

    * Register: 
    +-----------------------------------+----+----+-----+-----------+
    |                Name               | FF | LUT| Bits| Const Bits|
    +-----------------------------------+----+----+-----+-----------+
    |add_ln52_reg_253                   |  18|   0|   18|          0|
    |ap_CS_fsm                          |   1|   0|    1|          0|
    |ap_done_reg                        |   1|   0|    1|          0|
    |ap_enable_reg_pp0_iter1            |   1|   0|    1|          0|
    |ap_enable_reg_pp0_iter2            |   1|   0|    1|          0|
    |ap_enable_reg_pp0_iter3            |   1|   0|    1|          0|
    |ap_enable_reg_pp0_iter4            |   1|   0|    1|          0|
    |ap_enable_reg_pp0_iter5            |   1|   0|    1|          0|
    |ap_loop_exit_ready_pp0_iter2_reg   |   1|   0|    1|          0|
    |ap_loop_exit_ready_pp0_iter3_reg   |   1|   0|    1|          0|
    |ap_loop_exit_ready_pp0_iter4_reg   |   1|   0|    1|          0|
    |col_fu_42                          |  12|   0|   12|          0|
    |indvar_flatten_fu_50               |  18|   0|   18|          0|
    |row_fu_46                          |   7|   0|    7|          0|
    |select_ln49_reg_227                |  12|   0|   12|          0|
    |select_ln49_reg_227_pp0_iter2_reg  |  12|   0|   12|          0|
    +-----------------------------------+----+----+-----+-----------+
    |Total                              |  89|   0|   89|          0|
    +-----------------------------------+----+----+-----+-----------+



================================================================
== Interface
================================================================
* Summary: 
+------------------------+-----+-----+------------+------------------------------------------------------------+--------------+
|        RTL Ports       | Dir | Bits|  Protocol  |                        Source Object                       |    C Type    |
+------------------------+-----+-----+------------+------------------------------------------------------------+--------------+
|ap_clk                  |   in|    1|  ap_ctrl_hs|  load_weights_once_Pipeline_VITIS_LOOP_49_1_VITIS_LOOP_50_2|  return value|
|ap_rst                  |   in|    1|  ap_ctrl_hs|  load_weights_once_Pipeline_VITIS_LOOP_49_1_VITIS_LOOP_50_2|  return value|
|ap_start                |   in|    1|  ap_ctrl_hs|  load_weights_once_Pipeline_VITIS_LOOP_49_1_VITIS_LOOP_50_2|  return value|
|ap_done                 |  out|    1|  ap_ctrl_hs|  load_weights_once_Pipeline_VITIS_LOOP_49_1_VITIS_LOOP_50_2|  return value|
|ap_idle                 |  out|    1|  ap_ctrl_hs|  load_weights_once_Pipeline_VITIS_LOOP_49_1_VITIS_LOOP_50_2|  return value|
|ap_ready                |  out|    1|  ap_ctrl_hs|  load_weights_once_Pipeline_VITIS_LOOP_49_1_VITIS_LOOP_50_2|  return value|
|fc1_weights_0_address0  |  out|   18|   ap_memory|                                               fc1_weights_0|         array|
|fc1_weights_0_ce0       |  out|    1|   ap_memory|                                               fc1_weights_0|         array|
|fc1_weights_0_we0       |  out|    1|   ap_memory|                                               fc1_weights_0|         array|
|fc1_weights_0_d0        |  out|    3|   ap_memory|                                               fc1_weights_0|         array|
+------------------------+-----+-----+------------+------------------------------------------------------------+--------------+

