#-----------------------------------------------------------
# xsim v2023.1 (64-bit)
# SW Build 3865809 on Sun May  7 15:04:56 MDT 2023
# IP Build 3864474 on Sun May  7 20:36:21 MDT 2023
# SharedData Build 3865790 on Sun May 07 13:33:03 MDT 2023
# Start of session at: Thu Apr 30 15:40:51 2026
# Process ID: 54916
# Current directory: /home/coder/Desktop/s2n2/convSNN/convSNN_hls/fc1full_prj/xcvu9p-flga2577-2-e/sim/verilog
# Command line: xsim -mode tcl -source {xsim.dir/fc1full_top/xsim_script.tcl}
# Log file: /home/coder/Desktop/s2n2/convSNN/convSNN_hls/fc1full_prj/xcvu9p-flga2577-2-e/sim/verilog/xsim.log
# Journal file: /home/coder/Desktop/s2n2/convSNN/convSNN_hls/fc1full_prj/xcvu9p-flga2577-2-e/sim/verilog/xsim.jou
# Running On: coder-kwlaial-kellylaijetnet, OS: Linux, CPU Frequency: 3180.477 MHz, CPU Physical cores: 16, Host memory: 1081988 MB
#-----------------------------------------------------------
source xsim.dir/fc1full_top/xsim_script.tcl
# xsim {fc1full_top} -autoloadwcfg -tclbatch {fc1full_top.tcl}
Time resolution is 1 ps
source fc1full_top.tcl
## run all
////////////////////////////////////////////////////////////////////////////////////
// Inter-Transaction Progress: Completed Transaction / Total Transaction
// Intra-Transaction Progress: Measured Latency / Latency Estimation * 100%
//
// RTL Simulation : "Inter-Transaction Progress" ["Intra-Transaction Progress"] @ "Simulation Time"
////////////////////////////////////////////////////////////////////////////////////
// RTL Simulation : 0 / 1 [0.00%] @ "125000"
// RTL Simulation : 1 / 1 [100.00%] @ "4128925000"
////////////////////////////////////////////////////////////////////////////////////
$finish called at time : 4128985 ns : File "/home/coder/Desktop/s2n2/convSNN/convSNN_hls/fc1full_prj/xcvu9p-flga2577-2-e/sim/verilog/fc1full_top.autotb.v" Line 4117
run: Time (s): cpu = 00:00:00.03 ; elapsed = 00:03:25 . Memory (MB): peak = 1291.723 ; gain = 0.000 ; free physical = 674093 ; free virtual = 932467
## quit
INFO: xsimkernel Simulation Memory Usage: 125332 KB (Peak: 173312 KB), Simulation CPU Usage: 204850 ms
INFO: [Common 17-206] Exiting xsim at Thu Apr 30 15:44:30 2026...
