==============================================================
Vitis HLS - High-Level Synthesis from C, C++ and OpenCL v2023.1 (64-bit)
Tool Version Limit: 2023.05
Copyright 1986-2022 Xilinx, Inc. All Rights Reserved.
Copyright 2022-2023 Advanced Micro Devices, Inc. All Rights Reserved.

==============================================================
INFO: [HLS 200-1505] Using default flow_target 'vivado'
INFO: [HLS 200-1510] Running: set_part xcvu9p-flga2577-2-e 
INFO: [HLS 200-1611] Setting target device to 'xcvu9p-flga2577-2-e'
INFO: [HLS 200-1510] Running: create_clock -period 10 -name default 
INFO: [SYN 201-201] Setting up clock 'default' with a period of 10ns.
INFO: [HLS 200-1510] Running: csim_design -clean -O 
INFO: [SIM 211-2] *************** CSIM start ***************
INFO: [SIM 211-4] CSIM will launch GCC as the compiler.
INFO: [HLS 200-2036] Building optimized C Simulation binaries
ERROR: [SIM 211-100] 'csim_design' failed: nonzero return value.
INFO: [SIM 211-3] *************** CSIM finish ***************
INFO: [HLS 200-111] Finished Command csim_design CPU user time: 3.73 seconds. CPU system time: 1.01 seconds. Elapsed time: 6.93 seconds; current allocated memory: 4.000 MB.
==============================================================
Vitis HLS - High-Level Synthesis from C, C++ and OpenCL v2023.1 (64-bit)
Tool Version Limit: 2023.05
Copyright 1986-2022 Xilinx, Inc. All Rights Reserved.
Copyright 2022-2023 Advanced Micro Devices, Inc. All Rights Reserved.

==============================================================
INFO: [SYN 201-201] Setting up clock 'default' with a period of 10ns.
INFO: [HLS 200-1611] Setting target device to 'xcvu9p-flga2577-2-e'
INFO: [HLS 200-1505] Using flow_target 'vivado'
INFO: [HLS 200-1510] Running: set_part xcvu9p-flga2577-2-e 
INFO: [HLS 200-1510] Running: create_clock -period 10 -name default 
INFO: [HLS 200-1510] Running: csim_design -clean -O 
INFO: [SIM 211-2] *************** CSIM start ***************
INFO: [SIM 211-4] CSIM will launch GCC as the compiler.
INFO: [HLS 200-2036] Building optimized C Simulation binaries
ERROR: [SIM 211-100] 'csim_design' failed: compilation error(s).
INFO: [SIM 211-3] *************** CSIM finish ***************
INFO: [HLS 200-111] Finished Command csim_design CPU user time: 3 seconds. CPU system time: 0.79 seconds. Elapsed time: 5.25 seconds; current allocated memory: 2.230 MB.
==============================================================
Vitis HLS - High-Level Synthesis from C, C++ and OpenCL v2023.1 (64-bit)
Tool Version Limit: 2023.05
Copyright 1986-2022 Xilinx, Inc. All Rights Reserved.
Copyright 2022-2023 Advanced Micro Devices, Inc. All Rights Reserved.

==============================================================
INFO: [SYN 201-201] Setting up clock 'default' with a period of 10ns.
INFO: [HLS 200-1611] Setting target device to 'xcvu9p-flga2577-2-e'
INFO: [HLS 200-1505] Using flow_target 'vivado'
INFO: [HLS 200-1510] Running: set_part xcvu9p-flga2577-2-e 
INFO: [HLS 200-1510] Running: create_clock -period 10 -name default 
INFO: [HLS 200-1510] Running: csim_design -clean -O 
INFO: [SIM 211-2] *************** CSIM start ***************
INFO: [SIM 211-4] CSIM will launch GCC as the compiler.
INFO: [HLS 200-2036] Building optimized C Simulation binaries
ERROR: [SIM 211-100] 'csim_design' failed: nonzero return value.
INFO: [SIM 211-3] *************** CSIM finish ***************
INFO: [HLS 200-111] Finished Command csim_design CPU user time: 3.6 seconds. CPU system time: 1.4 seconds. Elapsed time: 16.04 seconds; current allocated memory: 2.234 MB.
==============================================================
Vitis HLS - High-Level Synthesis from C, C++ and OpenCL v2023.1 (64-bit)
Tool Version Limit: 2023.05
Copyright 1986-2022 Xilinx, Inc. All Rights Reserved.
Copyright 2022-2023 Advanced Micro Devices, Inc. All Rights Reserved.

==============================================================
INFO: [SYN 201-201] Setting up clock 'default' with a period of 10ns.
INFO: [HLS 200-1611] Setting target device to 'xcvu9p-flga2577-2-e'
INFO: [HLS 200-1505] Using flow_target 'vivado'
INFO: [HLS 200-1510] Running: set_part xcvu9p-flga2577-2-e 
INFO: [HLS 200-1510] Running: create_clock -period 10 -name default 
INFO: [HLS 200-1510] Running: csim_design -clean -O 
INFO: [SIM 211-2] *************** CSIM start ***************
INFO: [SIM 211-4] CSIM will launch GCC as the compiler.
INFO: [HLS 200-2036] Building optimized C Simulation binaries
INFO: [SIM 211-1] CSim done with 0 errors.
INFO: [SIM 211-3] *************** CSIM finish ***************
INFO: [HLS 200-111] Finished Command csim_design CPU user time: 3.62 seconds. CPU system time: 1.07 seconds. Elapsed time: 5.74 seconds; current allocated memory: 2.230 MB.
INFO: [HLS 200-1510] Running: csynth_design 
INFO: [HLS 200-111] Finished File checks and directory preparation: CPU user time: 0.09 seconds. CPU system time: 0 seconds. Elapsed time: 0.1 seconds; current allocated memory: 1.454 GB.
INFO: [HLS 200-10] Analyzing design file '/home/coder/Desktop/s2n2/convSNN/fc1full_top.cpp' ... 
WARNING: [HLS 207-5531] 'Resource pragma' is deprecated, use 'bind_op/bind_storage pragma' instead (/home/coder/Documents/s2n2/finn-hlslib-lif/slidingwindow.h:75:9)
WARNING: [HLS 207-5531] 'Resource pragma' is deprecated, use 'bind_op/bind_storage pragma' instead (/home/coder/Documents/s2n2/finn-hlslib-lif/slidingwindow.h:97:9)
WARNING: [HLS 207-5531] 'Resource pragma' is deprecated, use 'bind_op/bind_storage pragma' instead (/home/coder/Documents/s2n2/finn-hlslib-lif/slidingwindow.h:119:9)
WARNING: [HLS 207-5531] 'Resource pragma' is deprecated, use 'bind_op/bind_storage pragma' instead (/home/coder/Documents/s2n2/finn-hlslib-lif/slidingwindow.h:141:9)
WARNING: [HLS 207-5531] 'Resource pragma' is deprecated, use 'bind_op/bind_storage pragma' instead (/home/coder/Documents/s2n2/finn-hlslib-lif/maxpool.h:296:9)
WARNING: [HLS 207-5531] 'Resource pragma' is deprecated, use 'bind_op/bind_storage pragma' instead (/home/coder/Documents/s2n2/finn-hlslib-lif/mac.hpp:116:9)
WARNING: [HLS 207-5531] 'Resource pragma' is deprecated, use 'bind_op/bind_storage pragma' instead (/home/coder/Documents/s2n2/finn-hlslib-lif/mac.hpp:142:9)
WARNING: [HLS 207-5292] unused parameter 'reps' (/home/coder/Documents/s2n2/finn-hlslib-lif/streamtools.h:837:77)
WARNING: [HLS 207-5292] unused parameter 'reps' (/home/coder/Documents/s2n2/finn-hlslib-lif/streamtools.h:869:78)
WARNING: [HLS 207-5292] unused parameter 'mmv' (/home/coder/Documents/s2n2/finn-hlslib-lif/interpret.hpp:149:53)
WARNING: [HLS 207-5292] unused parameter 'mmv' (/home/coder/Documents/s2n2/finn-hlslib-lif/interpret.hpp:166:58)
WARNING: [HLS 207-5292] unused parameter 'mmv' (/home/coder/Documents/s2n2/finn-hlslib-lif/interpret.hpp:209:56)
WARNING: [HLS 207-5292] unused parameter 'flag' (/home/coder/Documents/s2n2/finn-hlslib-lif/interpret.hpp:209:72)
WARNING: [HLS 207-5292] unused parameter 'mmv' (/home/coder/Documents/s2n2/finn-hlslib-lif/interpret.hpp:213:53)
WARNING: [HLS 207-5292] unused parameter 'mmv' (/home/coder/Documents/s2n2/finn-hlslib-lif/interpret.hpp:218:30)
WARNING: [HLS 207-5292] unused parameter 'mmv' (/home/coder/Documents/s2n2/finn-hlslib-lif/interpret.hpp:240:53)
WARNING: [HLS 207-5292] unused parameter 'mmv' (/home/coder/Documents/s2n2/finn-hlslib-lif/interpret.hpp:262:39)
WARNING: [HLS 207-5292] unused parameter 'flag' (/home/coder/Documents/s2n2/finn-hlslib-lif/interpret.hpp:273:72)
WARNING: [HLS 207-5292] unused parameter 'mmv' (/home/coder/Documents/s2n2/finn-hlslib-lif/interpret.hpp:300:52)
WARNING: [HLS 207-5292] unused parameter 'activation' (/home/coder/Documents/s2n2/finn-hlslib-lif/mvau.hpp:98:17)
WARNING: [HLS 207-5292] unused parameter 'decay' (/home/coder/Documents/s2n2/finn-hlslib-lif/mvau.hpp:99:16)
WARNING: [HLS 207-5292] unused parameter 'r' (/home/coder/Documents/s2n2/finn-hlslib-lif/mvau.hpp:101:16)
WARNING: [HLS 207-5292] unused parameter 'nf' (/home/coder/Desktop/s2n2/convSNN/fc1full_top.cpp:33:27)
WARNING: [HLS 207-5292] unused parameter 'pe' (/home/coder/Desktop/s2n2/convSNN/fc1full_top.cpp:33:46)
WARNING: [HLS 207-5292] unused parameter 'nf' (/home/coder/Desktop/s2n2/convSNN/fc1full_top.cpp:38:38)
WARNING: [HLS 207-5292] unused parameter 'pe' (/home/coder/Desktop/s2n2/convSNN/fc1full_top.cpp:38:57)
INFO: [HLS 200-111] Finished Source Code Analysis and Preprocessing: CPU user time: 10.8 seconds. CPU system time: 1.73 seconds. Elapsed time: 25.82 seconds; current allocated memory: 1.457 GB.
INFO: [HLS 200-777] Using interface defaults for 'Vivado' flow target.
INFO: [HLS 200-1995] There were 1,855 instructions in the design after the 'Compile/Link' phase of compilation. See the Design Size Report for more details: /home/coder/Desktop/s2n2/convSNN/convSNN_hls/fc1full_prj/xcvu9p-flga2577-2-e/syn/report/csynth_design_size.rpt
INFO: [HLS 200-1995] There were 244 instructions in the design after the 'Unroll/Inline' phase of compilation. See the Design Size Report for more details: /home/coder/Desktop/s2n2/convSNN/convSNN_hls/fc1full_prj/xcvu9p-flga2577-2-e/syn/report/csynth_design_size.rpt
INFO: [HLS 200-1995] There were 13,102 instructions in the design after the 'Performance/Pipeline' phase of compilation. See the Design Size Report for more details: /home/coder/Desktop/s2n2/convSNN/convSNN_hls/fc1full_prj/xcvu9p-flga2577-2-e/syn/report/csynth_design_size.rpt
INFO: [HLS 200-1995] There were 13,256 instructions in the design after the 'Optimizations' phase of compilation. See the Design Size Report for more details: /home/coder/Desktop/s2n2/convSNN/convSNN_hls/fc1full_prj/xcvu9p-flga2577-2-e/syn/report/csynth_design_size.rpt
INFO: [HLS 214-131] Inlining function 'FixedPointWeightsSp<1u, ap_int<8>, 1u, 204800u>::TileIndex::TileIndex(FixedPointWeightsSp<1u, ap_int<8>, 1u, 204800u> const&, unsigned int, ap_uint<1>)' into 'FixedPointWeightsSp<1u, ap_int<8>, 1u, 204800u>::weights(unsigned int, ap_uint<1>) const' (/home/coder/Documents/s2n2/finn-hlslib-lif/weights.hpp:216:9)
INFO: [HLS 214-131] Inlining function 'Slice<ap_uint<1>, 1u>::Container<ap_uint<1> >::operator ap_uint<1> const&() const' into 'void Matrix_Vector_Activate_Batch<3200u, 64u, 1u, 1u, 1u, 1u, Identity, Slice<ap_uint<1>, 1u>, Identity, ap_fixed<32, 16, (ap_q_mode)5, (ap_o_mode)3, 0>, 32u, 16u, 1u, ap_uint<1>, ap_uint<1>, FixedPointWeightsSp<1u, ap_int<8>, 1u, 204800u>, ThresholdActivation1, ap_resource_dflt>(hls::stream<ap_uint<1>, 0>&, hls::stream<ap_uint<1>, 0>&, FixedPointWeightsSp<1u, ap_int<8>, 1u, 204800u> const&, ThresholdActivation1 const&, ap_fixed<32, 16, (ap_q_mode)5, (ap_o_mode)3, 0>, int, ap_resource_dflt const&)' (/home/coder/Documents/s2n2/finn-hlslib-lif/mvau.hpp:187:17)
INFO: [HLS 214-131] Inlining function 'Slice<ap_uint<1>, 1u>::Container<ap_uint<1> >::operator()(unsigned int, unsigned int, bool) const' into 'void Matrix_Vector_Activate_Batch<3200u, 64u, 1u, 1u, 1u, 1u, Identity, Slice<ap_uint<1>, 1u>, Identity, ap_fixed<32, 16, (ap_q_mode)5, (ap_o_mode)3, 0>, 32u, 16u, 1u, ap_uint<1>, ap_uint<1>, FixedPointWeightsSp<1u, ap_int<8>, 1u, 204800u>, ThresholdActivation1, ap_resource_dflt>(hls::stream<ap_uint<1>, 0>&, hls::stream<ap_uint<1>, 0>&, FixedPointWeightsSp<1u, ap_int<8>, 1u, 204800u> const&, ThresholdActivation1 const&, ap_fixed<32, 16, (ap_q_mode)5, (ap_o_mode)3, 0>, int, ap_resource_dflt const&)' (/home/coder/Documents/s2n2/finn-hlslib-lif/mvau.hpp:183:9)
INFO: [HLS 214-131] Inlining function 'Slice<ap_uint<1>, 1u>::Container<ap_uint<1> >::operator()(unsigned int, unsigned int, bool) const' into 'void Matrix_Vector_Activate_Batch<3200u, 64u, 1u, 1u, 1u, 1u, Identity, Slice<ap_uint<1>, 1u>, Identity, ap_fixed<32, 16, (ap_q_mode)5, (ap_o_mode)3, 0>, 32u, 16u, 1u, ap_uint<1>, ap_uint<1>, FixedPointWeightsSp<1u, ap_int<8>, 1u, 204800u>, ThresholdActivation1, ap_resource_dflt>(hls::stream<ap_uint<1>, 0>&, hls::stream<ap_uint<1>, 0>&, FixedPointWeightsSp<1u, ap_int<8>, 1u, 204800u> const&, ThresholdActivation1 const&, ap_fixed<32, 16, (ap_q_mode)5, (ap_o_mode)3, 0>, int, ap_resource_dflt const&)' (/home/coder/Documents/s2n2/finn-hlslib-lif/mvau.hpp:180:9)
INFO: [HLS 214-131] Inlining function 'FixedPointWeightsSp<1u, ap_int<8>, 1u, 204800u>::TileIndex::operator[](unsigned int) const' into 'void Matrix_Vector_Activate_Batch<3200u, 64u, 1u, 1u, 1u, 1u, Identity, Slice<ap_uint<1>, 1u>, Identity, ap_fixed<32, 16, (ap_q_mode)5, (ap_o_mode)3, 0>, 32u, 16u, 1u, ap_uint<1>, ap_uint<1>, FixedPointWeightsSp<1u, ap_int<8>, 1u, 204800u>, ThresholdActivation1, ap_resource_dflt>(hls::stream<ap_uint<1>, 0>&, hls::stream<ap_uint<1>, 0>&, FixedPointWeightsSp<1u, ap_int<8>, 1u, 204800u> const&, ThresholdActivation1 const&, ap_fixed<32, 16, (ap_q_mode)5, (ap_o_mode)3, 0>, int, ap_resource_dflt const&)' (/home/coder/Documents/s2n2/finn-hlslib-lif/mvau.hpp:165:14)
INFO: [HLS 214-131] Inlining function 'FixedPointWeightsSp<1u, ap_int<8>, 1u, 204800u>::weights(unsigned int, ap_uint<1>) const' into 'void Matrix_Vector_Activate_Batch<3200u, 64u, 1u, 1u, 1u, 1u, Identity, Slice<ap_uint<1>, 1u>, Identity, ap_fixed<32, 16, (ap_q_mode)5, (ap_o_mode)3, 0>, 32u, 16u, 1u, ap_uint<1>, ap_uint<1>, FixedPointWeightsSp<1u, ap_int<8>, 1u, 204800u>, ThresholdActivation1, ap_resource_dflt>(hls::stream<ap_uint<1>, 0>&, hls::stream<ap_uint<1>, 0>&, FixedPointWeightsSp<1u, ap_int<8>, 1u, 204800u> const&, ThresholdActivation1 const&, ap_fixed<32, 16, (ap_q_mode)5, (ap_o_mode)3, 0>, int, ap_resource_dflt const&)' (/home/coder/Documents/s2n2/finn-hlslib-lif/mvau.hpp:162:29)
INFO: [HLS 214-131] Inlining function 'void StreamingFCLayer_Batch<3200u, 64u, 1u, 1u, 1u, Identity, Slice<ap_uint<1>, 1u>, Identity, ap_fixed<32, 16, (ap_q_mode)5, (ap_o_mode)3, 0>, 32u, 16u, 1u, 1, 1, FixedPointWeightsSp<1u, ap_int<8>, 1u, 204800u>, ThresholdActivation1, ap_resource_dflt>(hls::stream<ap_uint<1>, 0>&, hls::stream<ap_uint<1>, 0>&, FixedPointWeightsSp<1u, ap_int<8>, 1u, 204800u> const&, ThresholdActivation1 const&, unsigned int, ap_fixed<32, 16, (ap_q_mode)5, (ap_o_mode)3, 0>, ap_resource_dflt const&)' into 'fc1full_top(ap_uint<1> const*, ap_uint<1>*)' (/home/coder/Desktop/s2n2/convSNN/fc1full_top.cpp:80:3)
INFO: [HLS 214-291] Loop 'VITIS_LOOP_150_2' is marked as complete unroll implied by the pipeline pragma (/home/coder/Documents/s2n2/finn-hlslib-lif/mvau.hpp:150:24)
INFO: [HLS 214-291] Loop 'VITIS_LOOP_163_3' is marked as complete unroll implied by the pipeline pragma (/home/coder/Documents/s2n2/finn-hlslib-lif/mvau.hpp:163:23)
INFO: [HLS 214-291] Loop 'VITIS_LOOP_200_1' is marked as complete unroll implied by the pipeline pragma (/home/coder/Documents/s2n2/finn-hlslib-lif/weights.hpp:200:25)
INFO: [HLS 214-291] Loop 'VITIS_LOOP_175_4' is marked as complete unroll implied by the pipeline pragma (/home/coder/Documents/s2n2/finn-hlslib-lif/mvau.hpp:175:25)
INFO: [HLS 214-186] Unrolling loop 'VITIS_LOOP_150_2' (/home/coder/Documents/s2n2/finn-hlslib-lif/mvau.hpp:150:24) in function 'Matrix_Vector_Activate_Batch<3200u, 64u, 1u, 1u, 1u, 1u, Identity, Slice<ap_uint<1>, 1u>, Identity, ap_fixed<32, 16, (ap_q_mode)5, (ap_o_mode)3, 0>, 32u, 16u, 1u, ap_uint<1>, ap_uint<1>, FixedPointWeightsSp<1u, ap_int<8>, 1u, 204800u>, ThresholdActivation1, ap_resource_dflt>' completely with a factor of 1 (/home/coder/Documents/s2n2/finn-hlslib-lif/mvau.hpp:101:0)
INFO: [HLS 214-186] Unrolling loop 'VITIS_LOOP_163_3' (/home/coder/Documents/s2n2/finn-hlslib-lif/mvau.hpp:163:23) in function 'Matrix_Vector_Activate_Batch<3200u, 64u, 1u, 1u, 1u, 1u, Identity, Slice<ap_uint<1>, 1u>, Identity, ap_fixed<32, 16, (ap_q_mode)5, (ap_o_mode)3, 0>, 32u, 16u, 1u, ap_uint<1>, ap_uint<1>, FixedPointWeightsSp<1u, ap_int<8>, 1u, 204800u>, ThresholdActivation1, ap_resource_dflt>' completely with a factor of 1 (/home/coder/Documents/s2n2/finn-hlslib-lif/mvau.hpp:101:0)
INFO: [HLS 214-186] Unrolling loop 'VITIS_LOOP_200_1' (/home/coder/Documents/s2n2/finn-hlslib-lif/weights.hpp:200:25) in function 'Matrix_Vector_Activate_Batch<3200u, 64u, 1u, 1u, 1u, 1u, Identity, Slice<ap_uint<1>, 1u>, Identity, ap_fixed<32, 16, (ap_q_mode)5, (ap_o_mode)3, 0>, 32u, 16u, 1u, ap_uint<1>, ap_uint<1>, FixedPointWeightsSp<1u, ap_int<8>, 1u, 204800u>, ThresholdActivation1, ap_resource_dflt>' completely with a factor of 1 (/home/coder/Documents/s2n2/finn-hlslib-lif/mvau.hpp:101:0)
INFO: [HLS 214-186] Unrolling loop 'VITIS_LOOP_175_4' (/home/coder/Documents/s2n2/finn-hlslib-lif/mvau.hpp:175:25) in function 'Matrix_Vector_Activate_Batch<3200u, 64u, 1u, 1u, 1u, 1u, Identity, Slice<ap_uint<1>, 1u>, Identity, ap_fixed<32, 16, (ap_q_mode)5, (ap_o_mode)3, 0>, 32u, 16u, 1u, ap_uint<1>, ap_uint<1>, FixedPointWeightsSp<1u, ap_int<8>, 1u, 204800u>, ThresholdActivation1, ap_resource_dflt>' completely with a factor of 1 (/home/coder/Documents/s2n2/finn-hlslib-lif/mvau.hpp:101:0)
INFO: [HLS 214-178] Inlining function 'WidthAdjustedInputStream<1u, 1u, 3200u>::WidthAdjustedInputStream(hls::stream<ap_uint<1>, 0>&, unsigned int)' into 'fc1full_top(ap_uint<1> const*, ap_uint<1>*)' (/home/coder/Desktop/s2n2/convSNN/fc1full_top.cpp:61:0)
INFO: [HLS 214-178] Inlining function 'WidthAdjustedOutputStream<1u, 1u, 64u>::WidthAdjustedOutputStream(hls::stream<ap_uint<1>, 0>&, unsigned int)' into 'fc1full_top(ap_uint<1> const*, ap_uint<1>*)' (/home/coder/Desktop/s2n2/convSNN/fc1full_top.cpp:61:0)
INFO: [HLS 214-178] Inlining function 'WidthAdjustedInputStream<1u, 1u, 3200u>::operator hls::stream<ap_uint<1>, 0>&()' into 'fc1full_top(ap_uint<1> const*, ap_uint<1>*)' (/home/coder/Desktop/s2n2/convSNN/fc1full_top.cpp:61:0)
INFO: [HLS 214-178] Inlining function 'WidthAdjustedOutputStream<1u, 1u, 64u>::operator hls::stream<ap_uint<1>, 0>&()' into 'fc1full_top(ap_uint<1> const*, ap_uint<1>*)' (/home/coder/Desktop/s2n2/convSNN/fc1full_top.cpp:61:0)
INFO: [HLS 214-178] Inlining function 'void Matrix_Vector_Activate_Batch<3200u, 64u, 1u, 1u, 1u, 1u, Identity, Slice<ap_uint<1>, 1u>, Identity, ap_fixed<32, 16, (ap_q_mode)5, (ap_o_mode)3, 0>, 32u, 16u, 1u, ap_uint<1>, ap_uint<1>, FixedPointWeightsSp<1u, ap_int<8>, 1u, 204800u>, ThresholdActivation1, ap_resource_dflt>(hls::stream<ap_uint<1>, 0>&, hls::stream<ap_uint<1>, 0>&, FixedPointWeightsSp<1u, ap_int<8>, 1u, 204800u> const&, ThresholdActivation1 const&, ap_fixed<32, 16, (ap_q_mode)5, (ap_o_mode)3, 0>, int, ap_resource_dflt const&)' into 'fc1full_top(ap_uint<1> const*, ap_uint<1>*)' (/home/coder/Desktop/s2n2/convSNN/fc1full_top.cpp:61:0)
INFO: [HLS 214-248] Applying array_partition to 'inputBuf.i': Complete partitioning on dimension 1. (/home/coder/Documents/s2n2/finn-hlslib-lif/mvau.hpp:111:6)
INFO: [HLS 214-248] Applying array_partition to 'out': Complete partitioning on dimension 1. (/home/coder/Desktop/s2n2/convSNN/fc1full_top.cpp:61:0)
INFO: [HLS 200-111] Finished Compiling Optimization and Transform: CPU user time: 209.64 seconds. CPU system time: 2.98 seconds. Elapsed time: 219 seconds; current allocated memory: 1.457 GB.
INFO: [HLS 200-111] Finished Checking Pragmas: CPU user time: 0 seconds. CPU system time: 0 seconds. Elapsed time: 0 seconds; current allocated memory: 1.457 GB.
INFO: [HLS 200-10] Starting code transformations ...
INFO: [HLS 200-111] Finished Standard Transforms: CPU user time: 69.04 seconds. CPU system time: 0.69 seconds. Elapsed time: 70.13 seconds; current allocated memory: 2.094 GB.
INFO: [HLS 200-10] Checking synthesizability ...
INFO: [HLS 200-111] Finished Checking Synthesizability: CPU user time: 31.12 seconds. CPU system time: 0.4 seconds. Elapsed time: 32.26 seconds; current allocated memory: 2.450 GB.
INFO: [XFORM 203-102] Partitioning array 'fc1_weights' in dimension 1 automatically.
INFO: [XFORM 203-401] Performing if-conversion on hyperblock from (/home/coder/Documents/s2n2/finn-hlslib-lif/mvau.hpp:111:6) to (/home/coder/Documents/s2n2/finn-hlslib-lif/mvau.hpp:172:8) in function 'fc1full_top'... converting 3 basic blocks.
INFO: [HLS 200-111] Finished Loop, function and other optimizations: CPU user time: 466.21 seconds. CPU system time: 1.58 seconds. Elapsed time: 467.84 seconds; current allocated memory: 3.422 GB.
INFO: [XFORM 203-541] Flattening a loop nest 'VITIS_LOOP_49_1' (/home/coder/Desktop/s2n2/convSNN/fc1full_top.cpp:49:20) in function 'load_weights_once'.
INFO: [HLS 200-111] Finished Architecture Synthesis: CPU user time: 590.92 seconds. CPU system time: 1.33 seconds. Elapsed time: 592.29 seconds; current allocated memory: 3.740 GB.
INFO: [HLS 200-10] Starting hardware synthesis ...
INFO: [HLS 200-10] Synthesizing 'fc1full_top' ...
INFO: [HLS 200-10] ----------------------------------------------------------------
INFO: [HLS 200-42] -- Implementing module 'load_weights_once_Pipeline_VITIS_LOOP_49_1_VITIS_LOOP_50_2' 
INFO: [HLS 200-10] ----------------------------------------------------------------
INFO: [SCHED 204-11] Starting scheduling ...
INFO: [HLS 200-486] Changing DSP latency (root=mul_ln49) to 3 in order to utilize available DSP registers.
INFO: [HLS 200-486] Changing DSP latency (root=mul_ln49_1) to 3 in order to utilize available DSP registers.
INFO: [SCHED 204-61] Pipelining loop 'VITIS_LOOP_49_1_VITIS_LOOP_50_2'.
INFO: [HLS 200-1470] Pipelining result : Target II = 1, Final II = 1, Depth = 6, loop 'VITIS_LOOP_49_1_VITIS_LOOP_50_2'
INFO: [SCHED 204-11] Finished scheduling.
INFO: [HLS 200-111] Finished Scheduling: CPU user time: 5.09 seconds. CPU system time: 0.2 seconds. Elapsed time: 11.31 seconds; current allocated memory: 3.740 GB.
INFO: [BIND 205-100] Starting micro-architecture generation ...
INFO: [BIND 205-101] Performing variable lifetime analysis.
INFO: [BIND 205-101] Exploring resource sharing.
INFO: [BIND 205-101] Binding ...
INFO: [BIND 205-100] Finished micro-architecture generation.
INFO: [HLS 200-111] Finished Binding: CPU user time: 0.1 seconds. CPU system time: 0.01 seconds. Elapsed time: 1.48 seconds; current allocated memory: 3.740 GB.
INFO: [HLS 200-10] ----------------------------------------------------------------
INFO: [HLS 200-42] -- Implementing module 'load_weights_once' 
INFO: [HLS 200-10] ----------------------------------------------------------------
INFO: [SCHED 204-11] Starting scheduling ...
INFO: [SCHED 204-11] Finished scheduling.
INFO: [HLS 200-111] Finished Scheduling: CPU user time: 0.05 seconds. CPU system time: 0 seconds. Elapsed time: 0.6 seconds; current allocated memory: 3.740 GB.
INFO: [BIND 205-100] Starting micro-architecture generation ...
INFO: [BIND 205-101] Performing variable lifetime analysis.
INFO: [BIND 205-101] Exploring resource sharing.
INFO: [BIND 205-101] Binding ...
INFO: [BIND 205-100] Finished micro-architecture generation.
INFO: [HLS 200-111] Finished Binding: CPU user time: 0.05 seconds. CPU system time: 0 seconds. Elapsed time: 0.51 seconds; current allocated memory: 3.740 GB.
INFO: [HLS 200-10] ----------------------------------------------------------------
INFO: [HLS 200-42] -- Implementing module 'fc1full_top_Pipeline_VITIS_LOOP_72_1' 
INFO: [HLS 200-10] ----------------------------------------------------------------
INFO: [SCHED 204-11] Starting scheduling ...
INFO: [SCHED 204-61] Pipelining loop 'VITIS_LOOP_72_1'.
INFO: [HLS 200-1470] Pipelining result : Target II = 1, Final II = 1, Depth = 2, loop 'VITIS_LOOP_72_1'
INFO: [SCHED 204-11] Finished scheduling.
INFO: [HLS 200-111] Finished Scheduling: CPU user time: 0.08 seconds. CPU system time: 0.01 seconds. Elapsed time: 0.66 seconds; current allocated memory: 3.740 GB.
INFO: [BIND 205-100] Starting micro-architecture generation ...
INFO: [BIND 205-101] Performing variable lifetime analysis.
INFO: [BIND 205-101] Exploring resource sharing.
INFO: [BIND 205-101] Binding ...
INFO: [BIND 205-100] Finished micro-architecture generation.
INFO: [HLS 200-111] Finished Binding: CPU user time: 0.05 seconds. CPU system time: 0 seconds. Elapsed time: 0.7 seconds; current allocated memory: 3.740 GB.
INFO: [HLS 200-10] ----------------------------------------------------------------
INFO: [HLS 200-42] -- Implementing module 'fc1full_top_Pipeline_VITIS_LOOP_131_1' 
INFO: [HLS 200-10] ----------------------------------------------------------------
INFO: [SCHED 204-11] Starting scheduling ...
INFO: [SCHED 204-61] Pipelining loop 'VITIS_LOOP_131_1'.
INFO: [HLS 200-1470] Pipelining result : Target II = 1, Final II = 1, Depth = 3, loop 'VITIS_LOOP_131_1'
INFO: [SCHED 204-11] Finished scheduling.
INFO: [HLS 200-111] Finished Scheduling: CPU user time: 125.01 seconds. CPU system time: 0.12 seconds. Elapsed time: 126.09 seconds; current allocated memory: 3.740 GB.
INFO: [BIND 205-100] Starting micro-architecture generation ...
INFO: [BIND 205-101] Performing variable lifetime analysis.
INFO: [BIND 205-101] Exploring resource sharing.
INFO: [BIND 205-101] Binding ...
INFO: [BIND 205-100] Finished micro-architecture generation.
INFO: [HLS 200-111] Finished Binding: CPU user time: 13.51 seconds. CPU system time: 0.15 seconds. Elapsed time: 16 seconds; current allocated memory: 3.740 GB.
INFO: [HLS 200-10] ----------------------------------------------------------------
INFO: [HLS 200-42] -- Implementing module 'fc1full_top_Pipeline_VITIS_LOOP_105_2' 
INFO: [HLS 200-10] ----------------------------------------------------------------
INFO: [SCHED 204-11] Starting scheduling ...
INFO: [SCHED 204-61] Pipelining loop 'VITIS_LOOP_105_2'.
INFO: [HLS 200-1470] Pipelining result : Target II = 1, Final II = 1, Depth = 2, loop 'VITIS_LOOP_105_2'
INFO: [SCHED 204-11] Finished scheduling.
INFO: [HLS 200-111] Finished Scheduling: CPU user time: 7.09 seconds. CPU system time: 0.13 seconds. Elapsed time: 10.69 seconds; current allocated memory: 3.740 GB.
INFO: [BIND 205-100] Starting micro-architecture generation ...
INFO: [BIND 205-101] Performing variable lifetime analysis.
INFO: [BIND 205-101] Exploring resource sharing.
INFO: [BIND 205-101] Binding ...
INFO: [BIND 205-100] Finished micro-architecture generation.
INFO: [HLS 200-111] Finished Binding: CPU user time: 0.08 seconds. CPU system time: 0.01 seconds. Elapsed time: 2.61 seconds; current allocated memory: 3.740 GB.
INFO: [HLS 200-10] ----------------------------------------------------------------
INFO: [HLS 200-42] -- Implementing module 'fc1full_top' 
INFO: [HLS 200-10] ----------------------------------------------------------------
INFO: [SCHED 204-11] Starting scheduling ...
INFO: [SCHED 204-11] Finished scheduling.
INFO: [HLS 200-111] Finished Scheduling: CPU user time: 0.11 seconds. CPU system time: 0 seconds. Elapsed time: 7.05 seconds; current allocated memory: 3.740 GB.
INFO: [BIND 205-100] Starting micro-architecture generation ...
INFO: [BIND 205-101] Performing variable lifetime analysis.
INFO: [BIND 205-101] Exploring resource sharing.
INFO: [BIND 205-101] Binding ...
INFO: [BIND 205-100] Finished micro-architecture generation.
INFO: [HLS 200-111] Finished Binding: CPU user time: 0.24 seconds. CPU system time: 0.01 seconds. Elapsed time: 4.12 seconds; current allocated memory: 3.740 GB.
INFO: [HLS 200-10] ----------------------------------------------------------------
INFO: [HLS 200-10] -- Generating RTL for module 'load_weights_once_Pipeline_VITIS_LOOP_49_1_VITIS_LOOP_50_2' 
INFO: [HLS 200-10] ----------------------------------------------------------------
INFO: [HLS 200-1030] Apply Unified Pipeline Control on module 'load_weights_once_Pipeline_VITIS_LOOP_49_1_VITIS_LOOP_50_2' pipeline 'VITIS_LOOP_49_1_VITIS_LOOP_50_2' pipeline type 'loop pipeline'
INFO: [RTGEN 206-100] Generating core module 'mac_muladd_7ns_12ns_12ns_18_4_1': 2 instance(s).
INFO: [RTGEN 206-100] Finished creating RTL model for 'load_weights_once_Pipeline_VITIS_LOOP_49_1_VITIS_LOOP_50_2'.
INFO: [RTMG 210-279] Implementing memory 'fc1full_top_load_weights_once_Pipeline_VITIS_LOOP_49_1_VITIS_LOOP_50_2_FC1_W_ROM_AUTO_1R' using auto ROMs.
INFO: [HLS 200-111] Finished Creating RTL model: CPU user time: 0.35 seconds. CPU system time: 0.02 seconds. Elapsed time: 9.12 seconds; current allocated memory: 3.740 GB.
INFO: [HLS 200-10] ----------------------------------------------------------------
INFO: [HLS 200-10] -- Generating RTL for module 'load_weights_once' 
INFO: [HLS 200-10] ----------------------------------------------------------------
WARNING: [RTGEN 206-101] Register 'loaded' is power-on initialization.
INFO: [RTGEN 206-100] Finished creating RTL model for 'load_weights_once'.
INFO: [HLS 200-111] Finished Creating RTL model: CPU user time: 0.12 seconds. CPU system time: 0 seconds. Elapsed time: 1 seconds; current allocated memory: 3.740 GB.
INFO: [HLS 200-10] ----------------------------------------------------------------
INFO: [HLS 200-10] -- Generating RTL for module 'fc1full_top_Pipeline_VITIS_LOOP_72_1' 
INFO: [HLS 200-10] ----------------------------------------------------------------
INFO: [HLS 200-1030] Apply Unified Pipeline Control on module 'fc1full_top_Pipeline_VITIS_LOOP_72_1' pipeline 'VITIS_LOOP_72_1' pipeline type 'loop pipeline'
INFO: [RTGEN 206-100] Finished creating RTL model for 'fc1full_top_Pipeline_VITIS_LOOP_72_1'.
INFO: [HLS 200-111] Finished Creating RTL model: CPU user time: 0.1 seconds. CPU system time: 0 seconds. Elapsed time: 0.43 seconds; current allocated memory: 3.740 GB.
INFO: [HLS 200-10] ----------------------------------------------------------------
INFO: [HLS 200-10] -- Generating RTL for module 'fc1full_top_Pipeline_VITIS_LOOP_131_1' 
INFO: [HLS 200-10] ----------------------------------------------------------------
INFO: [HLS 200-1030] Apply Unified Pipeline Control on module 'fc1full_top_Pipeline_VITIS_LOOP_131_1' pipeline 'VITIS_LOOP_131_1' pipeline type 'loop pipeline'
INFO: [RTGEN 206-100] Generating core module 'mux_3200_12_1_1_1': 1 instance(s).
INFO: [RTGEN 206-100] Finished creating RTL model for 'fc1full_top_Pipeline_VITIS_LOOP_131_1'.
INFO: [HLS 200-111] Finished Creating RTL model: CPU user time: 10.31 seconds. CPU system time: 0.12 seconds. Elapsed time: 12.88 seconds; current allocated memory: 3.844 GB.
INFO: [HLS 200-10] ----------------------------------------------------------------
INFO: [HLS 200-10] -- Generating RTL for module 'fc1full_top_Pipeline_VITIS_LOOP_105_2' 
INFO: [HLS 200-10] ----------------------------------------------------------------
INFO: [HLS 200-1030] Apply Unified Pipeline Control on module 'fc1full_top_Pipeline_VITIS_LOOP_105_2' pipeline 'VITIS_LOOP_105_2' pipeline type 'loop pipeline'
INFO: [RTGEN 206-100] Finished creating RTL model for 'fc1full_top_Pipeline_VITIS_LOOP_105_2'.
INFO: [HLS 200-111] Finished Creating RTL model: CPU user time: 10.82 seconds. CPU system time: 0.65 seconds. Elapsed time: 19.56 seconds; current allocated memory: 4.040 GB.
INFO: [HLS 200-10] ----------------------------------------------------------------
INFO: [HLS 200-10] -- Generating RTL for module 'fc1full_top' 
INFO: [HLS 200-10] ----------------------------------------------------------------
INFO: [RTGEN 206-500] Setting interface mode on port 'fc1full_top/in_r' to 'ap_memory'.
INFO: [RTGEN 206-500] Setting interface mode on port 'fc1full_top/out_0' to 'ap_vld'.
INFO: [RTGEN 206-500] Setting interface mode on port 'fc1full_top/out_1' to 'ap_vld'.
INFO: [RTGEN 206-500] Setting interface mode on port 'fc1full_top/out_2' to 'ap_vld'.
INFO: [RTGEN 206-500] Setting interface mode on port 'fc1full_top/out_3' to 'ap_vld'.
INFO: [RTGEN 206-500] Setting interface mode on port 'fc1full_top/out_4' to 'ap_vld'.
INFO: [RTGEN 206-500] Setting interface mode on port 'fc1full_top/out_5' to 'ap_vld'.
INFO: [RTGEN 206-500] Setting interface mode on port 'fc1full_top/out_6' to 'ap_vld'.
INFO: [RTGEN 206-500] Setting interface mode on port 'fc1full_top/out_7' to 'ap_vld'.
INFO: [RTGEN 206-500] Setting interface mode on port 'fc1full_top/out_8' to 'ap_vld'.
INFO: [RTGEN 206-500] Setting interface mode on port 'fc1full_top/out_9' to 'ap_vld'.
INFO: [RTGEN 206-500] Setting interface mode on port 'fc1full_top/out_10' to 'ap_vld'.
INFO: [RTGEN 206-500] Setting interface mode on port 'fc1full_top/out_11' to 'ap_vld'.
INFO: [RTGEN 206-500] Setting interface mode on port 'fc1full_top/out_12' to 'ap_vld'.
INFO: [RTGEN 206-500] Setting interface mode on port 'fc1full_top/out_13' to 'ap_vld'.
INFO: [RTGEN 206-500] Setting interface mode on port 'fc1full_top/out_14' to 'ap_vld'.
INFO: [RTGEN 206-500] Setting interface mode on port 'fc1full_top/out_15' to 'ap_vld'.
INFO: [RTGEN 206-500] Setting interface mode on port 'fc1full_top/out_16' to 'ap_vld'.
INFO: [RTGEN 206-500] Setting interface mode on port 'fc1full_top/out_17' to 'ap_vld'.
INFO: [RTGEN 206-500] Setting interface mode on port 'fc1full_top/out_18' to 'ap_vld'.
INFO: [RTGEN 206-500] Setting interface mode on port 'fc1full_top/out_19' to 'ap_vld'.
INFO: [RTGEN 206-500] Setting interface mode on port 'fc1full_top/out_20' to 'ap_vld'.
INFO: [RTGEN 206-500] Setting interface mode on port 'fc1full_top/out_21' to 'ap_vld'.
INFO: [RTGEN 206-500] Setting interface mode on port 'fc1full_top/out_22' to 'ap_vld'.
INFO: [RTGEN 206-500] Setting interface mode on port 'fc1full_top/out_23' to 'ap_vld'.
INFO: [RTGEN 206-500] Setting interface mode on port 'fc1full_top/out_24' to 'ap_vld'.
INFO: [RTGEN 206-500] Setting interface mode on port 'fc1full_top/out_25' to 'ap_vld'.
INFO: [RTGEN 206-500] Setting interface mode on port 'fc1full_top/out_26' to 'ap_vld'.
INFO: [RTGEN 206-500] Setting interface mode on port 'fc1full_top/out_27' to 'ap_vld'.
INFO: [RTGEN 206-500] Setting interface mode on port 'fc1full_top/out_28' to 'ap_vld'.
INFO: [RTGEN 206-500] Setting interface mode on port 'fc1full_top/out_29' to 'ap_vld'.
INFO: [RTGEN 206-500] Setting interface mode on port 'fc1full_top/out_30' to 'ap_vld'.
INFO: [RTGEN 206-500] Setting interface mode on port 'fc1full_top/out_31' to 'ap_vld'.
INFO: [RTGEN 206-500] Setting interface mode on port 'fc1full_top/out_32' to 'ap_vld'.
INFO: [RTGEN 206-500] Setting interface mode on port 'fc1full_top/out_33' to 'ap_vld'.
INFO: [RTGEN 206-500] Setting interface mode on port 'fc1full_top/out_34' to 'ap_vld'.
INFO: [RTGEN 206-500] Setting interface mode on port 'fc1full_top/out_35' to 'ap_vld'.
INFO: [RTGEN 206-500] Setting interface mode on port 'fc1full_top/out_36' to 'ap_vld'.
INFO: [RTGEN 206-500] Setting interface mode on port 'fc1full_top/out_37' to 'ap_vld'.
INFO: [RTGEN 206-500] Setting interface mode on port 'fc1full_top/out_38' to 'ap_vld'.
INFO: [RTGEN 206-500] Setting interface mode on port 'fc1full_top/out_39' to 'ap_vld'.
INFO: [RTGEN 206-500] Setting interface mode on port 'fc1full_top/out_40' to 'ap_vld'.
INFO: [RTGEN 206-500] Setting interface mode on port 'fc1full_top/out_41' to 'ap_vld'.
INFO: [RTGEN 206-500] Setting interface mode on port 'fc1full_top/out_42' to 'ap_vld'.
INFO: [RTGEN 206-500] Setting interface mode on port 'fc1full_top/out_43' to 'ap_vld'.
INFO: [RTGEN 206-500] Setting interface mode on port 'fc1full_top/out_44' to 'ap_vld'.
INFO: [RTGEN 206-500] Setting interface mode on port 'fc1full_top/out_45' to 'ap_vld'.
INFO: [RTGEN 206-500] Setting interface mode on port 'fc1full_top/out_46' to 'ap_vld'.
INFO: [RTGEN 206-500] Setting interface mode on port 'fc1full_top/out_47' to 'ap_vld'.
INFO: [RTGEN 206-500] Setting interface mode on port 'fc1full_top/out_48' to 'ap_vld'.
INFO: [RTGEN 206-500] Setting interface mode on port 'fc1full_top/out_49' to 'ap_vld'.
INFO: [RTGEN 206-500] Setting interface mode on port 'fc1full_top/out_50' to 'ap_vld'.
INFO: [RTGEN 206-500] Setting interface mode on port 'fc1full_top/out_51' to 'ap_vld'.
INFO: [RTGEN 206-500] Setting interface mode on port 'fc1full_top/out_52' to 'ap_vld'.
INFO: [RTGEN 206-500] Setting interface mode on port 'fc1full_top/out_53' to 'ap_vld'.
INFO: [RTGEN 206-500] Setting interface mode on port 'fc1full_top/out_54' to 'ap_vld'.
INFO: [RTGEN 206-500] Setting interface mode on port 'fc1full_top/out_55' to 'ap_vld'.
INFO: [RTGEN 206-500] Setting interface mode on port 'fc1full_top/out_56' to 'ap_vld'.
INFO: [RTGEN 206-500] Setting interface mode on port 'fc1full_top/out_57' to 'ap_vld'.
INFO: [RTGEN 206-500] Setting interface mode on port 'fc1full_top/out_58' to 'ap_vld'.
INFO: [RTGEN 206-500] Setting interface mode on port 'fc1full_top/out_59' to 'ap_vld'.
INFO: [RTGEN 206-500] Setting interface mode on port 'fc1full_top/out_60' to 'ap_vld'.
INFO: [RTGEN 206-500] Setting interface mode on port 'fc1full_top/out_61' to 'ap_vld'.
INFO: [RTGEN 206-500] Setting interface mode on port 'fc1full_top/out_62' to 'ap_vld'.
INFO: [RTGEN 206-500] Setting interface mode on port 'fc1full_top/out_63' to 'ap_vld'.
INFO: [RTGEN 206-500] Setting interface mode on function 'fc1full_top' to 'ap_ctrl_hs'.
INFO: [RTGEN 206-100] Finished creating RTL model for 'fc1full_top'.
INFO: [RTMG 210-278] Implementing memory 'fc1full_top_fc1_weights_0_RAM_AUTO_1R1W' using auto RAMs.
INFO: [RTMG 210-285] Implementing FIFO 'in_stream_U(fc1full_top_fifo_w1_d4096_A)' using Vivado Default RAMs.
INFO: [RTMG 210-285] Implementing FIFO 'out_stream_U(fc1full_top_fifo_w1_d128_S)' using Shift Registers.
INFO: [HLS 200-111] Finished Creating RTL model: CPU user time: 0.32 seconds. CPU system time: 0.08 seconds. Elapsed time: 15.42 seconds; current allocated memory: 4.044 GB.
INFO: [HLS 200-111] Finished Generating all RTL models: CPU user time: 1.27 seconds. CPU system time: 0.11 seconds. Elapsed time: 2.67 seconds; current allocated memory: 4.054 GB.
INFO: [HLS 200-111] Finished Updating report files: CPU user time: 4.66 seconds. CPU system time: 0.05 seconds. Elapsed time: 4.73 seconds; current allocated memory: 4.061 GB.
INFO: [VHDL 208-304] Generating VHDL RTL for fc1full_top.
INFO: [VLOG 209-307] Generating Verilog RTL for fc1full_top.
INFO: [HLS 200-790] **** Loop Constraint Status: All loop constraints were satisfied.
INFO: [HLS 200-789] **** Estimated Fmax: 202.27 MHz
INFO: [HLS 200-111] Finished Command csynth_design CPU user time: 1557.26 seconds. CPU system time: 10.41 seconds. Elapsed time: 1662.17 seconds; current allocated memory: 2.607 GB.
INFO: [HLS 200-1510] Running: cosim_design 
INFO: [COSIM 212-47] Using XSIM for RTL simulation.
INFO: [COSIM 212-14] Instrumenting C test bench ...
INFO: [COSIM 212-302] Starting C TB testing ... 
INFO: [COSIM 212-333] Generating C post check test bench ...
INFO: [COSIM 212-12] Generating RTL test bench ...
INFO: [COSIM 212-1] *** C/RTL co-simulation file generation completed. ***
INFO: [COSIM 212-323] Starting verilog simulation. 
INFO: [COSIM 212-15] Starting XSIM ...
INFO: [COSIM 212-316] Starting C post checking ...
INFO: [COSIM 212-1000] *** C/RTL co-simulation finished: PASS ***
INFO: [COSIM 212-211] II is measurable only when transaction number is greater than 1 in RTL simulation. Otherwise, they will be marked as all NA. If user wants to calculate them, please make sure there are at least 2 transactions in RTL simulation.
INFO: [HLS 200-111] Finished Command cosim_design CPU user time: 339.18 seconds. CPU system time: 12.07 seconds. Elapsed time: 288.97 seconds; current allocated memory: 10.305 MB.
