

================================================================
== Vitis HLS Report for 'fc2full_top_Pipeline_VITIS_LOOP_75_1'
================================================================
* Date:           Thu Apr 30 14:18:53 2026

* Version:        2023.1 (Build 3854077 on May  4 2023)
* Project:        fc2full_prj
* Solution:       xcvu9p-flga2577-2-e (Vivado IP Flow Target)
* Product family: virtexuplus
* Target device:  xcvu9p-flga2577-2-e


================================================================
== Performance Estimates
================================================================
+ Timing: 
    * Summary: 
    +--------+----------+----------+------------+
    |  Clock |  Target  | Estimated| Uncertainty|
    +--------+----------+----------+------------+
    |ap_clk  |  10.00 ns|  1.424 ns|     2.70 ns|
    +--------+----------+----------+------------+

+ Latency: 
    * Summary: 
    +---------+---------+----------+----------+-----+-----+---------+
    |  Latency (cycles) |  Latency (absolute) |  Interval | Pipeline|
    |   min   |   max   |    min   |    max   | min | max |   Type  |
    +---------+---------+----------+----------+-----+-----+---------+
    |       66|       66|  0.660 us|  0.660 us|   66|   66|       no|
    +---------+---------+----------+----------+-----+-----+---------+

    + Detail: 
        * Instance: 
        N/A

        * Loop: 
        +-------------------+---------+---------+----------+-----------+-----------+------+----------+
        |                   |  Latency (cycles) | Iteration|  Initiation Interval  | Trip |          |
        |     Loop Name     |   min   |   max   |  Latency |  achieved |   target  | Count| Pipelined|
        +-------------------+---------+---------+----------+-----------+-----------+------+----------+
        |- VITIS_LOOP_75_1  |       64|       64|         2|          1|          1|    64|       yes|
        +-------------------+---------+---------+----------+-----------+-----------+------+----------+

============================================================
+ Verbose Summary: Synthesis Manager
============================================================
InlineROM: 1
ExposeGlobal: 0
============================================================
+ Verbose Summary: CDFG Model
============================================================
IsTopModel: 0
ResetActiveHigh: 1
IsCombinational: 0
IsDatapathOnly: 0
HasWiredReturn: 1
HasMFsm: 2
HasVarLatency: 1
IsPipeline: 0
IsRtlPipelined: 0
IsInstanceOverlapped: 0
IsDontTouch: 0
HasImplIP: 0
IsGatedGlobalClock: 0

+ Individual pipeline summary: 
  * Pipeline-0: initiation interval (II) = 1, depth = 2


============================================================
+ Verbose Summary: Schedule
============================================================
* Number of FSM states : 2
* Pipeline : 1
  Pipeline-0 : II = 1, D = 2, States = { 1 2 }
* Dataflow Pipeline: 0

* FSM state transitions: 
1 --> 2 
2 --> 

* FSM state operations: 

State 1 <SV = 0> <Delay = 1.09>
ST_1 : Operation 5 [1/1] (0.00ns)   --->   "%i = alloca i32 1"   --->   Operation 5 'alloca' 'i' <Predicate = true> <Delay = 0.00>
ST_1 : Operation 6 [1/1] (0.00ns)   --->   "%specinterface_ln0 = specinterface void @_ssdm_op_SpecInterface, i1 %in_stream, void @empty_4, i32 0, i32 0, void @empty, i32 0, i32 0, void @empty, void @empty, void @empty, i32 0, i32 0, i32 0, i32 0, void @empty, void @empty, i32 4294967295, i32 0"   --->   Operation 6 'specinterface' 'specinterface_ln0' <Predicate = true> <Delay = 0.00>
ST_1 : Operation 7 [1/1] (0.00ns)   --->   "%in_63_load_read = read i1 @_ssdm_op_Read.ap_auto.i1, i1 %in_63_load"   --->   Operation 7 'read' 'in_63_load_read' <Predicate = true> <Delay = 0.00>
ST_1 : Operation 8 [1/1] (0.00ns)   --->   "%in_62_load_read = read i1 @_ssdm_op_Read.ap_auto.i1, i1 %in_62_load"   --->   Operation 8 'read' 'in_62_load_read' <Predicate = true> <Delay = 0.00>
ST_1 : Operation 9 [1/1] (0.00ns)   --->   "%in_61_load_read = read i1 @_ssdm_op_Read.ap_auto.i1, i1 %in_61_load"   --->   Operation 9 'read' 'in_61_load_read' <Predicate = true> <Delay = 0.00>
ST_1 : Operation 10 [1/1] (0.00ns)   --->   "%in_60_load_read = read i1 @_ssdm_op_Read.ap_auto.i1, i1 %in_60_load"   --->   Operation 10 'read' 'in_60_load_read' <Predicate = true> <Delay = 0.00>
ST_1 : Operation 11 [1/1] (0.00ns)   --->   "%in_59_load_read = read i1 @_ssdm_op_Read.ap_auto.i1, i1 %in_59_load"   --->   Operation 11 'read' 'in_59_load_read' <Predicate = true> <Delay = 0.00>
ST_1 : Operation 12 [1/1] (0.00ns)   --->   "%in_58_load_read = read i1 @_ssdm_op_Read.ap_auto.i1, i1 %in_58_load"   --->   Operation 12 'read' 'in_58_load_read' <Predicate = true> <Delay = 0.00>
ST_1 : Operation 13 [1/1] (0.00ns)   --->   "%in_57_load_read = read i1 @_ssdm_op_Read.ap_auto.i1, i1 %in_57_load"   --->   Operation 13 'read' 'in_57_load_read' <Predicate = true> <Delay = 0.00>
ST_1 : Operation 14 [1/1] (0.00ns)   --->   "%in_56_load_read = read i1 @_ssdm_op_Read.ap_auto.i1, i1 %in_56_load"   --->   Operation 14 'read' 'in_56_load_read' <Predicate = true> <Delay = 0.00>
ST_1 : Operation 15 [1/1] (0.00ns)   --->   "%in_55_load_read = read i1 @_ssdm_op_Read.ap_auto.i1, i1 %in_55_load"   --->   Operation 15 'read' 'in_55_load_read' <Predicate = true> <Delay = 0.00>
ST_1 : Operation 16 [1/1] (0.00ns)   --->   "%in_54_load_read = read i1 @_ssdm_op_Read.ap_auto.i1, i1 %in_54_load"   --->   Operation 16 'read' 'in_54_load_read' <Predicate = true> <Delay = 0.00>
ST_1 : Operation 17 [1/1] (0.00ns)   --->   "%in_53_load_read = read i1 @_ssdm_op_Read.ap_auto.i1, i1 %in_53_load"   --->   Operation 17 'read' 'in_53_load_read' <Predicate = true> <Delay = 0.00>
ST_1 : Operation 18 [1/1] (0.00ns)   --->   "%in_52_load_read = read i1 @_ssdm_op_Read.ap_auto.i1, i1 %in_52_load"   --->   Operation 18 'read' 'in_52_load_read' <Predicate = true> <Delay = 0.00>
ST_1 : Operation 19 [1/1] (0.00ns)   --->   "%in_51_load_read = read i1 @_ssdm_op_Read.ap_auto.i1, i1 %in_51_load"   --->   Operation 19 'read' 'in_51_load_read' <Predicate = true> <Delay = 0.00>
ST_1 : Operation 20 [1/1] (0.00ns)   --->   "%in_50_load_read = read i1 @_ssdm_op_Read.ap_auto.i1, i1 %in_50_load"   --->   Operation 20 'read' 'in_50_load_read' <Predicate = true> <Delay = 0.00>
ST_1 : Operation 21 [1/1] (0.00ns)   --->   "%in_49_load_read = read i1 @_ssdm_op_Read.ap_auto.i1, i1 %in_49_load"   --->   Operation 21 'read' 'in_49_load_read' <Predicate = true> <Delay = 0.00>
ST_1 : Operation 22 [1/1] (0.00ns)   --->   "%in_48_load_read = read i1 @_ssdm_op_Read.ap_auto.i1, i1 %in_48_load"   --->   Operation 22 'read' 'in_48_load_read' <Predicate = true> <Delay = 0.00>
ST_1 : Operation 23 [1/1] (0.00ns)   --->   "%in_47_load_read = read i1 @_ssdm_op_Read.ap_auto.i1, i1 %in_47_load"   --->   Operation 23 'read' 'in_47_load_read' <Predicate = true> <Delay = 0.00>
ST_1 : Operation 24 [1/1] (0.00ns)   --->   "%in_46_load_read = read i1 @_ssdm_op_Read.ap_auto.i1, i1 %in_46_load"   --->   Operation 24 'read' 'in_46_load_read' <Predicate = true> <Delay = 0.00>
ST_1 : Operation 25 [1/1] (0.00ns)   --->   "%in_45_load_read = read i1 @_ssdm_op_Read.ap_auto.i1, i1 %in_45_load"   --->   Operation 25 'read' 'in_45_load_read' <Predicate = true> <Delay = 0.00>
ST_1 : Operation 26 [1/1] (0.00ns)   --->   "%in_44_load_read = read i1 @_ssdm_op_Read.ap_auto.i1, i1 %in_44_load"   --->   Operation 26 'read' 'in_44_load_read' <Predicate = true> <Delay = 0.00>
ST_1 : Operation 27 [1/1] (0.00ns)   --->   "%in_43_load_read = read i1 @_ssdm_op_Read.ap_auto.i1, i1 %in_43_load"   --->   Operation 27 'read' 'in_43_load_read' <Predicate = true> <Delay = 0.00>
ST_1 : Operation 28 [1/1] (0.00ns)   --->   "%in_42_load_read = read i1 @_ssdm_op_Read.ap_auto.i1, i1 %in_42_load"   --->   Operation 28 'read' 'in_42_load_read' <Predicate = true> <Delay = 0.00>
ST_1 : Operation 29 [1/1] (0.00ns)   --->   "%in_41_load_read = read i1 @_ssdm_op_Read.ap_auto.i1, i1 %in_41_load"   --->   Operation 29 'read' 'in_41_load_read' <Predicate = true> <Delay = 0.00>
ST_1 : Operation 30 [1/1] (0.00ns)   --->   "%in_40_load_read = read i1 @_ssdm_op_Read.ap_auto.i1, i1 %in_40_load"   --->   Operation 30 'read' 'in_40_load_read' <Predicate = true> <Delay = 0.00>
ST_1 : Operation 31 [1/1] (0.00ns)   --->   "%in_39_load_read = read i1 @_ssdm_op_Read.ap_auto.i1, i1 %in_39_load"   --->   Operation 31 'read' 'in_39_load_read' <Predicate = true> <Delay = 0.00>
ST_1 : Operation 32 [1/1] (0.00ns)   --->   "%in_38_load_read = read i1 @_ssdm_op_Read.ap_auto.i1, i1 %in_38_load"   --->   Operation 32 'read' 'in_38_load_read' <Predicate = true> <Delay = 0.00>
ST_1 : Operation 33 [1/1] (0.00ns)   --->   "%in_37_load_read = read i1 @_ssdm_op_Read.ap_auto.i1, i1 %in_37_load"   --->   Operation 33 'read' 'in_37_load_read' <Predicate = true> <Delay = 0.00>
ST_1 : Operation 34 [1/1] (0.00ns)   --->   "%in_36_load_read = read i1 @_ssdm_op_Read.ap_auto.i1, i1 %in_36_load"   --->   Operation 34 'read' 'in_36_load_read' <Predicate = true> <Delay = 0.00>
ST_1 : Operation 35 [1/1] (0.00ns)   --->   "%in_35_load_read = read i1 @_ssdm_op_Read.ap_auto.i1, i1 %in_35_load"   --->   Operation 35 'read' 'in_35_load_read' <Predicate = true> <Delay = 0.00>
ST_1 : Operation 36 [1/1] (0.00ns)   --->   "%in_34_load_read = read i1 @_ssdm_op_Read.ap_auto.i1, i1 %in_34_load"   --->   Operation 36 'read' 'in_34_load_read' <Predicate = true> <Delay = 0.00>
ST_1 : Operation 37 [1/1] (0.00ns)   --->   "%in_33_load_read = read i1 @_ssdm_op_Read.ap_auto.i1, i1 %in_33_load"   --->   Operation 37 'read' 'in_33_load_read' <Predicate = true> <Delay = 0.00>
ST_1 : Operation 38 [1/1] (0.00ns)   --->   "%in_32_load_read = read i1 @_ssdm_op_Read.ap_auto.i1, i1 %in_32_load"   --->   Operation 38 'read' 'in_32_load_read' <Predicate = true> <Delay = 0.00>
ST_1 : Operation 39 [1/1] (0.00ns)   --->   "%in_31_load_read = read i1 @_ssdm_op_Read.ap_auto.i1, i1 %in_31_load"   --->   Operation 39 'read' 'in_31_load_read' <Predicate = true> <Delay = 0.00>
ST_1 : Operation 40 [1/1] (0.00ns)   --->   "%in_30_load_read = read i1 @_ssdm_op_Read.ap_auto.i1, i1 %in_30_load"   --->   Operation 40 'read' 'in_30_load_read' <Predicate = true> <Delay = 0.00>
ST_1 : Operation 41 [1/1] (0.00ns)   --->   "%in_29_load_read = read i1 @_ssdm_op_Read.ap_auto.i1, i1 %in_29_load"   --->   Operation 41 'read' 'in_29_load_read' <Predicate = true> <Delay = 0.00>
ST_1 : Operation 42 [1/1] (0.00ns)   --->   "%in_28_load_read = read i1 @_ssdm_op_Read.ap_auto.i1, i1 %in_28_load"   --->   Operation 42 'read' 'in_28_load_read' <Predicate = true> <Delay = 0.00>
ST_1 : Operation 43 [1/1] (0.00ns)   --->   "%in_27_load_read = read i1 @_ssdm_op_Read.ap_auto.i1, i1 %in_27_load"   --->   Operation 43 'read' 'in_27_load_read' <Predicate = true> <Delay = 0.00>
ST_1 : Operation 44 [1/1] (0.00ns)   --->   "%in_26_load_read = read i1 @_ssdm_op_Read.ap_auto.i1, i1 %in_26_load"   --->   Operation 44 'read' 'in_26_load_read' <Predicate = true> <Delay = 0.00>
ST_1 : Operation 45 [1/1] (0.00ns)   --->   "%in_25_load_read = read i1 @_ssdm_op_Read.ap_auto.i1, i1 %in_25_load"   --->   Operation 45 'read' 'in_25_load_read' <Predicate = true> <Delay = 0.00>
ST_1 : Operation 46 [1/1] (0.00ns)   --->   "%in_24_load_read = read i1 @_ssdm_op_Read.ap_auto.i1, i1 %in_24_load"   --->   Operation 46 'read' 'in_24_load_read' <Predicate = true> <Delay = 0.00>
ST_1 : Operation 47 [1/1] (0.00ns)   --->   "%in_23_load_read = read i1 @_ssdm_op_Read.ap_auto.i1, i1 %in_23_load"   --->   Operation 47 'read' 'in_23_load_read' <Predicate = true> <Delay = 0.00>
ST_1 : Operation 48 [1/1] (0.00ns)   --->   "%in_22_load_read = read i1 @_ssdm_op_Read.ap_auto.i1, i1 %in_22_load"   --->   Operation 48 'read' 'in_22_load_read' <Predicate = true> <Delay = 0.00>
ST_1 : Operation 49 [1/1] (0.00ns)   --->   "%in_21_load_read = read i1 @_ssdm_op_Read.ap_auto.i1, i1 %in_21_load"   --->   Operation 49 'read' 'in_21_load_read' <Predicate = true> <Delay = 0.00>
ST_1 : Operation 50 [1/1] (0.00ns)   --->   "%in_20_load_read = read i1 @_ssdm_op_Read.ap_auto.i1, i1 %in_20_load"   --->   Operation 50 'read' 'in_20_load_read' <Predicate = true> <Delay = 0.00>
ST_1 : Operation 51 [1/1] (0.00ns)   --->   "%in_19_load_read = read i1 @_ssdm_op_Read.ap_auto.i1, i1 %in_19_load"   --->   Operation 51 'read' 'in_19_load_read' <Predicate = true> <Delay = 0.00>
ST_1 : Operation 52 [1/1] (0.00ns)   --->   "%in_18_load_read = read i1 @_ssdm_op_Read.ap_auto.i1, i1 %in_18_load"   --->   Operation 52 'read' 'in_18_load_read' <Predicate = true> <Delay = 0.00>
ST_1 : Operation 53 [1/1] (0.00ns)   --->   "%in_17_load_read = read i1 @_ssdm_op_Read.ap_auto.i1, i1 %in_17_load"   --->   Operation 53 'read' 'in_17_load_read' <Predicate = true> <Delay = 0.00>
ST_1 : Operation 54 [1/1] (0.00ns)   --->   "%in_16_load_read = read i1 @_ssdm_op_Read.ap_auto.i1, i1 %in_16_load"   --->   Operation 54 'read' 'in_16_load_read' <Predicate = true> <Delay = 0.00>
ST_1 : Operation 55 [1/1] (0.00ns)   --->   "%in_15_load_read = read i1 @_ssdm_op_Read.ap_auto.i1, i1 %in_15_load"   --->   Operation 55 'read' 'in_15_load_read' <Predicate = true> <Delay = 0.00>
ST_1 : Operation 56 [1/1] (0.00ns)   --->   "%in_14_load_read = read i1 @_ssdm_op_Read.ap_auto.i1, i1 %in_14_load"   --->   Operation 56 'read' 'in_14_load_read' <Predicate = true> <Delay = 0.00>
ST_1 : Operation 57 [1/1] (0.00ns)   --->   "%in_13_load_read = read i1 @_ssdm_op_Read.ap_auto.i1, i1 %in_13_load"   --->   Operation 57 'read' 'in_13_load_read' <Predicate = true> <Delay = 0.00>
ST_1 : Operation 58 [1/1] (0.00ns)   --->   "%in_12_load_read = read i1 @_ssdm_op_Read.ap_auto.i1, i1 %in_12_load"   --->   Operation 58 'read' 'in_12_load_read' <Predicate = true> <Delay = 0.00>
ST_1 : Operation 59 [1/1] (0.00ns)   --->   "%in_11_load_read = read i1 @_ssdm_op_Read.ap_auto.i1, i1 %in_11_load"   --->   Operation 59 'read' 'in_11_load_read' <Predicate = true> <Delay = 0.00>
ST_1 : Operation 60 [1/1] (0.00ns)   --->   "%in_10_load_read = read i1 @_ssdm_op_Read.ap_auto.i1, i1 %in_10_load"   --->   Operation 60 'read' 'in_10_load_read' <Predicate = true> <Delay = 0.00>
ST_1 : Operation 61 [1/1] (0.00ns)   --->   "%in_9_load_read = read i1 @_ssdm_op_Read.ap_auto.i1, i1 %in_9_load"   --->   Operation 61 'read' 'in_9_load_read' <Predicate = true> <Delay = 0.00>
ST_1 : Operation 62 [1/1] (0.00ns)   --->   "%in_8_load_read = read i1 @_ssdm_op_Read.ap_auto.i1, i1 %in_8_load"   --->   Operation 62 'read' 'in_8_load_read' <Predicate = true> <Delay = 0.00>
ST_1 : Operation 63 [1/1] (0.00ns)   --->   "%in_7_load_read = read i1 @_ssdm_op_Read.ap_auto.i1, i1 %in_7_load"   --->   Operation 63 'read' 'in_7_load_read' <Predicate = true> <Delay = 0.00>
ST_1 : Operation 64 [1/1] (0.00ns)   --->   "%in_6_load_read = read i1 @_ssdm_op_Read.ap_auto.i1, i1 %in_6_load"   --->   Operation 64 'read' 'in_6_load_read' <Predicate = true> <Delay = 0.00>
ST_1 : Operation 65 [1/1] (0.00ns)   --->   "%in_5_load_read = read i1 @_ssdm_op_Read.ap_auto.i1, i1 %in_5_load"   --->   Operation 65 'read' 'in_5_load_read' <Predicate = true> <Delay = 0.00>
ST_1 : Operation 66 [1/1] (0.00ns)   --->   "%in_4_load_read = read i1 @_ssdm_op_Read.ap_auto.i1, i1 %in_4_load"   --->   Operation 66 'read' 'in_4_load_read' <Predicate = true> <Delay = 0.00>
ST_1 : Operation 67 [1/1] (0.00ns)   --->   "%in_3_load_read = read i1 @_ssdm_op_Read.ap_auto.i1, i1 %in_3_load"   --->   Operation 67 'read' 'in_3_load_read' <Predicate = true> <Delay = 0.00>
ST_1 : Operation 68 [1/1] (0.00ns)   --->   "%in_2_load_read = read i1 @_ssdm_op_Read.ap_auto.i1, i1 %in_2_load"   --->   Operation 68 'read' 'in_2_load_read' <Predicate = true> <Delay = 0.00>
ST_1 : Operation 69 [1/1] (0.00ns)   --->   "%in_1_load_read = read i1 @_ssdm_op_Read.ap_auto.i1, i1 %in_1_load"   --->   Operation 69 'read' 'in_1_load_read' <Predicate = true> <Delay = 0.00>
ST_1 : Operation 70 [1/1] (0.00ns)   --->   "%in_0_load_read = read i1 @_ssdm_op_Read.ap_auto.i1, i1 %in_0_load"   --->   Operation 70 'read' 'in_0_load_read' <Predicate = true> <Delay = 0.00>
ST_1 : Operation 71 [1/1] (0.38ns)   --->   "%store_ln0 = store i7 0, i7 %i"   --->   Operation 71 'store' 'store_ln0' <Predicate = true> <Delay = 0.38>
ST_1 : Operation 72 [1/1] (0.00ns)   --->   "%br_ln0 = br void %for.inc"   --->   Operation 72 'br' 'br_ln0' <Predicate = true> <Delay = 0.00>
ST_1 : Operation 73 [1/1] (0.00ns)   --->   "%i_1 = load i7 %i" [/home/coder/Desktop/s2n2/convSNN/fc2full_top.cpp:75]   --->   Operation 73 'load' 'i_1' <Predicate = true> <Delay = 0.00>
ST_1 : Operation 74 [1/1] (0.70ns)   --->   "%icmp_ln75 = icmp_eq  i7 %i_1, i7 64" [/home/coder/Desktop/s2n2/convSNN/fc2full_top.cpp:75]   --->   Operation 74 'icmp' 'icmp_ln75' <Predicate = true> <Delay = 0.70> <CoreInst = "Cmp">   --->   Core 9 'Cmp' <Latency = 0> <II = 1> <Delay = 0.70> <FuncUnit> <Opcode : 'icmp'> <InPorts = 2> <OutPorts = 1>
ST_1 : Operation 75 [1/1] (0.70ns)   --->   "%add_ln75 = add i7 %i_1, i7 1" [/home/coder/Desktop/s2n2/convSNN/fc2full_top.cpp:75]   --->   Operation 75 'add' 'add_ln75' <Predicate = true> <Delay = 0.70> <CoreInst = "Adder">   --->   Core 1 'Adder' <Latency = 0> <II = 1> <Delay = 0.70> <FuncUnit> <Opcode : 'add' 'sub'> <InPorts = 2> <OutPorts = 1>
ST_1 : Operation 76 [1/1] (0.00ns)   --->   "%br_ln75 = br i1 %icmp_ln75, void %for.inc.split, void %for.body.i.preheader.exitStub" [/home/coder/Desktop/s2n2/convSNN/fc2full_top.cpp:75]   --->   Operation 76 'br' 'br_ln75' <Predicate = true> <Delay = 0.00>
ST_1 : Operation 77 [1/1] (0.00ns)   --->   "%trunc_ln75 = trunc i7 %i_1" [/home/coder/Desktop/s2n2/convSNN/fc2full_top.cpp:75]   --->   Operation 77 'trunc' 'trunc_ln75' <Predicate = (!icmp_ln75)> <Delay = 0.00>
ST_1 : Operation 78 [1/1] (0.75ns)   --->   "%p_0 = mux i1 @_ssdm_op_Mux.ap_auto.64i1.i6, i1 %in_0_load_read, i1 %in_1_load_read, i1 %in_2_load_read, i1 %in_3_load_read, i1 %in_4_load_read, i1 %in_5_load_read, i1 %in_6_load_read, i1 %in_7_load_read, i1 %in_8_load_read, i1 %in_9_load_read, i1 %in_10_load_read, i1 %in_11_load_read, i1 %in_12_load_read, i1 %in_13_load_read, i1 %in_14_load_read, i1 %in_15_load_read, i1 %in_16_load_read, i1 %in_17_load_read, i1 %in_18_load_read, i1 %in_19_load_read, i1 %in_20_load_read, i1 %in_21_load_read, i1 %in_22_load_read, i1 %in_23_load_read, i1 %in_24_load_read, i1 %in_25_load_read, i1 %in_26_load_read, i1 %in_27_load_read, i1 %in_28_load_read, i1 %in_29_load_read, i1 %in_30_load_read, i1 %in_31_load_read, i1 %in_32_load_read, i1 %in_33_load_read, i1 %in_34_load_read, i1 %in_35_load_read, i1 %in_36_load_read, i1 %in_37_load_read, i1 %in_38_load_read, i1 %in_39_load_read, i1 %in_40_load_read, i1 %in_41_load_read, i1 %in_42_load_read, i1 %in_43_load_read, i1 %in_44_load_read, i1 %in_45_load_read, i1 %in_46_load_read, i1 %in_47_load_read, i1 %in_48_load_read, i1 %in_49_load_read, i1 %in_50_load_read, i1 %in_51_load_read, i1 %in_52_load_read, i1 %in_53_load_read, i1 %in_54_load_read, i1 %in_55_load_read, i1 %in_56_load_read, i1 %in_57_load_read, i1 %in_58_load_read, i1 %in_59_load_read, i1 %in_60_load_read, i1 %in_61_load_read, i1 %in_62_load_read, i1 %in_63_load_read, i6 %trunc_ln75" [/home/coder/Desktop/s2n2/convSNN/fc2full_top.cpp:77]   --->   Operation 78 'mux' 'p_0' <Predicate = (!icmp_ln75)> <Delay = 0.75> <CoreInst = "Multiplexer">   --->   Core 76 'Multiplexer' <Latency = 0> <II = 1> <Delay = 0.75> <FuncUnit> <Opcode : 'mux'> <InPorts = 2> <OutPorts = 1>
ST_1 : Operation 79 [1/1] (0.38ns)   --->   "%store_ln75 = store i7 %add_ln75, i7 %i" [/home/coder/Desktop/s2n2/convSNN/fc2full_top.cpp:75]   --->   Operation 79 'store' 'store_ln75' <Predicate = (!icmp_ln75)> <Delay = 0.38>
ST_1 : Operation 85 [1/1] (0.00ns)   --->   "%ret_ln0 = ret"   --->   Operation 85 'ret' 'ret_ln0' <Predicate = (icmp_ln75)> <Delay = 0.00>

State 2 <SV = 1> <Delay = 1.42>
ST_2 : Operation 80 [1/1] (0.00ns)   --->   "%specpipeline_ln76 = specpipeline void @_ssdm_op_SpecPipeline, i32 1, i32 0, i32 0, i32 0, void @empty" [/home/coder/Desktop/s2n2/convSNN/fc2full_top.cpp:76]   --->   Operation 80 'specpipeline' 'specpipeline_ln76' <Predicate = true> <Delay = 0.00>
ST_2 : Operation 81 [1/1] (0.00ns)   --->   "%speclooptripcount_ln75 = speclooptripcount void @_ssdm_op_SpecLoopTripCount, i64 64, i64 64, i64 64" [/home/coder/Desktop/s2n2/convSNN/fc2full_top.cpp:75]   --->   Operation 81 'speclooptripcount' 'speclooptripcount_ln75' <Predicate = true> <Delay = 0.00>
ST_2 : Operation 82 [1/1] (0.00ns)   --->   "%specloopname_ln75 = specloopname void @_ssdm_op_SpecLoopName, void @empty_1" [/home/coder/Desktop/s2n2/convSNN/fc2full_top.cpp:75]   --->   Operation 82 'specloopname' 'specloopname_ln75' <Predicate = true> <Delay = 0.00>
ST_2 : Operation 83 [1/1] (1.42ns)   --->   "%write_ln77 = write void @_ssdm_op_Write.ap_fifo.volatile.i1P0A, i1 %in_stream, i1 %p_0" [/home/coder/Desktop/s2n2/convSNN/fc2full_top.cpp:77]   --->   Operation 83 'write' 'write_ln77' <Predicate = true> <Delay = 1.42> <CoreInst = "FIFO_SRL">   --->   Core 81 'FIFO_SRL' <Latency = 0> <II = 1> <Delay = 1.42> <Storage> <Opcode : 'read' 'write' 'nbread' 'nbwrite'> <Ports = 0> <Width = 1> <Depth = 128> <FIFO>
ST_2 : Operation 84 [1/1] (0.00ns)   --->   "%br_ln75 = br void %for.inc" [/home/coder/Desktop/s2n2/convSNN/fc2full_top.cpp:75]   --->   Operation 84 'br' 'br_ln75' <Predicate = true> <Delay = 0.00>


============================================================
+ Verbose Summary: Timing violations
============================================================
Target clock period: 10.000ns, clock uncertainty: 2.700ns.

 <State 1>: 1.093ns
The critical path consists of the following:
	'alloca' operation ('i') [66]  (0.000 ns)
	'load' operation ('i', /home/coder/Desktop/s2n2/convSNN/fc2full_top.cpp:75) on local variable 'i' [135]  (0.000 ns)
	'add' operation ('add_ln75', /home/coder/Desktop/s2n2/convSNN/fc2full_top.cpp:75) [137]  (0.706 ns)
	'store' operation ('store_ln75', /home/coder/Desktop/s2n2/convSNN/fc2full_top.cpp:75) of variable 'add_ln75', /home/coder/Desktop/s2n2/convSNN/fc2full_top.cpp:75 on local variable 'i' [146]  (0.387 ns)

 <State 2>: 1.424ns
The critical path consists of the following:
	fifo write operation ('write_ln77', /home/coder/Desktop/s2n2/convSNN/fc2full_top.cpp:77) on port 'in_stream' (/home/coder/Desktop/s2n2/convSNN/fc2full_top.cpp:77) [145]  (1.424 ns)


============================================================
+ Verbose Summary: Binding
============================================================
N/A
* FSMD analyzer results:
  - Output states:
 - Input state : 
  - Chain level:
	State 1
	State 2


============================================================
+ Verbose Summary: Datapath Resource usage 
============================================================
N/A
