

================================================================
== Vitis HLS Report for 'load_weights_once_Pipeline_VITIS_LOOP_51_1_VITIS_LOOP_52_2'
================================================================
* Date:           Thu Apr 30 14:18:50 2026

* Version:        2023.1 (Build 3854077 on May  4 2023)
* Project:        fc2full_prj
* Solution:       xcvu9p-flga2577-2-e (Vivado IP Flow Target)
* Product family: virtexuplus
* Target device:  xcvu9p-flga2577-2-e


================================================================
== Performance Estimates
================================================================
+ Timing: 
    * Summary: 
    +--------+----------+----------+------------+
    |  Clock |  Target  | Estimated| Uncertainty|
    +--------+----------+----------+------------+
    |ap_clk  |  10.00 ns|  2.395 ns|     2.70 ns|
    +--------+----------+----------+------------+

+ Latency: 
    * Summary: 
    +---------+---------+----------+----------+-----+-----+---------+
    |  Latency (cycles) |  Latency (absolute) |  Interval | Pipeline|
    |   min   |   max   |    min   |    max   | min | max |   Type  |
    +---------+---------+----------+----------+-----+-----+---------+
    |      322|      322|  3.220 us|  3.220 us|  322|  322|       no|
    +---------+---------+----------+----------+-----+-----+---------+

    + Detail: 
        * Instance: 
        N/A

        * Loop: 
        +-----------------------------------+---------+---------+----------+-----------+-----------+------+----------+
        |                                   |  Latency (cycles) | Iteration|  Initiation Interval  | Trip |          |
        |             Loop Name             |   min   |   max   |  Latency |  achieved |   target  | Count| Pipelined|
        +-----------------------------------+---------+---------+----------+-----------+-----------+------+----------+
        |- VITIS_LOOP_51_1_VITIS_LOOP_52_2  |      320|      320|         2|          1|          1|   320|       yes|
        +-----------------------------------+---------+---------+----------+-----------+-----------+------+----------+

============================================================
+ Verbose Summary: Synthesis Manager
============================================================
InlineROM: 1
ExposeGlobal: 0
============================================================
+ Verbose Summary: CDFG Model
============================================================
IsTopModel: 0
ResetActiveHigh: 1
IsCombinational: 0
IsDatapathOnly: 0
HasWiredReturn: 1
HasMFsm: 2
HasVarLatency: 1
IsPipeline: 0
IsRtlPipelined: 0
IsInstanceOverlapped: 0
IsDontTouch: 0
HasImplIP: 0
IsGatedGlobalClock: 0

+ Individual pipeline summary: 
  * Pipeline-0: initiation interval (II) = 1, depth = 2


============================================================
+ Verbose Summary: Schedule
============================================================
* Number of FSM states : 2
* Pipeline : 1
  Pipeline-0 : II = 1, D = 2, States = { 1 2 }
* Dataflow Pipeline: 0

* FSM state transitions: 
1 --> 2 
2 --> 

* FSM state operations: 

State 1 <SV = 0> <Delay = 2.39>
ST_1 : Operation 5 [1/1] (0.00ns)   --->   "%col = alloca i32 1"   --->   Operation 5 'alloca' 'col' <Predicate = true> <Delay = 0.00>
ST_1 : Operation 6 [1/1] (0.00ns)   --->   "%row = alloca i32 1"   --->   Operation 6 'alloca' 'row' <Predicate = true> <Delay = 0.00>
ST_1 : Operation 7 [1/1] (0.00ns)   --->   "%indvar_flatten = alloca i32 1"   --->   Operation 7 'alloca' 'indvar_flatten' <Predicate = true> <Delay = 0.00>
ST_1 : Operation 8 [1/1] (0.38ns)   --->   "%store_ln0 = store i9 0, i9 %indvar_flatten"   --->   Operation 8 'store' 'store_ln0' <Predicate = true> <Delay = 0.38>
ST_1 : Operation 9 [1/1] (0.38ns)   --->   "%store_ln0 = store i3 0, i3 %row"   --->   Operation 9 'store' 'store_ln0' <Predicate = true> <Delay = 0.38>
ST_1 : Operation 10 [1/1] (0.38ns)   --->   "%store_ln0 = store i7 0, i7 %col"   --->   Operation 10 'store' 'store_ln0' <Predicate = true> <Delay = 0.38>
ST_1 : Operation 11 [1/1] (0.00ns)   --->   "%br_ln0 = br void %for.inc"   --->   Operation 11 'br' 'br_ln0' <Predicate = true> <Delay = 0.00>
ST_1 : Operation 12 [1/1] (0.00ns)   --->   "%indvar_flatten_load = load i9 %indvar_flatten" [/home/coder/Desktop/s2n2/convSNN/fc2full_top.cpp:51]   --->   Operation 12 'load' 'indvar_flatten_load' <Predicate = true> <Delay = 0.00>
ST_1 : Operation 13 [1/1] (0.71ns)   --->   "%icmp_ln51 = icmp_eq  i9 %indvar_flatten_load, i9 320" [/home/coder/Desktop/s2n2/convSNN/fc2full_top.cpp:51]   --->   Operation 13 'icmp' 'icmp_ln51' <Predicate = true> <Delay = 0.71> <CoreInst = "Cmp">   --->   Core 9 'Cmp' <Latency = 0> <II = 1> <Delay = 0.71> <FuncUnit> <Opcode : 'icmp'> <InPorts = 2> <OutPorts = 1>
ST_1 : Operation 14 [1/1] (0.71ns)   --->   "%add_ln51_1 = add i9 %indvar_flatten_load, i9 1" [/home/coder/Desktop/s2n2/convSNN/fc2full_top.cpp:51]   --->   Operation 14 'add' 'add_ln51_1' <Predicate = true> <Delay = 0.71> <CoreInst = "Adder">   --->   Core 1 'Adder' <Latency = 0> <II = 1> <Delay = 0.71> <FuncUnit> <Opcode : 'add' 'sub'> <InPorts = 2> <OutPorts = 1>
ST_1 : Operation 15 [1/1] (0.00ns)   --->   "%br_ln51 = br i1 %icmp_ln51, void %for.inc9, void %for.end11.exitStub" [/home/coder/Desktop/s2n2/convSNN/fc2full_top.cpp:51]   --->   Operation 15 'br' 'br_ln51' <Predicate = true> <Delay = 0.00>
ST_1 : Operation 16 [1/1] (0.00ns)   --->   "%col_load = load i7 %col" [/home/coder/Desktop/s2n2/convSNN/fc2full_top.cpp:52]   --->   Operation 16 'load' 'col_load' <Predicate = (!icmp_ln51)> <Delay = 0.00>
ST_1 : Operation 17 [1/1] (0.00ns)   --->   "%row_load = load i3 %row" [/home/coder/Desktop/s2n2/convSNN/fc2full_top.cpp:51]   --->   Operation 17 'load' 'row_load' <Predicate = (!icmp_ln51)> <Delay = 0.00>
ST_1 : Operation 18 [1/1] (0.57ns)   --->   "%add_ln51 = add i3 %row_load, i3 1" [/home/coder/Desktop/s2n2/convSNN/fc2full_top.cpp:51]   --->   Operation 18 'add' 'add_ln51' <Predicate = (!icmp_ln51)> <Delay = 0.57> <CoreInst = "Adder">   --->   Core 1 'Adder' <Latency = 0> <II = 1> <Delay = 0.57> <FuncUnit> <Opcode : 'add' 'sub'> <InPorts = 2> <OutPorts = 1>
ST_1 : Operation 19 [1/1] (0.70ns)   --->   "%icmp_ln52 = icmp_eq  i7 %col_load, i7 64" [/home/coder/Desktop/s2n2/convSNN/fc2full_top.cpp:52]   --->   Operation 19 'icmp' 'icmp_ln52' <Predicate = (!icmp_ln51)> <Delay = 0.70> <CoreInst = "Cmp">   --->   Core 9 'Cmp' <Latency = 0> <II = 1> <Delay = 0.70> <FuncUnit> <Opcode : 'icmp'> <InPorts = 2> <OutPorts = 1>
ST_1 : Operation 20 [1/1] (0.30ns)   --->   "%select_ln51 = select i1 %icmp_ln52, i7 0, i7 %col_load" [/home/coder/Desktop/s2n2/convSNN/fc2full_top.cpp:51]   --->   Operation 20 'select' 'select_ln51' <Predicate = (!icmp_ln51)> <Delay = 0.30> <CoreInst = "Sel">   --->   Core 73 'Sel' <Latency = 0> <II = 1> <Delay = 0.30> <FuncUnit> <Opcode : 'select'> <InPorts = 3> <OutPorts = 1>
ST_1 : Operation 21 [1/1] (0.27ns)   --->   "%select_ln51_1 = select i1 %icmp_ln52, i3 %add_ln51, i3 %row_load" [/home/coder/Desktop/s2n2/convSNN/fc2full_top.cpp:51]   --->   Operation 21 'select' 'select_ln51_1' <Predicate = (!icmp_ln51)> <Delay = 0.27> <CoreInst = "Sel">   --->   Core 73 'Sel' <Latency = 0> <II = 1> <Delay = 0.27> <FuncUnit> <Opcode : 'select'> <InPorts = 3> <OutPorts = 1>
ST_1 : Operation 22 [1/1] (0.00ns)   --->   "%tmp = bitconcatenate i9 @_ssdm_op_BitConcatenate.i9.i3.i6, i3 %select_ln51_1, i6 0" [/home/coder/Desktop/s2n2/convSNN/fc2full_top.cpp:55]   --->   Operation 22 'bitconcatenate' 'tmp' <Predicate = (!icmp_ln51)> <Delay = 0.00>
ST_1 : Operation 23 [1/1] (0.00ns)   --->   "%zext_ln55 = zext i7 %select_ln51" [/home/coder/Desktop/s2n2/convSNN/fc2full_top.cpp:55]   --->   Operation 23 'zext' 'zext_ln55' <Predicate = (!icmp_ln51)> <Delay = 0.00>
ST_1 : Operation 24 [1/1] (0.71ns)   --->   "%add_ln55 = add i9 %tmp, i9 %zext_ln55" [/home/coder/Desktop/s2n2/convSNN/fc2full_top.cpp:55]   --->   Operation 24 'add' 'add_ln55' <Predicate = (!icmp_ln51)> <Delay = 0.71> <CoreInst = "Adder">   --->   Core 1 'Adder' <Latency = 0> <II = 1> <Delay = 0.71> <FuncUnit> <Opcode : 'add' 'sub'> <InPorts = 2> <OutPorts = 1>
ST_1 : Operation 25 [1/1] (0.00ns)   --->   "%zext_ln55_1 = zext i9 %add_ln55" [/home/coder/Desktop/s2n2/convSNN/fc2full_top.cpp:55]   --->   Operation 25 'zext' 'zext_ln55_1' <Predicate = (!icmp_ln51)> <Delay = 0.00>
ST_1 : Operation 26 [1/1] (0.00ns)   --->   "%FC2_W_addr = getelementptr i3 %FC2_W, i64 0, i64 %zext_ln55_1" [/home/coder/Desktop/s2n2/convSNN/fc2full_top.cpp:55]   --->   Operation 26 'getelementptr' 'FC2_W_addr' <Predicate = (!icmp_ln51)> <Delay = 0.00>
ST_1 : Operation 27 [2/2] (0.66ns)   --->   "%w = load i9 %FC2_W_addr" [/home/coder/Desktop/s2n2/convSNN/fc2full_top.cpp:55]   --->   Operation 27 'load' 'w' <Predicate = (!icmp_ln51)> <Delay = 0.66> <CoreInst = "ROM">   --->   Core 101 'ROM' <Latency = 1> <II = 1> <Delay = 0.66> <Storage> <Opcode : 'load'> <Ports = 0> <Width = 3> <Depth = 320> <ROM>
ST_1 : Operation 28 [1/1] (0.70ns)   --->   "%add_ln52 = add i7 %select_ln51, i7 1" [/home/coder/Desktop/s2n2/convSNN/fc2full_top.cpp:52]   --->   Operation 28 'add' 'add_ln52' <Predicate = (!icmp_ln51)> <Delay = 0.70> <CoreInst = "Adder">   --->   Core 1 'Adder' <Latency = 0> <II = 1> <Delay = 0.70> <FuncUnit> <Opcode : 'add' 'sub'> <InPorts = 2> <OutPorts = 1>
ST_1 : Operation 29 [1/1] (0.38ns)   --->   "%store_ln52 = store i9 %add_ln51_1, i9 %indvar_flatten" [/home/coder/Desktop/s2n2/convSNN/fc2full_top.cpp:52]   --->   Operation 29 'store' 'store_ln52' <Predicate = (!icmp_ln51)> <Delay = 0.38>
ST_1 : Operation 30 [1/1] (0.38ns)   --->   "%store_ln52 = store i3 %select_ln51_1, i3 %row" [/home/coder/Desktop/s2n2/convSNN/fc2full_top.cpp:52]   --->   Operation 30 'store' 'store_ln52' <Predicate = (!icmp_ln51)> <Delay = 0.38>
ST_1 : Operation 31 [1/1] (0.38ns)   --->   "%store_ln52 = store i7 %add_ln52, i7 %col" [/home/coder/Desktop/s2n2/convSNN/fc2full_top.cpp:52]   --->   Operation 31 'store' 'store_ln52' <Predicate = (!icmp_ln51)> <Delay = 0.38>
ST_1 : Operation 40 [1/1] (0.00ns)   --->   "%ret_ln0 = ret"   --->   Operation 40 'ret' 'ret_ln0' <Predicate = (icmp_ln51)> <Delay = 0.00>

State 2 <SV = 1> <Delay = 1.33>
ST_2 : Operation 32 [1/1] (0.00ns)   --->   "%specloopname_ln0 = specloopname void @_ssdm_op_SpecLoopName, void @VITIS_LOOP_51_1_VITIS_LOOP_52_2_str"   --->   Operation 32 'specloopname' 'specloopname_ln0' <Predicate = true> <Delay = 0.00>
ST_2 : Operation 33 [1/1] (0.00ns)   --->   "%speclooptripcount_ln0 = speclooptripcount void @_ssdm_op_SpecLoopTripCount, i64 320, i64 320, i64 320"   --->   Operation 33 'speclooptripcount' 'speclooptripcount_ln0' <Predicate = true> <Delay = 0.00>
ST_2 : Operation 34 [1/1] (0.00ns)   --->   "%specpipeline_ln53 = specpipeline void @_ssdm_op_SpecPipeline, i32 1, i32 0, i32 0, i32 0, void @empty" [/home/coder/Desktop/s2n2/convSNN/fc2full_top.cpp:53]   --->   Operation 34 'specpipeline' 'specpipeline_ln53' <Predicate = true> <Delay = 0.00>
ST_2 : Operation 35 [1/1] (0.00ns)   --->   "%specloopname_ln52 = specloopname void @_ssdm_op_SpecLoopName, void @empty_5" [/home/coder/Desktop/s2n2/convSNN/fc2full_top.cpp:52]   --->   Operation 35 'specloopname' 'specloopname_ln52' <Predicate = true> <Delay = 0.00>
ST_2 : Operation 36 [1/2] (0.66ns)   --->   "%w = load i9 %FC2_W_addr" [/home/coder/Desktop/s2n2/convSNN/fc2full_top.cpp:55]   --->   Operation 36 'load' 'w' <Predicate = true> <Delay = 0.66> <CoreInst = "ROM">   --->   Core 101 'ROM' <Latency = 1> <II = 1> <Delay = 0.66> <Storage> <Opcode : 'load'> <Ports = 0> <Width = 3> <Depth = 320> <ROM>
ST_2 : Operation 37 [1/1] (0.00ns)   --->   "%fc2_weights_0_addr = getelementptr i3 %fc2_weights_0, i64 0, i64 %zext_ln55_1" [/home/coder/Desktop/s2n2/convSNN/fc2full_top.cpp:56]   --->   Operation 37 'getelementptr' 'fc2_weights_0_addr' <Predicate = true> <Delay = 0.00>
ST_2 : Operation 38 [1/1] (0.66ns)   --->   "%store_ln56 = store i3 %w, i9 %fc2_weights_0_addr" [/home/coder/Desktop/s2n2/convSNN/fc2full_top.cpp:56]   --->   Operation 38 'store' 'store_ln56' <Predicate = true> <Delay = 0.66> <CoreInst = "RAM">   --->   Core 83 'RAM' <Latency = 1> <II = 1> <Delay = 0.66> <Storage> <Opcode : 'load' 'store'> <Ports = 2> <Width = 3> <Depth = 320> <RAM>
ST_2 : Operation 39 [1/1] (0.00ns)   --->   "%br_ln52 = br void %for.inc" [/home/coder/Desktop/s2n2/convSNN/fc2full_top.cpp:52]   --->   Operation 39 'br' 'br_ln52' <Predicate = true> <Delay = 0.00>


============================================================
+ Verbose Summary: Timing violations
============================================================
Target clock period: 10.000ns, clock uncertainty: 2.700ns.

 <State 1>: 2.395ns
The critical path consists of the following:
	'alloca' operation ('col') [3]  (0.000 ns)
	'load' operation ('col_load', /home/coder/Desktop/s2n2/convSNN/fc2full_top.cpp:52) on local variable 'col' [16]  (0.000 ns)
	'icmp' operation ('icmp_ln52', /home/coder/Desktop/s2n2/convSNN/fc2full_top.cpp:52) [21]  (0.706 ns)
	'select' operation ('select_ln51', /home/coder/Desktop/s2n2/convSNN/fc2full_top.cpp:51) [22]  (0.308 ns)
	'add' operation ('add_ln55', /home/coder/Desktop/s2n2/convSNN/fc2full_top.cpp:55) [26]  (0.715 ns)
	'getelementptr' operation ('FC2_W_addr', /home/coder/Desktop/s2n2/convSNN/fc2full_top.cpp:55) [28]  (0.000 ns)
	'load' operation ('w', /home/coder/Desktop/s2n2/convSNN/fc2full_top.cpp:55) on array 'FC2_W' [31]  (0.666 ns)

 <State 2>: 1.332ns
The critical path consists of the following:
	'load' operation ('w', /home/coder/Desktop/s2n2/convSNN/fc2full_top.cpp:55) on array 'FC2_W' [31]  (0.666 ns)
	'store' operation ('store_ln56', /home/coder/Desktop/s2n2/convSNN/fc2full_top.cpp:56) of variable 'w', /home/coder/Desktop/s2n2/convSNN/fc2full_top.cpp:55 on array 'fc2_weights_0' [33]  (0.666 ns)


============================================================
+ Verbose Summary: Binding
============================================================
N/A
* FSMD analyzer results:
  - Output states:
 - Input state : 
  - Chain level:
	State 1
	State 2


============================================================
+ Verbose Summary: Datapath Resource usage 
============================================================
N/A
