

================================================================
== Vitis HLS Report for 'load_weights_once_Pipeline_VITIS_LOOP_51_1_VITIS_LOOP_52_2'
================================================================
* Date:           Thu Apr 30 14:19:04 2026

* Version:        2023.1 (Build 3854077 on May  4 2023)
* Project:        fc2full_prj
* Solution:       xcvu9p-flga2577-2-e (Vivado IP Flow Target)
* Product family: virtexuplus
* Target device:  xcvu9p-flga2577-2-e


================================================================
== Performance Estimates
================================================================
+ Timing: 
    * Summary: 
    +--------+----------+----------+------------+
    |  Clock |  Target  | Estimated| Uncertainty|
    +--------+----------+----------+------------+
    |ap_clk  |  10.00 ns|  2.395 ns|     2.70 ns|
    +--------+----------+----------+------------+

+ Latency: 
    * Summary: 
    +---------+---------+----------+----------+-----+-----+---------+
    |  Latency (cycles) |  Latency (absolute) |  Interval | Pipeline|
    |   min   |   max   |    min   |    max   | min | max |   Type  |
    +---------+---------+----------+----------+-----+-----+---------+
    |      322|      322|  3.220 us|  3.220 us|  322|  322|       no|
    +---------+---------+----------+----------+-----+-----+---------+

    + Detail: 
        * Instance: 
        N/A

        * Loop: 
        +-----------------------------------+---------+---------+----------+-----------+-----------+------+----------+
        |                                   |  Latency (cycles) | Iteration|  Initiation Interval  | Trip |          |
        |             Loop Name             |   min   |   max   |  Latency |  achieved |   target  | Count| Pipelined|
        +-----------------------------------+---------+---------+----------+-----------+-----------+------+----------+
        |- VITIS_LOOP_51_1_VITIS_LOOP_52_2  |      320|      320|         2|          1|          1|   320|       yes|
        +-----------------------------------+---------+---------+----------+-----------+-----------+------+----------+



================================================================
== Utilization Estimates
================================================================
* Summary: 
+---------------------+---------+------+---------+---------+-----+
|         Name        | BRAM_18K|  DSP |    FF   |   LUT   | URAM|
+---------------------+---------+------+---------+---------+-----+
|DSP                  |        -|     -|        -|        -|    -|
|Expression           |        -|     -|        0|       99|    -|
|FIFO                 |        -|     -|        -|        -|    -|
|Instance             |        -|     -|        -|        -|    -|
|Memory               |        0|     -|        4|       33|    -|
|Multiplexer          |        -|     -|        -|       72|    -|
|Register             |        -|     -|       31|        -|    -|
+---------------------+---------+------+---------+---------+-----+
|Total                |        0|     0|       35|      204|    0|
+---------------------+---------+------+---------+---------+-----+
|Available SLR        |     1440|  2280|   788160|   394080|  320|
+---------------------+---------+------+---------+---------+-----+
|Utilization SLR (%)  |        0|     0|       ~0|       ~0|    0|
+---------------------+---------+------+---------+---------+-----+
|Available            |     4320|  6840|  2364480|  1182240|  960|
+---------------------+---------+------+---------+---------+-----+
|Utilization (%)      |        0|     0|       ~0|       ~0|    0|
+---------------------+---------+------+---------+---------+-----+

+ Detail: 
    * Instance: 
    N/A

    * DSP: 
    N/A

    * Memory: 
    +---------+------------------------------------------------------------------------------+---------+---+----+-----+------+-----+------+-------------+
    |  Memory |                                    Module                                    | BRAM_18K| FF| LUT| URAM| Words| Bits| Banks| W*Bits*Banks|
    +---------+------------------------------------------------------------------------------+---------+---+----+-----+------+-----+------+-------------+
    |FC2_W_U  |load_weights_once_Pipeline_VITIS_LOOP_51_1_VITIS_LOOP_52_2_FC2_W_ROM_AUTO_1R  |        0|  4|  33|    0|   320|    3|     1|          960|
    +---------+------------------------------------------------------------------------------+---------+---+----+-----+------+-----+------+-------------+
    |Total    |                                                                              |        0|  4|  33|    0|   320|    3|     1|          960|
    +---------+------------------------------------------------------------------------------+---------+---+----+-----+------+-----+------+-------------+

    * FIFO: 
    N/A

    * Expression: 
    +-------------------------+----------+----+---+----+------------+------------+
    |      Variable Name      | Operation| DSP| FF| LUT| Bitwidth P0| Bitwidth P1|
    +-------------------------+----------+----+---+----+------------+------------+
    |add_ln51_1_fu_107_p2     |         +|   0|  0|  16|           9|           1|
    |add_ln51_fu_119_p2       |         +|   0|  0|  10|           3|           1|
    |add_ln52_fu_170_p2       |         +|   0|  0|  14|           7|           1|
    |add_ln55_fu_159_p2       |         +|   0|  0|  16|           9|           9|
    |icmp_ln51_fu_101_p2      |      icmp|   0|  0|  16|           9|           9|
    |icmp_ln52_fu_125_p2      |      icmp|   0|  0|  15|           7|           8|
    |select_ln51_1_fu_139_p3  |    select|   0|  0|   3|           1|           3|
    |select_ln51_fu_131_p3    |    select|   0|  0|   7|           1|           1|
    |ap_enable_pp0            |       xor|   0|  0|   2|           1|           2|
    +-------------------------+----------+----+---+----+------------+------------+
    |Total                    |          |   0|  0|  99|          47|          35|
    +-------------------------+----------+----+---+----+------------+------------+

    * Multiplexer: 
    +--------------------------------------+----+-----------+-----+-----------+
    |                 Name                 | LUT| Input Size| Bits| Total Bits|
    +--------------------------------------+----+-----------+-----+-----------+
    |ap_done_int                           |   9|          2|    1|          2|
    |ap_enable_reg_pp0_iter1               |   9|          2|    1|          2|
    |ap_sig_allocacmp_col_load             |   9|          2|    7|         14|
    |ap_sig_allocacmp_indvar_flatten_load  |   9|          2|    9|         18|
    |ap_sig_allocacmp_row_load             |   9|          2|    3|          6|
    |col_fu_44                             |   9|          2|    7|         14|
    |indvar_flatten_fu_52                  |   9|          2|    9|         18|
    |row_fu_48                             |   9|          2|    3|          6|
    +--------------------------------------+----+-----------+-----+-----------+
    |Total                                 |  72|         16|   40|         80|
    +--------------------------------------+----+-----------+-----+-----------+

    * Register: 
    +-------------------------+---+----+-----+-----------+
    |           Name          | FF| LUT| Bits| Const Bits|
    +-------------------------+---+----+-----+-----------+
    |ap_CS_fsm                |  1|   0|    1|          0|
    |ap_done_reg              |  1|   0|    1|          0|
    |ap_enable_reg_pp0_iter1  |  1|   0|    1|          0|
    |col_fu_44                |  7|   0|    7|          0|
    |indvar_flatten_fu_52     |  9|   0|    9|          0|
    |row_fu_48                |  3|   0|    3|          0|
    |zext_ln55_1_reg_215      |  9|   0|   64|         55|
    +-------------------------+---+----+-----+-----------+
    |Total                    | 31|   0|   86|         55|
    +-------------------------+---+----+-----+-----------+



================================================================
== Interface
================================================================
* Summary: 
+------------------------+-----+-----+------------+------------------------------------------------------------+--------------+
|        RTL Ports       | Dir | Bits|  Protocol  |                        Source Object                       |    C Type    |
+------------------------+-----+-----+------------+------------------------------------------------------------+--------------+
|ap_clk                  |   in|    1|  ap_ctrl_hs|  load_weights_once_Pipeline_VITIS_LOOP_51_1_VITIS_LOOP_52_2|  return value|
|ap_rst                  |   in|    1|  ap_ctrl_hs|  load_weights_once_Pipeline_VITIS_LOOP_51_1_VITIS_LOOP_52_2|  return value|
|ap_start                |   in|    1|  ap_ctrl_hs|  load_weights_once_Pipeline_VITIS_LOOP_51_1_VITIS_LOOP_52_2|  return value|
|ap_done                 |  out|    1|  ap_ctrl_hs|  load_weights_once_Pipeline_VITIS_LOOP_51_1_VITIS_LOOP_52_2|  return value|
|ap_idle                 |  out|    1|  ap_ctrl_hs|  load_weights_once_Pipeline_VITIS_LOOP_51_1_VITIS_LOOP_52_2|  return value|
|ap_ready                |  out|    1|  ap_ctrl_hs|  load_weights_once_Pipeline_VITIS_LOOP_51_1_VITIS_LOOP_52_2|  return value|
|fc2_weights_0_address0  |  out|    9|   ap_memory|                                               fc2_weights_0|         array|
|fc2_weights_0_ce0       |  out|    1|   ap_memory|                                               fc2_weights_0|         array|
|fc2_weights_0_we0       |  out|    1|   ap_memory|                                               fc2_weights_0|         array|
|fc2_weights_0_d0        |  out|    3|   ap_memory|                                               fc2_weights_0|         array|
+------------------------+-----+-----+------------+------------------------------------------------------------+--------------+

============================================================
+ Verbose Summary: Synthesis Manager
============================================================
InlineROM: 1
ExposeGlobal: 0
============================================================
+ Verbose Summary: CDFG Model
============================================================
IsTopModel: 0
ResetActiveHigh: 1
IsCombinational: 2
IsDatapathOnly: 2
HasWiredReturn: 1
HasMFsm: 2
HasVarLatency: 1
IsPipeline: 0
IsRtlPipelined: 0
IsInstanceOverlapped: 0
IsDontTouch: 0
HasImplIP: 0
IsGatedGlobalClock: 0

+ Individual pipeline summary: 
  * Pipeline-0: initiation interval (II) = 1, depth = 2


============================================================
+ Verbose Summary: Schedule
============================================================
* Number of FSM states : 2
* Pipeline : 1
  Pipeline-0 : II = 1, D = 2, States = { 1 2 }
* Dataflow Pipeline: 0

* FSM state transitions: 
1 --> 2 
2 --> 

* FSM state operations: 

State 1 <SV = 0> <Delay = 2.39>
ST_1 : Operation 5 [1/1] (0.00ns)   --->   "%col = alloca i32 1"   --->   Operation 5 'alloca' 'col' <Predicate = true> <Delay = 0.00>
ST_1 : Operation 6 [1/1] (0.00ns)   --->   "%row = alloca i32 1"   --->   Operation 6 'alloca' 'row' <Predicate = true> <Delay = 0.00>
ST_1 : Operation 7 [1/1] (0.00ns)   --->   "%indvar_flatten = alloca i32 1"   --->   Operation 7 'alloca' 'indvar_flatten' <Predicate = true> <Delay = 0.00>
ST_1 : Operation 8 [1/1] (0.38ns)   --->   "%store_ln0 = store i9 0, i9 %indvar_flatten"   --->   Operation 8 'store' 'store_ln0' <Predicate = true> <Delay = 0.38>
ST_1 : Operation 9 [1/1] (0.38ns)   --->   "%store_ln0 = store i3 0, i3 %row"   --->   Operation 9 'store' 'store_ln0' <Predicate = true> <Delay = 0.38>
ST_1 : Operation 10 [1/1] (0.38ns)   --->   "%store_ln0 = store i7 0, i7 %col"   --->   Operation 10 'store' 'store_ln0' <Predicate = true> <Delay = 0.38>
ST_1 : Operation 11 [1/1] (0.00ns)   --->   "%br_ln0 = br void %for.inc"   --->   Operation 11 'br' 'br_ln0' <Predicate = true> <Delay = 0.00>
ST_1 : Operation 12 [1/1] (0.00ns)   --->   "%indvar_flatten_load = load i9 %indvar_flatten" [/home/coder/Desktop/s2n2/convSNN/fc2full_top.cpp:51]   --->   Operation 12 'load' 'indvar_flatten_load' <Predicate = true> <Delay = 0.00>
ST_1 : Operation 13 [1/1] (0.71ns)   --->   "%icmp_ln51 = icmp_eq  i9 %indvar_flatten_load, i9 320" [/home/coder/Desktop/s2n2/convSNN/fc2full_top.cpp:51]   --->   Operation 13 'icmp' 'icmp_ln51' <Predicate = true> <Delay = 0.71> <CoreInst = "Cmp">   --->   Core 9 'Cmp' <Latency = 0> <II = 1> <Delay = 0.71> <FuncUnit> <Opcode : 'icmp'> <InPorts = 2> <OutPorts = 1>
ST_1 : Operation 14 [1/1] (0.71ns)   --->   "%add_ln51_1 = add i9 %indvar_flatten_load, i9 1" [/home/coder/Desktop/s2n2/convSNN/fc2full_top.cpp:51]   --->   Operation 14 'add' 'add_ln51_1' <Predicate = true> <Delay = 0.71> <CoreInst = "Adder">   --->   Core 1 'Adder' <Latency = 0> <II = 1> <Delay = 0.71> <FuncUnit> <Opcode : 'add' 'sub'> <InPorts = 2> <OutPorts = 1>
ST_1 : Operation 15 [1/1] (0.00ns)   --->   "%br_ln51 = br i1 %icmp_ln51, void %for.inc9, void %for.end11.exitStub" [/home/coder/Desktop/s2n2/convSNN/fc2full_top.cpp:51]   --->   Operation 15 'br' 'br_ln51' <Predicate = true> <Delay = 0.00>
ST_1 : Operation 16 [1/1] (0.00ns)   --->   "%col_load = load i7 %col" [/home/coder/Desktop/s2n2/convSNN/fc2full_top.cpp:52]   --->   Operation 16 'load' 'col_load' <Predicate = (!icmp_ln51)> <Delay = 0.00>
ST_1 : Operation 17 [1/1] (0.00ns)   --->   "%row_load = load i3 %row" [/home/coder/Desktop/s2n2/convSNN/fc2full_top.cpp:51]   --->   Operation 17 'load' 'row_load' <Predicate = (!icmp_ln51)> <Delay = 0.00>
ST_1 : Operation 18 [1/1] (0.57ns)   --->   "%add_ln51 = add i3 %row_load, i3 1" [/home/coder/Desktop/s2n2/convSNN/fc2full_top.cpp:51]   --->   Operation 18 'add' 'add_ln51' <Predicate = (!icmp_ln51)> <Delay = 0.57> <CoreInst = "Adder">   --->   Core 1 'Adder' <Latency = 0> <II = 1> <Delay = 0.57> <FuncUnit> <Opcode : 'add' 'sub'> <InPorts = 2> <OutPorts = 1>
ST_1 : Operation 19 [1/1] (0.70ns)   --->   "%icmp_ln52 = icmp_eq  i7 %col_load, i7 64" [/home/coder/Desktop/s2n2/convSNN/fc2full_top.cpp:52]   --->   Operation 19 'icmp' 'icmp_ln52' <Predicate = (!icmp_ln51)> <Delay = 0.70> <CoreInst = "Cmp">   --->   Core 9 'Cmp' <Latency = 0> <II = 1> <Delay = 0.70> <FuncUnit> <Opcode : 'icmp'> <InPorts = 2> <OutPorts = 1>
ST_1 : Operation 20 [1/1] (0.30ns)   --->   "%select_ln51 = select i1 %icmp_ln52, i7 0, i7 %col_load" [/home/coder/Desktop/s2n2/convSNN/fc2full_top.cpp:51]   --->   Operation 20 'select' 'select_ln51' <Predicate = (!icmp_ln51)> <Delay = 0.30> <CoreInst = "Sel">   --->   Core 73 'Sel' <Latency = 0> <II = 1> <Delay = 0.30> <FuncUnit> <Opcode : 'select'> <InPorts = 3> <OutPorts = 1>
ST_1 : Operation 21 [1/1] (0.27ns)   --->   "%select_ln51_1 = select i1 %icmp_ln52, i3 %add_ln51, i3 %row_load" [/home/coder/Desktop/s2n2/convSNN/fc2full_top.cpp:51]   --->   Operation 21 'select' 'select_ln51_1' <Predicate = (!icmp_ln51)> <Delay = 0.27> <CoreInst = "Sel">   --->   Core 73 'Sel' <Latency = 0> <II = 1> <Delay = 0.27> <FuncUnit> <Opcode : 'select'> <InPorts = 3> <OutPorts = 1>
ST_1 : Operation 22 [1/1] (0.00ns)   --->   "%tmp = bitconcatenate i9 @_ssdm_op_BitConcatenate.i9.i3.i6, i3 %select_ln51_1, i6 0" [/home/coder/Desktop/s2n2/convSNN/fc2full_top.cpp:55]   --->   Operation 22 'bitconcatenate' 'tmp' <Predicate = (!icmp_ln51)> <Delay = 0.00>
ST_1 : Operation 23 [1/1] (0.00ns)   --->   "%zext_ln55 = zext i7 %select_ln51" [/home/coder/Desktop/s2n2/convSNN/fc2full_top.cpp:55]   --->   Operation 23 'zext' 'zext_ln55' <Predicate = (!icmp_ln51)> <Delay = 0.00>
ST_1 : Operation 24 [1/1] (0.71ns)   --->   "%add_ln55 = add i9 %tmp, i9 %zext_ln55" [/home/coder/Desktop/s2n2/convSNN/fc2full_top.cpp:55]   --->   Operation 24 'add' 'add_ln55' <Predicate = (!icmp_ln51)> <Delay = 0.71> <CoreInst = "Adder">   --->   Core 1 'Adder' <Latency = 0> <II = 1> <Delay = 0.71> <FuncUnit> <Opcode : 'add' 'sub'> <InPorts = 2> <OutPorts = 1>
ST_1 : Operation 25 [1/1] (0.00ns)   --->   "%zext_ln55_1 = zext i9 %add_ln55" [/home/coder/Desktop/s2n2/convSNN/fc2full_top.cpp:55]   --->   Operation 25 'zext' 'zext_ln55_1' <Predicate = (!icmp_ln51)> <Delay = 0.00>
ST_1 : Operation 26 [1/1] (0.00ns)   --->   "%FC2_W_addr = getelementptr i3 %FC2_W, i64 0, i64 %zext_ln55_1" [/home/coder/Desktop/s2n2/convSNN/fc2full_top.cpp:55]   --->   Operation 26 'getelementptr' 'FC2_W_addr' <Predicate = (!icmp_ln51)> <Delay = 0.00>
ST_1 : Operation 27 [2/2] (0.66ns)   --->   "%w = load i9 %FC2_W_addr" [/home/coder/Desktop/s2n2/convSNN/fc2full_top.cpp:55]   --->   Operation 27 'load' 'w' <Predicate = (!icmp_ln51)> <Delay = 0.66> <CoreInst = "ROM">   --->   Core 101 'ROM' <Latency = 1> <II = 1> <Delay = 0.66> <Storage> <Opcode : 'load'> <Ports = 0> <Width = 3> <Depth = 320> <ROM>
ST_1 : Operation 28 [1/1] (0.70ns)   --->   "%add_ln52 = add i7 %select_ln51, i7 1" [/home/coder/Desktop/s2n2/convSNN/fc2full_top.cpp:52]   --->   Operation 28 'add' 'add_ln52' <Predicate = (!icmp_ln51)> <Delay = 0.70> <CoreInst = "Adder">   --->   Core 1 'Adder' <Latency = 0> <II = 1> <Delay = 0.70> <FuncUnit> <Opcode : 'add' 'sub'> <InPorts = 2> <OutPorts = 1>
ST_1 : Operation 29 [1/1] (0.38ns)   --->   "%store_ln52 = store i9 %add_ln51_1, i9 %indvar_flatten" [/home/coder/Desktop/s2n2/convSNN/fc2full_top.cpp:52]   --->   Operation 29 'store' 'store_ln52' <Predicate = (!icmp_ln51)> <Delay = 0.38>
ST_1 : Operation 30 [1/1] (0.38ns)   --->   "%store_ln52 = store i3 %select_ln51_1, i3 %row" [/home/coder/Desktop/s2n2/convSNN/fc2full_top.cpp:52]   --->   Operation 30 'store' 'store_ln52' <Predicate = (!icmp_ln51)> <Delay = 0.38>
ST_1 : Operation 31 [1/1] (0.38ns)   --->   "%store_ln52 = store i7 %add_ln52, i7 %col" [/home/coder/Desktop/s2n2/convSNN/fc2full_top.cpp:52]   --->   Operation 31 'store' 'store_ln52' <Predicate = (!icmp_ln51)> <Delay = 0.38>
ST_1 : Operation 40 [1/1] (0.00ns)   --->   "%ret_ln0 = ret"   --->   Operation 40 'ret' 'ret_ln0' <Predicate = (icmp_ln51)> <Delay = 0.00>

State 2 <SV = 1> <Delay = 1.33>
ST_2 : Operation 32 [1/1] (0.00ns)   --->   "%specloopname_ln0 = specloopname void @_ssdm_op_SpecLoopName, void @VITIS_LOOP_51_1_VITIS_LOOP_52_2_str"   --->   Operation 32 'specloopname' 'specloopname_ln0' <Predicate = true> <Delay = 0.00>
ST_2 : Operation 33 [1/1] (0.00ns)   --->   "%speclooptripcount_ln0 = speclooptripcount void @_ssdm_op_SpecLoopTripCount, i64 320, i64 320, i64 320"   --->   Operation 33 'speclooptripcount' 'speclooptripcount_ln0' <Predicate = true> <Delay = 0.00>
ST_2 : Operation 34 [1/1] (0.00ns)   --->   "%specpipeline_ln53 = specpipeline void @_ssdm_op_SpecPipeline, i32 1, i32 0, i32 0, i32 0, void @empty" [/home/coder/Desktop/s2n2/convSNN/fc2full_top.cpp:53]   --->   Operation 34 'specpipeline' 'specpipeline_ln53' <Predicate = true> <Delay = 0.00>
ST_2 : Operation 35 [1/1] (0.00ns)   --->   "%specloopname_ln52 = specloopname void @_ssdm_op_SpecLoopName, void @empty_5" [/home/coder/Desktop/s2n2/convSNN/fc2full_top.cpp:52]   --->   Operation 35 'specloopname' 'specloopname_ln52' <Predicate = true> <Delay = 0.00>
ST_2 : Operation 36 [1/2] (0.66ns)   --->   "%w = load i9 %FC2_W_addr" [/home/coder/Desktop/s2n2/convSNN/fc2full_top.cpp:55]   --->   Operation 36 'load' 'w' <Predicate = true> <Delay = 0.66> <CoreInst = "ROM">   --->   Core 101 'ROM' <Latency = 1> <II = 1> <Delay = 0.66> <Storage> <Opcode : 'load'> <Ports = 0> <Width = 3> <Depth = 320> <ROM>
ST_2 : Operation 37 [1/1] (0.00ns)   --->   "%fc2_weights_0_addr = getelementptr i3 %fc2_weights_0, i64 0, i64 %zext_ln55_1" [/home/coder/Desktop/s2n2/convSNN/fc2full_top.cpp:56]   --->   Operation 37 'getelementptr' 'fc2_weights_0_addr' <Predicate = true> <Delay = 0.00>
ST_2 : Operation 38 [1/1] (0.66ns)   --->   "%store_ln56 = store i3 %w, i9 %fc2_weights_0_addr" [/home/coder/Desktop/s2n2/convSNN/fc2full_top.cpp:56]   --->   Operation 38 'store' 'store_ln56' <Predicate = true> <Delay = 0.66> <CoreInst = "RAM">   --->   Core 83 'RAM' <Latency = 1> <II = 1> <Delay = 0.66> <Storage> <Opcode : 'load' 'store'> <Ports = 2> <Width = 3> <Depth = 320> <RAM>
ST_2 : Operation 39 [1/1] (0.00ns)   --->   "%br_ln52 = br void %for.inc" [/home/coder/Desktop/s2n2/convSNN/fc2full_top.cpp:52]   --->   Operation 39 'br' 'br_ln52' <Predicate = true> <Delay = 0.00>


============================================================
+ Verbose Summary: Binding
============================================================
STG Binding: 
---------------- STG Properties BEGIN ----------------
- Is combinational: 0
- Is one-state seq: 0
- Is datapath-only: 0
- Is pipelined: 0
- Is top level: 0
Port [ Return ] is wired: 1; IO mode=ap_ctrl_hs:ce=0
Port [ FC2_W]:  wired=0; compound=1; hidden=1; nouse=0; global=1; static=1; extern=0; dir=0; type=1; pingpong=0; private_global=1; MemPort=[1]; IO mode=ap_memory:ce=0
Port [ fc2_weights_0]:  wired=1; compound=1; hidden=0; nouse=0; global=1; static=1; extern=0; dir=1; type=1; pingpong=0; private_global=0; MemPort=[03]; IO mode=ap_memory:ce=0
---------------- STG Properties END ------------------

---------------- Datapath Model BEGIN ----------------

<LifeTime>
<method=bitvector/>
col                   (alloca           ) [ 010]
row                   (alloca           ) [ 010]
indvar_flatten        (alloca           ) [ 010]
store_ln0             (store            ) [ 000]
store_ln0             (store            ) [ 000]
store_ln0             (store            ) [ 000]
br_ln0                (br               ) [ 000]
indvar_flatten_load   (load             ) [ 000]
icmp_ln51             (icmp             ) [ 010]
add_ln51_1            (add              ) [ 000]
br_ln51               (br               ) [ 000]
col_load              (load             ) [ 000]
row_load              (load             ) [ 000]
add_ln51              (add              ) [ 000]
icmp_ln52             (icmp             ) [ 000]
select_ln51           (select           ) [ 000]
select_ln51_1         (select           ) [ 000]
tmp                   (bitconcatenate   ) [ 000]
zext_ln55             (zext             ) [ 000]
add_ln55              (add              ) [ 000]
zext_ln55_1           (zext             ) [ 011]
FC2_W_addr            (getelementptr    ) [ 011]
add_ln52              (add              ) [ 000]
store_ln52            (store            ) [ 000]
store_ln52            (store            ) [ 000]
store_ln52            (store            ) [ 000]
specloopname_ln0      (specloopname     ) [ 000]
speclooptripcount_ln0 (speclooptripcount) [ 000]
specpipeline_ln53     (specpipeline     ) [ 000]
specloopname_ln52     (specloopname     ) [ 000]
w                     (load             ) [ 000]
fc2_weights_0_addr    (getelementptr    ) [ 000]
store_ln56            (store            ) [ 000]
br_ln52               (br               ) [ 000]
ret_ln0               (ret              ) [ 000]
</LifeTime>

<model>

<comp_list>
<comp id="0" class="1000" name="FC2_W">
<pin_list>
<pin id="1" dir="1" index="0" bw="1" slack="0"/>
</pin_list>
<bind>
<StgValue><ssdm name="FC2_W"/><MemPortTyVec>1 </MemPortTyVec>
</StgValue>
</bind>
</comp>

<comp id="2" class="1000" name="fc2_weights_0">
<pin_list>
<pin id="3" dir="1" index="0" bw="1" slack="0"/>
</pin_list>
<bind>
<StgValue><ssdm name="fc2_weights_0"/><MemPortTyVec>0 3 </MemPortTyVec>
</StgValue>
</bind>
</comp>

<comp id="4" class="1001" name="const_4">
<pin_list>
<pin id="5" dir="1" index="0" bw="1" slack="0"/>
</pin_list>
<bind>
<StgValue><ssdm name=""/></StgValue>
</bind>
</comp>

<comp id="6" class="1001" name="const_6">
<pin_list>
<pin id="7" dir="1" index="0" bw="1" slack="0"/>
</pin_list>
<bind>
<StgValue><ssdm name=""/></StgValue>
</bind>
</comp>

<comp id="8" class="1001" name="const_8">
<pin_list>
<pin id="9" dir="1" index="0" bw="1" slack="0"/>
</pin_list>
<bind>
<StgValue><ssdm name=""/></StgValue>
</bind>
</comp>

<comp id="10" class="1001" name="const_10">
<pin_list>
<pin id="11" dir="1" index="0" bw="1" slack="0"/>
</pin_list>
<bind>
<StgValue><ssdm name=""/></StgValue>
</bind>
</comp>

<comp id="12" class="1001" name="const_12">
<pin_list>
<pin id="13" dir="1" index="0" bw="1" slack="0"/>
</pin_list>
<bind>
<StgValue><ssdm name=""/></StgValue>
</bind>
</comp>

<comp id="14" class="1001" name="const_14">
<pin_list>
<pin id="15" dir="1" index="0" bw="1" slack="0"/>
</pin_list>
<bind>
<StgValue><ssdm name=""/></StgValue>
</bind>
</comp>

<comp id="16" class="1001" name="const_16">
<pin_list>
<pin id="17" dir="1" index="0" bw="1" slack="0"/>
</pin_list>
<bind>
<StgValue><ssdm name=""/></StgValue>
</bind>
</comp>

<comp id="18" class="1001" name="const_18">
<pin_list>
<pin id="19" dir="1" index="0" bw="1" slack="0"/>
</pin_list>
<bind>
<StgValue><ssdm name=""/></StgValue>
</bind>
</comp>

<comp id="20" class="1001" name="const_20">
<pin_list>
<pin id="21" dir="1" index="0" bw="1" slack="0"/>
</pin_list>
<bind>
<StgValue><ssdm name="_ssdm_op_BitConcatenate.i9.i3.i6"/></StgValue>
</bind>
</comp>

<comp id="22" class="1001" name="const_22">
<pin_list>
<pin id="23" dir="1" index="0" bw="1" slack="0"/>
</pin_list>
<bind>
<StgValue><ssdm name=""/></StgValue>
</bind>
</comp>

<comp id="24" class="1001" name="const_24">
<pin_list>
<pin id="25" dir="1" index="0" bw="1" slack="0"/>
</pin_list>
<bind>
<StgValue><ssdm name=""/></StgValue>
</bind>
</comp>

<comp id="26" class="1001" name="const_26">
<pin_list>
<pin id="27" dir="1" index="0" bw="1" slack="0"/>
</pin_list>
<bind>
<StgValue><ssdm name=""/></StgValue>
</bind>
</comp>

<comp id="28" class="1001" name="const_28">
<pin_list>
<pin id="29" dir="1" index="0" bw="1" slack="2147483647"/>
</pin_list>
<bind>
<StgValue><ssdm name="_ssdm_op_SpecLoopName"/></StgValue>
</bind>
</comp>

<comp id="30" class="1001" name="const_30">
<pin_list>
<pin id="31" dir="1" index="0" bw="1" slack="2147483647"/>
</pin_list>
<bind>
<StgValue><ssdm name="VITIS_LOOP_51_1_VITIS_LOOP_52_2_str"/></StgValue>
</bind>
</comp>

<comp id="32" class="1001" name="const_32">
<pin_list>
<pin id="33" dir="1" index="0" bw="1" slack="2147483647"/>
</pin_list>
<bind>
<StgValue><ssdm name="_ssdm_op_SpecLoopTripCount"/></StgValue>
</bind>
</comp>

<comp id="34" class="1001" name="const_34">
<pin_list>
<pin id="35" dir="1" index="0" bw="1" slack="2147483647"/>
</pin_list>
<bind>
<StgValue><ssdm name=""/></StgValue>
</bind>
</comp>

<comp id="36" class="1001" name="const_36">
<pin_list>
<pin id="37" dir="1" index="0" bw="1" slack="2147483647"/>
</pin_list>
<bind>
<StgValue><ssdm name="_ssdm_op_SpecPipeline"/></StgValue>
</bind>
</comp>

<comp id="38" class="1001" name="const_38">
<pin_list>
<pin id="39" dir="1" index="0" bw="1" slack="2147483647"/>
</pin_list>
<bind>
<StgValue><ssdm name=""/></StgValue>
</bind>
</comp>

<comp id="40" class="1001" name="const_40">
<pin_list>
<pin id="41" dir="1" index="0" bw="1" slack="2147483647"/>
</pin_list>
<bind>
<StgValue><ssdm name="empty"/></StgValue>
</bind>
</comp>

<comp id="42" class="1001" name="const_42">
<pin_list>
<pin id="43" dir="1" index="0" bw="1" slack="2147483647"/>
</pin_list>
<bind>
<StgValue><ssdm name="empty_5"/></StgValue>
</bind>
</comp>

<comp id="44" class="1004" name="col_fu_44">
<pin_list>
<pin id="45" dir="0" index="0" bw="1" slack="0"/>
<pin id="46" dir="1" index="1" bw="7" slack="0"/>
</pin_list>
<bind>
<opcode="alloca(26) " fcode="alloca"/>
<opset="col/1 "/>
</bind>
</comp>

<comp id="48" class="1004" name="row_fu_48">
<pin_list>
<pin id="49" dir="0" index="0" bw="1" slack="0"/>
<pin id="50" dir="1" index="1" bw="3" slack="0"/>
</pin_list>
<bind>
<opcode="alloca(26) " fcode="alloca"/>
<opset="row/1 "/>
</bind>
</comp>

<comp id="52" class="1004" name="indvar_flatten_fu_52">
<pin_list>
<pin id="53" dir="0" index="0" bw="1" slack="0"/>
<pin id="54" dir="1" index="1" bw="9" slack="0"/>
</pin_list>
<bind>
<opcode="alloca(26) " fcode="alloca"/>
<opset="indvar_flatten/1 "/>
</bind>
</comp>

<comp id="56" class="1004" name="FC2_W_addr_gep_fu_56">
<pin_list>
<pin id="57" dir="0" index="0" bw="3" slack="0"/>
<pin id="58" dir="0" index="1" bw="1" slack="0"/>
<pin id="59" dir="0" index="2" bw="9" slack="0"/>
<pin id="60" dir="1" index="3" bw="9" slack="0"/>
</pin_list>
<bind>
<opcode="getelementptr(29) " fcode="getelementptr"/>
<opset="FC2_W_addr/1 "/>
</bind>
</comp>

<comp id="63" class="1004" name="grp_access_fu_63">
<pin_list>
<pin id="64" dir="0" index="0" bw="9" slack="0"/>
<pin id="65" dir="0" index="1" bw="3" slack="2147483647"/>
<pin id="66" dir="0" index="2" bw="0" slack="2147483647"/>
<pin id="67" dir="1" index="3" bw="3" slack="0"/>
</pin_list>
<bind>
<opcode="load(27) " fcode="load"/>
<opset="w/1 "/>
</bind>
</comp>

<comp id="69" class="1004" name="fc2_weights_0_addr_gep_fu_69">
<pin_list>
<pin id="70" dir="0" index="0" bw="3" slack="0"/>
<pin id="71" dir="0" index="1" bw="1" slack="0"/>
<pin id="72" dir="0" index="2" bw="9" slack="1"/>
<pin id="73" dir="1" index="3" bw="9" slack="0"/>
</pin_list>
<bind>
<opcode="getelementptr(29) " fcode="getelementptr"/>
<opset="fc2_weights_0_addr/2 "/>
</bind>
</comp>

<comp id="76" class="1004" name="store_ln56_access_fu_76">
<pin_list>
<pin id="77" dir="0" index="0" bw="9" slack="0"/>
<pin id="78" dir="0" index="1" bw="3" slack="0"/>
<pin id="79" dir="0" index="2" bw="0" slack="2147483647"/>
<pin id="80" dir="1" index="3" bw="3" slack="2147483647"/>
</pin_list>
<bind>
<opcode="store(28) " fcode="store"/>
<opset="store_ln56/2 "/>
</bind>
</comp>

<comp id="83" class="1004" name="store_ln0_store_fu_83">
<pin_list>
<pin id="84" dir="0" index="0" bw="1" slack="0"/>
<pin id="85" dir="0" index="1" bw="9" slack="0"/>
<pin id="86" dir="1" index="2" bw="0" slack="2147483647"/>
</pin_list>
<bind>
<opcode="store(28) " fcode="store"/>
<opset="store_ln0/1 "/>
</bind>
</comp>

<comp id="88" class="1004" name="store_ln0_store_fu_88">
<pin_list>
<pin id="89" dir="0" index="0" bw="1" slack="0"/>
<pin id="90" dir="0" index="1" bw="3" slack="0"/>
<pin id="91" dir="1" index="2" bw="0" slack="2147483647"/>
</pin_list>
<bind>
<opcode="store(28) " fcode="store"/>
<opset="store_ln0/1 "/>
</bind>
</comp>

<comp id="93" class="1004" name="store_ln0_store_fu_93">
<pin_list>
<pin id="94" dir="0" index="0" bw="1" slack="0"/>
<pin id="95" dir="0" index="1" bw="7" slack="0"/>
<pin id="96" dir="1" index="2" bw="0" slack="2147483647"/>
</pin_list>
<bind>
<opcode="store(28) " fcode="store"/>
<opset="store_ln0/1 "/>
</bind>
</comp>

<comp id="98" class="1004" name="indvar_flatten_load_load_fu_98">
<pin_list>
<pin id="99" dir="0" index="0" bw="9" slack="0"/>
<pin id="100" dir="1" index="1" bw="9" slack="0"/>
</pin_list>
<bind>
<opcode="load(27) " fcode="load"/>
<opset="indvar_flatten_load/1 "/>
</bind>
</comp>

<comp id="101" class="1004" name="icmp_ln51_fu_101">
<pin_list>
<pin id="102" dir="0" index="0" bw="9" slack="0"/>
<pin id="103" dir="0" index="1" bw="9" slack="0"/>
<pin id="104" dir="1" index="2" bw="1" slack="2147483647"/>
</pin_list>
<bind>
<opcode="icmp(45) " fcode="icmp"/>
<opset="icmp_ln51/1 "/>
</bind>
</comp>

<comp id="107" class="1004" name="add_ln51_1_fu_107">
<pin_list>
<pin id="108" dir="0" index="0" bw="9" slack="0"/>
<pin id="109" dir="0" index="1" bw="1" slack="0"/>
<pin id="110" dir="1" index="2" bw="9" slack="0"/>
</pin_list>
<bind>
<opcode="add(8) " fcode="add"/>
<opset="add_ln51_1/1 "/>
</bind>
</comp>

<comp id="113" class="1004" name="col_load_load_fu_113">
<pin_list>
<pin id="114" dir="0" index="0" bw="7" slack="0"/>
<pin id="115" dir="1" index="1" bw="7" slack="0"/>
</pin_list>
<bind>
<opcode="load(27) " fcode="load"/>
<opset="col_load/1 "/>
</bind>
</comp>

<comp id="116" class="1004" name="row_load_load_fu_116">
<pin_list>
<pin id="117" dir="0" index="0" bw="3" slack="0"/>
<pin id="118" dir="1" index="1" bw="3" slack="0"/>
</pin_list>
<bind>
<opcode="load(27) " fcode="load"/>
<opset="row_load/1 "/>
</bind>
</comp>

<comp id="119" class="1004" name="add_ln51_fu_119">
<pin_list>
<pin id="120" dir="0" index="0" bw="3" slack="0"/>
<pin id="121" dir="0" index="1" bw="1" slack="0"/>
<pin id="122" dir="1" index="2" bw="3" slack="0"/>
</pin_list>
<bind>
<opcode="add(8) " fcode="add"/>
<opset="add_ln51/1 "/>
</bind>
</comp>

<comp id="125" class="1004" name="icmp_ln52_fu_125">
<pin_list>
<pin id="126" dir="0" index="0" bw="7" slack="0"/>
<pin id="127" dir="0" index="1" bw="7" slack="0"/>
<pin id="128" dir="1" index="2" bw="1" slack="0"/>
</pin_list>
<bind>
<opcode="icmp(45) " fcode="icmp"/>
<opset="icmp_ln52/1 "/>
</bind>
</comp>

<comp id="131" class="1004" name="select_ln51_fu_131">
<pin_list>
<pin id="132" dir="0" index="0" bw="1" slack="0"/>
<pin id="133" dir="0" index="1" bw="7" slack="0"/>
<pin id="134" dir="0" index="2" bw="7" slack="0"/>
<pin id="135" dir="1" index="3" bw="7" slack="0"/>
</pin_list>
<bind>
<opcode="select(49) " fcode="select"/>
<opset="select_ln51/1 "/>
</bind>
</comp>

<comp id="139" class="1004" name="select_ln51_1_fu_139">
<pin_list>
<pin id="140" dir="0" index="0" bw="1" slack="0"/>
<pin id="141" dir="0" index="1" bw="3" slack="0"/>
<pin id="142" dir="0" index="2" bw="3" slack="0"/>
<pin id="143" dir="1" index="3" bw="3" slack="0"/>
</pin_list>
<bind>
<opcode="select(49) " fcode="select"/>
<opset="select_ln51_1/1 "/>
</bind>
</comp>

<comp id="147" class="1004" name="tmp_fu_147">
<pin_list>
<pin id="148" dir="0" index="0" bw="9" slack="0"/>
<pin id="149" dir="0" index="1" bw="3" slack="0"/>
<pin id="150" dir="0" index="2" bw="1" slack="0"/>
<pin id="151" dir="1" index="3" bw="9" slack="0"/>
</pin_list>
<bind>
<opcode="bitconcatenate(1004) " fcode="bitconcatenate"/>
<opset="tmp/1 "/>
</bind>
</comp>

<comp id="155" class="1004" name="zext_ln55_fu_155">
<pin_list>
<pin id="156" dir="0" index="0" bw="7" slack="0"/>
<pin id="157" dir="1" index="1" bw="9" slack="0"/>
</pin_list>
<bind>
<opcode="zext(34) " fcode="zext"/>
<opset="zext_ln55/1 "/>
</bind>
</comp>

<comp id="159" class="1004" name="add_ln55_fu_159">
<pin_list>
<pin id="160" dir="0" index="0" bw="9" slack="0"/>
<pin id="161" dir="0" index="1" bw="7" slack="0"/>
<pin id="162" dir="1" index="2" bw="9" slack="0"/>
</pin_list>
<bind>
<opcode="add(8) " fcode="add"/>
<opset="add_ln55/1 "/>
</bind>
</comp>

<comp id="165" class="1004" name="zext_ln55_1_fu_165">
<pin_list>
<pin id="166" dir="0" index="0" bw="9" slack="0"/>
<pin id="167" dir="1" index="1" bw="64" slack="0"/>
</pin_list>
<bind>
<opcode="zext(34) " fcode="zext"/>
<opset="zext_ln55_1/1 "/>
</bind>
</comp>

<comp id="170" class="1004" name="add_ln52_fu_170">
<pin_list>
<pin id="171" dir="0" index="0" bw="7" slack="0"/>
<pin id="172" dir="0" index="1" bw="1" slack="0"/>
<pin id="173" dir="1" index="2" bw="7" slack="0"/>
</pin_list>
<bind>
<opcode="add(8) " fcode="add"/>
<opset="add_ln52/1 "/>
</bind>
</comp>

<comp id="176" class="1004" name="store_ln52_store_fu_176">
<pin_list>
<pin id="177" dir="0" index="0" bw="9" slack="0"/>
<pin id="178" dir="0" index="1" bw="9" slack="0"/>
<pin id="179" dir="1" index="2" bw="0" slack="2147483647"/>
</pin_list>
<bind>
<opcode="store(28) " fcode="store"/>
<opset="store_ln52/1 "/>
</bind>
</comp>

<comp id="181" class="1004" name="store_ln52_store_fu_181">
<pin_list>
<pin id="182" dir="0" index="0" bw="3" slack="0"/>
<pin id="183" dir="0" index="1" bw="3" slack="0"/>
<pin id="184" dir="1" index="2" bw="0" slack="2147483647"/>
</pin_list>
<bind>
<opcode="store(28) " fcode="store"/>
<opset="store_ln52/1 "/>
</bind>
</comp>

<comp id="186" class="1004" name="store_ln52_store_fu_186">
<pin_list>
<pin id="187" dir="0" index="0" bw="7" slack="0"/>
<pin id="188" dir="0" index="1" bw="7" slack="0"/>
<pin id="189" dir="1" index="2" bw="0" slack="2147483647"/>
</pin_list>
<bind>
<opcode="store(28) " fcode="store"/>
<opset="store_ln52/1 "/>
</bind>
</comp>

<comp id="191" class="1005" name="col_reg_191">
<pin_list>
<pin id="192" dir="0" index="0" bw="7" slack="0"/>
<pin id="193" dir="1" index="1" bw="7" slack="0"/>
</pin_list>
<bind>
<opset="col "/>
</bind>
</comp>

<comp id="198" class="1005" name="row_reg_198">
<pin_list>
<pin id="199" dir="0" index="0" bw="3" slack="0"/>
<pin id="200" dir="1" index="1" bw="3" slack="0"/>
</pin_list>
<bind>
<opset="row "/>
</bind>
</comp>

<comp id="205" class="1005" name="indvar_flatten_reg_205">
<pin_list>
<pin id="206" dir="0" index="0" bw="9" slack="0"/>
<pin id="207" dir="1" index="1" bw="9" slack="0"/>
</pin_list>
<bind>
<opset="indvar_flatten "/>
</bind>
</comp>

<comp id="215" class="1005" name="zext_ln55_1_reg_215">
<pin_list>
<pin id="216" dir="0" index="0" bw="64" slack="1"/>
<pin id="217" dir="1" index="1" bw="64" slack="1"/>
</pin_list>
<bind>
<opset="zext_ln55_1 "/>
</bind>
</comp>

<comp id="220" class="1005" name="FC2_W_addr_reg_220">
<pin_list>
<pin id="221" dir="0" index="0" bw="9" slack="1"/>
<pin id="222" dir="1" index="1" bw="9" slack="1"/>
</pin_list>
<bind>
<opset="FC2_W_addr "/>
</bind>
</comp>

</comp_list>

<net_list>
<net id="47"><net_src comp="4" pin="0"/><net_sink comp="44" pin=0"/></net>

<net id="51"><net_src comp="4" pin="0"/><net_sink comp="48" pin=0"/></net>

<net id="55"><net_src comp="4" pin="0"/><net_sink comp="52" pin=0"/></net>

<net id="61"><net_src comp="0" pin="0"/><net_sink comp="56" pin=0"/></net>

<net id="62"><net_src comp="24" pin="0"/><net_sink comp="56" pin=1"/></net>

<net id="68"><net_src comp="56" pin="3"/><net_sink comp="63" pin=0"/></net>

<net id="74"><net_src comp="2" pin="0"/><net_sink comp="69" pin=0"/></net>

<net id="75"><net_src comp="24" pin="0"/><net_sink comp="69" pin=1"/></net>

<net id="81"><net_src comp="63" pin="3"/><net_sink comp="76" pin=1"/></net>

<net id="82"><net_src comp="69" pin="3"/><net_sink comp="76" pin=0"/></net>

<net id="87"><net_src comp="6" pin="0"/><net_sink comp="83" pin=0"/></net>

<net id="92"><net_src comp="8" pin="0"/><net_sink comp="88" pin=0"/></net>

<net id="97"><net_src comp="10" pin="0"/><net_sink comp="93" pin=0"/></net>

<net id="105"><net_src comp="98" pin="1"/><net_sink comp="101" pin=0"/></net>

<net id="106"><net_src comp="12" pin="0"/><net_sink comp="101" pin=1"/></net>

<net id="111"><net_src comp="98" pin="1"/><net_sink comp="107" pin=0"/></net>

<net id="112"><net_src comp="14" pin="0"/><net_sink comp="107" pin=1"/></net>

<net id="123"><net_src comp="116" pin="1"/><net_sink comp="119" pin=0"/></net>

<net id="124"><net_src comp="16" pin="0"/><net_sink comp="119" pin=1"/></net>

<net id="129"><net_src comp="113" pin="1"/><net_sink comp="125" pin=0"/></net>

<net id="130"><net_src comp="18" pin="0"/><net_sink comp="125" pin=1"/></net>

<net id="136"><net_src comp="125" pin="2"/><net_sink comp="131" pin=0"/></net>

<net id="137"><net_src comp="10" pin="0"/><net_sink comp="131" pin=1"/></net>

<net id="138"><net_src comp="113" pin="1"/><net_sink comp="131" pin=2"/></net>

<net id="144"><net_src comp="125" pin="2"/><net_sink comp="139" pin=0"/></net>

<net id="145"><net_src comp="119" pin="2"/><net_sink comp="139" pin=1"/></net>

<net id="146"><net_src comp="116" pin="1"/><net_sink comp="139" pin=2"/></net>

<net id="152"><net_src comp="20" pin="0"/><net_sink comp="147" pin=0"/></net>

<net id="153"><net_src comp="139" pin="3"/><net_sink comp="147" pin=1"/></net>

<net id="154"><net_src comp="22" pin="0"/><net_sink comp="147" pin=2"/></net>

<net id="158"><net_src comp="131" pin="3"/><net_sink comp="155" pin=0"/></net>

<net id="163"><net_src comp="147" pin="3"/><net_sink comp="159" pin=0"/></net>

<net id="164"><net_src comp="155" pin="1"/><net_sink comp="159" pin=1"/></net>

<net id="168"><net_src comp="159" pin="2"/><net_sink comp="165" pin=0"/></net>

<net id="169"><net_src comp="165" pin="1"/><net_sink comp="56" pin=2"/></net>

<net id="174"><net_src comp="131" pin="3"/><net_sink comp="170" pin=0"/></net>

<net id="175"><net_src comp="26" pin="0"/><net_sink comp="170" pin=1"/></net>

<net id="180"><net_src comp="107" pin="2"/><net_sink comp="176" pin=0"/></net>

<net id="185"><net_src comp="139" pin="3"/><net_sink comp="181" pin=0"/></net>

<net id="190"><net_src comp="170" pin="2"/><net_sink comp="186" pin=0"/></net>

<net id="194"><net_src comp="44" pin="1"/><net_sink comp="191" pin=0"/></net>

<net id="195"><net_src comp="191" pin="1"/><net_sink comp="93" pin=1"/></net>

<net id="196"><net_src comp="191" pin="1"/><net_sink comp="113" pin=0"/></net>

<net id="197"><net_src comp="191" pin="1"/><net_sink comp="186" pin=1"/></net>

<net id="201"><net_src comp="48" pin="1"/><net_sink comp="198" pin=0"/></net>

<net id="202"><net_src comp="198" pin="1"/><net_sink comp="88" pin=1"/></net>

<net id="203"><net_src comp="198" pin="1"/><net_sink comp="116" pin=0"/></net>

<net id="204"><net_src comp="198" pin="1"/><net_sink comp="181" pin=1"/></net>

<net id="208"><net_src comp="52" pin="1"/><net_sink comp="205" pin=0"/></net>

<net id="209"><net_src comp="205" pin="1"/><net_sink comp="83" pin=1"/></net>

<net id="210"><net_src comp="205" pin="1"/><net_sink comp="98" pin=0"/></net>

<net id="211"><net_src comp="205" pin="1"/><net_sink comp="176" pin=1"/></net>

<net id="218"><net_src comp="165" pin="1"/><net_sink comp="215" pin=0"/></net>

<net id="219"><net_src comp="215" pin="1"/><net_sink comp="69" pin=2"/></net>

<net id="223"><net_src comp="56" pin="3"/><net_sink comp="220" pin=0"/></net>

<net id="224"><net_src comp="220" pin="1"/><net_sink comp="63" pin=0"/></net>

</net_list>

</model> 
---------------- Datapath Model END ------------------

* FSMD analyzer results:
  - Output states:
	Port: FC2_W | {}
	Port: fc2_weights_0 | {2 }
 - Input state : 
	Port: load_weights_once_Pipeline_VITIS_LOOP_51_1_VITIS_LOOP_52_2 : FC2_W | {1 2 }
	Port: load_weights_once_Pipeline_VITIS_LOOP_51_1_VITIS_LOOP_52_2 : fc2_weights_0 | {}
  - Chain level:
	State 1
		store_ln0 : 1
		store_ln0 : 1
		store_ln0 : 1
		indvar_flatten_load : 1
		icmp_ln51 : 2
		add_ln51_1 : 2
		br_ln51 : 3
		col_load : 1
		row_load : 1
		add_ln51 : 2
		icmp_ln52 : 2
		select_ln51 : 3
		select_ln51_1 : 3
		tmp : 4
		zext_ln55 : 4
		add_ln55 : 5
		zext_ln55_1 : 6
		FC2_W_addr : 7
		w : 8
		add_ln52 : 4
		store_ln52 : 3
		store_ln52 : 4
		store_ln52 : 5
	State 2
		store_ln56 : 1


============================================================
+ Verbose Summary: Datapath Resource usage 
============================================================

* Functional unit list:
|----------|----------------------|---------|---------|
| Operation|    Functional Unit   |    FF   |   LUT   |
|----------|----------------------|---------|---------|
|          |   add_ln51_1_fu_107  |    0    |    16   |
|    add   |    add_ln51_fu_119   |    0    |    10   |
|          |    add_ln55_fu_159   |    0    |    16   |
|          |    add_ln52_fu_170   |    0    |    14   |
|----------|----------------------|---------|---------|
|   icmp   |   icmp_ln51_fu_101   |    0    |    16   |
|          |   icmp_ln52_fu_125   |    0    |    14   |
|----------|----------------------|---------|---------|
|  select  |  select_ln51_fu_131  |    0    |    7    |
|          | select_ln51_1_fu_139 |    0    |    3    |
|----------|----------------------|---------|---------|
|bitconcatenate|      tmp_fu_147      |    0    |    0    |
|----------|----------------------|---------|---------|
|   zext   |   zext_ln55_fu_155   |    0    |    0    |
|          |  zext_ln55_1_fu_165  |    0    |    0    |
|----------|----------------------|---------|---------|
|   Total  |                      |    0    |    96   |
|----------|----------------------|---------|---------|

Memories:
N/A

* Register list:
+----------------------+--------+
|                      |   FF   |
+----------------------+--------+
|  FC2_W_addr_reg_220  |    9   |
|      col_reg_191     |    7   |
|indvar_flatten_reg_205|    9   |
|      row_reg_198     |    3   |
|  zext_ln55_1_reg_215 |   64   |
+----------------------+--------+
|         Total        |   92   |
+----------------------+--------+

* Multiplexer (MUX) list: 
|------------------|------|------|------|--------||---------||---------|
|       Comp       |  Pin | Size |  BW  | S x BW ||  Delay  ||   LUT   |
|------------------|------|------|------|--------||---------||---------|
| grp_access_fu_63 |  p0  |   2  |   9  |   18   ||    9    |
|------------------|------|------|------|--------||---------||---------|
|       Total      |      |      |      |   18   ||  0.387  ||    9    |
|------------------|------|------|------|--------||---------||---------|



* Summary:
+-----------+--------+--------+--------+
|           |  Delay |   FF   |   LUT  |
+-----------+--------+--------+--------+
|  Function |    -   |    0   |   96   |
|   Memory  |    -   |    -   |    -   |
|Multiplexer|    0   |    -   |    9   |
|  Register |    -   |   92   |    -   |
+-----------+--------+--------+--------+
|   Total   |    0   |   92   |   105  |
+-----------+--------+--------+--------+
