
****** Vitis HLS - High-Level Synthesis from C, C++ and OpenCL v2023.1 (64-bit)
  **** SW Build 3854077 on May  4 2023
  **** IP Build 3864474 on Sun May  7 20:36:21 MDT 2023
  **** SharedData Build 3865790 on Sun May 07 13:33:03 MDT 2023
    ** Copyright 1986-2022 Xilinx, Inc. All Rights Reserved.
    ** Copyright 2022-2023 Advanced Micro Devices, Inc. All Rights Reserved.

source /tools/Xilinx/Vitis_HLS/2023.1/scripts/vitis_hls/hls.tcl -notrace
INFO: [HLS 200-10] Running '/tools/Xilinx/Vitis_HLS/2023.1/bin/unwrapped/lnx64.o/vitis_hls'
INFO: [HLS 200-10] For user 'coder' on host 'coder-kwlaial-kellylaijetnet' (Linux_x86_64 version 5.15.134+release+2.10.0r8-amd64) on Thu Apr 30 15:11:50 UTC 2026
INFO: [HLS 200-10] On os Ubuntu 20.04.6 LTS
INFO: [HLS 200-10] In directory '/home/coder/Desktop/s2n2/convSNN/convSNN_hls'
Sourcing Tcl script 'fc1full.tcl'
INFO: [HLS 200-1510] Running: open_project fc1full_prj 
INFO: [HLS 200-10] Opening project '/home/coder/Desktop/s2n2/convSNN/convSNN_hls/fc1full_prj'.
INFO: [HLS 200-1510] Running: set_top fc1full_top 
INFO: [HLS 200-1510] Running: add_files /home/coder/Desktop/s2n2/convSNN/fc1full_config.h -cflags -std=c++14 -I/home/coder/Desktop/s2n2/convSNN -I/home/coder/Documents/s2n2/finn-hlslib-lif 
INFO: [HLS 200-10] Adding design file '/home/coder/Desktop/s2n2/convSNN/fc1full_config.h' to the project
INFO: [HLS 200-1510] Running: add_files /home/coder/Desktop/s2n2/convSNN/fc1full_ref.h -cflags -std=c++14 -I/home/coder/Desktop/s2n2/convSNN -I/home/coder/Documents/s2n2/finn-hlslib-lif 
INFO: [HLS 200-10] Adding design file '/home/coder/Desktop/s2n2/convSNN/fc1full_ref.h' to the project
INFO: [HLS 200-1510] Running: add_files /home/coder/Desktop/s2n2/convSNN/fc1full_top.cpp -cflags -std=c++14 -I/home/coder/Desktop/s2n2/convSNN -I/home/coder/Documents/s2n2/finn-hlslib-lif 
INFO: [HLS 200-10] Adding design file '/home/coder/Desktop/s2n2/convSNN/fc1full_top.cpp' to the project
INFO: [HLS 200-1510] Running: add_files /home/coder/Documents/s2n2/finn-hlslib-lif/bnn-library.h 
INFO: [HLS 200-10] Adding design file '/home/coder/Documents/s2n2/finn-hlslib-lif/bnn-library.h' to the project
INFO: [HLS 200-1510] Running: add_files /home/coder/Documents/s2n2/finn-hlslib-lif/mvau.hpp 
INFO: [HLS 200-10] Adding design file '/home/coder/Documents/s2n2/finn-hlslib-lif/mvau.hpp' to the project
INFO: [HLS 200-1510] Running: add_files /home/coder/Documents/s2n2/finn-hlslib-lif/weights.hpp 
INFO: [HLS 200-10] Adding design file '/home/coder/Documents/s2n2/finn-hlslib-lif/weights.hpp' to the project
INFO: [HLS 200-1510] Running: add_files /home/coder/Documents/s2n2/finn-hlslib-lif/streamtools.h 
INFO: [HLS 200-10] Adding design file '/home/coder/Documents/s2n2/finn-hlslib-lif/streamtools.h' to the project
INFO: [HLS 200-1510] Running: add_files /home/coder/Documents/s2n2/finn-hlslib-lif/fclayer.h 
INFO: [HLS 200-10] Adding design file '/home/coder/Documents/s2n2/finn-hlslib-lif/fclayer.h' to the project
INFO: [HLS 200-1510] Running: add_files /home/coder/Documents/s2n2/finn-hlslib-lif/activations.hpp 
INFO: [HLS 200-10] Adding design file '/home/coder/Documents/s2n2/finn-hlslib-lif/activations.hpp' to the project
INFO: [HLS 200-1510] Running: add_files /home/coder/Documents/s2n2/finn-hlslib-lif/interpret.hpp 
INFO: [HLS 200-10] Adding design file '/home/coder/Documents/s2n2/finn-hlslib-lif/interpret.hpp' to the project
INFO: [HLS 200-1510] Running: add_files /home/coder/Documents/s2n2/finn-hlslib-lif/mac.hpp 
INFO: [HLS 200-10] Adding design file '/home/coder/Documents/s2n2/finn-hlslib-lif/mac.hpp' to the project
INFO: [HLS 200-1510] Running: add_files /home/coder/Documents/s2n2/finn-hlslib-lif/utils.hpp 
INFO: [HLS 200-10] Adding design file '/home/coder/Documents/s2n2/finn-hlslib-lif/utils.hpp' to the project
INFO: [HLS 200-1510] Running: add_files /home/coder/Documents/s2n2/finn-hlslib-lif/mmv.hpp 
INFO: [HLS 200-10] Adding design file '/home/coder/Documents/s2n2/finn-hlslib-lif/mmv.hpp' to the project
INFO: [HLS 200-1510] Running: add_files /home/coder/Documents/s2n2/finn-hlslib-lif/dma.h 
INFO: [HLS 200-10] Adding design file '/home/coder/Documents/s2n2/finn-hlslib-lif/dma.h' to the project
INFO: [HLS 200-1510] Running: add_files /home/coder/Documents/s2n2/finn-hlslib-lif/maxpool.h 
INFO: [HLS 200-10] Adding design file '/home/coder/Documents/s2n2/finn-hlslib-lif/maxpool.h' to the project
INFO: [HLS 200-1510] Running: add_files /home/coder/Documents/s2n2/finn-hlslib-lif/vvau.hpp 
INFO: [HLS 200-10] Adding design file '/home/coder/Documents/s2n2/finn-hlslib-lif/vvau.hpp' to the project
INFO: [HLS 200-1510] Running: add_files /home/coder/Documents/s2n2/finn-hlslib-lif/pool.hpp 
INFO: [HLS 200-10] Adding design file '/home/coder/Documents/s2n2/finn-hlslib-lif/pool.hpp' to the project
INFO: [HLS 200-1510] Running: add_files -tb /home/coder/Desktop/s2n2/convSNN/fc1full_tb.cpp -cflags -std=c++14 -I/home/coder/Desktop/s2n2/convSNN -I/home/coder/Documents/s2n2/finn-hlslib-lif 
INFO: [HLS 200-10] Adding test bench file '/home/coder/Desktop/s2n2/convSNN/fc1full_tb.cpp' to the project
INFO: [HLS 200-1510] Running: open_solution xcvu9p-flga2577-2-e 
INFO: [HLS 200-10] Opening solution '/home/coder/Desktop/s2n2/convSNN/convSNN_hls/fc1full_prj/xcvu9p-flga2577-2-e'.
INFO: [SYN 201-201] Setting up clock 'default' with a period of 10ns.
INFO: [HLS 200-1611] Setting target device to 'xcvu9p-flga2577-2-e'
INFO: [HLS 200-1505] Using flow_target 'vivado'
Resolution: For help on HLS 200-1505 see www.xilinx.com/cgi-bin/docs/rdoc?v=2023.1;t=hls+guidance;d=200-1505.html
INFO: [HLS 200-1510] Running: set_part xcvu9p-flga2577-2-e 
INFO: [HLS 200-1510] Running: create_clock -period 10 -name default 
INFO: [HLS 200-1510] Running: csim_design -clean -O 
INFO: [SIM 211-2] *************** CSIM start ***************
INFO: [SIM 211-4] CSIM will launch GCC as the compiler.
INFO: [HLS 200-2036] Building optimized C Simulation binaries
   Compiling ../../../../../fc1full_tb.cpp in release mode
   Compiling ../../../../../fc1full_top.cpp in release mode
   Generating csim.exe
Expected FC1 spikes: 1 1 1 0 0 1 1 0 0 0 0 0 0 0 0 0 1 0 1 1 0 1 0 0 0 0 0 0 0 0 0 1 0 1 0 0 0 1 1 1 1 1 1 1 1 0 0 0 1 0 0 0 1 1 0 1 1 0 1 1 1 1 0 0 
Got FC1 spikes     : 1 1 1 0 0 1 1 0 0 0 0 0 0 0 0 0 1 0 1 1 0 1 0 0 0 0 0 0 0 0 0 1 0 1 0 0 0 1 1 1 1 1 1 1 1 0 0 0 1 0 0 0 1 1 0 1 1 0 1 1 1 1 0 0 
FC1FULL TB PASSED
INFO [HLS SIM]: The maximum depth reached by any hls::stream() instance in the design is 3200
INFO: [SIM 211-1] CSim done with 0 errors.
INFO: [SIM 211-3] *************** CSIM finish ***************
INFO: [HLS 200-111] Finished Command csim_design CPU user time: 3.62 seconds. CPU system time: 1.07 seconds. Elapsed time: 5.74 seconds; current allocated memory: 2.230 MB.
INFO: [HLS 200-1510] Running: csynth_design 
INFO: [HLS 200-111] Finished File checks and directory preparation: CPU user time: 0.09 seconds. CPU system time: 0 seconds. Elapsed time: 0.1 seconds; current allocated memory: 1.454 GB.
INFO: [HLS 200-10] Analyzing design file '/home/coder/Desktop/s2n2/convSNN/fc1full_top.cpp' ... 
WARNING: [HLS 207-5531] 'Resource pragma' is deprecated, use 'bind_op/bind_storage pragma' instead (/home/coder/Documents/s2n2/finn-hlslib-lif/slidingwindow.h:75:9)
WARNING: [HLS 207-5531] 'Resource pragma' is deprecated, use 'bind_op/bind_storage pragma' instead (/home/coder/Documents/s2n2/finn-hlslib-lif/slidingwindow.h:97:9)
WARNING: [HLS 207-5531] 'Resource pragma' is deprecated, use 'bind_op/bind_storage pragma' instead (/home/coder/Documents/s2n2/finn-hlslib-lif/slidingwindow.h:119:9)
WARNING: [HLS 207-5531] 'Resource pragma' is deprecated, use 'bind_op/bind_storage pragma' instead (/home/coder/Documents/s2n2/finn-hlslib-lif/slidingwindow.h:141:9)
WARNING: [HLS 207-5531] 'Resource pragma' is deprecated, use 'bind_op/bind_storage pragma' instead (/home/coder/Documents/s2n2/finn-hlslib-lif/maxpool.h:296:9)
WARNING: [HLS 207-5531] 'Resource pragma' is deprecated, use 'bind_op/bind_storage pragma' instead (/home/coder/Documents/s2n2/finn-hlslib-lif/mac.hpp:116:9)
WARNING: [HLS 207-5531] 'Resource pragma' is deprecated, use 'bind_op/bind_storage pragma' instead (/home/coder/Documents/s2n2/finn-hlslib-lif/mac.hpp:142:9)
WARNING: [HLS 207-5292] unused parameter 'reps' (/home/coder/Documents/s2n2/finn-hlslib-lif/streamtools.h:837:77)
WARNING: [HLS 207-5292] unused parameter 'reps' (/home/coder/Documents/s2n2/finn-hlslib-lif/streamtools.h:869:78)
WARNING: [HLS 207-5292] unused parameter 'mmv' (/home/coder/Documents/s2n2/finn-hlslib-lif/interpret.hpp:149:53)
WARNING: [HLS 207-5292] unused parameter 'mmv' (/home/coder/Documents/s2n2/finn-hlslib-lif/interpret.hpp:166:58)
WARNING: [HLS 207-5292] unused parameter 'mmv' (/home/coder/Documents/s2n2/finn-hlslib-lif/interpret.hpp:209:56)
WARNING: [HLS 207-5292] unused parameter 'flag' (/home/coder/Documents/s2n2/finn-hlslib-lif/interpret.hpp:209:72)
WARNING: [HLS 207-5292] unused parameter 'mmv' (/home/coder/Documents/s2n2/finn-hlslib-lif/interpret.hpp:213:53)
WARNING: [HLS 207-5292] unused parameter 'mmv' (/home/coder/Documents/s2n2/finn-hlslib-lif/interpret.hpp:218:30)
WARNING: [HLS 207-5292] unused parameter 'mmv' (/home/coder/Documents/s2n2/finn-hlslib-lif/interpret.hpp:240:53)
WARNING: [HLS 207-5292] unused parameter 'mmv' (/home/coder/Documents/s2n2/finn-hlslib-lif/interpret.hpp:262:39)
WARNING: [HLS 207-5292] unused parameter 'flag' (/home/coder/Documents/s2n2/finn-hlslib-lif/interpret.hpp:273:72)
WARNING: [HLS 207-5292] unused parameter 'mmv' (/home/coder/Documents/s2n2/finn-hlslib-lif/interpret.hpp:300:52)
WARNING: [HLS 207-5292] unused parameter 'activation' (/home/coder/Documents/s2n2/finn-hlslib-lif/mvau.hpp:98:17)
WARNING: [HLS 207-5292] unused parameter 'decay' (/home/coder/Documents/s2n2/finn-hlslib-lif/mvau.hpp:99:16)
WARNING: [HLS 207-5292] unused parameter 'r' (/home/coder/Documents/s2n2/finn-hlslib-lif/mvau.hpp:101:16)
WARNING: [HLS 207-5292] unused parameter 'nf' (/home/coder/Desktop/s2n2/convSNN/fc1full_top.cpp:33:27)
WARNING: [HLS 207-5292] unused parameter 'pe' (/home/coder/Desktop/s2n2/convSNN/fc1full_top.cpp:33:46)
WARNING: [HLS 207-5292] unused parameter 'nf' (/home/coder/Desktop/s2n2/convSNN/fc1full_top.cpp:38:38)
WARNING: [HLS 207-5292] unused parameter 'pe' (/home/coder/Desktop/s2n2/convSNN/fc1full_top.cpp:38:57)
INFO: [HLS 200-111] Finished Source Code Analysis and Preprocessing: CPU user time: 10.8 seconds. CPU system time: 1.73 seconds. Elapsed time: 25.82 seconds; current allocated memory: 1.457 GB.
INFO: [HLS 200-777] Using interface defaults for 'Vivado' flow target.
INFO: [HLS 200-1995] There were 1,855 instructions in the design after the 'Compile/Link' phase of compilation. See the Design Size Report for more details: /home/coder/Desktop/s2n2/convSNN/convSNN_hls/fc1full_prj/xcvu9p-flga2577-2-e/syn/report/csynth_design_size.rpt
INFO: [HLS 200-1995] There were 244 instructions in the design after the 'Unroll/Inline' phase of compilation. See the Design Size Report for more details: /home/coder/Desktop/s2n2/convSNN/convSNN_hls/fc1full_prj/xcvu9p-flga2577-2-e/syn/report/csynth_design_size.rpt
INFO: [HLS 200-1995] There were 13,102 instructions in the design after the 'Performance/Pipeline' phase of compilation. See the Design Size Report for more details: /home/coder/Desktop/s2n2/convSNN/convSNN_hls/fc1full_prj/xcvu9p-flga2577-2-e/syn/report/csynth_design_size.rpt
INFO: [HLS 200-1995] There were 13,256 instructions in the design after the 'Optimizations' phase of compilation. See the Design Size Report for more details: /home/coder/Desktop/s2n2/convSNN/convSNN_hls/fc1full_prj/xcvu9p-flga2577-2-e/syn/report/csynth_design_size.rpt
INFO: [HLS 214-131] Inlining function 'FixedPointWeightsSp<1u, ap_int<8>, 1u, 204800u>::TileIndex::TileIndex(FixedPointWeightsSp<1u, ap_int<8>, 1u, 204800u> const&, unsigned int, ap_uint<1>)' into 'FixedPointWeightsSp<1u, ap_int<8>, 1u, 204800u>::weights(unsigned int, ap_uint<1>) const' (/home/coder/Documents/s2n2/finn-hlslib-lif/weights.hpp:216:9)
INFO: [HLS 214-131] Inlining function 'Slice<ap_uint<1>, 1u>::Container<ap_uint<1> >::operator ap_uint<1> const&() const' into 'void Matrix_Vector_Activate_Batch<3200u, 64u, 1u, 1u, 1u, 1u, Identity, Slice<ap_uint<1>, 1u>, Identity, ap_fixed<32, 16, (ap_q_mode)5, (ap_o_mode)3, 0>, 32u, 16u, 1u, ap_uint<1>, ap_uint<1>, FixedPointWeightsSp<1u, ap_int<8>, 1u, 204800u>, ThresholdActivation1, ap_resource_dflt>(hls::stream<ap_uint<1>, 0>&, hls::stream<ap_uint<1>, 0>&, FixedPointWeightsSp<1u, ap_int<8>, 1u, 204800u> const&, ThresholdActivation1 const&, ap_fixed<32, 16, (ap_q_mode)5, (ap_o_mode)3, 0>, int, ap_resource_dflt const&)' (/home/coder/Documents/s2n2/finn-hlslib-lif/mvau.hpp:187:17)
INFO: [HLS 214-131] Inlining function 'Slice<ap_uint<1>, 1u>::Container<ap_uint<1> >::operator()(unsigned int, unsigned int, bool) const' into 'void Matrix_Vector_Activate_Batch<3200u, 64u, 1u, 1u, 1u, 1u, Identity, Slice<ap_uint<1>, 1u>, Identity, ap_fixed<32, 16, (ap_q_mode)5, (ap_o_mode)3, 0>, 32u, 16u, 1u, ap_uint<1>, ap_uint<1>, FixedPointWeightsSp<1u, ap_int<8>, 1u, 204800u>, ThresholdActivation1, ap_resource_dflt>(hls::stream<ap_uint<1>, 0>&, hls::stream<ap_uint<1>, 0>&, FixedPointWeightsSp<1u, ap_int<8>, 1u, 204800u> const&, ThresholdActivation1 const&, ap_fixed<32, 16, (ap_q_mode)5, (ap_o_mode)3, 0>, int, ap_resource_dflt const&)' (/home/coder/Documents/s2n2/finn-hlslib-lif/mvau.hpp:183:9)
INFO: [HLS 214-131] Inlining function 'Slice<ap_uint<1>, 1u>::Container<ap_uint<1> >::operator()(unsigned int, unsigned int, bool) const' into 'void Matrix_Vector_Activate_Batch<3200u, 64u, 1u, 1u, 1u, 1u, Identity, Slice<ap_uint<1>, 1u>, Identity, ap_fixed<32, 16, (ap_q_mode)5, (ap_o_mode)3, 0>, 32u, 16u, 1u, ap_uint<1>, ap_uint<1>, FixedPointWeightsSp<1u, ap_int<8>, 1u, 204800u>, ThresholdActivation1, ap_resource_dflt>(hls::stream<ap_uint<1>, 0>&, hls::stream<ap_uint<1>, 0>&, FixedPointWeightsSp<1u, ap_int<8>, 1u, 204800u> const&, ThresholdActivation1 const&, ap_fixed<32, 16, (ap_q_mode)5, (ap_o_mode)3, 0>, int, ap_resource_dflt const&)' (/home/coder/Documents/s2n2/finn-hlslib-lif/mvau.hpp:180:9)
INFO: [HLS 214-131] Inlining function 'FixedPointWeightsSp<1u, ap_int<8>, 1u, 204800u>::TileIndex::operator[](unsigned int) const' into 'void Matrix_Vector_Activate_Batch<3200u, 64u, 1u, 1u, 1u, 1u, Identity, Slice<ap_uint<1>, 1u>, Identity, ap_fixed<32, 16, (ap_q_mode)5, (ap_o_mode)3, 0>, 32u, 16u, 1u, ap_uint<1>, ap_uint<1>, FixedPointWeightsSp<1u, ap_int<8>, 1u, 204800u>, ThresholdActivation1, ap_resource_dflt>(hls::stream<ap_uint<1>, 0>&, hls::stream<ap_uint<1>, 0>&, FixedPointWeightsSp<1u, ap_int<8>, 1u, 204800u> const&, ThresholdActivation1 const&, ap_fixed<32, 16, (ap_q_mode)5, (ap_o_mode)3, 0>, int, ap_resource_dflt const&)' (/home/coder/Documents/s2n2/finn-hlslib-lif/mvau.hpp:165:14)
INFO: [HLS 214-131] Inlining function 'FixedPointWeightsSp<1u, ap_int<8>, 1u, 204800u>::weights(unsigned int, ap_uint<1>) const' into 'void Matrix_Vector_Activate_Batch<3200u, 64u, 1u, 1u, 1u, 1u, Identity, Slice<ap_uint<1>, 1u>, Identity, ap_fixed<32, 16, (ap_q_mode)5, (ap_o_mode)3, 0>, 32u, 16u, 1u, ap_uint<1>, ap_uint<1>, FixedPointWeightsSp<1u, ap_int<8>, 1u, 204800u>, ThresholdActivation1, ap_resource_dflt>(hls::stream<ap_uint<1>, 0>&, hls::stream<ap_uint<1>, 0>&, FixedPointWeightsSp<1u, ap_int<8>, 1u, 204800u> const&, ThresholdActivation1 const&, ap_fixed<32, 16, (ap_q_mode)5, (ap_o_mode)3, 0>, int, ap_resource_dflt const&)' (/home/coder/Documents/s2n2/finn-hlslib-lif/mvau.hpp:162:29)
INFO: [HLS 214-131] Inlining function 'void StreamingFCLayer_Batch<3200u, 64u, 1u, 1u, 1u, Identity, Slice<ap_uint<1>, 1u>, Identity, ap_fixed<32, 16, (ap_q_mode)5, (ap_o_mode)3, 0>, 32u, 16u, 1u, 1, 1, FixedPointWeightsSp<1u, ap_int<8>, 1u, 204800u>, ThresholdActivation1, ap_resource_dflt>(hls::stream<ap_uint<1>, 0>&, hls::stream<ap_uint<1>, 0>&, FixedPointWeightsSp<1u, ap_int<8>, 1u, 204800u> const&, ThresholdActivation1 const&, unsigned int, ap_fixed<32, 16, (ap_q_mode)5, (ap_o_mode)3, 0>, ap_resource_dflt const&)' into 'fc1full_top(ap_uint<1> const*, ap_uint<1>*)' (/home/coder/Desktop/s2n2/convSNN/fc1full_top.cpp:80:3)
INFO: [HLS 214-291] Loop 'VITIS_LOOP_150_2' is marked as complete unroll implied by the pipeline pragma (/home/coder/Documents/s2n2/finn-hlslib-lif/mvau.hpp:150:24)
INFO: [HLS 214-291] Loop 'VITIS_LOOP_163_3' is marked as complete unroll implied by the pipeline pragma (/home/coder/Documents/s2n2/finn-hlslib-lif/mvau.hpp:163:23)
INFO: [HLS 214-291] Loop 'VITIS_LOOP_200_1' is marked as complete unroll implied by the pipeline pragma (/home/coder/Documents/s2n2/finn-hlslib-lif/weights.hpp:200:25)
INFO: [HLS 214-291] Loop 'VITIS_LOOP_175_4' is marked as complete unroll implied by the pipeline pragma (/home/coder/Documents/s2n2/finn-hlslib-lif/mvau.hpp:175:25)
INFO: [HLS 214-186] Unrolling loop 'VITIS_LOOP_150_2' (/home/coder/Documents/s2n2/finn-hlslib-lif/mvau.hpp:150:24) in function 'Matrix_Vector_Activate_Batch<3200u, 64u, 1u, 1u, 1u, 1u, Identity, Slice<ap_uint<1>, 1u>, Identity, ap_fixed<32, 16, (ap_q_mode)5, (ap_o_mode)3, 0>, 32u, 16u, 1u, ap_uint<1>, ap_uint<1>, FixedPointWeightsSp<1u, ap_int<8>, 1u, 204800u>, ThresholdActivation1, ap_resource_dflt>' completely with a factor of 1 (/home/coder/Documents/s2n2/finn-hlslib-lif/mvau.hpp:101:0)
INFO: [HLS 214-186] Unrolling loop 'VITIS_LOOP_163_3' (/home/coder/Documents/s2n2/finn-hlslib-lif/mvau.hpp:163:23) in function 'Matrix_Vector_Activate_Batch<3200u, 64u, 1u, 1u, 1u, 1u, Identity, Slice<ap_uint<1>, 1u>, Identity, ap_fixed<32, 16, (ap_q_mode)5, (ap_o_mode)3, 0>, 32u, 16u, 1u, ap_uint<1>, ap_uint<1>, FixedPointWeightsSp<1u, ap_int<8>, 1u, 204800u>, ThresholdActivation1, ap_resource_dflt>' completely with a factor of 1 (/home/coder/Documents/s2n2/finn-hlslib-lif/mvau.hpp:101:0)
INFO: [HLS 214-186] Unrolling loop 'VITIS_LOOP_200_1' (/home/coder/Documents/s2n2/finn-hlslib-lif/weights.hpp:200:25) in function 'Matrix_Vector_Activate_Batch<3200u, 64u, 1u, 1u, 1u, 1u, Identity, Slice<ap_uint<1>, 1u>, Identity, ap_fixed<32, 16, (ap_q_mode)5, (ap_o_mode)3, 0>, 32u, 16u, 1u, ap_uint<1>, ap_uint<1>, FixedPointWeightsSp<1u, ap_int<8>, 1u, 204800u>, ThresholdActivation1, ap_resource_dflt>' completely with a factor of 1 (/home/coder/Documents/s2n2/finn-hlslib-lif/mvau.hpp:101:0)
INFO: [HLS 214-186] Unrolling loop 'VITIS_LOOP_175_4' (/home/coder/Documents/s2n2/finn-hlslib-lif/mvau.hpp:175:25) in function 'Matrix_Vector_Activate_Batch<3200u, 64u, 1u, 1u, 1u, 1u, Identity, Slice<ap_uint<1>, 1u>, Identity, ap_fixed<32, 16, (ap_q_mode)5, (ap_o_mode)3, 0>, 32u, 16u, 1u, ap_uint<1>, ap_uint<1>, FixedPointWeightsSp<1u, ap_int<8>, 1u, 204800u>, ThresholdActivation1, ap_resource_dflt>' completely with a factor of 1 (/home/coder/Documents/s2n2/finn-hlslib-lif/mvau.hpp:101:0)
INFO: [HLS 214-178] Inlining function 'WidthAdjustedInputStream<1u, 1u, 3200u>::WidthAdjustedInputStream(hls::stream<ap_uint<1>, 0>&, unsigned int)' into 'fc1full_top(ap_uint<1> const*, ap_uint<1>*)' (/home/coder/Desktop/s2n2/convSNN/fc1full_top.cpp:61:0)
INFO: [HLS 214-178] Inlining function 'WidthAdjustedOutputStream<1u, 1u, 64u>::WidthAdjustedOutputStream(hls::stream<ap_uint<1>, 0>&, unsigned int)' into 'fc1full_top(ap_uint<1> const*, ap_uint<1>*)' (/home/coder/Desktop/s2n2/convSNN/fc1full_top.cpp:61:0)
INFO: [HLS 214-178] Inlining function 'WidthAdjustedInputStream<1u, 1u, 3200u>::operator hls::stream<ap_uint<1>, 0>&()' into 'fc1full_top(ap_uint<1> const*, ap_uint<1>*)' (/home/coder/Desktop/s2n2/convSNN/fc1full_top.cpp:61:0)
INFO: [HLS 214-178] Inlining function 'WidthAdjustedOutputStream<1u, 1u, 64u>::operator hls::stream<ap_uint<1>, 0>&()' into 'fc1full_top(ap_uint<1> const*, ap_uint<1>*)' (/home/coder/Desktop/s2n2/convSNN/fc1full_top.cpp:61:0)
INFO: [HLS 214-178] Inlining function 'void Matrix_Vector_Activate_Batch<3200u, 64u, 1u, 1u, 1u, 1u, Identity, Slice<ap_uint<1>, 1u>, Identity, ap_fixed<32, 16, (ap_q_mode)5, (ap_o_mode)3, 0>, 32u, 16u, 1u, ap_uint<1>, ap_uint<1>, FixedPointWeightsSp<1u, ap_int<8>, 1u, 204800u>, ThresholdActivation1, ap_resource_dflt>(hls::stream<ap_uint<1>, 0>&, hls::stream<ap_uint<1>, 0>&, FixedPointWeightsSp<1u, ap_int<8>, 1u, 204800u> const&, ThresholdActivation1 const&, ap_fixed<32, 16, (ap_q_mode)5, (ap_o_mode)3, 0>, int, ap_resource_dflt const&)' into 'fc1full_top(ap_uint<1> const*, ap_uint<1>*)' (/home/coder/Desktop/s2n2/convSNN/fc1full_top.cpp:61:0)
INFO: [HLS 214-248] Applying array_partition to 'inputBuf.i': Complete partitioning on dimension 1. (/home/coder/Documents/s2n2/finn-hlslib-lif/mvau.hpp:111:6)
INFO: [HLS 214-248] Applying array_partition to 'out': Complete partitioning on dimension 1. (/home/coder/Desktop/s2n2/convSNN/fc1full_top.cpp:61:0)
INFO: [HLS 200-111] Finished Compiling Optimization and Transform: CPU user time: 209.64 seconds. CPU system time: 2.98 seconds. Elapsed time: 219 seconds; current allocated memory: 1.457 GB.
INFO: [HLS 200-111] Finished Checking Pragmas: CPU user time: 0 seconds. CPU system time: 0 seconds. Elapsed time: 0 seconds; current allocated memory: 1.457 GB.
INFO: [HLS 200-10] Starting code transformations ...
INFO: [HLS 200-111] Finished Standard Transforms: CPU user time: 69.04 seconds. CPU system time: 0.69 seconds. Elapsed time: 70.13 seconds; current allocated memory: 2.094 GB.
INFO: [HLS 200-10] Checking synthesizability ...
INFO: [HLS 200-111] Finished Checking Synthesizability: CPU user time: 31.12 seconds. CPU system time: 0.4 seconds. Elapsed time: 32.26 seconds; current allocated memory: 2.450 GB.
INFO: [XFORM 203-102] Partitioning array 'fc1_weights' in dimension 1 automatically.
INFO: [XFORM 203-401] Performing if-conversion on hyperblock from (/home/coder/Documents/s2n2/finn-hlslib-lif/mvau.hpp:111:6) to (/home/coder/Documents/s2n2/finn-hlslib-lif/mvau.hpp:172:8) in function 'fc1full_top'... converting 3 basic blocks.
INFO: [HLS 200-111] Finished Loop, function and other optimizations: CPU user time: 466.21 seconds. CPU system time: 1.58 seconds. Elapsed time: 467.84 seconds; current allocated memory: 3.422 GB.
INFO: [XFORM 203-541] Flattening a loop nest 'VITIS_LOOP_49_1' (/home/coder/Desktop/s2n2/convSNN/fc1full_top.cpp:49:20) in function 'load_weights_once'.
INFO: [HLS 200-111] Finished Architecture Synthesis: CPU user time: 590.92 seconds. CPU system time: 1.33 seconds. Elapsed time: 592.29 seconds; current allocated memory: 3.740 GB.
INFO: [HLS 200-10] Starting hardware synthesis ...
INFO: [HLS 200-10] Synthesizing 'fc1full_top' ...
INFO: [HLS 200-10] ----------------------------------------------------------------
INFO: [HLS 200-42] -- Implementing module 'load_weights_once_Pipeline_VITIS_LOOP_49_1_VITIS_LOOP_50_2' 
INFO: [HLS 200-10] ----------------------------------------------------------------
INFO: [SCHED 204-11] Starting scheduling ...
INFO: [HLS 200-486] Changing DSP latency (root=mul_ln49) to 3 in order to utilize available DSP registers.
INFO: [HLS 200-486] Changing DSP latency (root=mul_ln49_1) to 3 in order to utilize available DSP registers.
INFO: [SCHED 204-61] Pipelining loop 'VITIS_LOOP_49_1_VITIS_LOOP_50_2'.
INFO: [HLS 200-1470] Pipelining result : Target II = 1, Final II = 1, Depth = 6, loop 'VITIS_LOOP_49_1_VITIS_LOOP_50_2'
INFO: [SCHED 204-11] Finished scheduling.
INFO: [HLS 200-111] Finished Scheduling: CPU user time: 5.09 seconds. CPU system time: 0.2 seconds. Elapsed time: 11.31 seconds; current allocated memory: 3.740 GB.
INFO: [BIND 205-100] Starting micro-architecture generation ...
INFO: [BIND 205-101] Performing variable lifetime analysis.
INFO: [BIND 205-101] Exploring resource sharing.
INFO: [BIND 205-101] Binding ...
INFO: [BIND 205-100] Finished micro-architecture generation.
INFO: [HLS 200-111] Finished Binding: CPU user time: 0.1 seconds. CPU system time: 0.01 seconds. Elapsed time: 1.48 seconds; current allocated memory: 3.740 GB.
INFO: [HLS 200-10] ----------------------------------------------------------------
INFO: [HLS 200-42] -- Implementing module 'load_weights_once' 
INFO: [HLS 200-10] ----------------------------------------------------------------
INFO: [SCHED 204-11] Starting scheduling ...
INFO: [SCHED 204-11] Finished scheduling.
INFO: [HLS 200-111] Finished Scheduling: CPU user time: 0.05 seconds. CPU system time: 0 seconds. Elapsed time: 0.6 seconds; current allocated memory: 3.740 GB.
INFO: [BIND 205-100] Starting micro-architecture generation ...
INFO: [BIND 205-101] Performing variable lifetime analysis.
INFO: [BIND 205-101] Exploring resource sharing.
INFO: [BIND 205-101] Binding ...
INFO: [BIND 205-100] Finished micro-architecture generation.
INFO: [HLS 200-111] Finished Binding: CPU user time: 0.05 seconds. CPU system time: 0 seconds. Elapsed time: 0.51 seconds; current allocated memory: 3.740 GB.
INFO: [HLS 200-10] ----------------------------------------------------------------
INFO: [HLS 200-42] -- Implementing module 'fc1full_top_Pipeline_VITIS_LOOP_72_1' 
INFO: [HLS 200-10] ----------------------------------------------------------------
INFO: [SCHED 204-11] Starting scheduling ...
INFO: [SCHED 204-61] Pipelining loop 'VITIS_LOOP_72_1'.
INFO: [HLS 200-1470] Pipelining result : Target II = 1, Final II = 1, Depth = 2, loop 'VITIS_LOOP_72_1'
INFO: [SCHED 204-11] Finished scheduling.
INFO: [HLS 200-111] Finished Scheduling: CPU user time: 0.08 seconds. CPU system time: 0.01 seconds. Elapsed time: 0.66 seconds; current allocated memory: 3.740 GB.
INFO: [BIND 205-100] Starting micro-architecture generation ...
INFO: [BIND 205-101] Performing variable lifetime analysis.
INFO: [BIND 205-101] Exploring resource sharing.
INFO: [BIND 205-101] Binding ...
INFO: [BIND 205-100] Finished micro-architecture generation.
INFO: [HLS 200-111] Finished Binding: CPU user time: 0.05 seconds. CPU system time: 0 seconds. Elapsed time: 0.7 seconds; current allocated memory: 3.740 GB.
INFO: [HLS 200-10] ----------------------------------------------------------------
INFO: [HLS 200-42] -- Implementing module 'fc1full_top_Pipeline_VITIS_LOOP_131_1' 
INFO: [HLS 200-10] ----------------------------------------------------------------
INFO: [SCHED 204-11] Starting scheduling ...
INFO: [SCHED 204-61] Pipelining loop 'VITIS_LOOP_131_1'.
INFO: [HLS 200-1470] Pipelining result : Target II = 1, Final II = 1, Depth = 3, loop 'VITIS_LOOP_131_1'
INFO: [SCHED 204-11] Finished scheduling.
INFO: [HLS 200-111] Finished Scheduling: CPU user time: 125.01 seconds. CPU system time: 0.12 seconds. Elapsed time: 126.09 seconds; current allocated memory: 3.740 GB.
INFO: [BIND 205-100] Starting micro-architecture generation ...
INFO: [BIND 205-101] Performing variable lifetime analysis.
INFO: [BIND 205-101] Exploring resource sharing.
INFO: [BIND 205-101] Binding ...
INFO: [BIND 205-100] Finished micro-architecture generation.
INFO: [HLS 200-111] Finished Binding: CPU user time: 13.51 seconds. CPU system time: 0.15 seconds. Elapsed time: 16 seconds; current allocated memory: 3.740 GB.
INFO: [HLS 200-10] ----------------------------------------------------------------
INFO: [HLS 200-42] -- Implementing module 'fc1full_top_Pipeline_VITIS_LOOP_105_2' 
INFO: [HLS 200-10] ----------------------------------------------------------------
INFO: [SCHED 204-11] Starting scheduling ...
INFO: [SCHED 204-61] Pipelining loop 'VITIS_LOOP_105_2'.
INFO: [HLS 200-1470] Pipelining result : Target II = 1, Final II = 1, Depth = 2, loop 'VITIS_LOOP_105_2'
INFO: [SCHED 204-11] Finished scheduling.
INFO: [HLS 200-111] Finished Scheduling: CPU user time: 7.09 seconds. CPU system time: 0.13 seconds. Elapsed time: 10.69 seconds; current allocated memory: 3.740 GB.
INFO: [BIND 205-100] Starting micro-architecture generation ...
INFO: [BIND 205-101] Performing variable lifetime analysis.
INFO: [BIND 205-101] Exploring resource sharing.
INFO: [BIND 205-101] Binding ...
INFO: [BIND 205-100] Finished micro-architecture generation.
INFO: [HLS 200-111] Finished Binding: CPU user time: 0.08 seconds. CPU system time: 0.01 seconds. Elapsed time: 2.61 seconds; current allocated memory: 3.740 GB.
INFO: [HLS 200-10] ----------------------------------------------------------------
INFO: [HLS 200-42] -- Implementing module 'fc1full_top' 
INFO: [HLS 200-10] ----------------------------------------------------------------
INFO: [SCHED 204-11] Starting scheduling ...
INFO: [SCHED 204-11] Finished scheduling.
INFO: [HLS 200-111] Finished Scheduling: CPU user time: 0.11 seconds. CPU system time: 0 seconds. Elapsed time: 7.05 seconds; current allocated memory: 3.740 GB.
INFO: [BIND 205-100] Starting micro-architecture generation ...
INFO: [BIND 205-101] Performing variable lifetime analysis.
INFO: [BIND 205-101] Exploring resource sharing.
INFO: [BIND 205-101] Binding ...
INFO: [BIND 205-100] Finished micro-architecture generation.
INFO: [HLS 200-111] Finished Binding: CPU user time: 0.24 seconds. CPU system time: 0.01 seconds. Elapsed time: 4.12 seconds; current allocated memory: 3.740 GB.
INFO: [HLS 200-10] ----------------------------------------------------------------
INFO: [HLS 200-10] -- Generating RTL for module 'load_weights_once_Pipeline_VITIS_LOOP_49_1_VITIS_LOOP_50_2' 
INFO: [HLS 200-10] ----------------------------------------------------------------
INFO: [HLS 200-1030] Apply Unified Pipeline Control on module 'load_weights_once_Pipeline_VITIS_LOOP_49_1_VITIS_LOOP_50_2' pipeline 'VITIS_LOOP_49_1_VITIS_LOOP_50_2' pipeline type 'loop pipeline'
INFO: [RTGEN 206-100] Generating core module 'mac_muladd_7ns_12ns_12ns_18_4_1': 2 instance(s).
INFO: [RTGEN 206-100] Finished creating RTL model for 'load_weights_once_Pipeline_VITIS_LOOP_49_1_VITIS_LOOP_50_2'.
INFO: [RTMG 210-279] Implementing memory 'fc1full_top_load_weights_once_Pipeline_VITIS_LOOP_49_1_VITIS_LOOP_50_2_FC1_W_ROM_AUTO_1R' using auto ROMs.
INFO: [HLS 200-111] Finished Creating RTL model: CPU user time: 0.35 seconds. CPU system time: 0.02 seconds. Elapsed time: 9.12 seconds; current allocated memory: 3.740 GB.
INFO: [HLS 200-10] ----------------------------------------------------------------
INFO: [HLS 200-10] -- Generating RTL for module 'load_weights_once' 
INFO: [HLS 200-10] ----------------------------------------------------------------
WARNING: [RTGEN 206-101] Register 'loaded' is power-on initialization.
INFO: [RTGEN 206-100] Finished creating RTL model for 'load_weights_once'.
INFO: [HLS 200-111] Finished Creating RTL model: CPU user time: 0.12 seconds. CPU system time: 0 seconds. Elapsed time: 1 seconds; current allocated memory: 3.740 GB.
INFO: [HLS 200-10] ----------------------------------------------------------------
INFO: [HLS 200-10] -- Generating RTL for module 'fc1full_top_Pipeline_VITIS_LOOP_72_1' 
INFO: [HLS 200-10] ----------------------------------------------------------------
INFO: [HLS 200-1030] Apply Unified Pipeline Control on module 'fc1full_top_Pipeline_VITIS_LOOP_72_1' pipeline 'VITIS_LOOP_72_1' pipeline type 'loop pipeline'
INFO: [RTGEN 206-100] Finished creating RTL model for 'fc1full_top_Pipeline_VITIS_LOOP_72_1'.
INFO: [HLS 200-111] Finished Creating RTL model: CPU user time: 0.1 seconds. CPU system time: 0 seconds. Elapsed time: 0.43 seconds; current allocated memory: 3.740 GB.
INFO: [HLS 200-10] ----------------------------------------------------------------
INFO: [HLS 200-10] -- Generating RTL for module 'fc1full_top_Pipeline_VITIS_LOOP_131_1' 
INFO: [HLS 200-10] ----------------------------------------------------------------
INFO: [HLS 200-1030] Apply Unified Pipeline Control on module 'fc1full_top_Pipeline_VITIS_LOOP_131_1' pipeline 'VITIS_LOOP_131_1' pipeline type 'loop pipeline'
INFO: [RTGEN 206-100] Generating core module 'mux_3200_12_1_1_1': 1 instance(s).
INFO: [RTGEN 206-100] Finished creating RTL model for 'fc1full_top_Pipeline_VITIS_LOOP_131_1'.
INFO: [HLS 200-111] Finished Creating RTL model: CPU user time: 10.31 seconds. CPU system time: 0.12 seconds. Elapsed time: 12.88 seconds; current allocated memory: 3.844 GB.
INFO: [HLS 200-10] ----------------------------------------------------------------
INFO: [HLS 200-10] -- Generating RTL for module 'fc1full_top_Pipeline_VITIS_LOOP_105_2' 
INFO: [HLS 200-10] ----------------------------------------------------------------
INFO: [HLS 200-1030] Apply Unified Pipeline Control on module 'fc1full_top_Pipeline_VITIS_LOOP_105_2' pipeline 'VITIS_LOOP_105_2' pipeline type 'loop pipeline'
INFO: [RTGEN 206-100] Finished creating RTL model for 'fc1full_top_Pipeline_VITIS_LOOP_105_2'.
INFO: [HLS 200-111] Finished Creating RTL model: CPU user time: 10.82 seconds. CPU system time: 0.65 seconds. Elapsed time: 19.56 seconds; current allocated memory: 4.040 GB.
INFO: [HLS 200-10] ----------------------------------------------------------------
INFO: [HLS 200-10] -- Generating RTL for module 'fc1full_top' 
INFO: [HLS 200-10] ----------------------------------------------------------------
INFO: [RTGEN 206-500] Setting interface mode on port 'fc1full_top/in_r' to 'ap_memory'.
INFO: [RTGEN 206-500] Setting interface mode on port 'fc1full_top/out_0' to 'ap_vld'.
INFO: [RTGEN 206-500] Setting interface mode on port 'fc1full_top/out_1' to 'ap_vld'.
INFO: [RTGEN 206-500] Setting interface mode on port 'fc1full_top/out_2' to 'ap_vld'.
INFO: [RTGEN 206-500] Setting interface mode on port 'fc1full_top/out_3' to 'ap_vld'.
INFO: [RTGEN 206-500] Setting interface mode on port 'fc1full_top/out_4' to 'ap_vld'.
INFO: [RTGEN 206-500] Setting interface mode on port 'fc1full_top/out_5' to 'ap_vld'.
INFO: [RTGEN 206-500] Setting interface mode on port 'fc1full_top/out_6' to 'ap_vld'.
INFO: [RTGEN 206-500] Setting interface mode on port 'fc1full_top/out_7' to 'ap_vld'.
INFO: [RTGEN 206-500] Setting interface mode on port 'fc1full_top/out_8' to 'ap_vld'.
INFO: [RTGEN 206-500] Setting interface mode on port 'fc1full_top/out_9' to 'ap_vld'.
INFO: [RTGEN 206-500] Setting interface mode on port 'fc1full_top/out_10' to 'ap_vld'.
INFO: [RTGEN 206-500] Setting interface mode on port 'fc1full_top/out_11' to 'ap_vld'.
INFO: [RTGEN 206-500] Setting interface mode on port 'fc1full_top/out_12' to 'ap_vld'.
INFO: [RTGEN 206-500] Setting interface mode on port 'fc1full_top/out_13' to 'ap_vld'.
INFO: [RTGEN 206-500] Setting interface mode on port 'fc1full_top/out_14' to 'ap_vld'.
INFO: [RTGEN 206-500] Setting interface mode on port 'fc1full_top/out_15' to 'ap_vld'.
INFO: [RTGEN 206-500] Setting interface mode on port 'fc1full_top/out_16' to 'ap_vld'.
INFO: [RTGEN 206-500] Setting interface mode on port 'fc1full_top/out_17' to 'ap_vld'.
INFO: [RTGEN 206-500] Setting interface mode on port 'fc1full_top/out_18' to 'ap_vld'.
INFO: [RTGEN 206-500] Setting interface mode on port 'fc1full_top/out_19' to 'ap_vld'.
INFO: [RTGEN 206-500] Setting interface mode on port 'fc1full_top/out_20' to 'ap_vld'.
INFO: [RTGEN 206-500] Setting interface mode on port 'fc1full_top/out_21' to 'ap_vld'.
INFO: [RTGEN 206-500] Setting interface mode on port 'fc1full_top/out_22' to 'ap_vld'.
INFO: [RTGEN 206-500] Setting interface mode on port 'fc1full_top/out_23' to 'ap_vld'.
INFO: [RTGEN 206-500] Setting interface mode on port 'fc1full_top/out_24' to 'ap_vld'.
INFO: [RTGEN 206-500] Setting interface mode on port 'fc1full_top/out_25' to 'ap_vld'.
INFO: [RTGEN 206-500] Setting interface mode on port 'fc1full_top/out_26' to 'ap_vld'.
INFO: [RTGEN 206-500] Setting interface mode on port 'fc1full_top/out_27' to 'ap_vld'.
INFO: [RTGEN 206-500] Setting interface mode on port 'fc1full_top/out_28' to 'ap_vld'.
INFO: [RTGEN 206-500] Setting interface mode on port 'fc1full_top/out_29' to 'ap_vld'.
INFO: [RTGEN 206-500] Setting interface mode on port 'fc1full_top/out_30' to 'ap_vld'.
INFO: [RTGEN 206-500] Setting interface mode on port 'fc1full_top/out_31' to 'ap_vld'.
INFO: [RTGEN 206-500] Setting interface mode on port 'fc1full_top/out_32' to 'ap_vld'.
INFO: [RTGEN 206-500] Setting interface mode on port 'fc1full_top/out_33' to 'ap_vld'.
INFO: [RTGEN 206-500] Setting interface mode on port 'fc1full_top/out_34' to 'ap_vld'.
INFO: [RTGEN 206-500] Setting interface mode on port 'fc1full_top/out_35' to 'ap_vld'.
INFO: [RTGEN 206-500] Setting interface mode on port 'fc1full_top/out_36' to 'ap_vld'.
INFO: [RTGEN 206-500] Setting interface mode on port 'fc1full_top/out_37' to 'ap_vld'.
INFO: [RTGEN 206-500] Setting interface mode on port 'fc1full_top/out_38' to 'ap_vld'.
INFO: [RTGEN 206-500] Setting interface mode on port 'fc1full_top/out_39' to 'ap_vld'.
INFO: [RTGEN 206-500] Setting interface mode on port 'fc1full_top/out_40' to 'ap_vld'.
INFO: [RTGEN 206-500] Setting interface mode on port 'fc1full_top/out_41' to 'ap_vld'.
INFO: [RTGEN 206-500] Setting interface mode on port 'fc1full_top/out_42' to 'ap_vld'.
INFO: [RTGEN 206-500] Setting interface mode on port 'fc1full_top/out_43' to 'ap_vld'.
INFO: [RTGEN 206-500] Setting interface mode on port 'fc1full_top/out_44' to 'ap_vld'.
INFO: [RTGEN 206-500] Setting interface mode on port 'fc1full_top/out_45' to 'ap_vld'.
INFO: [RTGEN 206-500] Setting interface mode on port 'fc1full_top/out_46' to 'ap_vld'.
INFO: [RTGEN 206-500] Setting interface mode on port 'fc1full_top/out_47' to 'ap_vld'.
INFO: [RTGEN 206-500] Setting interface mode on port 'fc1full_top/out_48' to 'ap_vld'.
INFO: [RTGEN 206-500] Setting interface mode on port 'fc1full_top/out_49' to 'ap_vld'.
INFO: [RTGEN 206-500] Setting interface mode on port 'fc1full_top/out_50' to 'ap_vld'.
INFO: [RTGEN 206-500] Setting interface mode on port 'fc1full_top/out_51' to 'ap_vld'.
INFO: [RTGEN 206-500] Setting interface mode on port 'fc1full_top/out_52' to 'ap_vld'.
INFO: [RTGEN 206-500] Setting interface mode on port 'fc1full_top/out_53' to 'ap_vld'.
INFO: [RTGEN 206-500] Setting interface mode on port 'fc1full_top/out_54' to 'ap_vld'.
INFO: [RTGEN 206-500] Setting interface mode on port 'fc1full_top/out_55' to 'ap_vld'.
INFO: [RTGEN 206-500] Setting interface mode on port 'fc1full_top/out_56' to 'ap_vld'.
INFO: [RTGEN 206-500] Setting interface mode on port 'fc1full_top/out_57' to 'ap_vld'.
INFO: [RTGEN 206-500] Setting interface mode on port 'fc1full_top/out_58' to 'ap_vld'.
INFO: [RTGEN 206-500] Setting interface mode on port 'fc1full_top/out_59' to 'ap_vld'.
INFO: [RTGEN 206-500] Setting interface mode on port 'fc1full_top/out_60' to 'ap_vld'.
INFO: [RTGEN 206-500] Setting interface mode on port 'fc1full_top/out_61' to 'ap_vld'.
INFO: [RTGEN 206-500] Setting interface mode on port 'fc1full_top/out_62' to 'ap_vld'.
INFO: [RTGEN 206-500] Setting interface mode on port 'fc1full_top/out_63' to 'ap_vld'.
INFO: [RTGEN 206-500] Setting interface mode on function 'fc1full_top' to 'ap_ctrl_hs'.
INFO: [RTGEN 206-100] Finished creating RTL model for 'fc1full_top'.
INFO: [RTMG 210-278] Implementing memory 'fc1full_top_fc1_weights_0_RAM_AUTO_1R1W' using auto RAMs.
INFO: [RTMG 210-285] Implementing FIFO 'in_stream_U(fc1full_top_fifo_w1_d4096_A)' using Vivado Default RAMs.
INFO: [RTMG 210-285] Implementing FIFO 'out_stream_U(fc1full_top_fifo_w1_d128_S)' using Shift Registers.
INFO: [HLS 200-111] Finished Creating RTL model: CPU user time: 0.32 seconds. CPU system time: 0.08 seconds. Elapsed time: 15.42 seconds; current allocated memory: 4.044 GB.
INFO: [HLS 200-111] Finished Generating all RTL models: CPU user time: 1.27 seconds. CPU system time: 0.11 seconds. Elapsed time: 2.67 seconds; current allocated memory: 4.054 GB.
INFO: [HLS 200-111] Finished Updating report files: CPU user time: 4.66 seconds. CPU system time: 0.05 seconds. Elapsed time: 4.73 seconds; current allocated memory: 4.061 GB.
INFO: [VHDL 208-304] Generating VHDL RTL for fc1full_top.
INFO: [VLOG 209-307] Generating Verilog RTL for fc1full_top.
INFO: [HLS 200-790] **** Loop Constraint Status: All loop constraints were satisfied.
INFO: [HLS 200-789] **** Estimated Fmax: 202.27 MHz
INFO: [HLS 200-111] Finished Command csynth_design CPU user time: 1557.26 seconds. CPU system time: 10.41 seconds. Elapsed time: 1662.17 seconds; current allocated memory: 2.607 GB.
INFO: [HLS 200-1510] Running: cosim_design 
INFO: [COSIM 212-47] Using XSIM for RTL simulation.
INFO: [COSIM 212-14] Instrumenting C test bench ...
   Build using "/tools/Xilinx/Vitis_HLS/2023.1/tps/lnx64/gcc-8.3.0/bin/g++"
   Compiling fc1full_tb.cpp_pre.cpp.tb.cpp
   Compiling apatb_fc1full_top.cpp
   Compiling fc1full_top.cpp_pre.cpp.tb.cpp
   Compiling apatb_fc1full_top_ir.ll
   Generating cosim.tv.exe
INFO: [COSIM 212-302] Starting C TB testing ... 
Expected FC1 spikes: 1 1 1 0 0 1 1 0 0 0 0 0 0 0 0 0 1 0 1 1 0 1 0 0 0 0 0 0 0 0 0 1 0 1 0 0 0 1 1 1 1 1 1 1 1 0 0 0 1 0 0 0 1 1 0 1 1 0 1 1 1 1 0 0 
Got FC1 spikes     : 1 1 1 0 0 1 1 0 0 0 0 0 0 0 0 0 1 0 1 1 0 1 0 0 0 0 0 0 0 0 0 1 0 1 0 0 0 1 1 1 1 1 1 1 1 0 0 0 1 0 0 0 1 1 0 1 1 0 1 1 1 1 0 0 
FC1FULL TB PASSED
INFO [HLS SIM]: The maximum depth reached by any hls::stream() instance in the design is 3200
INFO: [COSIM 212-333] Generating C post check test bench ...
INFO: [COSIM 212-12] Generating RTL test bench ...
INFO: [COSIM 212-1] *** C/RTL co-simulation file generation completed. ***
INFO: [COSIM 212-323] Starting verilog simulation. 
INFO: [COSIM 212-15] Starting XSIM ...
Vivado Simulator v2023.1
Copyright 1986-2022 Xilinx, Inc. All Rights Reserved.
Copyright 2022-2023 Advanced Micro Devices, Inc. All Rights Reserved.
Running: /tools/Xilinx/Vivado/2023.1/bin/unwrapped/lnx64.o/xelab xil_defaultlib.apatb_fc1full_top_top glbl -Oenable_linking_all_libraries -prj fc1full_top.prj -L smartconnect_v1_0 -L axi_protocol_checker_v1_1_12 -L axi_protocol_checker_v1_1_13 -L axis_protocol_checker_v1_1_11 -L axis_protocol_checker_v1_1_12 -L xil_defaultlib -L unisims_ver -L xpm -L floating_point_v7_1_15 -L floating_point_v7_0_20 --lib ieee_proposed=./ieee_proposed -s fc1full_top 
Multi-threading is on. Using 254 slave threads.
INFO: [VRFC 10-2263] Analyzing SystemVerilog file "/home/coder/Desktop/s2n2/convSNN/convSNN_hls/fc1full_prj/xcvu9p-flga2577-2-e/sim/verilog/glbl.v" into library work
INFO: [VRFC 10-311] analyzing module glbl
INFO: [VRFC 10-2263] Analyzing SystemVerilog file "/home/coder/Desktop/s2n2/convSNN/convSNN_hls/fc1full_prj/xcvu9p-flga2577-2-e/sim/verilog/fc1full_top.autotb.v" into library xil_defaultlib
INFO: [VRFC 10-311] analyzing module apatb_fc1full_top_top
INFO: [VRFC 10-2263] Analyzing SystemVerilog file "/home/coder/Desktop/s2n2/convSNN/convSNN_hls/fc1full_prj/xcvu9p-flga2577-2-e/sim/verilog/AESL_automem_in_r.v" into library xil_defaultlib
INFO: [VRFC 10-311] analyzing module AESL_automem_in_r
INFO: [VRFC 10-2263] Analyzing SystemVerilog file "/home/coder/Desktop/s2n2/convSNN/convSNN_hls/fc1full_prj/xcvu9p-flga2577-2-e/sim/verilog/fc1full_top_load_weights_once_Pipeline_VITIS_LOOP_49_1_VITIS_LOOP_50_2.v" into library xil_defaultlib
INFO: [VRFC 10-311] analyzing module fc1full_top_load_weights_once_Pipeline_VITIS_LOOP_49_1_VITIS_LOOP_50_2
INFO: [VRFC 10-2263] Analyzing SystemVerilog file "/home/coder/Desktop/s2n2/convSNN/convSNN_hls/fc1full_prj/xcvu9p-flga2577-2-e/sim/verilog/fc1full_top_load_weights_once.v" into library xil_defaultlib
INFO: [VRFC 10-311] analyzing module fc1full_top_load_weights_once
INFO: [VRFC 10-2263] Analyzing SystemVerilog file "/home/coder/Desktop/s2n2/convSNN/convSNN_hls/fc1full_prj/xcvu9p-flga2577-2-e/sim/verilog/fc1full_top_fc1full_top_Pipeline_VITIS_LOOP_72_1.v" into library xil_defaultlib
INFO: [VRFC 10-311] analyzing module fc1full_top_fc1full_top_Pipeline_VITIS_LOOP_72_1
INFO: [VRFC 10-2263] Analyzing SystemVerilog file "/home/coder/Desktop/s2n2/convSNN/convSNN_hls/fc1full_prj/xcvu9p-flga2577-2-e/sim/verilog/fc1full_top_fc1full_top_Pipeline_VITIS_LOOP_131_1.v" into library xil_defaultlib
INFO: [VRFC 10-311] analyzing module fc1full_top_fc1full_top_Pipeline_VITIS_LOOP_131_1
INFO: [VRFC 10-2263] Analyzing SystemVerilog file "/home/coder/Desktop/s2n2/convSNN/convSNN_hls/fc1full_prj/xcvu9p-flga2577-2-e/sim/verilog/fc1full_top_fc1full_top_Pipeline_VITIS_LOOP_105_2.v" into library xil_defaultlib
INFO: [VRFC 10-311] analyzing module fc1full_top_fc1full_top_Pipeline_VITIS_LOOP_105_2
INFO: [VRFC 10-2263] Analyzing SystemVerilog file "/home/coder/Desktop/s2n2/convSNN/convSNN_hls/fc1full_prj/xcvu9p-flga2577-2-e/sim/verilog/fc1full_top.v" into library xil_defaultlib
INFO: [VRFC 10-311] analyzing module fc1full_top
INFO: [VRFC 10-2263] Analyzing SystemVerilog file "/home/coder/Desktop/s2n2/convSNN/convSNN_hls/fc1full_prj/xcvu9p-flga2577-2-e/sim/verilog/fc1full_top_flow_control_loop_pipe_sequential_init.v" into library xil_defaultlib
INFO: [VRFC 10-311] analyzing module fc1full_top_flow_control_loop_pipe_sequential_init
INFO: [VRFC 10-2263] Analyzing SystemVerilog file "/home/coder/Desktop/s2n2/convSNN/convSNN_hls/fc1full_prj/xcvu9p-flga2577-2-e/sim/verilog/fc1full_top_load_weights_once_Pipeline_VITIS_LOOP_49_1_VITIS_LOOP_50_2_FC1_W_ROM_AUTO_1R.v" into library xil_defaultlib
INFO: [VRFC 10-311] analyzing module fc1full_top_load_weights_once_Pipeline_VITIS_LOOP_49_1_VITIS_LOOP_50_2_FC1_W_ROM_AUTO_1R
INFO: [VRFC 10-2263] Analyzing SystemVerilog file "/home/coder/Desktop/s2n2/convSNN/convSNN_hls/fc1full_prj/xcvu9p-flga2577-2-e/sim/verilog/fc1full_top_fc1_weights_0_RAM_AUTO_1R1W.v" into library xil_defaultlib
INFO: [VRFC 10-311] analyzing module fc1full_top_fc1_weights_0_RAM_AUTO_1R1W
INFO: [VRFC 10-2263] Analyzing SystemVerilog file "/home/coder/Desktop/s2n2/convSNN/convSNN_hls/fc1full_prj/xcvu9p-flga2577-2-e/sim/verilog/fc1full_top_fifo_w1_d4096_A.v" into library xil_defaultlib
INFO: [VRFC 10-311] analyzing module fc1full_top_fifo_w1_d4096_A
INFO: [VRFC 10-311] analyzing module fc1full_top_fifo_w1_d4096_A_ram
INFO: [VRFC 10-2263] Analyzing SystemVerilog file "/home/coder/Desktop/s2n2/convSNN/convSNN_hls/fc1full_prj/xcvu9p-flga2577-2-e/sim/verilog/fc1full_top_fifo_w1_d128_S.v" into library xil_defaultlib
INFO: [VRFC 10-311] analyzing module fc1full_top_fifo_w1_d128_S
INFO: [VRFC 10-311] analyzing module fc1full_top_fifo_w1_d128_S_ShiftReg
INFO: [VRFC 10-2263] Analyzing SystemVerilog file "/home/coder/Desktop/s2n2/convSNN/convSNN_hls/fc1full_prj/xcvu9p-flga2577-2-e/sim/verilog/fc1full_top_mac_muladd_7ns_12ns_12ns_18_4_1.v" into library xil_defaultlib
INFO: [VRFC 10-311] analyzing module fc1full_top_mac_muladd_7ns_12ns_12ns_18_4_1_DSP48_0
INFO: [VRFC 10-311] analyzing module fc1full_top_mac_muladd_7ns_12ns_12ns_18_4_1
INFO: [VRFC 10-2263] Analyzing SystemVerilog file "/home/coder/Desktop/s2n2/convSNN/convSNN_hls/fc1full_prj/xcvu9p-flga2577-2-e/sim/verilog/fc1full_top_mux_3200_12_1_1_1.v" into library xil_defaultlib
INFO: [VRFC 10-311] analyzing module fc1full_top_mux_3200_12_1_1_1
INFO: [VRFC 10-2263] Analyzing SystemVerilog file "/home/coder/Desktop/s2n2/convSNN/convSNN_hls/fc1full_prj/xcvu9p-flga2577-2-e/sim/verilog/dataflow_monitor.sv" into library xil_defaultlib
INFO: [VRFC 10-311] analyzing module dataflow_monitor
Starting static elaboration
Pass Through NonSizing Optimizer
Completed static elaboration
Starting simulation data flow analysis
Completed simulation data flow analysis
Time Resolution for simulation is 1ps
Compiling package xil_defaultlib.$unit_dataflow_monitor_sv
Compiling module xil_defaultlib.fc1full_top_fc1_weights_0_RAM_AU...
Compiling module xil_defaultlib.fc1full_top_load_weights_once_Pi...
Compiling module xil_defaultlib.fc1full_top_mac_muladd_7ns_12ns_...
Compiling module xil_defaultlib.fc1full_top_mac_muladd_7ns_12ns_...
Compiling module xil_defaultlib.fc1full_top_flow_control_loop_pi...
Compiling module xil_defaultlib.fc1full_top_load_weights_once_Pi...
Compiling module xil_defaultlib.fc1full_top_load_weights_once
Compiling module xil_defaultlib.fc1full_top_fc1full_top_Pipeline...
Compiling module xil_defaultlib.fc1full_top_mux_3200_12_1_1_1(ID...
Compiling module xil_defaultlib.fc1full_top_fc1full_top_Pipeline...
Compiling module xil_defaultlib.fc1full_top_fc1full_top_Pipeline...
Compiling module xil_defaultlib.fc1full_top_fifo_w1_d4096_A_ram
Compiling module xil_defaultlib.fc1full_top_fifo_w1_d4096_A
Compiling module xil_defaultlib.fc1full_top_fifo_w1_d128_S_Shift...
Compiling module xil_defaultlib.fc1full_top_fifo_w1_d128_S
Compiling module xil_defaultlib.fc1full_top
Compiling module xil_defaultlib.AESL_automem_in_r
Compiling module xil_defaultlib.nodf_module_intf
Compiling module xil_defaultlib.upc_loop_intf(FSM_WIDTH=1)
Compiling module xil_defaultlib.dataflow_monitor_1
Compiling module xil_defaultlib.apatb_fc1full_top_top
Compiling module work.glbl
Built simulation snapshot fc1full_top

****** xsim v2023.1 (64-bit)
  **** SW Build 3865809 on Sun May  7 15:04:56 MDT 2023
  **** IP Build 3864474 on Sun May  7 20:36:21 MDT 2023
  **** SharedData Build 3865790 on Sun May 07 13:33:03 MDT 2023
    ** Copyright 1986-2022 Xilinx, Inc. All Rights Reserved.
    ** Copyright 2022-2023 Advanced Micro Devices, Inc. All Rights Reserved.

source xsim.dir/fc1full_top/xsim_script.tcl
# xsim {fc1full_top} -autoloadwcfg -tclbatch {fc1full_top.tcl}
Time resolution is 1 ps
source fc1full_top.tcl
## run all
////////////////////////////////////////////////////////////////////////////////////
// Inter-Transaction Progress: Completed Transaction / Total Transaction
// Intra-Transaction Progress: Measured Latency / Latency Estimation * 100%
//
// RTL Simulation : "Inter-Transaction Progress" ["Intra-Transaction Progress"] @ "Simulation Time"
////////////////////////////////////////////////////////////////////////////////////
// RTL Simulation : 0 / 1 [0.00%] @ "125000"
// RTL Simulation : 1 / 1 [100.00%] @ "4128925000"
////////////////////////////////////////////////////////////////////////////////////
$finish called at time : 4128985 ns : File "/home/coder/Desktop/s2n2/convSNN/convSNN_hls/fc1full_prj/xcvu9p-flga2577-2-e/sim/verilog/fc1full_top.autotb.v" Line 4117
run: Time (s): cpu = 00:00:00.03 ; elapsed = 00:03:25 . Memory (MB): peak = 1291.723 ; gain = 0.000 ; free physical = 674093 ; free virtual = 932467
## quit
INFO: xsimkernel Simulation Memory Usage: 125332 KB (Peak: 173312 KB), Simulation CPU Usage: 204850 ms
INFO: [Common 17-206] Exiting xsim at Thu Apr 30 15:44:30 2026...
INFO: [COSIM 212-316] Starting C post checking ...
Expected FC1 spikes: 1 1 1 0 0 1 1 0 0 0 0 0 0 0 0 0 1 0 1 1 0 1 0 0 0 0 0 0 0 0 0 1 0 1 0 0 0 1 1 1 1 1 1 1 1 0 0 0 1 0 0 0 1 1 0 1 1 0 1 1 1 1 0 0 
Got FC1 spikes     : 1 1 1 0 0 1 1 0 0 0 0 0 0 0 0 0 1 0 1 1 0 1 0 0 0 0 0 0 0 0 0 1 0 1 0 0 0 1 1 1 1 1 1 1 1 0 0 0 1 0 0 0 1 1 0 1 1 0 1 1 1 1 0 0 
FC1FULL TB PASSED
INFO: [COSIM 212-1000] *** C/RTL co-simulation finished: PASS ***
INFO: [COSIM 212-211] II is measurable only when transaction number is greater than 1 in RTL simulation. Otherwise, they will be marked as all NA. If user wants to calculate them, please make sure there are at least 2 transactions in RTL simulation.
INFO: [HLS 200-111] Finished Command cosim_design CPU user time: 339.18 seconds. CPU system time: 12.07 seconds. Elapsed time: 288.97 seconds; current allocated memory: 10.305 MB.
INFO: [HLS 200-112] Total CPU user time: 1904.76 seconds. Total CPU system time: 24.67 seconds. Total elapsed time: 1965.56 seconds; peak allocated memory: 4.071 GB.
INFO: [Common 17-206] Exiting vitis_hls at Thu Apr 30 15:44:35 2026...
