

================================================================
== Vitis HLS Report for 'fc1full_top_Pipeline_VITIS_LOOP_105_2'
================================================================
* Date:           Thu Apr 30 15:38:22 2026

* Version:        2023.1 (Build 3854077 on May  4 2023)
* Project:        fc1full_prj
* Solution:       xcvu9p-flga2577-2-e (Vivado IP Flow Target)
* Product family: virtexuplus
* Target device:  xcvu9p-flga2577-2-e


================================================================
== Performance Estimates
================================================================
+ Timing: 
    * Summary: 
    +--------+----------+----------+------------+
    |  Clock |  Target  | Estimated| Uncertainty|
    +--------+----------+----------+------------+
    |ap_clk  |  10.00 ns|  1.424 ns|     2.70 ns|
    +--------+----------+----------+------------+

+ Latency: 
    * Summary: 
    +---------+---------+----------+----------+-----+-----+---------+
    |  Latency (cycles) |  Latency (absolute) |  Interval | Pipeline|
    |   min   |   max   |    min   |    max   | min | max |   Type  |
    +---------+---------+----------+----------+-----+-----+---------+
    |       66|       66|  0.660 us|  0.660 us|   66|   66|       no|
    +---------+---------+----------+----------+-----+-----+---------+

    + Detail: 
        * Instance: 
        N/A

        * Loop: 
        +--------------------+---------+---------+----------+-----------+-----------+------+----------+
        |                    |  Latency (cycles) | Iteration|  Initiation Interval  | Trip |          |
        |      Loop Name     |   min   |   max   |  Latency |  achieved |   target  | Count| Pipelined|
        +--------------------+---------+---------+----------+-----------+-----------+------+----------+
        |- VITIS_LOOP_105_2  |       64|       64|         2|          1|          1|    64|       yes|
        +--------------------+---------+---------+----------+-----------+-----------+------+----------+

============================================================
+ Verbose Summary: Synthesis Manager
============================================================
InlineROM: 1
ExposeGlobal: 0
============================================================
+ Verbose Summary: CDFG Model
============================================================
IsTopModel: 0
ResetActiveHigh: 1
IsCombinational: 0
IsDatapathOnly: 0
HasWiredReturn: 1
HasMFsm: 2
HasVarLatency: 1
IsPipeline: 0
IsRtlPipelined: 0
IsInstanceOverlapped: 0
IsDontTouch: 0
HasImplIP: 0
IsGatedGlobalClock: 0

+ Individual pipeline summary: 
  * Pipeline-0: initiation interval (II) = 1, depth = 2


============================================================
+ Verbose Summary: Schedule
============================================================
* Number of FSM states : 2
* Pipeline : 1
  Pipeline-0 : II = 1, D = 2, States = { 1 2 }
* Dataflow Pipeline: 0

* FSM state transitions: 
1 --> 2 
2 --> 

* FSM state operations: 

State 1 <SV = 0> <Delay = 1.09>
ST_1 : Operation 5 [1/1] (0.00ns)   --->   "%i_2 = alloca i32 1"   --->   Operation 5 'alloca' 'i_2' <Predicate = true> <Delay = 0.00>
ST_1 : Operation 6 [1/1] (0.00ns)   --->   "%specinterface_ln0 = specinterface void @_ssdm_op_SpecInterface, i1 %out_stream, void @empty_3, i32 0, i32 0, void @empty_5, i32 0, i32 0, void @empty_5, void @empty_5, void @empty_5, i32 0, i32 0, i32 0, i32 0, void @empty_5, void @empty_5, i32 4294967295, i32 0"   --->   Operation 6 'specinterface' 'specinterface_ln0' <Predicate = true> <Delay = 0.00>
ST_1 : Operation 7 [1/1] (0.38ns)   --->   "%store_ln0 = store i7 0, i7 %i_2"   --->   Operation 7 'store' 'store_ln0' <Predicate = true> <Delay = 0.38>
ST_1 : Operation 8 [1/1] (0.00ns)   --->   "%br_ln0 = br void %for.inc9"   --->   Operation 8 'br' 'br_ln0' <Predicate = true> <Delay = 0.00>
ST_1 : Operation 9 [1/1] (0.00ns)   --->   "%i = load i7 %i_2" [/home/coder/Desktop/s2n2/convSNN/fc1full_top.cpp:105]   --->   Operation 9 'load' 'i' <Predicate = true> <Delay = 0.00>
ST_1 : Operation 10 [1/1] (0.70ns)   --->   "%icmp_ln105 = icmp_eq  i7 %i, i7 64" [/home/coder/Desktop/s2n2/convSNN/fc1full_top.cpp:105]   --->   Operation 10 'icmp' 'icmp_ln105' <Predicate = true> <Delay = 0.70> <CoreInst = "Cmp">   --->   Core 9 'Cmp' <Latency = 0> <II = 1> <Delay = 0.70> <FuncUnit> <Opcode : 'icmp'> <InPorts = 2> <OutPorts = 1>
ST_1 : Operation 11 [1/1] (0.70ns)   --->   "%add_ln105 = add i7 %i, i7 1" [/home/coder/Desktop/s2n2/convSNN/fc1full_top.cpp:105]   --->   Operation 11 'add' 'add_ln105' <Predicate = true> <Delay = 0.70> <CoreInst = "Adder">   --->   Core 1 'Adder' <Latency = 0> <II = 1> <Delay = 0.70> <FuncUnit> <Opcode : 'add' 'sub'> <InPorts = 2> <OutPorts = 1>
ST_1 : Operation 12 [1/1] (0.00ns)   --->   "%br_ln105 = br i1 %icmp_ln105, void %for.inc9.split, void %for.end11.exitStub" [/home/coder/Desktop/s2n2/convSNN/fc1full_top.cpp:105]   --->   Operation 12 'br' 'br_ln105' <Predicate = true> <Delay = 0.00>
ST_1 : Operation 13 [1/1] (0.00ns)   --->   "%trunc_ln105 = trunc i7 %i" [/home/coder/Desktop/s2n2/convSNN/fc1full_top.cpp:105]   --->   Operation 13 'trunc' 'trunc_ln105' <Predicate = (!icmp_ln105)> <Delay = 0.00>
ST_1 : Operation 14 [1/1] (0.68ns)   --->   "%switch_ln107 = switch i6 %trunc_ln105, void %arrayidx82.case.63, i6 0, void %arrayidx82.case.0, i6 1, void %arrayidx82.case.1, i6 2, void %arrayidx82.case.2, i6 3, void %arrayidx82.case.3, i6 4, void %arrayidx82.case.4, i6 5, void %arrayidx82.case.5, i6 6, void %arrayidx82.case.6, i6 7, void %arrayidx82.case.7, i6 8, void %arrayidx82.case.8, i6 9, void %arrayidx82.case.9, i6 10, void %arrayidx82.case.10, i6 11, void %arrayidx82.case.11, i6 12, void %arrayidx82.case.12, i6 13, void %arrayidx82.case.13, i6 14, void %arrayidx82.case.14, i6 15, void %arrayidx82.case.15, i6 16, void %arrayidx82.case.16, i6 17, void %arrayidx82.case.17, i6 18, void %arrayidx82.case.18, i6 19, void %arrayidx82.case.19, i6 20, void %arrayidx82.case.20, i6 21, void %arrayidx82.case.21, i6 22, void %arrayidx82.case.22, i6 23, void %arrayidx82.case.23, i6 24, void %arrayidx82.case.24, i6 25, void %arrayidx82.case.25, i6 26, void %arrayidx82.case.26, i6 27, void %arrayidx82.case.27, i6 28, void %arrayidx82.case.28, i6 29, void %arrayidx82.case.29, i6 30, void %arrayidx82.case.30, i6 31, void %arrayidx82.case.31, i6 32, void %arrayidx82.case.32, i6 33, void %arrayidx82.case.33, i6 34, void %arrayidx82.case.34, i6 35, void %arrayidx82.case.35, i6 36, void %arrayidx82.case.36, i6 37, void %arrayidx82.case.37, i6 38, void %arrayidx82.case.38, i6 39, void %arrayidx82.case.39, i6 40, void %arrayidx82.case.40, i6 41, void %arrayidx82.case.41, i6 42, void %arrayidx82.case.42, i6 43, void %arrayidx82.case.43, i6 44, void %arrayidx82.case.44, i6 45, void %arrayidx82.case.45, i6 46, void %arrayidx82.case.46, i6 47, void %arrayidx82.case.47, i6 48, void %arrayidx82.case.48, i6 49, void %arrayidx82.case.49, i6 50, void %arrayidx82.case.50, i6 51, void %arrayidx82.case.51, i6 52, void %arrayidx82.case.52, i6 53, void %arrayidx82.case.53, i6 54, void %arrayidx82.case.54, i6 55, void %arrayidx82.case.55, i6 56, void %arrayidx82.case.56, i6 57, void %arrayidx82.case.57, i6 58, void %arrayidx82.case.58, i6 59, void %arrayidx82.case.59, i6 60, void %arrayidx82.case.60, i6 61, void %arrayidx82.case.61, i6 62, void %arrayidx82.case.62" [/home/coder/Desktop/s2n2/convSNN/fc1full_top.cpp:107]   --->   Operation 14 'switch' 'switch_ln107' <Predicate = (!icmp_ln105)> <Delay = 0.68>
ST_1 : Operation 15 [1/1] (0.38ns)   --->   "%store_ln105 = store i7 %add_ln105, i7 %i_2" [/home/coder/Desktop/s2n2/convSNN/fc1full_top.cpp:105]   --->   Operation 15 'store' 'store_ln105' <Predicate = (!icmp_ln105)> <Delay = 0.38>
ST_1 : Operation 16 [1/1] (0.00ns)   --->   "%br_ln105 = br void %for.inc9" [/home/coder/Desktop/s2n2/convSNN/fc1full_top.cpp:105]   --->   Operation 16 'br' 'br_ln105' <Predicate = (!icmp_ln105)> <Delay = 0.00>
ST_1 : Operation 149 [1/1] (0.00ns)   --->   "%ret_ln0 = ret"   --->   Operation 149 'ret' 'ret_ln0' <Predicate = (icmp_ln105)> <Delay = 0.00>

State 2 <SV = 1> <Delay = 1.42>
ST_2 : Operation 17 [1/1] (0.00ns)   --->   "%specpipeline_ln106 = specpipeline void @_ssdm_op_SpecPipeline, i32 1, i32 0, i32 0, i32 0, void @empty_5" [/home/coder/Desktop/s2n2/convSNN/fc1full_top.cpp:106]   --->   Operation 17 'specpipeline' 'specpipeline_ln106' <Predicate = true> <Delay = 0.00>
ST_2 : Operation 18 [1/1] (0.00ns)   --->   "%speclooptripcount_ln105 = speclooptripcount void @_ssdm_op_SpecLoopTripCount, i64 64, i64 64, i64 64" [/home/coder/Desktop/s2n2/convSNN/fc1full_top.cpp:105]   --->   Operation 18 'speclooptripcount' 'speclooptripcount_ln105' <Predicate = true> <Delay = 0.00>
ST_2 : Operation 19 [1/1] (0.00ns)   --->   "%specloopname_ln105 = specloopname void @_ssdm_op_SpecLoopName, void @empty_0" [/home/coder/Desktop/s2n2/convSNN/fc1full_top.cpp:105]   --->   Operation 19 'specloopname' 'specloopname_ln105' <Predicate = true> <Delay = 0.00>
ST_2 : Operation 20 [1/1] (1.42ns)   --->   "%out_stream_read = read i1 @_ssdm_op_Read.ap_fifo.volatile.i1P0A, i1 %out_stream" [/home/coder/Desktop/s2n2/convSNN/fc1full_top.cpp:107]   --->   Operation 20 'read' 'out_stream_read' <Predicate = true> <Delay = 1.42> <CoreInst = "FIFO_SRL">   --->   Core 81 'FIFO_SRL' <Latency = 0> <II = 1> <Delay = 1.42> <Storage> <Opcode : 'read' 'write' 'nbread' 'nbwrite'> <Ports = 0> <Width = 1> <Depth = 128> <FIFO>
ST_2 : Operation 21 [1/1] (0.00ns)   --->   "%write_ln107 = write void @_ssdm_op_Write.ap_auto.i1P0A, i1 %out_62, i1 %out_stream_read" [/home/coder/Desktop/s2n2/convSNN/fc1full_top.cpp:107]   --->   Operation 21 'write' 'write_ln107' <Predicate = (trunc_ln105 == 62)> <Delay = 0.00>
ST_2 : Operation 22 [1/1] (0.00ns)   --->   "%br_ln107 = br void %arrayidx82.exit" [/home/coder/Desktop/s2n2/convSNN/fc1full_top.cpp:107]   --->   Operation 22 'br' 'br_ln107' <Predicate = (trunc_ln105 == 62)> <Delay = 0.00>
ST_2 : Operation 23 [1/1] (0.00ns)   --->   "%write_ln107 = write void @_ssdm_op_Write.ap_auto.i1P0A, i1 %out_61, i1 %out_stream_read" [/home/coder/Desktop/s2n2/convSNN/fc1full_top.cpp:107]   --->   Operation 23 'write' 'write_ln107' <Predicate = (trunc_ln105 == 61)> <Delay = 0.00>
ST_2 : Operation 24 [1/1] (0.00ns)   --->   "%br_ln107 = br void %arrayidx82.exit" [/home/coder/Desktop/s2n2/convSNN/fc1full_top.cpp:107]   --->   Operation 24 'br' 'br_ln107' <Predicate = (trunc_ln105 == 61)> <Delay = 0.00>
ST_2 : Operation 25 [1/1] (0.00ns)   --->   "%write_ln107 = write void @_ssdm_op_Write.ap_auto.i1P0A, i1 %out_60, i1 %out_stream_read" [/home/coder/Desktop/s2n2/convSNN/fc1full_top.cpp:107]   --->   Operation 25 'write' 'write_ln107' <Predicate = (trunc_ln105 == 60)> <Delay = 0.00>
ST_2 : Operation 26 [1/1] (0.00ns)   --->   "%br_ln107 = br void %arrayidx82.exit" [/home/coder/Desktop/s2n2/convSNN/fc1full_top.cpp:107]   --->   Operation 26 'br' 'br_ln107' <Predicate = (trunc_ln105 == 60)> <Delay = 0.00>
ST_2 : Operation 27 [1/1] (0.00ns)   --->   "%write_ln107 = write void @_ssdm_op_Write.ap_auto.i1P0A, i1 %out_59, i1 %out_stream_read" [/home/coder/Desktop/s2n2/convSNN/fc1full_top.cpp:107]   --->   Operation 27 'write' 'write_ln107' <Predicate = (trunc_ln105 == 59)> <Delay = 0.00>
ST_2 : Operation 28 [1/1] (0.00ns)   --->   "%br_ln107 = br void %arrayidx82.exit" [/home/coder/Desktop/s2n2/convSNN/fc1full_top.cpp:107]   --->   Operation 28 'br' 'br_ln107' <Predicate = (trunc_ln105 == 59)> <Delay = 0.00>
ST_2 : Operation 29 [1/1] (0.00ns)   --->   "%write_ln107 = write void @_ssdm_op_Write.ap_auto.i1P0A, i1 %out_58, i1 %out_stream_read" [/home/coder/Desktop/s2n2/convSNN/fc1full_top.cpp:107]   --->   Operation 29 'write' 'write_ln107' <Predicate = (trunc_ln105 == 58)> <Delay = 0.00>
ST_2 : Operation 30 [1/1] (0.00ns)   --->   "%br_ln107 = br void %arrayidx82.exit" [/home/coder/Desktop/s2n2/convSNN/fc1full_top.cpp:107]   --->   Operation 30 'br' 'br_ln107' <Predicate = (trunc_ln105 == 58)> <Delay = 0.00>
ST_2 : Operation 31 [1/1] (0.00ns)   --->   "%write_ln107 = write void @_ssdm_op_Write.ap_auto.i1P0A, i1 %out_57, i1 %out_stream_read" [/home/coder/Desktop/s2n2/convSNN/fc1full_top.cpp:107]   --->   Operation 31 'write' 'write_ln107' <Predicate = (trunc_ln105 == 57)> <Delay = 0.00>
ST_2 : Operation 32 [1/1] (0.00ns)   --->   "%br_ln107 = br void %arrayidx82.exit" [/home/coder/Desktop/s2n2/convSNN/fc1full_top.cpp:107]   --->   Operation 32 'br' 'br_ln107' <Predicate = (trunc_ln105 == 57)> <Delay = 0.00>
ST_2 : Operation 33 [1/1] (0.00ns)   --->   "%write_ln107 = write void @_ssdm_op_Write.ap_auto.i1P0A, i1 %out_56, i1 %out_stream_read" [/home/coder/Desktop/s2n2/convSNN/fc1full_top.cpp:107]   --->   Operation 33 'write' 'write_ln107' <Predicate = (trunc_ln105 == 56)> <Delay = 0.00>
ST_2 : Operation 34 [1/1] (0.00ns)   --->   "%br_ln107 = br void %arrayidx82.exit" [/home/coder/Desktop/s2n2/convSNN/fc1full_top.cpp:107]   --->   Operation 34 'br' 'br_ln107' <Predicate = (trunc_ln105 == 56)> <Delay = 0.00>
ST_2 : Operation 35 [1/1] (0.00ns)   --->   "%write_ln107 = write void @_ssdm_op_Write.ap_auto.i1P0A, i1 %out_55, i1 %out_stream_read" [/home/coder/Desktop/s2n2/convSNN/fc1full_top.cpp:107]   --->   Operation 35 'write' 'write_ln107' <Predicate = (trunc_ln105 == 55)> <Delay = 0.00>
ST_2 : Operation 36 [1/1] (0.00ns)   --->   "%br_ln107 = br void %arrayidx82.exit" [/home/coder/Desktop/s2n2/convSNN/fc1full_top.cpp:107]   --->   Operation 36 'br' 'br_ln107' <Predicate = (trunc_ln105 == 55)> <Delay = 0.00>
ST_2 : Operation 37 [1/1] (0.00ns)   --->   "%write_ln107 = write void @_ssdm_op_Write.ap_auto.i1P0A, i1 %out_54, i1 %out_stream_read" [/home/coder/Desktop/s2n2/convSNN/fc1full_top.cpp:107]   --->   Operation 37 'write' 'write_ln107' <Predicate = (trunc_ln105 == 54)> <Delay = 0.00>
ST_2 : Operation 38 [1/1] (0.00ns)   --->   "%br_ln107 = br void %arrayidx82.exit" [/home/coder/Desktop/s2n2/convSNN/fc1full_top.cpp:107]   --->   Operation 38 'br' 'br_ln107' <Predicate = (trunc_ln105 == 54)> <Delay = 0.00>
ST_2 : Operation 39 [1/1] (0.00ns)   --->   "%write_ln107 = write void @_ssdm_op_Write.ap_auto.i1P0A, i1 %out_53, i1 %out_stream_read" [/home/coder/Desktop/s2n2/convSNN/fc1full_top.cpp:107]   --->   Operation 39 'write' 'write_ln107' <Predicate = (trunc_ln105 == 53)> <Delay = 0.00>
ST_2 : Operation 40 [1/1] (0.00ns)   --->   "%br_ln107 = br void %arrayidx82.exit" [/home/coder/Desktop/s2n2/convSNN/fc1full_top.cpp:107]   --->   Operation 40 'br' 'br_ln107' <Predicate = (trunc_ln105 == 53)> <Delay = 0.00>
ST_2 : Operation 41 [1/1] (0.00ns)   --->   "%write_ln107 = write void @_ssdm_op_Write.ap_auto.i1P0A, i1 %out_52, i1 %out_stream_read" [/home/coder/Desktop/s2n2/convSNN/fc1full_top.cpp:107]   --->   Operation 41 'write' 'write_ln107' <Predicate = (trunc_ln105 == 52)> <Delay = 0.00>
ST_2 : Operation 42 [1/1] (0.00ns)   --->   "%br_ln107 = br void %arrayidx82.exit" [/home/coder/Desktop/s2n2/convSNN/fc1full_top.cpp:107]   --->   Operation 42 'br' 'br_ln107' <Predicate = (trunc_ln105 == 52)> <Delay = 0.00>
ST_2 : Operation 43 [1/1] (0.00ns)   --->   "%write_ln107 = write void @_ssdm_op_Write.ap_auto.i1P0A, i1 %out_51, i1 %out_stream_read" [/home/coder/Desktop/s2n2/convSNN/fc1full_top.cpp:107]   --->   Operation 43 'write' 'write_ln107' <Predicate = (trunc_ln105 == 51)> <Delay = 0.00>
ST_2 : Operation 44 [1/1] (0.00ns)   --->   "%br_ln107 = br void %arrayidx82.exit" [/home/coder/Desktop/s2n2/convSNN/fc1full_top.cpp:107]   --->   Operation 44 'br' 'br_ln107' <Predicate = (trunc_ln105 == 51)> <Delay = 0.00>
ST_2 : Operation 45 [1/1] (0.00ns)   --->   "%write_ln107 = write void @_ssdm_op_Write.ap_auto.i1P0A, i1 %out_50, i1 %out_stream_read" [/home/coder/Desktop/s2n2/convSNN/fc1full_top.cpp:107]   --->   Operation 45 'write' 'write_ln107' <Predicate = (trunc_ln105 == 50)> <Delay = 0.00>
ST_2 : Operation 46 [1/1] (0.00ns)   --->   "%br_ln107 = br void %arrayidx82.exit" [/home/coder/Desktop/s2n2/convSNN/fc1full_top.cpp:107]   --->   Operation 46 'br' 'br_ln107' <Predicate = (trunc_ln105 == 50)> <Delay = 0.00>
ST_2 : Operation 47 [1/1] (0.00ns)   --->   "%write_ln107 = write void @_ssdm_op_Write.ap_auto.i1P0A, i1 %out_49, i1 %out_stream_read" [/home/coder/Desktop/s2n2/convSNN/fc1full_top.cpp:107]   --->   Operation 47 'write' 'write_ln107' <Predicate = (trunc_ln105 == 49)> <Delay = 0.00>
ST_2 : Operation 48 [1/1] (0.00ns)   --->   "%br_ln107 = br void %arrayidx82.exit" [/home/coder/Desktop/s2n2/convSNN/fc1full_top.cpp:107]   --->   Operation 48 'br' 'br_ln107' <Predicate = (trunc_ln105 == 49)> <Delay = 0.00>
ST_2 : Operation 49 [1/1] (0.00ns)   --->   "%write_ln107 = write void @_ssdm_op_Write.ap_auto.i1P0A, i1 %out_48, i1 %out_stream_read" [/home/coder/Desktop/s2n2/convSNN/fc1full_top.cpp:107]   --->   Operation 49 'write' 'write_ln107' <Predicate = (trunc_ln105 == 48)> <Delay = 0.00>
ST_2 : Operation 50 [1/1] (0.00ns)   --->   "%br_ln107 = br void %arrayidx82.exit" [/home/coder/Desktop/s2n2/convSNN/fc1full_top.cpp:107]   --->   Operation 50 'br' 'br_ln107' <Predicate = (trunc_ln105 == 48)> <Delay = 0.00>
ST_2 : Operation 51 [1/1] (0.00ns)   --->   "%write_ln107 = write void @_ssdm_op_Write.ap_auto.i1P0A, i1 %out_47, i1 %out_stream_read" [/home/coder/Desktop/s2n2/convSNN/fc1full_top.cpp:107]   --->   Operation 51 'write' 'write_ln107' <Predicate = (trunc_ln105 == 47)> <Delay = 0.00>
ST_2 : Operation 52 [1/1] (0.00ns)   --->   "%br_ln107 = br void %arrayidx82.exit" [/home/coder/Desktop/s2n2/convSNN/fc1full_top.cpp:107]   --->   Operation 52 'br' 'br_ln107' <Predicate = (trunc_ln105 == 47)> <Delay = 0.00>
ST_2 : Operation 53 [1/1] (0.00ns)   --->   "%write_ln107 = write void @_ssdm_op_Write.ap_auto.i1P0A, i1 %out_46, i1 %out_stream_read" [/home/coder/Desktop/s2n2/convSNN/fc1full_top.cpp:107]   --->   Operation 53 'write' 'write_ln107' <Predicate = (trunc_ln105 == 46)> <Delay = 0.00>
ST_2 : Operation 54 [1/1] (0.00ns)   --->   "%br_ln107 = br void %arrayidx82.exit" [/home/coder/Desktop/s2n2/convSNN/fc1full_top.cpp:107]   --->   Operation 54 'br' 'br_ln107' <Predicate = (trunc_ln105 == 46)> <Delay = 0.00>
ST_2 : Operation 55 [1/1] (0.00ns)   --->   "%write_ln107 = write void @_ssdm_op_Write.ap_auto.i1P0A, i1 %out_45, i1 %out_stream_read" [/home/coder/Desktop/s2n2/convSNN/fc1full_top.cpp:107]   --->   Operation 55 'write' 'write_ln107' <Predicate = (trunc_ln105 == 45)> <Delay = 0.00>
ST_2 : Operation 56 [1/1] (0.00ns)   --->   "%br_ln107 = br void %arrayidx82.exit" [/home/coder/Desktop/s2n2/convSNN/fc1full_top.cpp:107]   --->   Operation 56 'br' 'br_ln107' <Predicate = (trunc_ln105 == 45)> <Delay = 0.00>
ST_2 : Operation 57 [1/1] (0.00ns)   --->   "%write_ln107 = write void @_ssdm_op_Write.ap_auto.i1P0A, i1 %out_44, i1 %out_stream_read" [/home/coder/Desktop/s2n2/convSNN/fc1full_top.cpp:107]   --->   Operation 57 'write' 'write_ln107' <Predicate = (trunc_ln105 == 44)> <Delay = 0.00>
ST_2 : Operation 58 [1/1] (0.00ns)   --->   "%br_ln107 = br void %arrayidx82.exit" [/home/coder/Desktop/s2n2/convSNN/fc1full_top.cpp:107]   --->   Operation 58 'br' 'br_ln107' <Predicate = (trunc_ln105 == 44)> <Delay = 0.00>
ST_2 : Operation 59 [1/1] (0.00ns)   --->   "%write_ln107 = write void @_ssdm_op_Write.ap_auto.i1P0A, i1 %out_43, i1 %out_stream_read" [/home/coder/Desktop/s2n2/convSNN/fc1full_top.cpp:107]   --->   Operation 59 'write' 'write_ln107' <Predicate = (trunc_ln105 == 43)> <Delay = 0.00>
ST_2 : Operation 60 [1/1] (0.00ns)   --->   "%br_ln107 = br void %arrayidx82.exit" [/home/coder/Desktop/s2n2/convSNN/fc1full_top.cpp:107]   --->   Operation 60 'br' 'br_ln107' <Predicate = (trunc_ln105 == 43)> <Delay = 0.00>
ST_2 : Operation 61 [1/1] (0.00ns)   --->   "%write_ln107 = write void @_ssdm_op_Write.ap_auto.i1P0A, i1 %out_42, i1 %out_stream_read" [/home/coder/Desktop/s2n2/convSNN/fc1full_top.cpp:107]   --->   Operation 61 'write' 'write_ln107' <Predicate = (trunc_ln105 == 42)> <Delay = 0.00>
ST_2 : Operation 62 [1/1] (0.00ns)   --->   "%br_ln107 = br void %arrayidx82.exit" [/home/coder/Desktop/s2n2/convSNN/fc1full_top.cpp:107]   --->   Operation 62 'br' 'br_ln107' <Predicate = (trunc_ln105 == 42)> <Delay = 0.00>
ST_2 : Operation 63 [1/1] (0.00ns)   --->   "%write_ln107 = write void @_ssdm_op_Write.ap_auto.i1P0A, i1 %out_41, i1 %out_stream_read" [/home/coder/Desktop/s2n2/convSNN/fc1full_top.cpp:107]   --->   Operation 63 'write' 'write_ln107' <Predicate = (trunc_ln105 == 41)> <Delay = 0.00>
ST_2 : Operation 64 [1/1] (0.00ns)   --->   "%br_ln107 = br void %arrayidx82.exit" [/home/coder/Desktop/s2n2/convSNN/fc1full_top.cpp:107]   --->   Operation 64 'br' 'br_ln107' <Predicate = (trunc_ln105 == 41)> <Delay = 0.00>
ST_2 : Operation 65 [1/1] (0.00ns)   --->   "%write_ln107 = write void @_ssdm_op_Write.ap_auto.i1P0A, i1 %out_40, i1 %out_stream_read" [/home/coder/Desktop/s2n2/convSNN/fc1full_top.cpp:107]   --->   Operation 65 'write' 'write_ln107' <Predicate = (trunc_ln105 == 40)> <Delay = 0.00>
ST_2 : Operation 66 [1/1] (0.00ns)   --->   "%br_ln107 = br void %arrayidx82.exit" [/home/coder/Desktop/s2n2/convSNN/fc1full_top.cpp:107]   --->   Operation 66 'br' 'br_ln107' <Predicate = (trunc_ln105 == 40)> <Delay = 0.00>
ST_2 : Operation 67 [1/1] (0.00ns)   --->   "%write_ln107 = write void @_ssdm_op_Write.ap_auto.i1P0A, i1 %out_39, i1 %out_stream_read" [/home/coder/Desktop/s2n2/convSNN/fc1full_top.cpp:107]   --->   Operation 67 'write' 'write_ln107' <Predicate = (trunc_ln105 == 39)> <Delay = 0.00>
ST_2 : Operation 68 [1/1] (0.00ns)   --->   "%br_ln107 = br void %arrayidx82.exit" [/home/coder/Desktop/s2n2/convSNN/fc1full_top.cpp:107]   --->   Operation 68 'br' 'br_ln107' <Predicate = (trunc_ln105 == 39)> <Delay = 0.00>
ST_2 : Operation 69 [1/1] (0.00ns)   --->   "%write_ln107 = write void @_ssdm_op_Write.ap_auto.i1P0A, i1 %out_38, i1 %out_stream_read" [/home/coder/Desktop/s2n2/convSNN/fc1full_top.cpp:107]   --->   Operation 69 'write' 'write_ln107' <Predicate = (trunc_ln105 == 38)> <Delay = 0.00>
ST_2 : Operation 70 [1/1] (0.00ns)   --->   "%br_ln107 = br void %arrayidx82.exit" [/home/coder/Desktop/s2n2/convSNN/fc1full_top.cpp:107]   --->   Operation 70 'br' 'br_ln107' <Predicate = (trunc_ln105 == 38)> <Delay = 0.00>
ST_2 : Operation 71 [1/1] (0.00ns)   --->   "%write_ln107 = write void @_ssdm_op_Write.ap_auto.i1P0A, i1 %out_37, i1 %out_stream_read" [/home/coder/Desktop/s2n2/convSNN/fc1full_top.cpp:107]   --->   Operation 71 'write' 'write_ln107' <Predicate = (trunc_ln105 == 37)> <Delay = 0.00>
ST_2 : Operation 72 [1/1] (0.00ns)   --->   "%br_ln107 = br void %arrayidx82.exit" [/home/coder/Desktop/s2n2/convSNN/fc1full_top.cpp:107]   --->   Operation 72 'br' 'br_ln107' <Predicate = (trunc_ln105 == 37)> <Delay = 0.00>
ST_2 : Operation 73 [1/1] (0.00ns)   --->   "%write_ln107 = write void @_ssdm_op_Write.ap_auto.i1P0A, i1 %out_36, i1 %out_stream_read" [/home/coder/Desktop/s2n2/convSNN/fc1full_top.cpp:107]   --->   Operation 73 'write' 'write_ln107' <Predicate = (trunc_ln105 == 36)> <Delay = 0.00>
ST_2 : Operation 74 [1/1] (0.00ns)   --->   "%br_ln107 = br void %arrayidx82.exit" [/home/coder/Desktop/s2n2/convSNN/fc1full_top.cpp:107]   --->   Operation 74 'br' 'br_ln107' <Predicate = (trunc_ln105 == 36)> <Delay = 0.00>
ST_2 : Operation 75 [1/1] (0.00ns)   --->   "%write_ln107 = write void @_ssdm_op_Write.ap_auto.i1P0A, i1 %out_35, i1 %out_stream_read" [/home/coder/Desktop/s2n2/convSNN/fc1full_top.cpp:107]   --->   Operation 75 'write' 'write_ln107' <Predicate = (trunc_ln105 == 35)> <Delay = 0.00>
ST_2 : Operation 76 [1/1] (0.00ns)   --->   "%br_ln107 = br void %arrayidx82.exit" [/home/coder/Desktop/s2n2/convSNN/fc1full_top.cpp:107]   --->   Operation 76 'br' 'br_ln107' <Predicate = (trunc_ln105 == 35)> <Delay = 0.00>
ST_2 : Operation 77 [1/1] (0.00ns)   --->   "%write_ln107 = write void @_ssdm_op_Write.ap_auto.i1P0A, i1 %out_34, i1 %out_stream_read" [/home/coder/Desktop/s2n2/convSNN/fc1full_top.cpp:107]   --->   Operation 77 'write' 'write_ln107' <Predicate = (trunc_ln105 == 34)> <Delay = 0.00>
ST_2 : Operation 78 [1/1] (0.00ns)   --->   "%br_ln107 = br void %arrayidx82.exit" [/home/coder/Desktop/s2n2/convSNN/fc1full_top.cpp:107]   --->   Operation 78 'br' 'br_ln107' <Predicate = (trunc_ln105 == 34)> <Delay = 0.00>
ST_2 : Operation 79 [1/1] (0.00ns)   --->   "%write_ln107 = write void @_ssdm_op_Write.ap_auto.i1P0A, i1 %out_33, i1 %out_stream_read" [/home/coder/Desktop/s2n2/convSNN/fc1full_top.cpp:107]   --->   Operation 79 'write' 'write_ln107' <Predicate = (trunc_ln105 == 33)> <Delay = 0.00>
ST_2 : Operation 80 [1/1] (0.00ns)   --->   "%br_ln107 = br void %arrayidx82.exit" [/home/coder/Desktop/s2n2/convSNN/fc1full_top.cpp:107]   --->   Operation 80 'br' 'br_ln107' <Predicate = (trunc_ln105 == 33)> <Delay = 0.00>
ST_2 : Operation 81 [1/1] (0.00ns)   --->   "%write_ln107 = write void @_ssdm_op_Write.ap_auto.i1P0A, i1 %out_32, i1 %out_stream_read" [/home/coder/Desktop/s2n2/convSNN/fc1full_top.cpp:107]   --->   Operation 81 'write' 'write_ln107' <Predicate = (trunc_ln105 == 32)> <Delay = 0.00>
ST_2 : Operation 82 [1/1] (0.00ns)   --->   "%br_ln107 = br void %arrayidx82.exit" [/home/coder/Desktop/s2n2/convSNN/fc1full_top.cpp:107]   --->   Operation 82 'br' 'br_ln107' <Predicate = (trunc_ln105 == 32)> <Delay = 0.00>
ST_2 : Operation 83 [1/1] (0.00ns)   --->   "%write_ln107 = write void @_ssdm_op_Write.ap_auto.i1P0A, i1 %out_31, i1 %out_stream_read" [/home/coder/Desktop/s2n2/convSNN/fc1full_top.cpp:107]   --->   Operation 83 'write' 'write_ln107' <Predicate = (trunc_ln105 == 31)> <Delay = 0.00>
ST_2 : Operation 84 [1/1] (0.00ns)   --->   "%br_ln107 = br void %arrayidx82.exit" [/home/coder/Desktop/s2n2/convSNN/fc1full_top.cpp:107]   --->   Operation 84 'br' 'br_ln107' <Predicate = (trunc_ln105 == 31)> <Delay = 0.00>
ST_2 : Operation 85 [1/1] (0.00ns)   --->   "%write_ln107 = write void @_ssdm_op_Write.ap_auto.i1P0A, i1 %out_30, i1 %out_stream_read" [/home/coder/Desktop/s2n2/convSNN/fc1full_top.cpp:107]   --->   Operation 85 'write' 'write_ln107' <Predicate = (trunc_ln105 == 30)> <Delay = 0.00>
ST_2 : Operation 86 [1/1] (0.00ns)   --->   "%br_ln107 = br void %arrayidx82.exit" [/home/coder/Desktop/s2n2/convSNN/fc1full_top.cpp:107]   --->   Operation 86 'br' 'br_ln107' <Predicate = (trunc_ln105 == 30)> <Delay = 0.00>
ST_2 : Operation 87 [1/1] (0.00ns)   --->   "%write_ln107 = write void @_ssdm_op_Write.ap_auto.i1P0A, i1 %out_29, i1 %out_stream_read" [/home/coder/Desktop/s2n2/convSNN/fc1full_top.cpp:107]   --->   Operation 87 'write' 'write_ln107' <Predicate = (trunc_ln105 == 29)> <Delay = 0.00>
ST_2 : Operation 88 [1/1] (0.00ns)   --->   "%br_ln107 = br void %arrayidx82.exit" [/home/coder/Desktop/s2n2/convSNN/fc1full_top.cpp:107]   --->   Operation 88 'br' 'br_ln107' <Predicate = (trunc_ln105 == 29)> <Delay = 0.00>
ST_2 : Operation 89 [1/1] (0.00ns)   --->   "%write_ln107 = write void @_ssdm_op_Write.ap_auto.i1P0A, i1 %out_28, i1 %out_stream_read" [/home/coder/Desktop/s2n2/convSNN/fc1full_top.cpp:107]   --->   Operation 89 'write' 'write_ln107' <Predicate = (trunc_ln105 == 28)> <Delay = 0.00>
ST_2 : Operation 90 [1/1] (0.00ns)   --->   "%br_ln107 = br void %arrayidx82.exit" [/home/coder/Desktop/s2n2/convSNN/fc1full_top.cpp:107]   --->   Operation 90 'br' 'br_ln107' <Predicate = (trunc_ln105 == 28)> <Delay = 0.00>
ST_2 : Operation 91 [1/1] (0.00ns)   --->   "%write_ln107 = write void @_ssdm_op_Write.ap_auto.i1P0A, i1 %out_27, i1 %out_stream_read" [/home/coder/Desktop/s2n2/convSNN/fc1full_top.cpp:107]   --->   Operation 91 'write' 'write_ln107' <Predicate = (trunc_ln105 == 27)> <Delay = 0.00>
ST_2 : Operation 92 [1/1] (0.00ns)   --->   "%br_ln107 = br void %arrayidx82.exit" [/home/coder/Desktop/s2n2/convSNN/fc1full_top.cpp:107]   --->   Operation 92 'br' 'br_ln107' <Predicate = (trunc_ln105 == 27)> <Delay = 0.00>
ST_2 : Operation 93 [1/1] (0.00ns)   --->   "%write_ln107 = write void @_ssdm_op_Write.ap_auto.i1P0A, i1 %out_26, i1 %out_stream_read" [/home/coder/Desktop/s2n2/convSNN/fc1full_top.cpp:107]   --->   Operation 93 'write' 'write_ln107' <Predicate = (trunc_ln105 == 26)> <Delay = 0.00>
ST_2 : Operation 94 [1/1] (0.00ns)   --->   "%br_ln107 = br void %arrayidx82.exit" [/home/coder/Desktop/s2n2/convSNN/fc1full_top.cpp:107]   --->   Operation 94 'br' 'br_ln107' <Predicate = (trunc_ln105 == 26)> <Delay = 0.00>
ST_2 : Operation 95 [1/1] (0.00ns)   --->   "%write_ln107 = write void @_ssdm_op_Write.ap_auto.i1P0A, i1 %out_25, i1 %out_stream_read" [/home/coder/Desktop/s2n2/convSNN/fc1full_top.cpp:107]   --->   Operation 95 'write' 'write_ln107' <Predicate = (trunc_ln105 == 25)> <Delay = 0.00>
ST_2 : Operation 96 [1/1] (0.00ns)   --->   "%br_ln107 = br void %arrayidx82.exit" [/home/coder/Desktop/s2n2/convSNN/fc1full_top.cpp:107]   --->   Operation 96 'br' 'br_ln107' <Predicate = (trunc_ln105 == 25)> <Delay = 0.00>
ST_2 : Operation 97 [1/1] (0.00ns)   --->   "%write_ln107 = write void @_ssdm_op_Write.ap_auto.i1P0A, i1 %out_24, i1 %out_stream_read" [/home/coder/Desktop/s2n2/convSNN/fc1full_top.cpp:107]   --->   Operation 97 'write' 'write_ln107' <Predicate = (trunc_ln105 == 24)> <Delay = 0.00>
ST_2 : Operation 98 [1/1] (0.00ns)   --->   "%br_ln107 = br void %arrayidx82.exit" [/home/coder/Desktop/s2n2/convSNN/fc1full_top.cpp:107]   --->   Operation 98 'br' 'br_ln107' <Predicate = (trunc_ln105 == 24)> <Delay = 0.00>
ST_2 : Operation 99 [1/1] (0.00ns)   --->   "%write_ln107 = write void @_ssdm_op_Write.ap_auto.i1P0A, i1 %out_23, i1 %out_stream_read" [/home/coder/Desktop/s2n2/convSNN/fc1full_top.cpp:107]   --->   Operation 99 'write' 'write_ln107' <Predicate = (trunc_ln105 == 23)> <Delay = 0.00>
ST_2 : Operation 100 [1/1] (0.00ns)   --->   "%br_ln107 = br void %arrayidx82.exit" [/home/coder/Desktop/s2n2/convSNN/fc1full_top.cpp:107]   --->   Operation 100 'br' 'br_ln107' <Predicate = (trunc_ln105 == 23)> <Delay = 0.00>
ST_2 : Operation 101 [1/1] (0.00ns)   --->   "%write_ln107 = write void @_ssdm_op_Write.ap_auto.i1P0A, i1 %out_22, i1 %out_stream_read" [/home/coder/Desktop/s2n2/convSNN/fc1full_top.cpp:107]   --->   Operation 101 'write' 'write_ln107' <Predicate = (trunc_ln105 == 22)> <Delay = 0.00>
ST_2 : Operation 102 [1/1] (0.00ns)   --->   "%br_ln107 = br void %arrayidx82.exit" [/home/coder/Desktop/s2n2/convSNN/fc1full_top.cpp:107]   --->   Operation 102 'br' 'br_ln107' <Predicate = (trunc_ln105 == 22)> <Delay = 0.00>
ST_2 : Operation 103 [1/1] (0.00ns)   --->   "%write_ln107 = write void @_ssdm_op_Write.ap_auto.i1P0A, i1 %out_21, i1 %out_stream_read" [/home/coder/Desktop/s2n2/convSNN/fc1full_top.cpp:107]   --->   Operation 103 'write' 'write_ln107' <Predicate = (trunc_ln105 == 21)> <Delay = 0.00>
ST_2 : Operation 104 [1/1] (0.00ns)   --->   "%br_ln107 = br void %arrayidx82.exit" [/home/coder/Desktop/s2n2/convSNN/fc1full_top.cpp:107]   --->   Operation 104 'br' 'br_ln107' <Predicate = (trunc_ln105 == 21)> <Delay = 0.00>
ST_2 : Operation 105 [1/1] (0.00ns)   --->   "%write_ln107 = write void @_ssdm_op_Write.ap_auto.i1P0A, i1 %out_20, i1 %out_stream_read" [/home/coder/Desktop/s2n2/convSNN/fc1full_top.cpp:107]   --->   Operation 105 'write' 'write_ln107' <Predicate = (trunc_ln105 == 20)> <Delay = 0.00>
ST_2 : Operation 106 [1/1] (0.00ns)   --->   "%br_ln107 = br void %arrayidx82.exit" [/home/coder/Desktop/s2n2/convSNN/fc1full_top.cpp:107]   --->   Operation 106 'br' 'br_ln107' <Predicate = (trunc_ln105 == 20)> <Delay = 0.00>
ST_2 : Operation 107 [1/1] (0.00ns)   --->   "%write_ln107 = write void @_ssdm_op_Write.ap_auto.i1P0A, i1 %out_19, i1 %out_stream_read" [/home/coder/Desktop/s2n2/convSNN/fc1full_top.cpp:107]   --->   Operation 107 'write' 'write_ln107' <Predicate = (trunc_ln105 == 19)> <Delay = 0.00>
ST_2 : Operation 108 [1/1] (0.00ns)   --->   "%br_ln107 = br void %arrayidx82.exit" [/home/coder/Desktop/s2n2/convSNN/fc1full_top.cpp:107]   --->   Operation 108 'br' 'br_ln107' <Predicate = (trunc_ln105 == 19)> <Delay = 0.00>
ST_2 : Operation 109 [1/1] (0.00ns)   --->   "%write_ln107 = write void @_ssdm_op_Write.ap_auto.i1P0A, i1 %out_18, i1 %out_stream_read" [/home/coder/Desktop/s2n2/convSNN/fc1full_top.cpp:107]   --->   Operation 109 'write' 'write_ln107' <Predicate = (trunc_ln105 == 18)> <Delay = 0.00>
ST_2 : Operation 110 [1/1] (0.00ns)   --->   "%br_ln107 = br void %arrayidx82.exit" [/home/coder/Desktop/s2n2/convSNN/fc1full_top.cpp:107]   --->   Operation 110 'br' 'br_ln107' <Predicate = (trunc_ln105 == 18)> <Delay = 0.00>
ST_2 : Operation 111 [1/1] (0.00ns)   --->   "%write_ln107 = write void @_ssdm_op_Write.ap_auto.i1P0A, i1 %out_17, i1 %out_stream_read" [/home/coder/Desktop/s2n2/convSNN/fc1full_top.cpp:107]   --->   Operation 111 'write' 'write_ln107' <Predicate = (trunc_ln105 == 17)> <Delay = 0.00>
ST_2 : Operation 112 [1/1] (0.00ns)   --->   "%br_ln107 = br void %arrayidx82.exit" [/home/coder/Desktop/s2n2/convSNN/fc1full_top.cpp:107]   --->   Operation 112 'br' 'br_ln107' <Predicate = (trunc_ln105 == 17)> <Delay = 0.00>
ST_2 : Operation 113 [1/1] (0.00ns)   --->   "%write_ln107 = write void @_ssdm_op_Write.ap_auto.i1P0A, i1 %out_16, i1 %out_stream_read" [/home/coder/Desktop/s2n2/convSNN/fc1full_top.cpp:107]   --->   Operation 113 'write' 'write_ln107' <Predicate = (trunc_ln105 == 16)> <Delay = 0.00>
ST_2 : Operation 114 [1/1] (0.00ns)   --->   "%br_ln107 = br void %arrayidx82.exit" [/home/coder/Desktop/s2n2/convSNN/fc1full_top.cpp:107]   --->   Operation 114 'br' 'br_ln107' <Predicate = (trunc_ln105 == 16)> <Delay = 0.00>
ST_2 : Operation 115 [1/1] (0.00ns)   --->   "%write_ln107 = write void @_ssdm_op_Write.ap_auto.i1P0A, i1 %out_15, i1 %out_stream_read" [/home/coder/Desktop/s2n2/convSNN/fc1full_top.cpp:107]   --->   Operation 115 'write' 'write_ln107' <Predicate = (trunc_ln105 == 15)> <Delay = 0.00>
ST_2 : Operation 116 [1/1] (0.00ns)   --->   "%br_ln107 = br void %arrayidx82.exit" [/home/coder/Desktop/s2n2/convSNN/fc1full_top.cpp:107]   --->   Operation 116 'br' 'br_ln107' <Predicate = (trunc_ln105 == 15)> <Delay = 0.00>
ST_2 : Operation 117 [1/1] (0.00ns)   --->   "%write_ln107 = write void @_ssdm_op_Write.ap_auto.i1P0A, i1 %out_14, i1 %out_stream_read" [/home/coder/Desktop/s2n2/convSNN/fc1full_top.cpp:107]   --->   Operation 117 'write' 'write_ln107' <Predicate = (trunc_ln105 == 14)> <Delay = 0.00>
ST_2 : Operation 118 [1/1] (0.00ns)   --->   "%br_ln107 = br void %arrayidx82.exit" [/home/coder/Desktop/s2n2/convSNN/fc1full_top.cpp:107]   --->   Operation 118 'br' 'br_ln107' <Predicate = (trunc_ln105 == 14)> <Delay = 0.00>
ST_2 : Operation 119 [1/1] (0.00ns)   --->   "%write_ln107 = write void @_ssdm_op_Write.ap_auto.i1P0A, i1 %out_13, i1 %out_stream_read" [/home/coder/Desktop/s2n2/convSNN/fc1full_top.cpp:107]   --->   Operation 119 'write' 'write_ln107' <Predicate = (trunc_ln105 == 13)> <Delay = 0.00>
ST_2 : Operation 120 [1/1] (0.00ns)   --->   "%br_ln107 = br void %arrayidx82.exit" [/home/coder/Desktop/s2n2/convSNN/fc1full_top.cpp:107]   --->   Operation 120 'br' 'br_ln107' <Predicate = (trunc_ln105 == 13)> <Delay = 0.00>
ST_2 : Operation 121 [1/1] (0.00ns)   --->   "%write_ln107 = write void @_ssdm_op_Write.ap_auto.i1P0A, i1 %out_12, i1 %out_stream_read" [/home/coder/Desktop/s2n2/convSNN/fc1full_top.cpp:107]   --->   Operation 121 'write' 'write_ln107' <Predicate = (trunc_ln105 == 12)> <Delay = 0.00>
ST_2 : Operation 122 [1/1] (0.00ns)   --->   "%br_ln107 = br void %arrayidx82.exit" [/home/coder/Desktop/s2n2/convSNN/fc1full_top.cpp:107]   --->   Operation 122 'br' 'br_ln107' <Predicate = (trunc_ln105 == 12)> <Delay = 0.00>
ST_2 : Operation 123 [1/1] (0.00ns)   --->   "%write_ln107 = write void @_ssdm_op_Write.ap_auto.i1P0A, i1 %out_11, i1 %out_stream_read" [/home/coder/Desktop/s2n2/convSNN/fc1full_top.cpp:107]   --->   Operation 123 'write' 'write_ln107' <Predicate = (trunc_ln105 == 11)> <Delay = 0.00>
ST_2 : Operation 124 [1/1] (0.00ns)   --->   "%br_ln107 = br void %arrayidx82.exit" [/home/coder/Desktop/s2n2/convSNN/fc1full_top.cpp:107]   --->   Operation 124 'br' 'br_ln107' <Predicate = (trunc_ln105 == 11)> <Delay = 0.00>
ST_2 : Operation 125 [1/1] (0.00ns)   --->   "%write_ln107 = write void @_ssdm_op_Write.ap_auto.i1P0A, i1 %out_10, i1 %out_stream_read" [/home/coder/Desktop/s2n2/convSNN/fc1full_top.cpp:107]   --->   Operation 125 'write' 'write_ln107' <Predicate = (trunc_ln105 == 10)> <Delay = 0.00>
ST_2 : Operation 126 [1/1] (0.00ns)   --->   "%br_ln107 = br void %arrayidx82.exit" [/home/coder/Desktop/s2n2/convSNN/fc1full_top.cpp:107]   --->   Operation 126 'br' 'br_ln107' <Predicate = (trunc_ln105 == 10)> <Delay = 0.00>
ST_2 : Operation 127 [1/1] (0.00ns)   --->   "%write_ln107 = write void @_ssdm_op_Write.ap_auto.i1P0A, i1 %out_9, i1 %out_stream_read" [/home/coder/Desktop/s2n2/convSNN/fc1full_top.cpp:107]   --->   Operation 127 'write' 'write_ln107' <Predicate = (trunc_ln105 == 9)> <Delay = 0.00>
ST_2 : Operation 128 [1/1] (0.00ns)   --->   "%br_ln107 = br void %arrayidx82.exit" [/home/coder/Desktop/s2n2/convSNN/fc1full_top.cpp:107]   --->   Operation 128 'br' 'br_ln107' <Predicate = (trunc_ln105 == 9)> <Delay = 0.00>
ST_2 : Operation 129 [1/1] (0.00ns)   --->   "%write_ln107 = write void @_ssdm_op_Write.ap_auto.i1P0A, i1 %out_8, i1 %out_stream_read" [/home/coder/Desktop/s2n2/convSNN/fc1full_top.cpp:107]   --->   Operation 129 'write' 'write_ln107' <Predicate = (trunc_ln105 == 8)> <Delay = 0.00>
ST_2 : Operation 130 [1/1] (0.00ns)   --->   "%br_ln107 = br void %arrayidx82.exit" [/home/coder/Desktop/s2n2/convSNN/fc1full_top.cpp:107]   --->   Operation 130 'br' 'br_ln107' <Predicate = (trunc_ln105 == 8)> <Delay = 0.00>
ST_2 : Operation 131 [1/1] (0.00ns)   --->   "%write_ln107 = write void @_ssdm_op_Write.ap_auto.i1P0A, i1 %out_7, i1 %out_stream_read" [/home/coder/Desktop/s2n2/convSNN/fc1full_top.cpp:107]   --->   Operation 131 'write' 'write_ln107' <Predicate = (trunc_ln105 == 7)> <Delay = 0.00>
ST_2 : Operation 132 [1/1] (0.00ns)   --->   "%br_ln107 = br void %arrayidx82.exit" [/home/coder/Desktop/s2n2/convSNN/fc1full_top.cpp:107]   --->   Operation 132 'br' 'br_ln107' <Predicate = (trunc_ln105 == 7)> <Delay = 0.00>
ST_2 : Operation 133 [1/1] (0.00ns)   --->   "%write_ln107 = write void @_ssdm_op_Write.ap_auto.i1P0A, i1 %out_6, i1 %out_stream_read" [/home/coder/Desktop/s2n2/convSNN/fc1full_top.cpp:107]   --->   Operation 133 'write' 'write_ln107' <Predicate = (trunc_ln105 == 6)> <Delay = 0.00>
ST_2 : Operation 134 [1/1] (0.00ns)   --->   "%br_ln107 = br void %arrayidx82.exit" [/home/coder/Desktop/s2n2/convSNN/fc1full_top.cpp:107]   --->   Operation 134 'br' 'br_ln107' <Predicate = (trunc_ln105 == 6)> <Delay = 0.00>
ST_2 : Operation 135 [1/1] (0.00ns)   --->   "%write_ln107 = write void @_ssdm_op_Write.ap_auto.i1P0A, i1 %out_5, i1 %out_stream_read" [/home/coder/Desktop/s2n2/convSNN/fc1full_top.cpp:107]   --->   Operation 135 'write' 'write_ln107' <Predicate = (trunc_ln105 == 5)> <Delay = 0.00>
ST_2 : Operation 136 [1/1] (0.00ns)   --->   "%br_ln107 = br void %arrayidx82.exit" [/home/coder/Desktop/s2n2/convSNN/fc1full_top.cpp:107]   --->   Operation 136 'br' 'br_ln107' <Predicate = (trunc_ln105 == 5)> <Delay = 0.00>
ST_2 : Operation 137 [1/1] (0.00ns)   --->   "%write_ln107 = write void @_ssdm_op_Write.ap_auto.i1P0A, i1 %out_4, i1 %out_stream_read" [/home/coder/Desktop/s2n2/convSNN/fc1full_top.cpp:107]   --->   Operation 137 'write' 'write_ln107' <Predicate = (trunc_ln105 == 4)> <Delay = 0.00>
ST_2 : Operation 138 [1/1] (0.00ns)   --->   "%br_ln107 = br void %arrayidx82.exit" [/home/coder/Desktop/s2n2/convSNN/fc1full_top.cpp:107]   --->   Operation 138 'br' 'br_ln107' <Predicate = (trunc_ln105 == 4)> <Delay = 0.00>
ST_2 : Operation 139 [1/1] (0.00ns)   --->   "%write_ln107 = write void @_ssdm_op_Write.ap_auto.i1P0A, i1 %out_3, i1 %out_stream_read" [/home/coder/Desktop/s2n2/convSNN/fc1full_top.cpp:107]   --->   Operation 139 'write' 'write_ln107' <Predicate = (trunc_ln105 == 3)> <Delay = 0.00>
ST_2 : Operation 140 [1/1] (0.00ns)   --->   "%br_ln107 = br void %arrayidx82.exit" [/home/coder/Desktop/s2n2/convSNN/fc1full_top.cpp:107]   --->   Operation 140 'br' 'br_ln107' <Predicate = (trunc_ln105 == 3)> <Delay = 0.00>
ST_2 : Operation 141 [1/1] (0.00ns)   --->   "%write_ln107 = write void @_ssdm_op_Write.ap_auto.i1P0A, i1 %out_2, i1 %out_stream_read" [/home/coder/Desktop/s2n2/convSNN/fc1full_top.cpp:107]   --->   Operation 141 'write' 'write_ln107' <Predicate = (trunc_ln105 == 2)> <Delay = 0.00>
ST_2 : Operation 142 [1/1] (0.00ns)   --->   "%br_ln107 = br void %arrayidx82.exit" [/home/coder/Desktop/s2n2/convSNN/fc1full_top.cpp:107]   --->   Operation 142 'br' 'br_ln107' <Predicate = (trunc_ln105 == 2)> <Delay = 0.00>
ST_2 : Operation 143 [1/1] (0.00ns)   --->   "%write_ln107 = write void @_ssdm_op_Write.ap_auto.i1P0A, i1 %out_1, i1 %out_stream_read" [/home/coder/Desktop/s2n2/convSNN/fc1full_top.cpp:107]   --->   Operation 143 'write' 'write_ln107' <Predicate = (trunc_ln105 == 1)> <Delay = 0.00>
ST_2 : Operation 144 [1/1] (0.00ns)   --->   "%br_ln107 = br void %arrayidx82.exit" [/home/coder/Desktop/s2n2/convSNN/fc1full_top.cpp:107]   --->   Operation 144 'br' 'br_ln107' <Predicate = (trunc_ln105 == 1)> <Delay = 0.00>
ST_2 : Operation 145 [1/1] (0.00ns)   --->   "%write_ln107 = write void @_ssdm_op_Write.ap_auto.i1P0A, i1 %out_0, i1 %out_stream_read" [/home/coder/Desktop/s2n2/convSNN/fc1full_top.cpp:107]   --->   Operation 145 'write' 'write_ln107' <Predicate = (trunc_ln105 == 0)> <Delay = 0.00>
ST_2 : Operation 146 [1/1] (0.00ns)   --->   "%br_ln107 = br void %arrayidx82.exit" [/home/coder/Desktop/s2n2/convSNN/fc1full_top.cpp:107]   --->   Operation 146 'br' 'br_ln107' <Predicate = (trunc_ln105 == 0)> <Delay = 0.00>
ST_2 : Operation 147 [1/1] (0.00ns)   --->   "%write_ln107 = write void @_ssdm_op_Write.ap_auto.i1P0A, i1 %out_63, i1 %out_stream_read" [/home/coder/Desktop/s2n2/convSNN/fc1full_top.cpp:107]   --->   Operation 147 'write' 'write_ln107' <Predicate = (trunc_ln105 == 63)> <Delay = 0.00>
ST_2 : Operation 148 [1/1] (0.00ns)   --->   "%br_ln107 = br void %arrayidx82.exit" [/home/coder/Desktop/s2n2/convSNN/fc1full_top.cpp:107]   --->   Operation 148 'br' 'br_ln107' <Predicate = (trunc_ln105 == 63)> <Delay = 0.00>


============================================================
+ Verbose Summary: Timing violations
============================================================
Target clock period: 10.000ns, clock uncertainty: 2.700ns.

 <State 1>: 1.093ns
The critical path consists of the following:
	'alloca' operation ('i') [66]  (0.000 ns)
	'load' operation ('i', /home/coder/Desktop/s2n2/convSNN/fc1full_top.cpp:105) on local variable 'i' [71]  (0.000 ns)
	'add' operation ('add_ln105', /home/coder/Desktop/s2n2/convSNN/fc1full_top.cpp:105) [73]  (0.706 ns)
	'store' operation ('store_ln105', /home/coder/Desktop/s2n2/convSNN/fc1full_top.cpp:105) of variable 'add_ln105', /home/coder/Desktop/s2n2/convSNN/fc1full_top.cpp:105 on local variable 'i' [275]  (0.387 ns)

 <State 2>: 1.424ns
The critical path consists of the following:
	fifo read operation ('out_stream_read', /home/coder/Desktop/s2n2/convSNN/fc1full_top.cpp:107) on port 'out_stream' (/home/coder/Desktop/s2n2/convSNN/fc1full_top.cpp:107) [80]  (1.424 ns)
	wire write operation ('write_ln107', /home/coder/Desktop/s2n2/convSNN/fc1full_top.cpp:107) on port 'out_62' (/home/coder/Desktop/s2n2/convSNN/fc1full_top.cpp:107) [83]  (0.000 ns)


============================================================
+ Verbose Summary: Binding
============================================================
N/A
* FSMD analyzer results:
  - Output states:
 - Input state : 
  - Chain level:
	State 1
	State 2


============================================================
+ Verbose Summary: Datapath Resource usage 
============================================================
N/A
