

================================================================
== Vitis HLS Report for 'fc1full_top_Pipeline_VITIS_LOOP_72_1'
================================================================
* Date:           Thu Apr 30 15:35:47 2026

* Version:        2023.1 (Build 3854077 on May  4 2023)
* Project:        fc1full_prj
* Solution:       xcvu9p-flga2577-2-e (Vivado IP Flow Target)
* Product family: virtexuplus
* Target device:  xcvu9p-flga2577-2-e


================================================================
== Performance Estimates
================================================================
+ Timing: 
    * Summary: 
    +--------+----------+----------+------------+
    |  Clock |  Target  | Estimated| Uncertainty|
    +--------+----------+----------+------------+
    |ap_clk  |  10.00 ns|  2.395 ns|     2.70 ns|
    +--------+----------+----------+------------+

+ Latency: 
    * Summary: 
    +---------+---------+-----------+-----------+------+------+---------+
    |  Latency (cycles) |   Latency (absolute)  |   Interval  | Pipeline|
    |   min   |   max   |    min    |    max    |  min |  max |   Type  |
    +---------+---------+-----------+-----------+------+------+---------+
    |     3202|     3202|  32.020 us|  32.020 us|  3202|  3202|       no|
    +---------+---------+-----------+-----------+------+------+---------+

    + Detail: 
        * Instance: 
        N/A

        * Loop: 
        +-------------------+---------+---------+----------+-----------+-----------+------+----------+
        |                   |  Latency (cycles) | Iteration|  Initiation Interval  | Trip |          |
        |     Loop Name     |   min   |   max   |  Latency |  achieved |   target  | Count| Pipelined|
        +-------------------+---------+---------+----------+-----------+-----------+------+----------+
        |- VITIS_LOOP_72_1  |     3200|     3200|         2|          1|          1|  3200|       yes|
        +-------------------+---------+---------+----------+-----------+-----------+------+----------+

============================================================
+ Verbose Summary: Synthesis Manager
============================================================
InlineROM: 1
ExposeGlobal: 0
============================================================
+ Verbose Summary: CDFG Model
============================================================
IsTopModel: 0
ResetActiveHigh: 1
IsCombinational: 0
IsDatapathOnly: 0
HasWiredReturn: 1
HasMFsm: 2
HasVarLatency: 1
IsPipeline: 0
IsRtlPipelined: 0
IsInstanceOverlapped: 0
IsDontTouch: 0
HasImplIP: 0
IsGatedGlobalClock: 0

+ Individual pipeline summary: 
  * Pipeline-0: initiation interval (II) = 1, depth = 2


============================================================
+ Verbose Summary: Schedule
============================================================
* Number of FSM states : 2
* Pipeline : 1
  Pipeline-0 : II = 1, D = 2, States = { 1 2 }
* Dataflow Pipeline: 0

* FSM state transitions: 
1 --> 2 
2 --> 

* FSM state operations: 

State 1 <SV = 0> <Delay = 1.20>
ST_1 : Operation 5 [1/1] (0.00ns)   --->   "%i = alloca i32 1"   --->   Operation 5 'alloca' 'i' <Predicate = true> <Delay = 0.00>
ST_1 : Operation 6 [1/1] (0.00ns)   --->   "%specinterface_ln0 = specinterface void @_ssdm_op_SpecInterface, i1 %in_stream, void @empty_3, i32 0, i32 0, void @empty_5, i32 0, i32 0, void @empty_5, void @empty_5, void @empty_5, i32 0, i32 0, i32 0, i32 0, void @empty_5, void @empty_5, i32 4294967295, i32 0"   --->   Operation 6 'specinterface' 'specinterface_ln0' <Predicate = true> <Delay = 0.00>
ST_1 : Operation 7 [1/1] (0.00ns)   --->   "%specinterface_ln0 = specinterface void @_ssdm_op_SpecInterface, i1 %in_r, void @empty_6, i32 0, i32 0, void @empty_5, i32 4294967295, i32 0, void @empty_5, void @empty_5, void @empty_5, i32 0, i32 0, i32 0, i32 0, void @empty_5, void @empty_5, i32 4294967295, i32 0"   --->   Operation 7 'specinterface' 'specinterface_ln0' <Predicate = true> <Delay = 0.00>
ST_1 : Operation 8 [1/1] (0.38ns)   --->   "%store_ln0 = store i12 0, i12 %i"   --->   Operation 8 'store' 'store_ln0' <Predicate = true> <Delay = 0.38>
ST_1 : Operation 9 [1/1] (0.00ns)   --->   "%br_ln0 = br void %for.inc"   --->   Operation 9 'br' 'br_ln0' <Predicate = true> <Delay = 0.00>
ST_1 : Operation 10 [1/1] (0.00ns)   --->   "%i_1 = load i12 %i" [/home/coder/Desktop/s2n2/convSNN/fc1full_top.cpp:72]   --->   Operation 10 'load' 'i_1' <Predicate = true> <Delay = 0.00>
ST_1 : Operation 11 [1/1] (0.74ns)   --->   "%icmp_ln72 = icmp_eq  i12 %i_1, i12 3200" [/home/coder/Desktop/s2n2/convSNN/fc1full_top.cpp:72]   --->   Operation 11 'icmp' 'icmp_ln72' <Predicate = true> <Delay = 0.74> <CoreInst = "Cmp">   --->   Core 9 'Cmp' <Latency = 0> <II = 1> <Delay = 0.74> <FuncUnit> <Opcode : 'icmp'> <InPorts = 2> <OutPorts = 1>
ST_1 : Operation 12 [1/1] (0.74ns)   --->   "%add_ln72 = add i12 %i_1, i12 1" [/home/coder/Desktop/s2n2/convSNN/fc1full_top.cpp:72]   --->   Operation 12 'add' 'add_ln72' <Predicate = true> <Delay = 0.74> <CoreInst = "Adder">   --->   Core 1 'Adder' <Latency = 0> <II = 1> <Delay = 0.74> <FuncUnit> <Opcode : 'add' 'sub'> <InPorts = 2> <OutPorts = 1>
ST_1 : Operation 13 [1/1] (0.00ns)   --->   "%br_ln72 = br i1 %icmp_ln72, void %for.inc.split, void %for.body.i.preheader.exitStub" [/home/coder/Desktop/s2n2/convSNN/fc1full_top.cpp:72]   --->   Operation 13 'br' 'br_ln72' <Predicate = true> <Delay = 0.00>
ST_1 : Operation 14 [1/1] (0.00ns)   --->   "%zext_ln72 = zext i12 %i_1" [/home/coder/Desktop/s2n2/convSNN/fc1full_top.cpp:72]   --->   Operation 14 'zext' 'zext_ln72' <Predicate = (!icmp_ln72)> <Delay = 0.00>
ST_1 : Operation 15 [1/1] (0.00ns)   --->   "%in_r_addr = getelementptr i1 %in_r, i64 0, i64 %zext_ln72" [/home/coder/Desktop/s2n2/convSNN/fc1full_top.cpp:74]   --->   Operation 15 'getelementptr' 'in_r_addr' <Predicate = (!icmp_ln72)> <Delay = 0.00>
ST_1 : Operation 16 [2/2] (1.20ns)   --->   "%in_r_load = load i12 %in_r_addr" [/home/coder/Desktop/s2n2/convSNN/fc1full_top.cpp:74]   --->   Operation 16 'load' 'in_r_load' <Predicate = (!icmp_ln72)> <Delay = 1.20> <CoreInst = "RAM">   --->   Core 83 'RAM' <Latency = 1> <II = 1> <Delay = 1.20> <Storage> <Opcode : 'load' 'store'> <Ports = 2> <Width = 1> <Depth = 3200> <RAM>
ST_1 : Operation 17 [1/1] (0.38ns)   --->   "%store_ln72 = store i12 %add_ln72, i12 %i" [/home/coder/Desktop/s2n2/convSNN/fc1full_top.cpp:72]   --->   Operation 17 'store' 'store_ln72' <Predicate = (!icmp_ln72)> <Delay = 0.38>
ST_1 : Operation 24 [1/1] (0.00ns)   --->   "%ret_ln0 = ret"   --->   Operation 24 'ret' 'ret_ln0' <Predicate = (icmp_ln72)> <Delay = 0.00>

State 2 <SV = 1> <Delay = 2.39>
ST_2 : Operation 18 [1/1] (0.00ns)   --->   "%specpipeline_ln73 = specpipeline void @_ssdm_op_SpecPipeline, i32 1, i32 0, i32 0, i32 0, void @empty_5" [/home/coder/Desktop/s2n2/convSNN/fc1full_top.cpp:73]   --->   Operation 18 'specpipeline' 'specpipeline_ln73' <Predicate = true> <Delay = 0.00>
ST_2 : Operation 19 [1/1] (0.00ns)   --->   "%speclooptripcount_ln72 = speclooptripcount void @_ssdm_op_SpecLoopTripCount, i64 3200, i64 3200, i64 3200" [/home/coder/Desktop/s2n2/convSNN/fc1full_top.cpp:72]   --->   Operation 19 'speclooptripcount' 'speclooptripcount_ln72' <Predicate = true> <Delay = 0.00>
ST_2 : Operation 20 [1/1] (0.00ns)   --->   "%specloopname_ln72 = specloopname void @_ssdm_op_SpecLoopName, void @empty" [/home/coder/Desktop/s2n2/convSNN/fc1full_top.cpp:72]   --->   Operation 20 'specloopname' 'specloopname_ln72' <Predicate = true> <Delay = 0.00>
ST_2 : Operation 21 [1/2] (1.20ns)   --->   "%in_r_load = load i12 %in_r_addr" [/home/coder/Desktop/s2n2/convSNN/fc1full_top.cpp:74]   --->   Operation 21 'load' 'in_r_load' <Predicate = true> <Delay = 1.20> <CoreInst = "RAM">   --->   Core 83 'RAM' <Latency = 1> <II = 1> <Delay = 1.20> <Storage> <Opcode : 'load' 'store'> <Ports = 2> <Width = 1> <Depth = 3200> <RAM>
ST_2 : Operation 22 [1/1] (1.18ns)   --->   "%write_ln74 = write void @_ssdm_op_Write.ap_fifo.volatile.i1P0A, i1 %in_stream, i1 %in_r_load" [/home/coder/Desktop/s2n2/convSNN/fc1full_top.cpp:74]   --->   Operation 22 'write' 'write_ln74' <Predicate = true> <Delay = 1.18> <CoreInst = "FIFO">   --->   Core 78 'FIFO' <Latency = 0> <II = 1> <Delay = 1.18> <Storage> <Opcode : 'read' 'write' 'nbread' 'nbwrite'> <Ports = 0> <Width = 1> <Depth = 4096> <FIFO>
ST_2 : Operation 23 [1/1] (0.00ns)   --->   "%br_ln72 = br void %for.inc" [/home/coder/Desktop/s2n2/convSNN/fc1full_top.cpp:72]   --->   Operation 23 'br' 'br_ln72' <Predicate = true> <Delay = 0.00>


============================================================
+ Verbose Summary: Timing violations
============================================================
Target clock period: 10.000ns, clock uncertainty: 2.700ns.

 <State 1>: 1.208ns
The critical path consists of the following:
	'alloca' operation ('i') [3]  (0.000 ns)
	'load' operation ('i', /home/coder/Desktop/s2n2/convSNN/fc1full_top.cpp:72) on local variable 'i' [9]  (0.000 ns)
	'getelementptr' operation ('in_r_addr', /home/coder/Desktop/s2n2/convSNN/fc1full_top.cpp:74) [18]  (0.000 ns)
	'load' operation ('in_r_load', /home/coder/Desktop/s2n2/convSNN/fc1full_top.cpp:74) on array 'in_r' [19]  (1.208 ns)

 <State 2>: 2.395ns
The critical path consists of the following:
	'load' operation ('in_r_load', /home/coder/Desktop/s2n2/convSNN/fc1full_top.cpp:74) on array 'in_r' [19]  (1.208 ns)
	fifo write operation ('write_ln74', /home/coder/Desktop/s2n2/convSNN/fc1full_top.cpp:74) on port 'in_stream' (/home/coder/Desktop/s2n2/convSNN/fc1full_top.cpp:74) [20]  (1.187 ns)


============================================================
+ Verbose Summary: Binding
============================================================
N/A
* FSMD analyzer results:
  - Output states:
 - Input state : 
  - Chain level:
	State 1
	State 2


============================================================
+ Verbose Summary: Datapath Resource usage 
============================================================
N/A
