

================================================================
== Vitis HLS Report for 'load_weights_once_Pipeline_VITIS_LOOP_49_1_VITIS_LOOP_50_2'
================================================================
* Date:           Thu Apr 30 15:38:47 2026

* Version:        2023.1 (Build 3854077 on May  4 2023)
* Project:        fc1full_prj
* Solution:       xcvu9p-flga2577-2-e (Vivado IP Flow Target)
* Product family: virtexuplus
* Target device:  xcvu9p-flga2577-2-e


================================================================
== Performance Estimates
================================================================
+ Timing: 
    * Summary: 
    +--------+----------+----------+------------+
    |  Clock |  Target  | Estimated| Uncertainty|
    +--------+----------+----------+------------+
    |ap_clk  |  10.00 ns|  2.496 ns|     2.70 ns|
    +--------+----------+----------+------------+

+ Latency: 
    * Summary: 
    +---------+---------+----------+----------+--------+--------+---------+
    |  Latency (cycles) |  Latency (absolute) |     Interval    | Pipeline|
    |   min   |   max   |    min   |    max   |   min  |   max  |   Type  |
    +---------+---------+----------+----------+--------+--------+---------+
    |   204805|   204805|  2.048 ms|  2.048 ms|  204805|  204805|       no|
    +---------+---------+----------+----------+--------+--------+---------+

    + Detail: 
        * Instance: 
        N/A

        * Loop: 
        +-----------------------------------+---------+---------+----------+-----------+-----------+--------+----------+
        |                                   |  Latency (cycles) | Iteration|  Initiation Interval  |  Trip  |          |
        |             Loop Name             |   min   |   max   |  Latency |  achieved |   target  |  Count | Pipelined|
        +-----------------------------------+---------+---------+----------+-----------+-----------+--------+----------+
        |- VITIS_LOOP_49_1_VITIS_LOOP_50_2  |   204803|   204803|         5|          1|          1|  204800|       yes|
        +-----------------------------------+---------+---------+----------+-----------+-----------+--------+----------+



================================================================
== Utilization Estimates
================================================================
* Summary: 
+---------------------+---------+------+---------+---------+-----+
|         Name        | BRAM_18K|  DSP |    FF   |   LUT   | URAM|
+---------------------+---------+------+---------+---------+-----+
|DSP                  |        -|     2|        -|        -|    -|
|Expression           |        -|     -|        0|      123|    -|
|FIFO                 |        -|     -|        -|        -|    -|
|Instance             |        -|     -|        -|        -|    -|
|Memory               |        2|     -|        0|        0|    -|
|Multiplexer          |        -|     -|        -|       54|    -|
|Register             |        -|     -|       89|        -|    -|
+---------------------+---------+------+---------+---------+-----+
|Total                |        2|     2|       89|      177|    0|
+---------------------+---------+------+---------+---------+-----+
|Available SLR        |     1440|  2280|   788160|   394080|  320|
+---------------------+---------+------+---------+---------+-----+
|Utilization SLR (%)  |       ~0|    ~0|       ~0|       ~0|    0|
+---------------------+---------+------+---------+---------+-----+
|Available            |     4320|  6840|  2364480|  1182240|  960|
+---------------------+---------+------+---------+---------+-----+
|Utilization (%)      |       ~0|    ~0|       ~0|       ~0|    0|
+---------------------+---------+------+---------+---------+-----+

+ Detail: 
    * Instance: 
    N/A

    * DSP: 
    +------------------------------------+---------------------------------+--------------+
    |              Instance              |              Module             |  Expression  |
    +------------------------------------+---------------------------------+--------------+
    |mac_muladd_7ns_12ns_12ns_18_4_1_U1  |mac_muladd_7ns_12ns_12ns_18_4_1  |  i0 * i1 + i2|
    |mac_muladd_7ns_12ns_12ns_18_4_1_U2  |mac_muladd_7ns_12ns_12ns_18_4_1  |  i0 + i1 * i2|
    +------------------------------------+---------------------------------+--------------+

    * Memory: 
    +---------+------------------------------------------------------------------------------+---------+---+----+-----+--------+-----+------+-------------+
    |  Memory |                                    Module                                    | BRAM_18K| FF| LUT| URAM|  Words | Bits| Banks| W*Bits*Banks|
    +---------+------------------------------------------------------------------------------+---------+---+----+-----+--------+-----+------+-------------+
    |FC1_W_U  |load_weights_once_Pipeline_VITIS_LOOP_49_1_VITIS_LOOP_50_2_FC1_W_ROM_AUTO_1R  |        2|  0|   0|    0|  204800|    3|     1|       614400|
    +---------+------------------------------------------------------------------------------+---------+---+----+-----+--------+-----+------+-------------+
    |Total    |                                                                              |        2|  0|   0|    0|  204800|    3|     1|       614400|
    +---------+------------------------------------------------------------------------------+---------+---+----+-----+--------+-----+------+-------------+

    * FIFO: 
    N/A

    * Expression: 
    +-------------------------+----------+----+---+----+------------+------------+
    |      Variable Name      | Operation| DSP| FF| LUT| Bitwidth P0| Bitwidth P1|
    +-------------------------+----------+----+---+----+------------+------------+
    |add_ln49_1_fu_105_p2     |         +|   0|  0|  25|          18|           1|
    |add_ln49_fu_117_p2       |         +|   0|  0|  14|           7|           1|
    |add_ln50_fu_153_p2       |         +|   0|  0|  19|          12|           1|
    |icmp_ln49_fu_99_p2       |      icmp|   0|  0|  25|          18|          17|
    |icmp_ln50_fu_123_p2      |      icmp|   0|  0|  19|          12|          11|
    |select_ln49_1_fu_137_p3  |    select|   0|  0|   7|           1|           7|
    |select_ln49_fu_129_p3    |    select|   0|  0|  12|           1|           1|
    |ap_enable_pp0            |       xor|   0|  0|   2|           1|           2|
    +-------------------------+----------+----+---+----+------------+------------+
    |Total                    |          |   0|  0| 123|          70|          41|
    +-------------------------+----------+----+---+----+------------+------------+

    * Multiplexer: 
    +-------------------------+----+-----------+-----+-----------+
    |           Name          | LUT| Input Size| Bits| Total Bits|
    +-------------------------+----+-----------+-----+-----------+
    |ap_done_int              |   9|          2|    1|          2|
    |ap_enable_reg_pp0_iter1  |   9|          2|    1|          2|
    |ap_enable_reg_pp0_iter2  |   9|          2|    1|          2|
    |col_fu_42                |   9|          2|   12|         24|
    |indvar_flatten_fu_50     |   9|          2|   18|         36|
    |row_fu_46                |   9|          2|    7|         14|
    +-------------------------+----+-----------+-----+-----------+
    |Total                    |  54|         12|   40|         80|
    +-------------------------+----+-----------+-----+-----------+

    * Register: 
    +-----------------------------------+----+----+-----+-----------+
    |                Name               | FF | LUT| Bits| Const Bits|
    +-----------------------------------+----+----+-----+-----------+
    |add_ln52_reg_253                   |  18|   0|   18|          0|
    |ap_CS_fsm                          |   1|   0|    1|          0|
    |ap_done_reg                        |   1|   0|    1|          0|
    |ap_enable_reg_pp0_iter1            |   1|   0|    1|          0|
    |ap_enable_reg_pp0_iter2            |   1|   0|    1|          0|
    |ap_enable_reg_pp0_iter3            |   1|   0|    1|          0|
    |ap_enable_reg_pp0_iter4            |   1|   0|    1|          0|
    |ap_enable_reg_pp0_iter5            |   1|   0|    1|          0|
    |ap_loop_exit_ready_pp0_iter2_reg   |   1|   0|    1|          0|
    |ap_loop_exit_ready_pp0_iter3_reg   |   1|   0|    1|          0|
    |ap_loop_exit_ready_pp0_iter4_reg   |   1|   0|    1|          0|
    |col_fu_42                          |  12|   0|   12|          0|
    |indvar_flatten_fu_50               |  18|   0|   18|          0|
    |row_fu_46                          |   7|   0|    7|          0|
    |select_ln49_reg_227                |  12|   0|   12|          0|
    |select_ln49_reg_227_pp0_iter2_reg  |  12|   0|   12|          0|
    +-----------------------------------+----+----+-----+-----------+
    |Total                              |  89|   0|   89|          0|
    +-----------------------------------+----+----+-----+-----------+



================================================================
== Interface
================================================================
* Summary: 
+------------------------+-----+-----+------------+------------------------------------------------------------+--------------+
|        RTL Ports       | Dir | Bits|  Protocol  |                        Source Object                       |    C Type    |
+------------------------+-----+-----+------------+------------------------------------------------------------+--------------+
|ap_clk                  |   in|    1|  ap_ctrl_hs|  load_weights_once_Pipeline_VITIS_LOOP_49_1_VITIS_LOOP_50_2|  return value|
|ap_rst                  |   in|    1|  ap_ctrl_hs|  load_weights_once_Pipeline_VITIS_LOOP_49_1_VITIS_LOOP_50_2|  return value|
|ap_start                |   in|    1|  ap_ctrl_hs|  load_weights_once_Pipeline_VITIS_LOOP_49_1_VITIS_LOOP_50_2|  return value|
|ap_done                 |  out|    1|  ap_ctrl_hs|  load_weights_once_Pipeline_VITIS_LOOP_49_1_VITIS_LOOP_50_2|  return value|
|ap_idle                 |  out|    1|  ap_ctrl_hs|  load_weights_once_Pipeline_VITIS_LOOP_49_1_VITIS_LOOP_50_2|  return value|
|ap_ready                |  out|    1|  ap_ctrl_hs|  load_weights_once_Pipeline_VITIS_LOOP_49_1_VITIS_LOOP_50_2|  return value|
|fc1_weights_0_address0  |  out|   18|   ap_memory|                                               fc1_weights_0|         array|
|fc1_weights_0_ce0       |  out|    1|   ap_memory|                                               fc1_weights_0|         array|
|fc1_weights_0_we0       |  out|    1|   ap_memory|                                               fc1_weights_0|         array|
|fc1_weights_0_d0        |  out|    3|   ap_memory|                                               fc1_weights_0|         array|
+------------------------+-----+-----+------------+------------------------------------------------------------+--------------+

============================================================
+ Verbose Summary: Synthesis Manager
============================================================
InlineROM: 1
ExposeGlobal: 0
============================================================
+ Verbose Summary: CDFG Model
============================================================
IsTopModel: 0
ResetActiveHigh: 1
IsCombinational: 2
IsDatapathOnly: 2
HasWiredReturn: 1
HasMFsm: 2
HasVarLatency: 1
IsPipeline: 0
IsRtlPipelined: 0
IsInstanceOverlapped: 0
IsDontTouch: 0
HasImplIP: 0
IsGatedGlobalClock: 0

+ Individual pipeline summary: 
  * Pipeline-0: initiation interval (II) = 1, depth = 6


============================================================
+ Verbose Summary: Schedule
============================================================
* Number of FSM states : 6
* Pipeline : 1
  Pipeline-0 : II = 1, D = 6, States = { 1 2 3 4 5 6 }
* Dataflow Pipeline: 0

* FSM state transitions: 
1 --> 2 
2 --> 3 
3 --> 4 
4 --> 5 
5 --> 6 
6 --> 

* FSM state operations: 

State 1 <SV = 0> <Delay = 0.38>
ST_1 : Operation 8 [1/1] (0.00ns)   --->   "%col = alloca i32 1"   --->   Operation 8 'alloca' 'col' <Predicate = true> <Delay = 0.00>
ST_1 : Operation 9 [1/1] (0.00ns)   --->   "%row = alloca i32 1"   --->   Operation 9 'alloca' 'row' <Predicate = true> <Delay = 0.00>
ST_1 : Operation 10 [1/1] (0.00ns)   --->   "%indvar_flatten = alloca i32 1"   --->   Operation 10 'alloca' 'indvar_flatten' <Predicate = true> <Delay = 0.00>
ST_1 : Operation 11 [1/1] (0.38ns)   --->   "%store_ln0 = store i18 0, i18 %indvar_flatten"   --->   Operation 11 'store' 'store_ln0' <Predicate = true> <Delay = 0.38>
ST_1 : Operation 12 [1/1] (0.38ns)   --->   "%store_ln0 = store i7 0, i7 %row"   --->   Operation 12 'store' 'store_ln0' <Predicate = true> <Delay = 0.38>
ST_1 : Operation 13 [1/1] (0.38ns)   --->   "%store_ln0 = store i12 0, i12 %col"   --->   Operation 13 'store' 'store_ln0' <Predicate = true> <Delay = 0.38>
ST_1 : Operation 14 [1/1] (0.00ns)   --->   "%br_ln0 = br void %for.inc"   --->   Operation 14 'br' 'br_ln0' <Predicate = true> <Delay = 0.00>

State 2 <SV = 1> <Delay = 2.17>
ST_2 : Operation 15 [1/1] (0.00ns)   --->   "%indvar_flatten_load = load i18 %indvar_flatten" [/home/coder/Desktop/s2n2/convSNN/fc1full_top.cpp:49]   --->   Operation 15 'load' 'indvar_flatten_load' <Predicate = true> <Delay = 0.00>
ST_2 : Operation 16 [1/1] (0.79ns)   --->   "%icmp_ln49 = icmp_eq  i18 %indvar_flatten_load, i18 204800" [/home/coder/Desktop/s2n2/convSNN/fc1full_top.cpp:49]   --->   Operation 16 'icmp' 'icmp_ln49' <Predicate = true> <Delay = 0.79> <CoreInst = "Cmp">   --->   Core 9 'Cmp' <Latency = 0> <II = 1> <Delay = 0.79> <FuncUnit> <Opcode : 'icmp'> <InPorts = 2> <OutPorts = 1>
ST_2 : Operation 17 [1/1] (0.79ns)   --->   "%add_ln49_1 = add i18 %indvar_flatten_load, i18 1" [/home/coder/Desktop/s2n2/convSNN/fc1full_top.cpp:49]   --->   Operation 17 'add' 'add_ln49_1' <Predicate = true> <Delay = 0.79> <CoreInst = "Adder">   --->   Core 1 'Adder' <Latency = 0> <II = 1> <Delay = 0.79> <FuncUnit> <Opcode : 'add' 'sub'> <InPorts = 2> <OutPorts = 1>
ST_2 : Operation 18 [1/1] (0.00ns)   --->   "%br_ln49 = br i1 %icmp_ln49, void %for.inc9, void %for.end11.exitStub" [/home/coder/Desktop/s2n2/convSNN/fc1full_top.cpp:49]   --->   Operation 18 'br' 'br_ln49' <Predicate = true> <Delay = 0.00>
ST_2 : Operation 19 [1/1] (0.00ns)   --->   "%col_load = load i12 %col" [/home/coder/Desktop/s2n2/convSNN/fc1full_top.cpp:50]   --->   Operation 19 'load' 'col_load' <Predicate = (!icmp_ln49)> <Delay = 0.00>
ST_2 : Operation 20 [1/1] (0.00ns)   --->   "%row_load = load i7 %row" [/home/coder/Desktop/s2n2/convSNN/fc1full_top.cpp:49]   --->   Operation 20 'load' 'row_load' <Predicate = (!icmp_ln49)> <Delay = 0.00>
ST_2 : Operation 21 [1/1] (0.70ns)   --->   "%add_ln49 = add i7 %row_load, i7 1" [/home/coder/Desktop/s2n2/convSNN/fc1full_top.cpp:49]   --->   Operation 21 'add' 'add_ln49' <Predicate = (!icmp_ln49)> <Delay = 0.70> <CoreInst = "Adder">   --->   Core 1 'Adder' <Latency = 0> <II = 1> <Delay = 0.70> <FuncUnit> <Opcode : 'add' 'sub'> <InPorts = 2> <OutPorts = 1>
ST_2 : Operation 22 [1/1] (0.74ns)   --->   "%icmp_ln50 = icmp_eq  i12 %col_load, i12 3200" [/home/coder/Desktop/s2n2/convSNN/fc1full_top.cpp:50]   --->   Operation 22 'icmp' 'icmp_ln50' <Predicate = (!icmp_ln49)> <Delay = 0.74> <CoreInst = "Cmp">   --->   Core 9 'Cmp' <Latency = 0> <II = 1> <Delay = 0.74> <FuncUnit> <Opcode : 'icmp'> <InPorts = 2> <OutPorts = 1>
ST_2 : Operation 23 [1/1] (0.29ns)   --->   "%select_ln49 = select i1 %icmp_ln50, i12 0, i12 %col_load" [/home/coder/Desktop/s2n2/convSNN/fc1full_top.cpp:49]   --->   Operation 23 'select' 'select_ln49' <Predicate = (!icmp_ln49)> <Delay = 0.29> <CoreInst = "Sel">   --->   Core 73 'Sel' <Latency = 0> <II = 1> <Delay = 0.29> <FuncUnit> <Opcode : 'select'> <InPorts = 3> <OutPorts = 1>
ST_2 : Operation 24 [1/1] (0.30ns)   --->   "%select_ln49_1 = select i1 %icmp_ln50, i7 %add_ln49, i7 %row_load" [/home/coder/Desktop/s2n2/convSNN/fc1full_top.cpp:49]   --->   Operation 24 'select' 'select_ln49_1' <Predicate = (!icmp_ln49)> <Delay = 0.30> <CoreInst = "Sel">   --->   Core 73 'Sel' <Latency = 0> <II = 1> <Delay = 0.30> <FuncUnit> <Opcode : 'select'> <InPorts = 3> <OutPorts = 1>
ST_2 : Operation 25 [1/1] (0.00ns)   --->   "%zext_ln49 = zext i7 %select_ln49_1" [/home/coder/Desktop/s2n2/convSNN/fc1full_top.cpp:49]   --->   Operation 25 'zext' 'zext_ln49' <Predicate = (!icmp_ln49)> <Delay = 0.00>
ST_2 : Operation 26 [3/3] (0.99ns) (grouped into DSP with root node add_ln53)   --->   "%mul_ln49_1 = mul i18 %zext_ln49, i18 3200" [/home/coder/Desktop/s2n2/convSNN/fc1full_top.cpp:49]   --->   Operation 26 'mul' 'mul_ln49_1' <Predicate = (!icmp_ln49)> <Delay = 0.99> <CoreInst = "DSP48">   --->   Core 127 'DSP48' <Latency = 3> <II = 1> <Delay = 0.53> <IPBlock> <Opcode : '<invalid operator> ' 'mul' 'add' 'sub' 'select'> <InPorts = 0> <OutPorts = 1> <Sync> <CReg>
ST_2 : Operation 27 [1/1] (0.00ns)   --->   "%zext_ln49_1 = zext i7 %select_ln49_1" [/home/coder/Desktop/s2n2/convSNN/fc1full_top.cpp:49]   --->   Operation 27 'zext' 'zext_ln49_1' <Predicate = (!icmp_ln49)> <Delay = 0.00>
ST_2 : Operation 28 [3/3] (0.99ns) (grouped into DSP with root node add_ln52)   --->   "%mul_ln49 = mul i18 %zext_ln49_1, i18 3200" [/home/coder/Desktop/s2n2/convSNN/fc1full_top.cpp:49]   --->   Operation 28 'mul' 'mul_ln49' <Predicate = (!icmp_ln49)> <Delay = 0.99> <CoreInst = "DSP48">   --->   Core 127 'DSP48' <Latency = 3> <II = 1> <Delay = 0.53> <IPBlock> <Opcode : '<invalid operator> ' 'mul' 'add' 'sub' 'select'> <InPorts = 0> <OutPorts = 1> <Sync> <CReg>
ST_2 : Operation 29 [1/1] (0.74ns)   --->   "%add_ln50 = add i12 %select_ln49, i12 1" [/home/coder/Desktop/s2n2/convSNN/fc1full_top.cpp:50]   --->   Operation 29 'add' 'add_ln50' <Predicate = (!icmp_ln49)> <Delay = 0.74> <CoreInst = "Adder">   --->   Core 1 'Adder' <Latency = 0> <II = 1> <Delay = 0.74> <FuncUnit> <Opcode : 'add' 'sub'> <InPorts = 2> <OutPorts = 1>
ST_2 : Operation 30 [1/1] (0.38ns)   --->   "%store_ln50 = store i18 %add_ln49_1, i18 %indvar_flatten" [/home/coder/Desktop/s2n2/convSNN/fc1full_top.cpp:50]   --->   Operation 30 'store' 'store_ln50' <Predicate = (!icmp_ln49)> <Delay = 0.38>
ST_2 : Operation 31 [1/1] (0.38ns)   --->   "%store_ln50 = store i7 %select_ln49_1, i7 %row" [/home/coder/Desktop/s2n2/convSNN/fc1full_top.cpp:50]   --->   Operation 31 'store' 'store_ln50' <Predicate = (!icmp_ln49)> <Delay = 0.38>
ST_2 : Operation 32 [1/1] (0.38ns)   --->   "%store_ln50 = store i12 %add_ln50, i12 %col" [/home/coder/Desktop/s2n2/convSNN/fc1full_top.cpp:50]   --->   Operation 32 'store' 'store_ln50' <Predicate = (!icmp_ln49)> <Delay = 0.38>

State 3 <SV = 2> <Delay = 0.99>
ST_3 : Operation 33 [2/3] (0.99ns) (grouped into DSP with root node add_ln53)   --->   "%mul_ln49_1 = mul i18 %zext_ln49, i18 3200" [/home/coder/Desktop/s2n2/convSNN/fc1full_top.cpp:49]   --->   Operation 33 'mul' 'mul_ln49_1' <Predicate = true> <Delay = 0.99> <CoreInst = "DSP48">   --->   Core 127 'DSP48' <Latency = 3> <II = 1> <Delay = 0.53> <IPBlock> <Opcode : '<invalid operator> ' 'mul' 'add' 'sub' 'select'> <InPorts = 0> <OutPorts = 1> <Sync> <CReg>
ST_3 : Operation 34 [2/3] (0.99ns) (grouped into DSP with root node add_ln52)   --->   "%mul_ln49 = mul i18 %zext_ln49_1, i18 3200" [/home/coder/Desktop/s2n2/convSNN/fc1full_top.cpp:49]   --->   Operation 34 'mul' 'mul_ln49' <Predicate = true> <Delay = 0.99> <CoreInst = "DSP48">   --->   Core 127 'DSP48' <Latency = 3> <II = 1> <Delay = 0.53> <IPBlock> <Opcode : '<invalid operator> ' 'mul' 'add' 'sub' 'select'> <InPorts = 0> <OutPorts = 1> <Sync> <CReg>

State 4 <SV = 3> <Delay = 0.64>
ST_4 : Operation 35 [1/3] (0.00ns) (grouped into DSP with root node add_ln53)   --->   "%mul_ln49_1 = mul i18 %zext_ln49, i18 3200" [/home/coder/Desktop/s2n2/convSNN/fc1full_top.cpp:49]   --->   Operation 35 'mul' 'mul_ln49_1' <Predicate = true> <Delay = 0.00> <CoreInst = "DSP48">   --->   Core 127 'DSP48' <Latency = 3> <II = 1> <Delay = 0.53> <IPBlock> <Opcode : '<invalid operator> ' 'mul' 'add' 'sub' 'select'> <InPorts = 0> <OutPorts = 1> <Sync> <CReg>
ST_4 : Operation 36 [1/3] (0.00ns) (grouped into DSP with root node add_ln52)   --->   "%mul_ln49 = mul i18 %zext_ln49_1, i18 3200" [/home/coder/Desktop/s2n2/convSNN/fc1full_top.cpp:49]   --->   Operation 36 'mul' 'mul_ln49' <Predicate = true> <Delay = 0.00> <CoreInst = "DSP48">   --->   Core 127 'DSP48' <Latency = 3> <II = 1> <Delay = 0.53> <IPBlock> <Opcode : '<invalid operator> ' 'mul' 'add' 'sub' 'select'> <InPorts = 0> <OutPorts = 1> <Sync> <CReg>
ST_4 : Operation 37 [1/1] (0.00ns)   --->   "%zext_ln53_1 = zext i12 %select_ln49" [/home/coder/Desktop/s2n2/convSNN/fc1full_top.cpp:53]   --->   Operation 37 'zext' 'zext_ln53_1' <Predicate = true> <Delay = 0.00>
ST_4 : Operation 38 [2/2] (0.64ns) (root node of the DSP)   --->   "%add_ln53 = add i18 %mul_ln49_1, i18 %zext_ln53_1" [/home/coder/Desktop/s2n2/convSNN/fc1full_top.cpp:53]   --->   Operation 38 'add' 'add_ln53' <Predicate = true> <Delay = 0.64> <CoreInst = "DSP48">   --->   Core 127 'DSP48' <Latency = 3> <II = 1> <Delay = 0.53> <IPBlock> <Opcode : '<invalid operator> ' 'mul' 'add' 'sub' 'select'> <InPorts = 0> <OutPorts = 1> <Sync> <CReg>
ST_4 : Operation 39 [2/2] (0.64ns) (root node of the DSP)   --->   "%add_ln52 = add i18 %zext_ln53_1, i18 %mul_ln49" [/home/coder/Desktop/s2n2/convSNN/fc1full_top.cpp:52]   --->   Operation 39 'add' 'add_ln52' <Predicate = true> <Delay = 0.64> <CoreInst = "DSP48">   --->   Core 127 'DSP48' <Latency = 3> <II = 1> <Delay = 0.53> <IPBlock> <Opcode : '<invalid operator> ' 'mul' 'add' 'sub' 'select'> <InPorts = 0> <OutPorts = 1> <Sync> <CReg>

State 5 <SV = 4> <Delay = 1.89>
ST_5 : Operation 40 [1/2] (0.64ns) (root node of the DSP)   --->   "%add_ln53 = add i18 %mul_ln49_1, i18 %zext_ln53_1" [/home/coder/Desktop/s2n2/convSNN/fc1full_top.cpp:53]   --->   Operation 40 'add' 'add_ln53' <Predicate = true> <Delay = 0.64> <CoreInst = "DSP48">   --->   Core 127 'DSP48' <Latency = 3> <II = 1> <Delay = 0.53> <IPBlock> <Opcode : '<invalid operator> ' 'mul' 'add' 'sub' 'select'> <InPorts = 0> <OutPorts = 1> <Sync> <CReg>
ST_5 : Operation 41 [1/1] (0.00ns)   --->   "%zext_ln53_2 = zext i18 %add_ln53" [/home/coder/Desktop/s2n2/convSNN/fc1full_top.cpp:53]   --->   Operation 41 'zext' 'zext_ln53_2' <Predicate = true> <Delay = 0.00>
ST_5 : Operation 42 [1/1] (0.00ns)   --->   "%FC1_W_addr = getelementptr i3 %FC1_W, i64 0, i64 %zext_ln53_2" [/home/coder/Desktop/s2n2/convSNN/fc1full_top.cpp:53]   --->   Operation 42 'getelementptr' 'FC1_W_addr' <Predicate = true> <Delay = 0.00>
ST_5 : Operation 43 [1/2] (0.64ns) (root node of the DSP)   --->   "%add_ln52 = add i18 %zext_ln53_1, i18 %mul_ln49" [/home/coder/Desktop/s2n2/convSNN/fc1full_top.cpp:52]   --->   Operation 43 'add' 'add_ln52' <Predicate = true> <Delay = 0.64> <CoreInst = "DSP48">   --->   Core 127 'DSP48' <Latency = 3> <II = 1> <Delay = 0.53> <IPBlock> <Opcode : '<invalid operator> ' 'mul' 'add' 'sub' 'select'> <InPorts = 0> <OutPorts = 1> <Sync> <CReg>
ST_5 : Operation 44 [2/2] (1.24ns)   --->   "%w = load i18 %FC1_W_addr" [/home/coder/Desktop/s2n2/convSNN/fc1full_top.cpp:53]   --->   Operation 44 'load' 'w' <Predicate = true> <Delay = 1.24> <CoreInst = "ROM">   --->   Core 101 'ROM' <Latency = 1> <II = 1> <Delay = 1.24> <Storage> <Opcode : 'load'> <Ports = 0> <Width = 3> <Depth = 204800> <ROM>
ST_5 : Operation 54 [1/1] (0.00ns)   --->   "%ret_ln0 = ret"   --->   Operation 54 'ret' 'ret_ln0' <Predicate = (icmp_ln49)> <Delay = 0.00>

State 6 <SV = 5> <Delay = 2.49>
ST_6 : Operation 45 [1/1] (0.00ns)   --->   "%specloopname_ln0 = specloopname void @_ssdm_op_SpecLoopName, void @VITIS_LOOP_49_1_VITIS_LOOP_50_2_str"   --->   Operation 45 'specloopname' 'specloopname_ln0' <Predicate = true> <Delay = 0.00>
ST_6 : Operation 46 [1/1] (0.00ns)   --->   "%speclooptripcount_ln0 = speclooptripcount void @_ssdm_op_SpecLoopTripCount, i64 204800, i64 204800, i64 204800"   --->   Operation 46 'speclooptripcount' 'speclooptripcount_ln0' <Predicate = true> <Delay = 0.00>
ST_6 : Operation 47 [1/1] (0.00ns)   --->   "%specpipeline_ln51 = specpipeline void @_ssdm_op_SpecPipeline, i32 1, i32 0, i32 0, i32 0, void @empty_5" [/home/coder/Desktop/s2n2/convSNN/fc1full_top.cpp:51]   --->   Operation 47 'specpipeline' 'specpipeline_ln51' <Predicate = true> <Delay = 0.00>
ST_6 : Operation 48 [1/1] (0.00ns)   --->   "%specloopname_ln50 = specloopname void @_ssdm_op_SpecLoopName, void @empty_2" [/home/coder/Desktop/s2n2/convSNN/fc1full_top.cpp:50]   --->   Operation 48 'specloopname' 'specloopname_ln50' <Predicate = true> <Delay = 0.00>
ST_6 : Operation 49 [1/1] (0.00ns)   --->   "%zext_ln53 = zext i18 %add_ln52" [/home/coder/Desktop/s2n2/convSNN/fc1full_top.cpp:53]   --->   Operation 49 'zext' 'zext_ln53' <Predicate = true> <Delay = 0.00>
ST_6 : Operation 50 [1/2] (1.24ns)   --->   "%w = load i18 %FC1_W_addr" [/home/coder/Desktop/s2n2/convSNN/fc1full_top.cpp:53]   --->   Operation 50 'load' 'w' <Predicate = true> <Delay = 1.24> <CoreInst = "ROM">   --->   Core 101 'ROM' <Latency = 1> <II = 1> <Delay = 1.24> <Storage> <Opcode : 'load'> <Ports = 0> <Width = 3> <Depth = 204800> <ROM>
ST_6 : Operation 51 [1/1] (0.00ns)   --->   "%fc1_weights_0_addr = getelementptr i3 %fc1_weights_0, i64 0, i64 %zext_ln53" [/home/coder/Desktop/s2n2/convSNN/fc1full_top.cpp:54]   --->   Operation 51 'getelementptr' 'fc1_weights_0_addr' <Predicate = true> <Delay = 0.00>
ST_6 : Operation 52 [1/1] (1.24ns)   --->   "%store_ln54 = store i3 %w, i18 %fc1_weights_0_addr" [/home/coder/Desktop/s2n2/convSNN/fc1full_top.cpp:54]   --->   Operation 52 'store' 'store_ln54' <Predicate = true> <Delay = 1.24> <CoreInst = "RAM">   --->   Core 83 'RAM' <Latency = 1> <II = 1> <Delay = 1.24> <Storage> <Opcode : 'load' 'store'> <Ports = 2> <Width = 3> <Depth = 204800> <RAM>
ST_6 : Operation 53 [1/1] (0.00ns)   --->   "%br_ln50 = br void %for.inc" [/home/coder/Desktop/s2n2/convSNN/fc1full_top.cpp:50]   --->   Operation 53 'br' 'br_ln50' <Predicate = true> <Delay = 0.00>


============================================================
+ Verbose Summary: Binding
============================================================
STG Binding: 
---------------- STG Properties BEGIN ----------------
- Is combinational: 0
- Is one-state seq: 0
- Is datapath-only: 0
- Is pipelined: 0
- Is top level: 0
Port [ Return ] is wired: 1; IO mode=ap_ctrl_hs:ce=0
Port [ FC1_W]:  wired=0; compound=1; hidden=1; nouse=0; global=1; static=1; extern=0; dir=0; type=1; pingpong=0; private_global=1; MemPort=[1]; IO mode=ap_memory:ce=0
Port [ fc1_weights_0]:  wired=1; compound=1; hidden=0; nouse=0; global=1; static=1; extern=0; dir=1; type=1; pingpong=0; private_global=0; MemPort=[03]; IO mode=ap_memory:ce=0
---------------- STG Properties END ------------------

---------------- Datapath Model BEGIN ----------------

<LifeTime>
<method=bitvector/>
col                   (alloca           ) [ 0110000]
row                   (alloca           ) [ 0110000]
indvar_flatten        (alloca           ) [ 0110000]
store_ln0             (store            ) [ 0000000]
store_ln0             (store            ) [ 0000000]
store_ln0             (store            ) [ 0000000]
br_ln0                (br               ) [ 0000000]
indvar_flatten_load   (load             ) [ 0000000]
icmp_ln49             (icmp             ) [ 0111110]
add_ln49_1            (add              ) [ 0000000]
br_ln49               (br               ) [ 0000000]
col_load              (load             ) [ 0000000]
row_load              (load             ) [ 0000000]
add_ln49              (add              ) [ 0000000]
icmp_ln50             (icmp             ) [ 0000000]
select_ln49           (select           ) [ 0101100]
select_ln49_1         (select           ) [ 0000000]
zext_ln49             (zext             ) [ 0101100]
zext_ln49_1           (zext             ) [ 0101100]
add_ln50              (add              ) [ 0000000]
store_ln50            (store            ) [ 0000000]
store_ln50            (store            ) [ 0000000]
store_ln50            (store            ) [ 0000000]
mul_ln49_1            (mul              ) [ 0100010]
mul_ln49              (mul              ) [ 0100010]
zext_ln53_1           (zext             ) [ 0100010]
add_ln53              (add              ) [ 0000000]
zext_ln53_2           (zext             ) [ 0000000]
FC1_W_addr            (getelementptr    ) [ 0100001]
add_ln52              (add              ) [ 0100001]
specloopname_ln0      (specloopname     ) [ 0000000]
speclooptripcount_ln0 (speclooptripcount) [ 0000000]
specpipeline_ln51     (specpipeline     ) [ 0000000]
specloopname_ln50     (specloopname     ) [ 0000000]
zext_ln53             (zext             ) [ 0000000]
w                     (load             ) [ 0000000]
fc1_weights_0_addr    (getelementptr    ) [ 0000000]
store_ln54            (store            ) [ 0000000]
br_ln50               (br               ) [ 0000000]
ret_ln0               (ret              ) [ 0000000]
</LifeTime>

<model>

<comp_list>
<comp id="0" class="1000" name="FC1_W">
<pin_list>
<pin id="1" dir="1" index="0" bw="1" slack="0"/>
</pin_list>
<bind>
<StgValue><ssdm name="FC1_W"/><MemPortTyVec>1 </MemPortTyVec>
</StgValue>
</bind>
</comp>

<comp id="2" class="1000" name="fc1_weights_0">
<pin_list>
<pin id="3" dir="1" index="0" bw="1" slack="0"/>
</pin_list>
<bind>
<StgValue><ssdm name="fc1_weights_0"/><MemPortTyVec>0 3 </MemPortTyVec>
</StgValue>
</bind>
</comp>

<comp id="4" class="1001" name="const_4">
<pin_list>
<pin id="5" dir="1" index="0" bw="1" slack="0"/>
</pin_list>
<bind>
<StgValue><ssdm name=""/></StgValue>
</bind>
</comp>

<comp id="6" class="1001" name="const_6">
<pin_list>
<pin id="7" dir="1" index="0" bw="1" slack="0"/>
</pin_list>
<bind>
<StgValue><ssdm name=""/></StgValue>
</bind>
</comp>

<comp id="8" class="1001" name="const_8">
<pin_list>
<pin id="9" dir="1" index="0" bw="1" slack="0"/>
</pin_list>
<bind>
<StgValue><ssdm name=""/></StgValue>
</bind>
</comp>

<comp id="10" class="1001" name="const_10">
<pin_list>
<pin id="11" dir="1" index="0" bw="1" slack="0"/>
</pin_list>
<bind>
<StgValue><ssdm name=""/></StgValue>
</bind>
</comp>

<comp id="12" class="1001" name="const_12">
<pin_list>
<pin id="13" dir="1" index="0" bw="1" slack="0"/>
</pin_list>
<bind>
<StgValue><ssdm name=""/></StgValue>
</bind>
</comp>

<comp id="14" class="1001" name="const_14">
<pin_list>
<pin id="15" dir="1" index="0" bw="1" slack="0"/>
</pin_list>
<bind>
<StgValue><ssdm name=""/></StgValue>
</bind>
</comp>

<comp id="16" class="1001" name="const_16">
<pin_list>
<pin id="17" dir="1" index="0" bw="1" slack="0"/>
</pin_list>
<bind>
<StgValue><ssdm name=""/></StgValue>
</bind>
</comp>

<comp id="18" class="1001" name="const_18">
<pin_list>
<pin id="19" dir="1" index="0" bw="1" slack="0"/>
</pin_list>
<bind>
<StgValue><ssdm name=""/></StgValue>
</bind>
</comp>

<comp id="20" class="1001" name="const_20">
<pin_list>
<pin id="21" dir="1" index="0" bw="1" slack="0"/>
</pin_list>
<bind>
<StgValue><ssdm name=""/></StgValue>
</bind>
</comp>

<comp id="22" class="1001" name="const_22">
<pin_list>
<pin id="23" dir="1" index="0" bw="1" slack="0"/>
</pin_list>
<bind>
<StgValue><ssdm name=""/></StgValue>
</bind>
</comp>

<comp id="24" class="1001" name="const_24">
<pin_list>
<pin id="25" dir="1" index="0" bw="1" slack="0"/>
</pin_list>
<bind>
<StgValue><ssdm name=""/></StgValue>
</bind>
</comp>

<comp id="26" class="1001" name="const_26">
<pin_list>
<pin id="27" dir="1" index="0" bw="1" slack="2147483647"/>
</pin_list>
<bind>
<StgValue><ssdm name="_ssdm_op_SpecLoopName"/></StgValue>
</bind>
</comp>

<comp id="28" class="1001" name="const_28">
<pin_list>
<pin id="29" dir="1" index="0" bw="1" slack="2147483647"/>
</pin_list>
<bind>
<StgValue><ssdm name="VITIS_LOOP_49_1_VITIS_LOOP_50_2_str"/></StgValue>
</bind>
</comp>

<comp id="30" class="1001" name="const_30">
<pin_list>
<pin id="31" dir="1" index="0" bw="1" slack="2147483647"/>
</pin_list>
<bind>
<StgValue><ssdm name="_ssdm_op_SpecLoopTripCount"/></StgValue>
</bind>
</comp>

<comp id="32" class="1001" name="const_32">
<pin_list>
<pin id="33" dir="1" index="0" bw="1" slack="2147483647"/>
</pin_list>
<bind>
<StgValue><ssdm name=""/></StgValue>
</bind>
</comp>

<comp id="34" class="1001" name="const_34">
<pin_list>
<pin id="35" dir="1" index="0" bw="1" slack="2147483647"/>
</pin_list>
<bind>
<StgValue><ssdm name="_ssdm_op_SpecPipeline"/></StgValue>
</bind>
</comp>

<comp id="36" class="1001" name="const_36">
<pin_list>
<pin id="37" dir="1" index="0" bw="1" slack="2147483647"/>
</pin_list>
<bind>
<StgValue><ssdm name=""/></StgValue>
</bind>
</comp>

<comp id="38" class="1001" name="const_38">
<pin_list>
<pin id="39" dir="1" index="0" bw="1" slack="2147483647"/>
</pin_list>
<bind>
<StgValue><ssdm name="empty_5"/></StgValue>
</bind>
</comp>

<comp id="40" class="1001" name="const_40">
<pin_list>
<pin id="41" dir="1" index="0" bw="1" slack="2147483647"/>
</pin_list>
<bind>
<StgValue><ssdm name="empty_2"/></StgValue>
</bind>
</comp>

<comp id="42" class="1004" name="col_fu_42">
<pin_list>
<pin id="43" dir="0" index="0" bw="1" slack="0"/>
<pin id="44" dir="1" index="1" bw="12" slack="0"/>
</pin_list>
<bind>
<opcode="alloca(26) " fcode="alloca"/>
<opset="col/1 "/>
</bind>
</comp>

<comp id="46" class="1004" name="row_fu_46">
<pin_list>
<pin id="47" dir="0" index="0" bw="1" slack="0"/>
<pin id="48" dir="1" index="1" bw="7" slack="0"/>
</pin_list>
<bind>
<opcode="alloca(26) " fcode="alloca"/>
<opset="row/1 "/>
</bind>
</comp>

<comp id="50" class="1004" name="indvar_flatten_fu_50">
<pin_list>
<pin id="51" dir="0" index="0" bw="1" slack="0"/>
<pin id="52" dir="1" index="1" bw="18" slack="0"/>
</pin_list>
<bind>
<opcode="alloca(26) " fcode="alloca"/>
<opset="indvar_flatten/1 "/>
</bind>
</comp>

<comp id="54" class="1004" name="FC1_W_addr_gep_fu_54">
<pin_list>
<pin id="55" dir="0" index="0" bw="3" slack="0"/>
<pin id="56" dir="0" index="1" bw="1" slack="0"/>
<pin id="57" dir="0" index="2" bw="18" slack="0"/>
<pin id="58" dir="1" index="3" bw="18" slack="0"/>
</pin_list>
<bind>
<opcode="getelementptr(29) " fcode="getelementptr"/>
<opset="FC1_W_addr/5 "/>
</bind>
</comp>

<comp id="61" class="1004" name="grp_access_fu_61">
<pin_list>
<pin id="62" dir="0" index="0" bw="18" slack="0"/>
<pin id="63" dir="0" index="1" bw="3" slack="2147483647"/>
<pin id="64" dir="0" index="2" bw="0" slack="2147483647"/>
<pin id="65" dir="1" index="3" bw="3" slack="0"/>
</pin_list>
<bind>
<opcode="load(27) " fcode="load"/>
<opset="w/5 "/>
</bind>
</comp>

<comp id="67" class="1004" name="fc1_weights_0_addr_gep_fu_67">
<pin_list>
<pin id="68" dir="0" index="0" bw="3" slack="0"/>
<pin id="69" dir="0" index="1" bw="1" slack="0"/>
<pin id="70" dir="0" index="2" bw="18" slack="0"/>
<pin id="71" dir="1" index="3" bw="18" slack="0"/>
</pin_list>
<bind>
<opcode="getelementptr(29) " fcode="getelementptr"/>
<opset="fc1_weights_0_addr/6 "/>
</bind>
</comp>

<comp id="74" class="1004" name="store_ln54_access_fu_74">
<pin_list>
<pin id="75" dir="0" index="0" bw="18" slack="0"/>
<pin id="76" dir="0" index="1" bw="3" slack="0"/>
<pin id="77" dir="0" index="2" bw="0" slack="2147483647"/>
<pin id="78" dir="1" index="3" bw="3" slack="2147483647"/>
</pin_list>
<bind>
<opcode="store(28) " fcode="store"/>
<opset="store_ln54/6 "/>
</bind>
</comp>

<comp id="81" class="1004" name="store_ln0_store_fu_81">
<pin_list>
<pin id="82" dir="0" index="0" bw="1" slack="0"/>
<pin id="83" dir="0" index="1" bw="18" slack="0"/>
<pin id="84" dir="1" index="2" bw="0" slack="2147483647"/>
</pin_list>
<bind>
<opcode="store(28) " fcode="store"/>
<opset="store_ln0/1 "/>
</bind>
</comp>

<comp id="86" class="1004" name="store_ln0_store_fu_86">
<pin_list>
<pin id="87" dir="0" index="0" bw="1" slack="0"/>
<pin id="88" dir="0" index="1" bw="7" slack="0"/>
<pin id="89" dir="1" index="2" bw="0" slack="2147483647"/>
</pin_list>
<bind>
<opcode="store(28) " fcode="store"/>
<opset="store_ln0/1 "/>
</bind>
</comp>

<comp id="91" class="1004" name="store_ln0_store_fu_91">
<pin_list>
<pin id="92" dir="0" index="0" bw="1" slack="0"/>
<pin id="93" dir="0" index="1" bw="12" slack="0"/>
<pin id="94" dir="1" index="2" bw="0" slack="2147483647"/>
</pin_list>
<bind>
<opcode="store(28) " fcode="store"/>
<opset="store_ln0/1 "/>
</bind>
</comp>

<comp id="96" class="1004" name="indvar_flatten_load_load_fu_96">
<pin_list>
<pin id="97" dir="0" index="0" bw="18" slack="1"/>
<pin id="98" dir="1" index="1" bw="18" slack="0"/>
</pin_list>
<bind>
<opcode="load(27) " fcode="load"/>
<opset="indvar_flatten_load/2 "/>
</bind>
</comp>

<comp id="99" class="1004" name="icmp_ln49_fu_99">
<pin_list>
<pin id="100" dir="0" index="0" bw="18" slack="0"/>
<pin id="101" dir="0" index="1" bw="18" slack="0"/>
<pin id="102" dir="1" index="2" bw="1" slack="3"/>
</pin_list>
<bind>
<opcode="icmp(45) " fcode="icmp"/>
<opset="icmp_ln49/2 "/>
</bind>
</comp>

<comp id="105" class="1004" name="add_ln49_1_fu_105">
<pin_list>
<pin id="106" dir="0" index="0" bw="18" slack="0"/>
<pin id="107" dir="0" index="1" bw="1" slack="0"/>
<pin id="108" dir="1" index="2" bw="18" slack="0"/>
</pin_list>
<bind>
<opcode="add(8) " fcode="add"/>
<opset="add_ln49_1/2 "/>
</bind>
</comp>

<comp id="111" class="1004" name="col_load_load_fu_111">
<pin_list>
<pin id="112" dir="0" index="0" bw="12" slack="1"/>
<pin id="113" dir="1" index="1" bw="12" slack="0"/>
</pin_list>
<bind>
<opcode="load(27) " fcode="load"/>
<opset="col_load/2 "/>
</bind>
</comp>

<comp id="114" class="1004" name="row_load_load_fu_114">
<pin_list>
<pin id="115" dir="0" index="0" bw="7" slack="1"/>
<pin id="116" dir="1" index="1" bw="7" slack="0"/>
</pin_list>
<bind>
<opcode="load(27) " fcode="load"/>
<opset="row_load/2 "/>
</bind>
</comp>

<comp id="117" class="1004" name="add_ln49_fu_117">
<pin_list>
<pin id="118" dir="0" index="0" bw="7" slack="0"/>
<pin id="119" dir="0" index="1" bw="1" slack="0"/>
<pin id="120" dir="1" index="2" bw="7" slack="0"/>
</pin_list>
<bind>
<opcode="add(8) " fcode="add"/>
<opset="add_ln49/2 "/>
</bind>
</comp>

<comp id="123" class="1004" name="icmp_ln50_fu_123">
<pin_list>
<pin id="124" dir="0" index="0" bw="12" slack="0"/>
<pin id="125" dir="0" index="1" bw="12" slack="0"/>
<pin id="126" dir="1" index="2" bw="1" slack="0"/>
</pin_list>
<bind>
<opcode="icmp(45) " fcode="icmp"/>
<opset="icmp_ln50/2 "/>
</bind>
</comp>

<comp id="129" class="1004" name="select_ln49_fu_129">
<pin_list>
<pin id="130" dir="0" index="0" bw="1" slack="0"/>
<pin id="131" dir="0" index="1" bw="12" slack="0"/>
<pin id="132" dir="0" index="2" bw="12" slack="0"/>
<pin id="133" dir="1" index="3" bw="12" slack="0"/>
</pin_list>
<bind>
<opcode="select(49) " fcode="select"/>
<opset="select_ln49/2 "/>
</bind>
</comp>

<comp id="137" class="1004" name="select_ln49_1_fu_137">
<pin_list>
<pin id="138" dir="0" index="0" bw="1" slack="0"/>
<pin id="139" dir="0" index="1" bw="7" slack="0"/>
<pin id="140" dir="0" index="2" bw="7" slack="0"/>
<pin id="141" dir="1" index="3" bw="7" slack="0"/>
</pin_list>
<bind>
<opcode="select(49) " fcode="select"/>
<opset="select_ln49_1/2 "/>
</bind>
</comp>

<comp id="145" class="1004" name="zext_ln49_fu_145">
<pin_list>
<pin id="146" dir="0" index="0" bw="7" slack="0"/>
<pin id="147" dir="1" index="1" bw="18" slack="0"/>
</pin_list>
<bind>
<opcode="zext(34) " fcode="zext"/>
<opset="zext_ln49/2 "/>
</bind>
</comp>

<comp id="149" class="1004" name="zext_ln49_1_fu_149">
<pin_list>
<pin id="150" dir="0" index="0" bw="7" slack="0"/>
<pin id="151" dir="1" index="1" bw="18" slack="0"/>
</pin_list>
<bind>
<opcode="zext(34) " fcode="zext"/>
<opset="zext_ln49_1/2 "/>
</bind>
</comp>

<comp id="153" class="1004" name="add_ln50_fu_153">
<pin_list>
<pin id="154" dir="0" index="0" bw="12" slack="0"/>
<pin id="155" dir="0" index="1" bw="1" slack="0"/>
<pin id="156" dir="1" index="2" bw="12" slack="0"/>
</pin_list>
<bind>
<opcode="add(8) " fcode="add"/>
<opset="add_ln50/2 "/>
</bind>
</comp>

<comp id="159" class="1004" name="store_ln50_store_fu_159">
<pin_list>
<pin id="160" dir="0" index="0" bw="18" slack="0"/>
<pin id="161" dir="0" index="1" bw="18" slack="1"/>
<pin id="162" dir="1" index="2" bw="0" slack="2147483647"/>
</pin_list>
<bind>
<opcode="store(28) " fcode="store"/>
<opset="store_ln50/2 "/>
</bind>
</comp>

<comp id="164" class="1004" name="store_ln50_store_fu_164">
<pin_list>
<pin id="165" dir="0" index="0" bw="7" slack="0"/>
<pin id="166" dir="0" index="1" bw="7" slack="1"/>
<pin id="167" dir="1" index="2" bw="0" slack="2147483647"/>
</pin_list>
<bind>
<opcode="store(28) " fcode="store"/>
<opset="store_ln50/2 "/>
</bind>
</comp>

<comp id="169" class="1004" name="store_ln50_store_fu_169">
<pin_list>
<pin id="170" dir="0" index="0" bw="12" slack="0"/>
<pin id="171" dir="0" index="1" bw="12" slack="1"/>
<pin id="172" dir="1" index="2" bw="0" slack="2147483647"/>
</pin_list>
<bind>
<opcode="store(28) " fcode="store"/>
<opset="store_ln50/2 "/>
</bind>
</comp>

<comp id="174" class="1004" name="zext_ln53_1_fu_174">
<pin_list>
<pin id="175" dir="0" index="0" bw="12" slack="2"/>
<pin id="176" dir="1" index="1" bw="18" slack="0"/>
</pin_list>
<bind>
<opcode="zext(34) " fcode="zext"/>
<opset="zext_ln53_1/4 "/>
</bind>
</comp>

<comp id="177" class="1004" name="zext_ln53_2_fu_177">
<pin_list>
<pin id="178" dir="0" index="0" bw="18" slack="0"/>
<pin id="179" dir="1" index="1" bw="64" slack="0"/>
</pin_list>
<bind>
<opcode="zext(34) " fcode="zext"/>
<opset="zext_ln53_2/5 "/>
</bind>
</comp>

<comp id="181" class="1004" name="zext_ln53_fu_181">
<pin_list>
<pin id="182" dir="0" index="0" bw="18" slack="1"/>
<pin id="183" dir="1" index="1" bw="64" slack="0"/>
</pin_list>
<bind>
<opcode="zext(34) " fcode="zext"/>
<opset="zext_ln53/6 "/>
</bind>
</comp>

<comp id="185" class="1007" name="grp_fu_185">
<pin_list>
<pin id="186" dir="0" index="0" bw="7" slack="0"/>
<pin id="187" dir="0" index="1" bw="12" slack="0"/>
<pin id="188" dir="0" index="2" bw="12" slack="0"/>
<pin id="189" dir="1" index="3" bw="18" slack="0"/>
</pin_list>
<bind>
<opcode="muladd(1172) " fcode="muladd"/>
<opset="mul_ln49_1/2 add_ln53/4 "/>
</bind>
</comp>

<comp id="194" class="1007" name="grp_fu_194">
<pin_list>
<pin id="195" dir="0" index="0" bw="7" slack="0"/>
<pin id="196" dir="0" index="1" bw="12" slack="0"/>
<pin id="197" dir="0" index="2" bw="12" slack="0"/>
<pin id="198" dir="1" index="3" bw="18" slack="1"/>
</pin_list>
<bind>
<opcode="muladd(1172) " fcode="muladd"/>
<opset="mul_ln49/2 add_ln52/4 "/>
</bind>
</comp>

<comp id="202" class="1005" name="col_reg_202">
<pin_list>
<pin id="203" dir="0" index="0" bw="12" slack="0"/>
<pin id="204" dir="1" index="1" bw="12" slack="0"/>
</pin_list>
<bind>
<opset="col "/>
</bind>
</comp>

<comp id="209" class="1005" name="row_reg_209">
<pin_list>
<pin id="210" dir="0" index="0" bw="7" slack="0"/>
<pin id="211" dir="1" index="1" bw="7" slack="0"/>
</pin_list>
<bind>
<opset="row "/>
</bind>
</comp>

<comp id="216" class="1005" name="indvar_flatten_reg_216">
<pin_list>
<pin id="217" dir="0" index="0" bw="18" slack="0"/>
<pin id="218" dir="1" index="1" bw="18" slack="0"/>
</pin_list>
<bind>
<opset="indvar_flatten "/>
</bind>
</comp>

<comp id="223" class="1005" name="icmp_ln49_reg_223">
<pin_list>
<pin id="224" dir="0" index="0" bw="1" slack="3"/>
<pin id="225" dir="1" index="1" bw="1" slack="2147483647"/>
</pin_list>
<bind>
<opset="icmp_ln49 "/>
</bind>
</comp>

<comp id="227" class="1005" name="select_ln49_reg_227">
<pin_list>
<pin id="228" dir="0" index="0" bw="12" slack="2"/>
<pin id="229" dir="1" index="1" bw="12" slack="2"/>
</pin_list>
<bind>
<opset="select_ln49 "/>
</bind>
</comp>

<comp id="232" class="1005" name="zext_ln49_reg_232">
<pin_list>
<pin id="233" dir="0" index="0" bw="18" slack="1"/>
<pin id="234" dir="1" index="1" bw="18" slack="1"/>
</pin_list>
<bind>
<opset="zext_ln49 "/>
</bind>
</comp>

<comp id="237" class="1005" name="zext_ln49_1_reg_237">
<pin_list>
<pin id="238" dir="0" index="0" bw="18" slack="1"/>
<pin id="239" dir="1" index="1" bw="18" slack="1"/>
</pin_list>
<bind>
<opset="zext_ln49_1 "/>
</bind>
</comp>

<comp id="242" class="1005" name="zext_ln53_1_reg_242">
<pin_list>
<pin id="243" dir="0" index="0" bw="18" slack="1"/>
<pin id="244" dir="1" index="1" bw="18" slack="1"/>
</pin_list>
<bind>
<opset="zext_ln53_1 "/>
</bind>
</comp>

<comp id="248" class="1005" name="FC1_W_addr_reg_248">
<pin_list>
<pin id="249" dir="0" index="0" bw="18" slack="1"/>
<pin id="250" dir="1" index="1" bw="18" slack="1"/>
</pin_list>
<bind>
<opset="FC1_W_addr "/>
</bind>
</comp>

<comp id="253" class="1005" name="add_ln52_reg_253">
<pin_list>
<pin id="254" dir="0" index="0" bw="18" slack="1"/>
<pin id="255" dir="1" index="1" bw="18" slack="1"/>
</pin_list>
<bind>
<opset="add_ln52 "/>
</bind>
</comp>

</comp_list>

<net_list>
<net id="45"><net_src comp="4" pin="0"/><net_sink comp="42" pin=0"/></net>

<net id="49"><net_src comp="4" pin="0"/><net_sink comp="46" pin=0"/></net>

<net id="53"><net_src comp="4" pin="0"/><net_sink comp="50" pin=0"/></net>

<net id="59"><net_src comp="0" pin="0"/><net_sink comp="54" pin=0"/></net>

<net id="60"><net_src comp="24" pin="0"/><net_sink comp="54" pin=1"/></net>

<net id="66"><net_src comp="54" pin="3"/><net_sink comp="61" pin=0"/></net>

<net id="72"><net_src comp="2" pin="0"/><net_sink comp="67" pin=0"/></net>

<net id="73"><net_src comp="24" pin="0"/><net_sink comp="67" pin=1"/></net>

<net id="79"><net_src comp="61" pin="3"/><net_sink comp="74" pin=1"/></net>

<net id="80"><net_src comp="67" pin="3"/><net_sink comp="74" pin=0"/></net>

<net id="85"><net_src comp="6" pin="0"/><net_sink comp="81" pin=0"/></net>

<net id="90"><net_src comp="8" pin="0"/><net_sink comp="86" pin=0"/></net>

<net id="95"><net_src comp="10" pin="0"/><net_sink comp="91" pin=0"/></net>

<net id="103"><net_src comp="96" pin="1"/><net_sink comp="99" pin=0"/></net>

<net id="104"><net_src comp="12" pin="0"/><net_sink comp="99" pin=1"/></net>

<net id="109"><net_src comp="96" pin="1"/><net_sink comp="105" pin=0"/></net>

<net id="110"><net_src comp="14" pin="0"/><net_sink comp="105" pin=1"/></net>

<net id="121"><net_src comp="114" pin="1"/><net_sink comp="117" pin=0"/></net>

<net id="122"><net_src comp="16" pin="0"/><net_sink comp="117" pin=1"/></net>

<net id="127"><net_src comp="111" pin="1"/><net_sink comp="123" pin=0"/></net>

<net id="128"><net_src comp="18" pin="0"/><net_sink comp="123" pin=1"/></net>

<net id="134"><net_src comp="123" pin="2"/><net_sink comp="129" pin=0"/></net>

<net id="135"><net_src comp="10" pin="0"/><net_sink comp="129" pin=1"/></net>

<net id="136"><net_src comp="111" pin="1"/><net_sink comp="129" pin=2"/></net>

<net id="142"><net_src comp="123" pin="2"/><net_sink comp="137" pin=0"/></net>

<net id="143"><net_src comp="117" pin="2"/><net_sink comp="137" pin=1"/></net>

<net id="144"><net_src comp="114" pin="1"/><net_sink comp="137" pin=2"/></net>

<net id="148"><net_src comp="137" pin="3"/><net_sink comp="145" pin=0"/></net>

<net id="152"><net_src comp="137" pin="3"/><net_sink comp="149" pin=0"/></net>

<net id="157"><net_src comp="129" pin="3"/><net_sink comp="153" pin=0"/></net>

<net id="158"><net_src comp="22" pin="0"/><net_sink comp="153" pin=1"/></net>

<net id="163"><net_src comp="105" pin="2"/><net_sink comp="159" pin=0"/></net>

<net id="168"><net_src comp="137" pin="3"/><net_sink comp="164" pin=0"/></net>

<net id="173"><net_src comp="153" pin="2"/><net_sink comp="169" pin=0"/></net>

<net id="180"><net_src comp="177" pin="1"/><net_sink comp="54" pin=2"/></net>

<net id="184"><net_src comp="181" pin="1"/><net_sink comp="67" pin=2"/></net>

<net id="190"><net_src comp="145" pin="1"/><net_sink comp="185" pin=0"/></net>

<net id="191"><net_src comp="20" pin="0"/><net_sink comp="185" pin=1"/></net>

<net id="192"><net_src comp="174" pin="1"/><net_sink comp="185" pin=2"/></net>

<net id="193"><net_src comp="185" pin="3"/><net_sink comp="177" pin=0"/></net>

<net id="199"><net_src comp="149" pin="1"/><net_sink comp="194" pin=0"/></net>

<net id="200"><net_src comp="20" pin="0"/><net_sink comp="194" pin=1"/></net>

<net id="201"><net_src comp="174" pin="1"/><net_sink comp="194" pin=2"/></net>

<net id="205"><net_src comp="42" pin="1"/><net_sink comp="202" pin=0"/></net>

<net id="206"><net_src comp="202" pin="1"/><net_sink comp="91" pin=1"/></net>

<net id="207"><net_src comp="202" pin="1"/><net_sink comp="111" pin=0"/></net>

<net id="208"><net_src comp="202" pin="1"/><net_sink comp="169" pin=1"/></net>

<net id="212"><net_src comp="46" pin="1"/><net_sink comp="209" pin=0"/></net>

<net id="213"><net_src comp="209" pin="1"/><net_sink comp="86" pin=1"/></net>

<net id="214"><net_src comp="209" pin="1"/><net_sink comp="114" pin=0"/></net>

<net id="215"><net_src comp="209" pin="1"/><net_sink comp="164" pin=1"/></net>

<net id="219"><net_src comp="50" pin="1"/><net_sink comp="216" pin=0"/></net>

<net id="220"><net_src comp="216" pin="1"/><net_sink comp="81" pin=1"/></net>

<net id="221"><net_src comp="216" pin="1"/><net_sink comp="96" pin=0"/></net>

<net id="222"><net_src comp="216" pin="1"/><net_sink comp="159" pin=1"/></net>

<net id="226"><net_src comp="99" pin="2"/><net_sink comp="223" pin=0"/></net>

<net id="230"><net_src comp="129" pin="3"/><net_sink comp="227" pin=0"/></net>

<net id="231"><net_src comp="227" pin="1"/><net_sink comp="174" pin=0"/></net>

<net id="235"><net_src comp="145" pin="1"/><net_sink comp="232" pin=0"/></net>

<net id="236"><net_src comp="232" pin="1"/><net_sink comp="185" pin=0"/></net>

<net id="240"><net_src comp="149" pin="1"/><net_sink comp="237" pin=0"/></net>

<net id="241"><net_src comp="237" pin="1"/><net_sink comp="194" pin=0"/></net>

<net id="245"><net_src comp="174" pin="1"/><net_sink comp="242" pin=0"/></net>

<net id="246"><net_src comp="242" pin="1"/><net_sink comp="185" pin=1"/></net>

<net id="247"><net_src comp="242" pin="1"/><net_sink comp="194" pin=0"/></net>

<net id="251"><net_src comp="54" pin="3"/><net_sink comp="248" pin=0"/></net>

<net id="252"><net_src comp="248" pin="1"/><net_sink comp="61" pin=0"/></net>

<net id="256"><net_src comp="194" pin="3"/><net_sink comp="253" pin=0"/></net>

<net id="257"><net_src comp="253" pin="1"/><net_sink comp="181" pin=0"/></net>

</net_list>

</model> 
---------------- Datapath Model END ------------------

* FSMD analyzer results:
  - Output states:
	Port: FC1_W | {}
	Port: fc1_weights_0 | {6 }
 - Input state : 
	Port: load_weights_once_Pipeline_VITIS_LOOP_49_1_VITIS_LOOP_50_2 : FC1_W | {5 6 }
	Port: load_weights_once_Pipeline_VITIS_LOOP_49_1_VITIS_LOOP_50_2 : fc1_weights_0 | {}
  - Chain level:
	State 1
		store_ln0 : 1
		store_ln0 : 1
		store_ln0 : 1
	State 2
		icmp_ln49 : 1
		add_ln49_1 : 1
		br_ln49 : 2
		add_ln49 : 1
		icmp_ln50 : 1
		select_ln49 : 2
		select_ln49_1 : 2
		zext_ln49 : 3
		mul_ln49_1 : 4
		zext_ln49_1 : 3
		mul_ln49 : 4
		add_ln50 : 3
		store_ln50 : 2
		store_ln50 : 3
		store_ln50 : 4
	State 3
	State 4
		add_ln53 : 1
		add_ln52 : 1
	State 5
		zext_ln53_2 : 1
		FC1_W_addr : 2
		w : 3
	State 6
		fc1_weights_0_addr : 1
		store_ln54 : 2


============================================================
+ Verbose Summary: Datapath Resource usage 
============================================================

* Functional unit list:
|----------|----------------------|---------|---------|---------|
| Operation|    Functional Unit   |   DSP   |    FF   |   LUT   |
|----------|----------------------|---------|---------|---------|
|          |   add_ln49_1_fu_105  |    0    |    0    |    25   |
|    add   |    add_ln49_fu_117   |    0    |    0    |    14   |
|          |    add_ln50_fu_153   |    0    |    0    |    19   |
|----------|----------------------|---------|---------|---------|
|   icmp   |    icmp_ln49_fu_99   |    0    |    0    |    25   |
|          |   icmp_ln50_fu_123   |    0    |    0    |    19   |
|----------|----------------------|---------|---------|---------|
|  select  |  select_ln49_fu_129  |    0    |    0    |    12   |
|          | select_ln49_1_fu_137 |    0    |    0    |    7    |
|----------|----------------------|---------|---------|---------|
|  muladd  |      grp_fu_185      |    1    |    0    |    0    |
|          |      grp_fu_194      |    1    |    0    |    0    |
|----------|----------------------|---------|---------|---------|
|          |   zext_ln49_fu_145   |    0    |    0    |    0    |
|          |  zext_ln49_1_fu_149  |    0    |    0    |    0    |
|   zext   |  zext_ln53_1_fu_174  |    0    |    0    |    0    |
|          |  zext_ln53_2_fu_177  |    0    |    0    |    0    |
|          |   zext_ln53_fu_181   |    0    |    0    |    0    |
|----------|----------------------|---------|---------|---------|
|   Total  |                      |    2    |    0    |   121   |
|----------|----------------------|---------|---------|---------|

Memories:
N/A

* Register list:
+----------------------+--------+
|                      |   FF   |
+----------------------+--------+
|  FC1_W_addr_reg_248  |   18   |
|   add_ln52_reg_253   |   18   |
|      col_reg_202     |   12   |
|   icmp_ln49_reg_223  |    1   |
|indvar_flatten_reg_216|   18   |
|      row_reg_209     |    7   |
|  select_ln49_reg_227 |   12   |
|  zext_ln49_1_reg_237 |   18   |
|   zext_ln49_reg_232  |   18   |
|  zext_ln53_1_reg_242 |   18   |
+----------------------+--------+
|         Total        |   140  |
+----------------------+--------+

* Multiplexer (MUX) list: 
|------------------|------|------|------|--------||---------||---------|
|       Comp       |  Pin | Size |  BW  | S x BW ||  Delay  ||   LUT   |
|------------------|------|------|------|--------||---------||---------|
| grp_access_fu_61 |  p0  |   2  |  18  |   36   ||    9    |
|    grp_fu_185    |  p0  |   2  |   7  |   14   ||    9    |
|    grp_fu_185    |  p1  |   2  |  12  |   24   ||    9    |
|    grp_fu_194    |  p0  |   3  |   7  |   21   ||    14   |
|------------------|------|------|------|--------||---------||---------|
|       Total      |      |      |      |   95   || 1.58086 ||    41   |
|------------------|------|------|------|--------||---------||---------|



* Summary:
+-----------+--------+--------+--------+--------+
|           |   DSP  |  Delay |   FF   |   LUT  |
+-----------+--------+--------+--------+--------+
|  Function |    2   |    -   |    0   |   121  |
|   Memory  |    -   |    -   |    -   |    -   |
|Multiplexer|    -   |    1   |    -   |   41   |
|  Register |    -   |    -   |   140  |    -   |
+-----------+--------+--------+--------+--------+
|   Total   |    2   |    1   |   140  |   162  |
+-----------+--------+--------+--------+--------+
