

================================================================
== Vitis HLS Report for 'load_weights_once_Pipeline_VITIS_LOOP_49_1_VITIS_LOOP_50_2'
================================================================
* Date:           Thu Apr 30 15:35:43 2026

* Version:        2023.1 (Build 3854077 on May  4 2023)
* Project:        fc1full_prj
* Solution:       xcvu9p-flga2577-2-e (Vivado IP Flow Target)
* Product family: virtexuplus
* Target device:  xcvu9p-flga2577-2-e


================================================================
== Performance Estimates
================================================================
+ Timing: 
    * Summary: 
    +--------+----------+----------+------------+
    |  Clock |  Target  | Estimated| Uncertainty|
    +--------+----------+----------+------------+
    |ap_clk  |  10.00 ns|  2.496 ns|     2.70 ns|
    +--------+----------+----------+------------+

+ Latency: 
    * Summary: 
    +---------+---------+----------+----------+--------+--------+---------+
    |  Latency (cycles) |  Latency (absolute) |     Interval    | Pipeline|
    |   min   |   max   |    min   |    max   |   min  |   max  |   Type  |
    +---------+---------+----------+----------+--------+--------+---------+
    |   204805|   204805|  2.048 ms|  2.048 ms|  204805|  204805|       no|
    +---------+---------+----------+----------+--------+--------+---------+

    + Detail: 
        * Instance: 
        N/A

        * Loop: 
        +-----------------------------------+---------+---------+----------+-----------+-----------+--------+----------+
        |                                   |  Latency (cycles) | Iteration|  Initiation Interval  |  Trip  |          |
        |             Loop Name             |   min   |   max   |  Latency |  achieved |   target  |  Count | Pipelined|
        +-----------------------------------+---------+---------+----------+-----------+-----------+--------+----------+
        |- VITIS_LOOP_49_1_VITIS_LOOP_50_2  |   204803|   204803|         5|          1|          1|  204800|       yes|
        +-----------------------------------+---------+---------+----------+-----------+-----------+--------+----------+

============================================================
+ Verbose Summary: Synthesis Manager
============================================================
InlineROM: 1
ExposeGlobal: 0
============================================================
+ Verbose Summary: CDFG Model
============================================================
IsTopModel: 0
ResetActiveHigh: 1
IsCombinational: 0
IsDatapathOnly: 0
HasWiredReturn: 1
HasMFsm: 2
HasVarLatency: 1
IsPipeline: 0
IsRtlPipelined: 0
IsInstanceOverlapped: 0
IsDontTouch: 0
HasImplIP: 0
IsGatedGlobalClock: 0

+ Individual pipeline summary: 
  * Pipeline-0: initiation interval (II) = 1, depth = 6


============================================================
+ Verbose Summary: Schedule
============================================================
* Number of FSM states : 6
* Pipeline : 1
  Pipeline-0 : II = 1, D = 6, States = { 1 2 3 4 5 6 }
* Dataflow Pipeline: 0

* FSM state transitions: 
1 --> 2 
2 --> 3 
3 --> 4 
4 --> 5 
5 --> 6 
6 --> 

* FSM state operations: 

State 1 <SV = 0> <Delay = 0.38>
ST_1 : Operation 8 [1/1] (0.00ns)   --->   "%col = alloca i32 1"   --->   Operation 8 'alloca' 'col' <Predicate = true> <Delay = 0.00>
ST_1 : Operation 9 [1/1] (0.00ns)   --->   "%row = alloca i32 1"   --->   Operation 9 'alloca' 'row' <Predicate = true> <Delay = 0.00>
ST_1 : Operation 10 [1/1] (0.00ns)   --->   "%indvar_flatten = alloca i32 1"   --->   Operation 10 'alloca' 'indvar_flatten' <Predicate = true> <Delay = 0.00>
ST_1 : Operation 11 [1/1] (0.38ns)   --->   "%store_ln0 = store i18 0, i18 %indvar_flatten"   --->   Operation 11 'store' 'store_ln0' <Predicate = true> <Delay = 0.38>
ST_1 : Operation 12 [1/1] (0.38ns)   --->   "%store_ln0 = store i7 0, i7 %row"   --->   Operation 12 'store' 'store_ln0' <Predicate = true> <Delay = 0.38>
ST_1 : Operation 13 [1/1] (0.38ns)   --->   "%store_ln0 = store i12 0, i12 %col"   --->   Operation 13 'store' 'store_ln0' <Predicate = true> <Delay = 0.38>
ST_1 : Operation 14 [1/1] (0.00ns)   --->   "%br_ln0 = br void %for.inc"   --->   Operation 14 'br' 'br_ln0' <Predicate = true> <Delay = 0.00>

State 2 <SV = 1> <Delay = 2.17>
ST_2 : Operation 15 [1/1] (0.00ns)   --->   "%indvar_flatten_load = load i18 %indvar_flatten" [/home/coder/Desktop/s2n2/convSNN/fc1full_top.cpp:49]   --->   Operation 15 'load' 'indvar_flatten_load' <Predicate = true> <Delay = 0.00>
ST_2 : Operation 16 [1/1] (0.79ns)   --->   "%icmp_ln49 = icmp_eq  i18 %indvar_flatten_load, i18 204800" [/home/coder/Desktop/s2n2/convSNN/fc1full_top.cpp:49]   --->   Operation 16 'icmp' 'icmp_ln49' <Predicate = true> <Delay = 0.79> <CoreInst = "Cmp">   --->   Core 9 'Cmp' <Latency = 0> <II = 1> <Delay = 0.79> <FuncUnit> <Opcode : 'icmp'> <InPorts = 2> <OutPorts = 1>
ST_2 : Operation 17 [1/1] (0.79ns)   --->   "%add_ln49_1 = add i18 %indvar_flatten_load, i18 1" [/home/coder/Desktop/s2n2/convSNN/fc1full_top.cpp:49]   --->   Operation 17 'add' 'add_ln49_1' <Predicate = true> <Delay = 0.79> <CoreInst = "Adder">   --->   Core 1 'Adder' <Latency = 0> <II = 1> <Delay = 0.79> <FuncUnit> <Opcode : 'add' 'sub'> <InPorts = 2> <OutPorts = 1>
ST_2 : Operation 18 [1/1] (0.00ns)   --->   "%br_ln49 = br i1 %icmp_ln49, void %for.inc9, void %for.end11.exitStub" [/home/coder/Desktop/s2n2/convSNN/fc1full_top.cpp:49]   --->   Operation 18 'br' 'br_ln49' <Predicate = true> <Delay = 0.00>
ST_2 : Operation 19 [1/1] (0.00ns)   --->   "%col_load = load i12 %col" [/home/coder/Desktop/s2n2/convSNN/fc1full_top.cpp:50]   --->   Operation 19 'load' 'col_load' <Predicate = (!icmp_ln49)> <Delay = 0.00>
ST_2 : Operation 20 [1/1] (0.00ns)   --->   "%row_load = load i7 %row" [/home/coder/Desktop/s2n2/convSNN/fc1full_top.cpp:49]   --->   Operation 20 'load' 'row_load' <Predicate = (!icmp_ln49)> <Delay = 0.00>
ST_2 : Operation 21 [1/1] (0.70ns)   --->   "%add_ln49 = add i7 %row_load, i7 1" [/home/coder/Desktop/s2n2/convSNN/fc1full_top.cpp:49]   --->   Operation 21 'add' 'add_ln49' <Predicate = (!icmp_ln49)> <Delay = 0.70> <CoreInst = "Adder">   --->   Core 1 'Adder' <Latency = 0> <II = 1> <Delay = 0.70> <FuncUnit> <Opcode : 'add' 'sub'> <InPorts = 2> <OutPorts = 1>
ST_2 : Operation 22 [1/1] (0.74ns)   --->   "%icmp_ln50 = icmp_eq  i12 %col_load, i12 3200" [/home/coder/Desktop/s2n2/convSNN/fc1full_top.cpp:50]   --->   Operation 22 'icmp' 'icmp_ln50' <Predicate = (!icmp_ln49)> <Delay = 0.74> <CoreInst = "Cmp">   --->   Core 9 'Cmp' <Latency = 0> <II = 1> <Delay = 0.74> <FuncUnit> <Opcode : 'icmp'> <InPorts = 2> <OutPorts = 1>
ST_2 : Operation 23 [1/1] (0.29ns)   --->   "%select_ln49 = select i1 %icmp_ln50, i12 0, i12 %col_load" [/home/coder/Desktop/s2n2/convSNN/fc1full_top.cpp:49]   --->   Operation 23 'select' 'select_ln49' <Predicate = (!icmp_ln49)> <Delay = 0.29> <CoreInst = "Sel">   --->   Core 73 'Sel' <Latency = 0> <II = 1> <Delay = 0.29> <FuncUnit> <Opcode : 'select'> <InPorts = 3> <OutPorts = 1>
ST_2 : Operation 24 [1/1] (0.30ns)   --->   "%select_ln49_1 = select i1 %icmp_ln50, i7 %add_ln49, i7 %row_load" [/home/coder/Desktop/s2n2/convSNN/fc1full_top.cpp:49]   --->   Operation 24 'select' 'select_ln49_1' <Predicate = (!icmp_ln49)> <Delay = 0.30> <CoreInst = "Sel">   --->   Core 73 'Sel' <Latency = 0> <II = 1> <Delay = 0.30> <FuncUnit> <Opcode : 'select'> <InPorts = 3> <OutPorts = 1>
ST_2 : Operation 25 [1/1] (0.00ns)   --->   "%zext_ln49 = zext i7 %select_ln49_1" [/home/coder/Desktop/s2n2/convSNN/fc1full_top.cpp:49]   --->   Operation 25 'zext' 'zext_ln49' <Predicate = (!icmp_ln49)> <Delay = 0.00>
ST_2 : Operation 26 [3/3] (0.99ns) (grouped into DSP with root node add_ln53)   --->   "%mul_ln49_1 = mul i18 %zext_ln49, i18 3200" [/home/coder/Desktop/s2n2/convSNN/fc1full_top.cpp:49]   --->   Operation 26 'mul' 'mul_ln49_1' <Predicate = (!icmp_ln49)> <Delay = 0.99> <CoreInst = "DSP48">   --->   Core 127 'DSP48' <Latency = 3> <II = 1> <Delay = 0.53> <IPBlock> <Opcode : '<invalid operator> ' 'mul' 'add' 'sub' 'select'> <InPorts = 0> <OutPorts = 1> <Sync> <CReg>
ST_2 : Operation 27 [1/1] (0.00ns)   --->   "%zext_ln49_1 = zext i7 %select_ln49_1" [/home/coder/Desktop/s2n2/convSNN/fc1full_top.cpp:49]   --->   Operation 27 'zext' 'zext_ln49_1' <Predicate = (!icmp_ln49)> <Delay = 0.00>
ST_2 : Operation 28 [3/3] (0.99ns) (grouped into DSP with root node add_ln52)   --->   "%mul_ln49 = mul i18 %zext_ln49_1, i18 3200" [/home/coder/Desktop/s2n2/convSNN/fc1full_top.cpp:49]   --->   Operation 28 'mul' 'mul_ln49' <Predicate = (!icmp_ln49)> <Delay = 0.99> <CoreInst = "DSP48">   --->   Core 127 'DSP48' <Latency = 3> <II = 1> <Delay = 0.53> <IPBlock> <Opcode : '<invalid operator> ' 'mul' 'add' 'sub' 'select'> <InPorts = 0> <OutPorts = 1> <Sync> <CReg>
ST_2 : Operation 29 [1/1] (0.74ns)   --->   "%add_ln50 = add i12 %select_ln49, i12 1" [/home/coder/Desktop/s2n2/convSNN/fc1full_top.cpp:50]   --->   Operation 29 'add' 'add_ln50' <Predicate = (!icmp_ln49)> <Delay = 0.74> <CoreInst = "Adder">   --->   Core 1 'Adder' <Latency = 0> <II = 1> <Delay = 0.74> <FuncUnit> <Opcode : 'add' 'sub'> <InPorts = 2> <OutPorts = 1>
ST_2 : Operation 30 [1/1] (0.38ns)   --->   "%store_ln50 = store i18 %add_ln49_1, i18 %indvar_flatten" [/home/coder/Desktop/s2n2/convSNN/fc1full_top.cpp:50]   --->   Operation 30 'store' 'store_ln50' <Predicate = (!icmp_ln49)> <Delay = 0.38>
ST_2 : Operation 31 [1/1] (0.38ns)   --->   "%store_ln50 = store i7 %select_ln49_1, i7 %row" [/home/coder/Desktop/s2n2/convSNN/fc1full_top.cpp:50]   --->   Operation 31 'store' 'store_ln50' <Predicate = (!icmp_ln49)> <Delay = 0.38>
ST_2 : Operation 32 [1/1] (0.38ns)   --->   "%store_ln50 = store i12 %add_ln50, i12 %col" [/home/coder/Desktop/s2n2/convSNN/fc1full_top.cpp:50]   --->   Operation 32 'store' 'store_ln50' <Predicate = (!icmp_ln49)> <Delay = 0.38>

State 3 <SV = 2> <Delay = 0.99>
ST_3 : Operation 33 [2/3] (0.99ns) (grouped into DSP with root node add_ln53)   --->   "%mul_ln49_1 = mul i18 %zext_ln49, i18 3200" [/home/coder/Desktop/s2n2/convSNN/fc1full_top.cpp:49]   --->   Operation 33 'mul' 'mul_ln49_1' <Predicate = true> <Delay = 0.99> <CoreInst = "DSP48">   --->   Core 127 'DSP48' <Latency = 3> <II = 1> <Delay = 0.53> <IPBlock> <Opcode : '<invalid operator> ' 'mul' 'add' 'sub' 'select'> <InPorts = 0> <OutPorts = 1> <Sync> <CReg>
ST_3 : Operation 34 [2/3] (0.99ns) (grouped into DSP with root node add_ln52)   --->   "%mul_ln49 = mul i18 %zext_ln49_1, i18 3200" [/home/coder/Desktop/s2n2/convSNN/fc1full_top.cpp:49]   --->   Operation 34 'mul' 'mul_ln49' <Predicate = true> <Delay = 0.99> <CoreInst = "DSP48">   --->   Core 127 'DSP48' <Latency = 3> <II = 1> <Delay = 0.53> <IPBlock> <Opcode : '<invalid operator> ' 'mul' 'add' 'sub' 'select'> <InPorts = 0> <OutPorts = 1> <Sync> <CReg>

State 4 <SV = 3> <Delay = 0.64>
ST_4 : Operation 35 [1/3] (0.00ns) (grouped into DSP with root node add_ln53)   --->   "%mul_ln49_1 = mul i18 %zext_ln49, i18 3200" [/home/coder/Desktop/s2n2/convSNN/fc1full_top.cpp:49]   --->   Operation 35 'mul' 'mul_ln49_1' <Predicate = true> <Delay = 0.00> <CoreInst = "DSP48">   --->   Core 127 'DSP48' <Latency = 3> <II = 1> <Delay = 0.53> <IPBlock> <Opcode : '<invalid operator> ' 'mul' 'add' 'sub' 'select'> <InPorts = 0> <OutPorts = 1> <Sync> <CReg>
ST_4 : Operation 36 [1/3] (0.00ns) (grouped into DSP with root node add_ln52)   --->   "%mul_ln49 = mul i18 %zext_ln49_1, i18 3200" [/home/coder/Desktop/s2n2/convSNN/fc1full_top.cpp:49]   --->   Operation 36 'mul' 'mul_ln49' <Predicate = true> <Delay = 0.00> <CoreInst = "DSP48">   --->   Core 127 'DSP48' <Latency = 3> <II = 1> <Delay = 0.53> <IPBlock> <Opcode : '<invalid operator> ' 'mul' 'add' 'sub' 'select'> <InPorts = 0> <OutPorts = 1> <Sync> <CReg>
ST_4 : Operation 37 [1/1] (0.00ns)   --->   "%zext_ln53_1 = zext i12 %select_ln49" [/home/coder/Desktop/s2n2/convSNN/fc1full_top.cpp:53]   --->   Operation 37 'zext' 'zext_ln53_1' <Predicate = true> <Delay = 0.00>
ST_4 : Operation 38 [2/2] (0.64ns) (root node of the DSP)   --->   "%add_ln53 = add i18 %mul_ln49_1, i18 %zext_ln53_1" [/home/coder/Desktop/s2n2/convSNN/fc1full_top.cpp:53]   --->   Operation 38 'add' 'add_ln53' <Predicate = true> <Delay = 0.64> <CoreInst = "DSP48">   --->   Core 127 'DSP48' <Latency = 3> <II = 1> <Delay = 0.53> <IPBlock> <Opcode : '<invalid operator> ' 'mul' 'add' 'sub' 'select'> <InPorts = 0> <OutPorts = 1> <Sync> <CReg>
ST_4 : Operation 39 [2/2] (0.64ns) (root node of the DSP)   --->   "%add_ln52 = add i18 %zext_ln53_1, i18 %mul_ln49" [/home/coder/Desktop/s2n2/convSNN/fc1full_top.cpp:52]   --->   Operation 39 'add' 'add_ln52' <Predicate = true> <Delay = 0.64> <CoreInst = "DSP48">   --->   Core 127 'DSP48' <Latency = 3> <II = 1> <Delay = 0.53> <IPBlock> <Opcode : '<invalid operator> ' 'mul' 'add' 'sub' 'select'> <InPorts = 0> <OutPorts = 1> <Sync> <CReg>

State 5 <SV = 4> <Delay = 1.89>
ST_5 : Operation 40 [1/2] (0.64ns) (root node of the DSP)   --->   "%add_ln53 = add i18 %mul_ln49_1, i18 %zext_ln53_1" [/home/coder/Desktop/s2n2/convSNN/fc1full_top.cpp:53]   --->   Operation 40 'add' 'add_ln53' <Predicate = true> <Delay = 0.64> <CoreInst = "DSP48">   --->   Core 127 'DSP48' <Latency = 3> <II = 1> <Delay = 0.53> <IPBlock> <Opcode : '<invalid operator> ' 'mul' 'add' 'sub' 'select'> <InPorts = 0> <OutPorts = 1> <Sync> <CReg>
ST_5 : Operation 41 [1/1] (0.00ns)   --->   "%zext_ln53_2 = zext i18 %add_ln53" [/home/coder/Desktop/s2n2/convSNN/fc1full_top.cpp:53]   --->   Operation 41 'zext' 'zext_ln53_2' <Predicate = true> <Delay = 0.00>
ST_5 : Operation 42 [1/1] (0.00ns)   --->   "%FC1_W_addr = getelementptr i3 %FC1_W, i64 0, i64 %zext_ln53_2" [/home/coder/Desktop/s2n2/convSNN/fc1full_top.cpp:53]   --->   Operation 42 'getelementptr' 'FC1_W_addr' <Predicate = true> <Delay = 0.00>
ST_5 : Operation 43 [1/2] (0.64ns) (root node of the DSP)   --->   "%add_ln52 = add i18 %zext_ln53_1, i18 %mul_ln49" [/home/coder/Desktop/s2n2/convSNN/fc1full_top.cpp:52]   --->   Operation 43 'add' 'add_ln52' <Predicate = true> <Delay = 0.64> <CoreInst = "DSP48">   --->   Core 127 'DSP48' <Latency = 3> <II = 1> <Delay = 0.53> <IPBlock> <Opcode : '<invalid operator> ' 'mul' 'add' 'sub' 'select'> <InPorts = 0> <OutPorts = 1> <Sync> <CReg>
ST_5 : Operation 44 [2/2] (1.24ns)   --->   "%w = load i18 %FC1_W_addr" [/home/coder/Desktop/s2n2/convSNN/fc1full_top.cpp:53]   --->   Operation 44 'load' 'w' <Predicate = true> <Delay = 1.24> <CoreInst = "ROM">   --->   Core 101 'ROM' <Latency = 1> <II = 1> <Delay = 1.24> <Storage> <Opcode : 'load'> <Ports = 0> <Width = 3> <Depth = 204800> <ROM>
ST_5 : Operation 54 [1/1] (0.00ns)   --->   "%ret_ln0 = ret"   --->   Operation 54 'ret' 'ret_ln0' <Predicate = (icmp_ln49)> <Delay = 0.00>

State 6 <SV = 5> <Delay = 2.49>
ST_6 : Operation 45 [1/1] (0.00ns)   --->   "%specloopname_ln0 = specloopname void @_ssdm_op_SpecLoopName, void @VITIS_LOOP_49_1_VITIS_LOOP_50_2_str"   --->   Operation 45 'specloopname' 'specloopname_ln0' <Predicate = true> <Delay = 0.00>
ST_6 : Operation 46 [1/1] (0.00ns)   --->   "%speclooptripcount_ln0 = speclooptripcount void @_ssdm_op_SpecLoopTripCount, i64 204800, i64 204800, i64 204800"   --->   Operation 46 'speclooptripcount' 'speclooptripcount_ln0' <Predicate = true> <Delay = 0.00>
ST_6 : Operation 47 [1/1] (0.00ns)   --->   "%specpipeline_ln51 = specpipeline void @_ssdm_op_SpecPipeline, i32 1, i32 0, i32 0, i32 0, void @empty_5" [/home/coder/Desktop/s2n2/convSNN/fc1full_top.cpp:51]   --->   Operation 47 'specpipeline' 'specpipeline_ln51' <Predicate = true> <Delay = 0.00>
ST_6 : Operation 48 [1/1] (0.00ns)   --->   "%specloopname_ln50 = specloopname void @_ssdm_op_SpecLoopName, void @empty_2" [/home/coder/Desktop/s2n2/convSNN/fc1full_top.cpp:50]   --->   Operation 48 'specloopname' 'specloopname_ln50' <Predicate = true> <Delay = 0.00>
ST_6 : Operation 49 [1/1] (0.00ns)   --->   "%zext_ln53 = zext i18 %add_ln52" [/home/coder/Desktop/s2n2/convSNN/fc1full_top.cpp:53]   --->   Operation 49 'zext' 'zext_ln53' <Predicate = true> <Delay = 0.00>
ST_6 : Operation 50 [1/2] (1.24ns)   --->   "%w = load i18 %FC1_W_addr" [/home/coder/Desktop/s2n2/convSNN/fc1full_top.cpp:53]   --->   Operation 50 'load' 'w' <Predicate = true> <Delay = 1.24> <CoreInst = "ROM">   --->   Core 101 'ROM' <Latency = 1> <II = 1> <Delay = 1.24> <Storage> <Opcode : 'load'> <Ports = 0> <Width = 3> <Depth = 204800> <ROM>
ST_6 : Operation 51 [1/1] (0.00ns)   --->   "%fc1_weights_0_addr = getelementptr i3 %fc1_weights_0, i64 0, i64 %zext_ln53" [/home/coder/Desktop/s2n2/convSNN/fc1full_top.cpp:54]   --->   Operation 51 'getelementptr' 'fc1_weights_0_addr' <Predicate = true> <Delay = 0.00>
ST_6 : Operation 52 [1/1] (1.24ns)   --->   "%store_ln54 = store i3 %w, i18 %fc1_weights_0_addr" [/home/coder/Desktop/s2n2/convSNN/fc1full_top.cpp:54]   --->   Operation 52 'store' 'store_ln54' <Predicate = true> <Delay = 1.24> <CoreInst = "RAM">   --->   Core 83 'RAM' <Latency = 1> <II = 1> <Delay = 1.24> <Storage> <Opcode : 'load' 'store'> <Ports = 2> <Width = 3> <Depth = 204800> <RAM>
ST_6 : Operation 53 [1/1] (0.00ns)   --->   "%br_ln50 = br void %for.inc" [/home/coder/Desktop/s2n2/convSNN/fc1full_top.cpp:50]   --->   Operation 53 'br' 'br_ln50' <Predicate = true> <Delay = 0.00>


============================================================
+ Verbose Summary: Timing violations
============================================================
Target clock period: 10.000ns, clock uncertainty: 2.700ns.

 <State 1>: 0.387ns
The critical path consists of the following:
	'alloca' operation ('indvar_flatten') [5]  (0.000 ns)
	'store' operation ('store_ln0') of constant 0 on local variable 'indvar_flatten' [6]  (0.387 ns)

 <State 2>: 2.176ns
The critical path consists of the following:
	'load' operation ('col_load', /home/coder/Desktop/s2n2/convSNN/fc1full_top.cpp:50) on local variable 'col' [16]  (0.000 ns)
	'icmp' operation ('icmp_ln50', /home/coder/Desktop/s2n2/convSNN/fc1full_top.cpp:50) [21]  (0.745 ns)
	'select' operation ('select_ln49', /home/coder/Desktop/s2n2/convSNN/fc1full_top.cpp:49) [22]  (0.299 ns)
	'add' operation ('add_ln50', /home/coder/Desktop/s2n2/convSNN/fc1full_top.cpp:50) [39]  (0.745 ns)
	'store' operation ('store_ln50', /home/coder/Desktop/s2n2/convSNN/fc1full_top.cpp:50) of variable 'add_ln50', /home/coder/Desktop/s2n2/convSNN/fc1full_top.cpp:50 on local variable 'col' [42]  (0.387 ns)

 <State 3>: 0.996ns
The critical path consists of the following:
	'mul' operation of DSP[29] ('mul_ln49_1', /home/coder/Desktop/s2n2/convSNN/fc1full_top.cpp:49) [25]  (0.996 ns)

 <State 4>: 0.645ns
The critical path consists of the following:
	'mul' operation of DSP[29] ('mul_ln49_1', /home/coder/Desktop/s2n2/convSNN/fc1full_top.cpp:49) [25]  (0.000 ns)
	'add' operation of DSP[29] ('add_ln53', /home/coder/Desktop/s2n2/convSNN/fc1full_top.cpp:53) [29]  (0.645 ns)

 <State 5>: 1.893ns
The critical path consists of the following:
	'add' operation of DSP[29] ('add_ln53', /home/coder/Desktop/s2n2/convSNN/fc1full_top.cpp:53) [29]  (0.645 ns)
	'getelementptr' operation ('FC1_W_addr', /home/coder/Desktop/s2n2/convSNN/fc1full_top.cpp:53) [31]  (0.000 ns)
	'load' operation ('w', /home/coder/Desktop/s2n2/convSNN/fc1full_top.cpp:53) on array 'FC1_W' [36]  (1.248 ns)

 <State 6>: 2.496ns
The critical path consists of the following:
	'load' operation ('w', /home/coder/Desktop/s2n2/convSNN/fc1full_top.cpp:53) on array 'FC1_W' [36]  (1.248 ns)
	'store' operation ('store_ln54', /home/coder/Desktop/s2n2/convSNN/fc1full_top.cpp:54) of variable 'w', /home/coder/Desktop/s2n2/convSNN/fc1full_top.cpp:53 on array 'fc1_weights_0' [38]  (1.248 ns)


============================================================
+ Verbose Summary: Binding
============================================================
N/A
* FSMD analyzer results:
  - Output states:
 - Input state : 
  - Chain level:
	State 1
	State 2
	State 3
	State 4
	State 5
	State 6


============================================================
+ Verbose Summary: Datapath Resource usage 
============================================================
N/A
