

================================================================
== Vitis HLS Report for 'fc_finn_top'
================================================================
* Date:           Sat Apr 25 23:31:06 2026

* Version:        2023.1 (Build 3854077 on May  4 2023)
* Project:        fc_finn_prj
* Solution:       xcvu9p-flga2577-2-e (Vivado IP Flow Target)
* Product family: virtexuplus
* Target device:  xcvu9p-flga2577-2-e


================================================================
== Performance Estimates
================================================================
+ Timing: 
    * Summary: 
    +--------+----------+----------+------------+
    |  Clock |  Target  | Estimated| Uncertainty|
    +--------+----------+----------+------------+
    |ap_clk  |  10.00 ns|  3.824 ns|     2.70 ns|
    +--------+----------+----------+------------+

+ Latency: 
    * Summary: 
    +---------+---------+----------+----------+-----+-----+---------+
    |  Latency (cycles) |  Latency (absolute) |  Interval | Pipeline|
    |   min   |   max   |    min   |    max   | min | max |   Type  |
    +---------+---------+----------+----------+-----+-----+---------+
    |       58|       58|  0.580 us|  0.580 us|   59|   59|       no|
    +---------+---------+----------+----------+-----+-----+---------+

    + Detail: 
        * Instance: 
        +--------------------------------------------------+---------------------------------------+---------+---------+-----------+-----------+-----+-----+---------+
        |                                                  |                                       |  Latency (cycles) |   Latency (absolute)  |  Interval | Pipeline|
        |                     Instance                     |                 Module                |   min   |   max   |    min    |    max    | min | max |   Type  |
        +--------------------------------------------------+---------------------------------------+---------+---------+-----------+-----------+-----+-----+---------+
        |grp_fc_finn_top_Pipeline_VITIS_LOOP_30_1_fu_132   |fc_finn_top_Pipeline_VITIS_LOOP_30_1   |       10|       10|   0.100 us|   0.100 us|   10|   10|       no|
        |grp_fc_finn_top_Pipeline_VITIS_LOOP_131_1_fu_145  |fc_finn_top_Pipeline_VITIS_LOOP_131_1  |       34|       34|   0.340 us|   0.340 us|   34|   34|       no|
        |grp_fc_finn_top_Pipeline_VITIS_LOOP_58_2_fu_161   |fc_finn_top_Pipeline_VITIS_LOOP_58_2   |        6|        6|  60.000 ns|  60.000 ns|    6|    6|       no|
        +--------------------------------------------------+---------------------------------------+---------+---------+-----------+-----------+-----+-----+---------+

        * Loop: 
        N/A



================================================================
== Utilization Estimates
================================================================
* Summary: 
+---------------------+---------+------+---------+---------+-----+
|         Name        | BRAM_18K|  DSP |    FF   |   LUT   | URAM|
+---------------------+---------+------+---------+---------+-----+
|DSP                  |        -|     -|        -|        -|    -|
|Expression           |        -|     -|        -|        -|    -|
|FIFO                 |        -|     -|       14|       34|    -|
|Instance             |        0|     -|      221|      874|    -|
|Memory               |        -|     -|        -|        -|    -|
|Multiplexer          |        -|     -|        -|       90|    -|
|Register             |        -|     -|       12|        -|    -|
+---------------------+---------+------+---------+---------+-----+
|Total                |        0|     0|      247|      998|    0|
+---------------------+---------+------+---------+---------+-----+
|Available SLR        |     1440|  2280|   788160|   394080|  320|
+---------------------+---------+------+---------+---------+-----+
|Utilization SLR (%)  |        0|     0|       ~0|       ~0|    0|
+---------------------+---------+------+---------+---------+-----+
|Available            |     4320|  6840|  2364480|  1182240|  960|
+---------------------+---------+------+---------+---------+-----+
|Utilization (%)      |        0|     0|       ~0|       ~0|    0|
+---------------------+---------+------+---------+---------+-----+

+ Detail: 
    * Instance: 
    +--------------------------------------------------+---------------------------------------+---------+----+-----+-----+-----+
    |                     Instance                     |                 Module                | BRAM_18K| DSP|  FF | LUT | URAM|
    +--------------------------------------------------+---------------------------------------+---------+----+-----+-----+-----+
    |grp_fc_finn_top_Pipeline_VITIS_LOOP_131_1_fu_145  |fc_finn_top_Pipeline_VITIS_LOOP_131_1  |        0|   0|  205|  687|    0|
    |grp_fc_finn_top_Pipeline_VITIS_LOOP_30_1_fu_132   |fc_finn_top_Pipeline_VITIS_LOOP_30_1   |        0|   0|    8|  116|    0|
    |grp_fc_finn_top_Pipeline_VITIS_LOOP_58_2_fu_161   |fc_finn_top_Pipeline_VITIS_LOOP_58_2   |        0|   0|    8|   71|    0|
    +--------------------------------------------------+---------------------------------------+---------+----+-----+-----+-----+
    |Total                                             |                                       |        0|   0|  221|  874|    0|
    +--------------------------------------------------+---------------------------------------+---------+----+-----+-----+-----+

    * DSP: 
    N/A

    * Memory: 
    N/A

    * FIFO: 
    +-------------------+---------+---+----+-----+------+-----+---------+
    |        Name       | BRAM_18K| FF| LUT| URAM| Depth| Bits| Size:D*B|
    +-------------------+---------+---+----+-----+------+-----+---------+
    |in_stream_fifo_U   |        0|  7|   0|    -|    16|    1|       16|
    |out_stream_fifo_U  |        0|  7|   0|    -|    16|    1|       16|
    +-------------------+---------+---+----+-----+------+-----+---------+
    |Total              |        0| 14|   0|    0|    32|    2|       32|
    +-------------------+---------+---+----+-----+------+-----+---------+

    * Expression: 
    N/A

    * Multiplexer: 
    +------------------+----+-----------+-----+-----------+
    |       Name       | LUT| Input Size| Bits| Total Bits|
    +------------------+----+-----------+-----+-----------+
    |ap_NS_fsm         |  54|         10|    1|         10|
    |in_stream_read    |   9|          2|    1|          2|
    |in_stream_write   |   9|          2|    1|          2|
    |out_stream_read   |   9|          2|    1|          2|
    |out_stream_write  |   9|          2|    1|          2|
    +------------------+----+-----------+-----+-----------+
    |Total             |  90|         18|    5|         18|
    +------------------+----+-----------+-----+-----------+

    * Register: 
    +---------------------------------------------------------------+---+----+-----+-----------+
    |                              Name                             | FF| LUT| Bits| Const Bits|
    +---------------------------------------------------------------+---+----+-----+-----------+
    |ap_CS_fsm                                                      |  9|   0|    9|          0|
    |grp_fc_finn_top_Pipeline_VITIS_LOOP_131_1_fu_145_ap_start_reg  |  1|   0|    1|          0|
    |grp_fc_finn_top_Pipeline_VITIS_LOOP_30_1_fu_132_ap_start_reg   |  1|   0|    1|          0|
    |grp_fc_finn_top_Pipeline_VITIS_LOOP_58_2_fu_161_ap_start_reg   |  1|   0|    1|          0|
    +---------------------------------------------------------------+---+----+-----+-----------+
    |Total                                                          | 12|   0|   12|          0|
    +---------------------------------------------------------------+---+----+-----+-----------+



================================================================
== Interface
================================================================
* Summary: 
+--------------+-----+-----+------------+--------------+--------------+
|   RTL Ports  | Dir | Bits|  Protocol  | Source Object|    C Type    |
+--------------+-----+-----+------------+--------------+--------------+
|ap_clk        |   in|    1|  ap_ctrl_hs|   fc_finn_top|  return value|
|ap_rst        |   in|    1|  ap_ctrl_hs|   fc_finn_top|  return value|
|ap_start      |   in|    1|  ap_ctrl_hs|   fc_finn_top|  return value|
|ap_done       |  out|    1|  ap_ctrl_hs|   fc_finn_top|  return value|
|ap_idle       |  out|    1|  ap_ctrl_hs|   fc_finn_top|  return value|
|ap_ready      |  out|    1|  ap_ctrl_hs|   fc_finn_top|  return value|
|in_0          |   in|    1|     ap_none|          in_0|       pointer|
|in_1          |   in|    1|     ap_none|          in_1|       pointer|
|in_2          |   in|    1|     ap_none|          in_2|       pointer|
|in_3          |   in|    1|     ap_none|          in_3|       pointer|
|in_4          |   in|    1|     ap_none|          in_4|       pointer|
|in_5          |   in|    1|     ap_none|          in_5|       pointer|
|in_6          |   in|    1|     ap_none|          in_6|       pointer|
|in_7          |   in|    1|     ap_none|          in_7|       pointer|
|out_0         |  out|    1|      ap_vld|         out_0|       pointer|
|out_0_ap_vld  |  out|    1|      ap_vld|         out_0|       pointer|
|out_1         |  out|    1|      ap_vld|         out_1|       pointer|
|out_1_ap_vld  |  out|    1|      ap_vld|         out_1|       pointer|
|out_2         |  out|    1|      ap_vld|         out_2|       pointer|
|out_2_ap_vld  |  out|    1|      ap_vld|         out_2|       pointer|
|out_3         |  out|    1|      ap_vld|         out_3|       pointer|
|out_3_ap_vld  |  out|    1|      ap_vld|         out_3|       pointer|
+--------------+-----+-----+------------+--------------+--------------+

