

================================================================
== Vitis HLS Report for 'fc2full_top'
================================================================
* Date:           Thu Apr 30 14:19:25 2026

* Version:        2023.1 (Build 3854077 on May  4 2023)
* Project:        fc2full_prj
* Solution:       xcvu9p-flga2577-2-e (Vivado IP Flow Target)
* Product family: virtexuplus
* Target device:  xcvu9p-flga2577-2-e


================================================================
== Performance Estimates
================================================================
+ Timing: 
    * Summary: 
    +--------+----------+----------+------------+
    |  Clock |  Target  | Estimated| Uncertainty|
    +--------+----------+----------+------------+
    |ap_clk  |  10.00 ns|  3.768 ns|     2.70 ns|
    +--------+----------+----------+------------+

+ Latency: 
    * Summary: 
    +---------+---------+----------+----------+-----+-----+---------+
    |  Latency (cycles) |  Latency (absolute) |  Interval | Pipeline|
    |   min   |   max   |    min   |    max   | min | max |   Type  |
    +---------+---------+----------+----------+-----+-----+---------+
    |      405|      727|  4.050 us|  7.270 us|  406|  728|       no|
    +---------+---------+----------+----------+-----+-----+---------+

    + Detail: 
        * Instance: 
        +--------------------------------------------------+---------------------------------------+---------+---------+-----------+-----------+-----+-----+---------+
        |                                                  |                                       |  Latency (cycles) |   Latency (absolute)  |  Interval | Pipeline|
        |                     Instance                     |                 Module                |   min   |   max   |    min    |    max    | min | max |   Type  |
        +--------------------------------------------------+---------------------------------------+---------+---------+-----------+-----------+-----+-----+---------+
        |grp_load_weights_once_fu_592                      |load_weights_once                      |        1|      323|  10.000 ns|   3.230 us|    1|  323|       no|
        |grp_fc2full_top_Pipeline_VITIS_LOOP_75_1_fu_602   |fc2full_top_Pipeline_VITIS_LOOP_75_1   |       66|       66|   0.660 us|   0.660 us|   66|   66|       no|
        |grp_fc2full_top_Pipeline_VITIS_LOOP_131_1_fu_671  |fc2full_top_Pipeline_VITIS_LOOP_131_1  |      322|      322|   3.220 us|   3.220 us|  322|  322|       no|
        |grp_fc2full_top_Pipeline_VITIS_LOOP_108_2_fu_689  |fc2full_top_Pipeline_VITIS_LOOP_108_2  |        7|        7|  70.000 ns|  70.000 ns|    7|    7|       no|
        +--------------------------------------------------+---------------------------------------+---------+---------+-----------+-----------+-----+-----+---------+

        * Loop: 
        N/A



================================================================
== Utilization Estimates
================================================================
* Summary: 
+---------------------+---------+------+---------+---------+-----+
|         Name        | BRAM_18K|  DSP |    FF   |   LUT   | URAM|
+---------------------+---------+------+---------+---------+-----+
|DSP                  |        -|     -|        -|        -|    -|
|Expression           |        -|     -|        -|        -|    -|
|FIFO                 |        -|     -|       17|       47|    -|
|Instance             |        0|     -|      342|     1579|    -|
|Memory               |        0|     -|        4|       33|    0|
|Multiplexer          |        -|     -|        -|      132|    -|
|Register             |        -|     -|       14|        -|    -|
+---------------------+---------+------+---------+---------+-----+
|Total                |        0|     0|      377|     1791|    0|
+---------------------+---------+------+---------+---------+-----+
|Available SLR        |     1440|  2280|   788160|   394080|  320|
+---------------------+---------+------+---------+---------+-----+
|Utilization SLR (%)  |        0|     0|       ~0|       ~0|    0|
+---------------------+---------+------+---------+---------+-----+
|Available            |     4320|  6840|  2364480|  1182240|  960|
+---------------------+---------+------+---------+---------+-----+
|Utilization (%)      |        0|     0|       ~0|       ~0|    0|
+---------------------+---------+------+---------+---------+-----+

+ Detail: 
    * Instance: 
    +--------------------------------------------------+---------------------------------------+---------+----+-----+-----+-----+
    |                     Instance                     |                 Module                | BRAM_18K| DSP|  FF | LUT | URAM|
    +--------------------------------------------------+---------------------------------------+---------+----+-----+-----+-----+
    |grp_fc2full_top_Pipeline_VITIS_LOOP_108_2_fu_689  |fc2full_top_Pipeline_VITIS_LOOP_108_2  |        0|   0|    9|   69|    0|
    |grp_fc2full_top_Pipeline_VITIS_LOOP_131_1_fu_671  |fc2full_top_Pipeline_VITIS_LOOP_131_1  |        0|   0|  282|  939|    0|
    |grp_fc2full_top_Pipeline_VITIS_LOOP_75_1_fu_602   |fc2full_top_Pipeline_VITIS_LOOP_75_1   |        0|   0|   11|  351|    0|
    |grp_load_weights_once_fu_592                      |load_weights_once                      |        0|   0|   40|  220|    0|
    +--------------------------------------------------+---------------------------------------+---------+----+-----+-----+-----+
    |Total                                             |                                       |        0|   0|  342| 1579|    0|
    +--------------------------------------------------+---------------------------------------+---------+----+-----+-----+-----+

    * DSP: 
    N/A

    * Memory: 
    +-----------------+-----------------------------+---------+---+----+-----+------+-----+------+-------------+
    |      Memory     |            Module           | BRAM_18K| FF| LUT| URAM| Words| Bits| Banks| W*Bits*Banks|
    +-----------------+-----------------------------+---------+---+----+-----+------+-----+------+-------------+
    |fc2_weights_0_U  |fc2_weights_0_RAM_AUTO_1R1W  |        0|  4|  33|    0|   320|    3|     1|          960|
    +-----------------+-----------------------------+---------+---+----+-----+------+-----+------+-------------+
    |Total            |                             |        0|  4|  33|    0|   320|    3|     1|          960|
    +-----------------+-----------------------------+---------+---+----+-----+------+-----+------+-------------+

    * FIFO: 
    +-------------------+---------+----+----+-----+------+-----+---------+
    |        Name       | BRAM_18K| FF | LUT| URAM| Depth| Bits| Size:D*B|
    +-------------------+---------+----+----+-----+------+-----+---------+
    |in_stream_fifo_U   |        0|  10|   0|    -|   128|    1|      128|
    |out_stream_fifo_U  |        0|   7|   0|    -|    16|    1|       16|
    +-------------------+---------+----+----+-----+------+-----+---------+
    |Total              |        0|  17|   0|    0|   144|    2|      144|
    +-------------------+---------+----+----+-----+------+-----+---------+

    * Expression: 
    N/A

    * Multiplexer: 
    +------------------------+----+-----------+-----+-----------+
    |          Name          | LUT| Input Size| Bits| Total Bits|
    +------------------------+----+-----------+-----+-----------+
    |ap_NS_fsm               |  59|         11|    1|         11|
    |fc2_weights_0_address0  |  14|          3|    9|         27|
    |fc2_weights_0_ce0       |  14|          3|    1|          3|
    |fc2_weights_0_we0       |   9|          2|    1|          2|
    |in_stream_read          |   9|          2|    1|          2|
    |in_stream_write         |   9|          2|    1|          2|
    |out_stream_read         |   9|          2|    1|          2|
    |out_stream_write        |   9|          2|    1|          2|
    +------------------------+----+-----------+-----+-----------+
    |Total                   | 132|         27|   16|         51|
    +------------------------+----+-----------+-----+-----------+

    * Register: 
    +---------------------------------------------------------------+----+----+-----+-----------+
    |                              Name                             | FF | LUT| Bits| Const Bits|
    +---------------------------------------------------------------+----+----+-----+-----------+
    |ap_CS_fsm                                                      |  10|   0|   10|          0|
    |grp_fc2full_top_Pipeline_VITIS_LOOP_108_2_fu_689_ap_start_reg  |   1|   0|    1|          0|
    |grp_fc2full_top_Pipeline_VITIS_LOOP_131_1_fu_671_ap_start_reg  |   1|   0|    1|          0|
    |grp_fc2full_top_Pipeline_VITIS_LOOP_75_1_fu_602_ap_start_reg   |   1|   0|    1|          0|
    |grp_load_weights_once_fu_592_ap_start_reg                      |   1|   0|    1|          0|
    +---------------------------------------------------------------+----+----+-----+-----------+
    |Total                                                          |  14|   0|   14|          0|
    +---------------------------------------------------------------+----+----+-----+-----------+



================================================================
== Interface
================================================================
* Summary: 
+--------------+-----+-----+------------+--------------+--------------+
|   RTL Ports  | Dir | Bits|  Protocol  | Source Object|    C Type    |
+--------------+-----+-----+------------+--------------+--------------+
|ap_clk        |   in|    1|  ap_ctrl_hs|   fc2full_top|  return value|
|ap_rst        |   in|    1|  ap_ctrl_hs|   fc2full_top|  return value|
|ap_start      |   in|    1|  ap_ctrl_hs|   fc2full_top|  return value|
|ap_done       |  out|    1|  ap_ctrl_hs|   fc2full_top|  return value|
|ap_idle       |  out|    1|  ap_ctrl_hs|   fc2full_top|  return value|
|ap_ready      |  out|    1|  ap_ctrl_hs|   fc2full_top|  return value|
|in_0          |   in|    1|     ap_none|          in_0|       pointer|
|in_1          |   in|    1|     ap_none|          in_1|       pointer|
|in_2          |   in|    1|     ap_none|          in_2|       pointer|
|in_3          |   in|    1|     ap_none|          in_3|       pointer|
|in_4          |   in|    1|     ap_none|          in_4|       pointer|
|in_5          |   in|    1|     ap_none|          in_5|       pointer|
|in_6          |   in|    1|     ap_none|          in_6|       pointer|
|in_7          |   in|    1|     ap_none|          in_7|       pointer|
|in_8          |   in|    1|     ap_none|          in_8|       pointer|
|in_9          |   in|    1|     ap_none|          in_9|       pointer|
|in_10         |   in|    1|     ap_none|         in_10|       pointer|
|in_11         |   in|    1|     ap_none|         in_11|       pointer|
|in_12         |   in|    1|     ap_none|         in_12|       pointer|
|in_13         |   in|    1|     ap_none|         in_13|       pointer|
|in_14         |   in|    1|     ap_none|         in_14|       pointer|
|in_15         |   in|    1|     ap_none|         in_15|       pointer|
|in_16         |   in|    1|     ap_none|         in_16|       pointer|
|in_17         |   in|    1|     ap_none|         in_17|       pointer|
|in_18         |   in|    1|     ap_none|         in_18|       pointer|
|in_19         |   in|    1|     ap_none|         in_19|       pointer|
|in_20         |   in|    1|     ap_none|         in_20|       pointer|
|in_21         |   in|    1|     ap_none|         in_21|       pointer|
|in_22         |   in|    1|     ap_none|         in_22|       pointer|
|in_23         |   in|    1|     ap_none|         in_23|       pointer|
|in_24         |   in|    1|     ap_none|         in_24|       pointer|
|in_25         |   in|    1|     ap_none|         in_25|       pointer|
|in_26         |   in|    1|     ap_none|         in_26|       pointer|
|in_27         |   in|    1|     ap_none|         in_27|       pointer|
|in_28         |   in|    1|     ap_none|         in_28|       pointer|
|in_29         |   in|    1|     ap_none|         in_29|       pointer|
|in_30         |   in|    1|     ap_none|         in_30|       pointer|
|in_31         |   in|    1|     ap_none|         in_31|       pointer|
|in_32         |   in|    1|     ap_none|         in_32|       pointer|
|in_33         |   in|    1|     ap_none|         in_33|       pointer|
|in_34         |   in|    1|     ap_none|         in_34|       pointer|
|in_35         |   in|    1|     ap_none|         in_35|       pointer|
|in_36         |   in|    1|     ap_none|         in_36|       pointer|
|in_37         |   in|    1|     ap_none|         in_37|       pointer|
|in_38         |   in|    1|     ap_none|         in_38|       pointer|
|in_39         |   in|    1|     ap_none|         in_39|       pointer|
|in_40         |   in|    1|     ap_none|         in_40|       pointer|
|in_41         |   in|    1|     ap_none|         in_41|       pointer|
|in_42         |   in|    1|     ap_none|         in_42|       pointer|
|in_43         |   in|    1|     ap_none|         in_43|       pointer|
|in_44         |   in|    1|     ap_none|         in_44|       pointer|
|in_45         |   in|    1|     ap_none|         in_45|       pointer|
|in_46         |   in|    1|     ap_none|         in_46|       pointer|
|in_47         |   in|    1|     ap_none|         in_47|       pointer|
|in_48         |   in|    1|     ap_none|         in_48|       pointer|
|in_49         |   in|    1|     ap_none|         in_49|       pointer|
|in_50         |   in|    1|     ap_none|         in_50|       pointer|
|in_51         |   in|    1|     ap_none|         in_51|       pointer|
|in_52         |   in|    1|     ap_none|         in_52|       pointer|
|in_53         |   in|    1|     ap_none|         in_53|       pointer|
|in_54         |   in|    1|     ap_none|         in_54|       pointer|
|in_55         |   in|    1|     ap_none|         in_55|       pointer|
|in_56         |   in|    1|     ap_none|         in_56|       pointer|
|in_57         |   in|    1|     ap_none|         in_57|       pointer|
|in_58         |   in|    1|     ap_none|         in_58|       pointer|
|in_59         |   in|    1|     ap_none|         in_59|       pointer|
|in_60         |   in|    1|     ap_none|         in_60|       pointer|
|in_61         |   in|    1|     ap_none|         in_61|       pointer|
|in_62         |   in|    1|     ap_none|         in_62|       pointer|
|in_63         |   in|    1|     ap_none|         in_63|       pointer|
|out_0         |  out|    1|      ap_vld|         out_0|       pointer|
|out_0_ap_vld  |  out|    1|      ap_vld|         out_0|       pointer|
|out_1         |  out|    1|      ap_vld|         out_1|       pointer|
|out_1_ap_vld  |  out|    1|      ap_vld|         out_1|       pointer|
|out_2         |  out|    1|      ap_vld|         out_2|       pointer|
|out_2_ap_vld  |  out|    1|      ap_vld|         out_2|       pointer|
|out_3         |  out|    1|      ap_vld|         out_3|       pointer|
|out_3_ap_vld  |  out|    1|      ap_vld|         out_3|       pointer|
|out_4         |  out|    1|      ap_vld|         out_4|       pointer|
|out_4_ap_vld  |  out|    1|      ap_vld|         out_4|       pointer|
+--------------+-----+-----+------------+--------------+--------------+

