

================================================================
== Vitis HLS Report for 'fc2full_top_Pipeline_VITIS_LOOP_131_1'
================================================================
* Date:           Thu Apr 30 14:19:08 2026

* Version:        2023.1 (Build 3854077 on May  4 2023)
* Project:        fc2full_prj
* Solution:       xcvu9p-flga2577-2-e (Vivado IP Flow Target)
* Product family: virtexuplus
* Target device:  xcvu9p-flga2577-2-e


================================================================
== Performance Estimates
================================================================
+ Timing: 
    * Summary: 
    +--------+----------+----------+------------+
    |  Clock |  Target  | Estimated| Uncertainty|
    +--------+----------+----------+------------+
    |ap_clk  |  10.00 ns|  3.768 ns|     2.70 ns|
    +--------+----------+----------+------------+

+ Latency: 
    * Summary: 
    +---------+---------+----------+----------+-----+-----+---------+
    |  Latency (cycles) |  Latency (absolute) |  Interval | Pipeline|
    |   min   |   max   |    min   |    max   | min | max |   Type  |
    +---------+---------+----------+----------+-----+-----+---------+
    |      322|      322|  3.220 us|  3.220 us|  322|  322|       no|
    +---------+---------+----------+----------+-----+-----+---------+

    + Detail: 
        * Instance: 
        N/A

        * Loop: 
        +--------------------+---------+---------+----------+-----------+-----------+------+----------+
        |                    |  Latency (cycles) | Iteration|  Initiation Interval  | Trip |          |
        |      Loop Name     |   min   |   max   |  Latency |  achieved |   target  | Count| Pipelined|
        +--------------------+---------+---------+----------+-----------+-----------+------+----------+
        |- VITIS_LOOP_131_1  |      320|      320|         2|          1|          1|   320|       yes|
        +--------------------+---------+---------+----------+-----------+-----------+------+----------+



================================================================
== Utilization Estimates
================================================================
* Summary: 
+---------------------+---------+------+---------+---------+-----+
|         Name        | BRAM_18K|  DSP |    FF   |   LUT   | URAM|
+---------------------+---------+------+---------+---------+-----+
|DSP                  |        -|     -|        -|        -|    -|
|Expression           |        -|     -|        0|      463|    -|
|FIFO                 |        -|     -|        -|        -|    -|
|Instance             |        -|     -|        0|      299|    -|
|Memory               |        -|     -|        -|        -|    -|
|Multiplexer          |        -|     -|        -|      177|    -|
|Register             |        -|     -|      282|        -|    -|
+---------------------+---------+------+---------+---------+-----+
|Total                |        0|     0|      282|      939|    0|
+---------------------+---------+------+---------+---------+-----+
|Available SLR        |     1440|  2280|   788160|   394080|  320|
+---------------------+---------+------+---------+---------+-----+
|Utilization SLR (%)  |        0|     0|       ~0|       ~0|    0|
+---------------------+---------+------+---------+---------+-----+
|Available            |     4320|  6840|  2364480|  1182240|  960|
+---------------------+---------+------+---------+---------+-----+
|Utilization (%)      |        0|     0|       ~0|       ~0|    0|
+---------------------+---------+------+---------+---------+-----+

+ Detail: 
    * Instance: 
    +--------------------+----------------+---------+----+---+-----+-----+
    |      Instance      |     Module     | BRAM_18K| DSP| FF| LUT | URAM|
    +--------------------+----------------+---------+----+---+-----+-----+
    |mux_5_3_16_1_1_U72  |mux_5_3_16_1_1  |        0|   0|  0|   26|    0|
    |mux_64_6_1_1_1_U71  |mux_64_6_1_1_1  |        0|   0|  0|  273|    0|
    +--------------------+----------------+---------+----+---+-----+-----+
    |Total               |                |        0|   0|  0|  299|    0|
    +--------------------+----------------+---------+----+---+-----+-----+

    * DSP: 
    N/A

    * Memory: 
    N/A

    * FIFO: 
    N/A

    * Expression: 
    +----------------------------------+----------+----+---+----+------------+------------+
    |           Variable Name          | Operation| DSP| FF| LUT| Bitwidth P0| Bitwidth P1|
    +----------------------------------+----------+----+---+----+------------+------------+
    |add_ln165_fu_1595_p2              |         +|   0|  0|  23|          16|          16|
    |i_2_fu_756_p2                     |         +|   0|  0|  16|           9|           1|
    |nf_4_fu_818_p2                    |         +|   0|  0|  39|          32|           1|
    |sf_3_fu_796_p2                    |         +|   0|  0|  39|          32|           1|
    |tile_1_fu_790_p2                  |         +|   0|  0|  39|          32|           1|
    |temp_1_fu_1561_p2                 |         -|   0|  0|  23|          16|          16|
    |ap_block_pp0_stage0_01001         |       and|   0|  0|   2|           1|           1|
    |ap_condition_1271                 |       and|   0|  0|   2|           1|           1|
    |ap_condition_1274                 |       and|   0|  0|   2|           1|           1|
    |ap_condition_1281                 |       and|   0|  0|   2|           1|           1|
    |ap_condition_1284                 |       and|   0|  0|   2|           1|           1|
    |ap_condition_1287                 |       and|   0|  0|   2|           1|           1|
    |ap_condition_1290                 |       and|   0|  0|   2|           1|           1|
    |ap_condition_1293                 |       and|   0|  0|   2|           1|           1|
    |ap_predicate_op181_read_state3    |       and|   0|  0|   2|           1|           1|
    |icmp_ln131_fu_750_p2              |      icmp|   0|  0|  16|           9|           9|
    |icmp_ln134_fu_770_p2              |      icmp|   0|  0|  39|          32|           1|
    |icmp_ln149_fu_776_p2              |      icmp|   0|  0|  39|          32|           1|
    |icmp_ln172_fu_802_p2              |      icmp|   0|  0|  39|          32|           7|
    |icmp_ln179_fu_1601_p2             |      icmp|   0|  0|  23|          16|           1|
    |icmp_ln192_fu_824_p2              |      icmp|   0|  0|  39|          32|           3|
    |ap_block_state3_pp0_stage0_iter2  |        or|   0|  0|   2|           1|           1|
    |nf_5_fu_830_p3                    |    select|   0|  0|  32|           1|           1|
    |temp_3_fu_1575_p3                 |    select|   0|  0|   3|           1|           3|
    |tile_2_fu_838_p3                  |    select|   0|  0|  32|           1|           1|
    |ap_enable_pp0                     |       xor|   0|  0|   2|           1|           2|
    +----------------------------------+----------+----+---+----+------------+------------+
    |Total                             |          |   0|  0| 463|         304|          75|
    +----------------------------------+----------+----+---+----+------------+------------+

    * Multiplexer: 
    +---------------------------------------------------------------------------------+----+-----------+-----+-----------+
    |                                       Name                                      | LUT| Input Size| Bits| Total Bits|
    +---------------------------------------------------------------------------------+----+-----------+-----+-----------+
    |ap_done_int                                                                      |   9|          2|    1|          2|
    |ap_enable_reg_pp0_iter1                                                          |   9|          2|    1|          2|
    |ap_enable_reg_pp0_iter2                                                          |   9|          2|    1|          2|
    |ap_phi_mux_inElem_phi_fu_513_p130                                                |  14|          3|    1|          3|
    |ap_phi_mux_outElem_phi_fu_712_p4                                                 |  14|          3|    1|          3|
    |ap_sig_allocacmp_conv_i2_i13_i_load                                              |   9|          2|   16|         32|
    |conv_i2_i13_i_fu_480                                                             |   9|          2|   16|         32|
    |i_1_fu_216                                                                       |   9|          2|    9|         18|
    |in_stream_blk_n                                                                  |   9|          2|    1|          2|
    |nf_fu_476                                                                        |   9|          2|   32|         64|
    |out_stream_blk_n                                                                 |   9|          2|    1|          2|
    |sf_fu_208                                                                        |   9|          2|   32|         64|
    |tile_fu_212                                                                      |  14|          3|   32|         96|
    |void_Matrix_Vector_Activate_Batch_stream_stream_FixedPointWeightsSp_const_Thr    |   9|          2|   16|         32|
    |void_Matrix_Vector_Activate_Batch_stream_stream_FixedPointWeightsSp_const_Thr_1  |   9|          2|   16|         32|
    |void_Matrix_Vector_Activate_Batch_stream_stream_FixedPointWeightsSp_const_Thr_2  |   9|          2|   16|         32|
    |void_Matrix_Vector_Activate_Batch_stream_stream_FixedPointWeightsSp_const_Thr_3  |   9|          2|   16|         32|
    |void_Matrix_Vector_Activate_Batch_stream_stream_FixedPointWeightsSp_const_Thr_4  |   9|          2|   16|         32|
    +---------------------------------------------------------------------------------+----+-----------+-----+-----------+
    |Total                                                                            | 177|         39|  224|        482|
    +---------------------------------------------------------------------------------+----+-----------+-----+-----------+

    * Register: 
    +---------------------------------------------------------------------------------+----+----+-----+-----------+
    |                                       Name                                      | FF | LUT| Bits| Const Bits|
    +---------------------------------------------------------------------------------+----+----+-----+-----------+
    |ap_CS_fsm                                                                        |   1|   0|    1|          0|
    |ap_done_reg                                                                      |   1|   0|    1|          0|
    |ap_enable_reg_pp0_iter1                                                          |   1|   0|    1|          0|
    |ap_enable_reg_pp0_iter2                                                          |   1|   0|    1|          0|
    |conv_i2_i13_i_fu_480                                                             |  16|   0|   16|          0|
    |i_1_fu_216                                                                       |   9|   0|    9|          0|
    |icmp_ln131_reg_2093                                                              |   1|   0|    1|          0|
    |icmp_ln134_reg_2107                                                              |   1|   0|    1|          0|
    |icmp_ln149_reg_2111                                                              |   1|   0|    1|          0|
    |icmp_ln172_reg_2120                                                              |   1|   0|    1|          0|
    |inputBuf_10_fu_260                                                               |   1|   0|    1|          0|
    |inputBuf_11_fu_264                                                               |   1|   0|    1|          0|
    |inputBuf_12_fu_268                                                               |   1|   0|    1|          0|
    |inputBuf_13_fu_272                                                               |   1|   0|    1|          0|
    |inputBuf_14_fu_276                                                               |   1|   0|    1|          0|
    |inputBuf_15_fu_280                                                               |   1|   0|    1|          0|
    |inputBuf_16_fu_284                                                               |   1|   0|    1|          0|
    |inputBuf_17_fu_288                                                               |   1|   0|    1|          0|
    |inputBuf_18_fu_292                                                               |   1|   0|    1|          0|
    |inputBuf_19_fu_296                                                               |   1|   0|    1|          0|
    |inputBuf_1_fu_224                                                                |   1|   0|    1|          0|
    |inputBuf_20_fu_300                                                               |   1|   0|    1|          0|
    |inputBuf_21_fu_304                                                               |   1|   0|    1|          0|
    |inputBuf_22_fu_308                                                               |   1|   0|    1|          0|
    |inputBuf_23_fu_312                                                               |   1|   0|    1|          0|
    |inputBuf_24_fu_316                                                               |   1|   0|    1|          0|
    |inputBuf_25_fu_320                                                               |   1|   0|    1|          0|
    |inputBuf_26_fu_324                                                               |   1|   0|    1|          0|
    |inputBuf_27_fu_328                                                               |   1|   0|    1|          0|
    |inputBuf_28_fu_332                                                               |   1|   0|    1|          0|
    |inputBuf_29_fu_336                                                               |   1|   0|    1|          0|
    |inputBuf_2_fu_228                                                                |   1|   0|    1|          0|
    |inputBuf_30_fu_340                                                               |   1|   0|    1|          0|
    |inputBuf_31_fu_344                                                               |   1|   0|    1|          0|
    |inputBuf_32_fu_348                                                               |   1|   0|    1|          0|
    |inputBuf_33_fu_352                                                               |   1|   0|    1|          0|
    |inputBuf_34_fu_356                                                               |   1|   0|    1|          0|
    |inputBuf_35_fu_360                                                               |   1|   0|    1|          0|
    |inputBuf_36_fu_364                                                               |   1|   0|    1|          0|
    |inputBuf_37_fu_368                                                               |   1|   0|    1|          0|
    |inputBuf_38_fu_372                                                               |   1|   0|    1|          0|
    |inputBuf_39_fu_376                                                               |   1|   0|    1|          0|
    |inputBuf_3_fu_232                                                                |   1|   0|    1|          0|
    |inputBuf_40_fu_380                                                               |   1|   0|    1|          0|
    |inputBuf_41_fu_384                                                               |   1|   0|    1|          0|
    |inputBuf_42_fu_388                                                               |   1|   0|    1|          0|
    |inputBuf_43_fu_392                                                               |   1|   0|    1|          0|
    |inputBuf_44_fu_396                                                               |   1|   0|    1|          0|
    |inputBuf_45_fu_400                                                               |   1|   0|    1|          0|
    |inputBuf_46_fu_404                                                               |   1|   0|    1|          0|
    |inputBuf_47_fu_408                                                               |   1|   0|    1|          0|
    |inputBuf_48_fu_412                                                               |   1|   0|    1|          0|
    |inputBuf_49_fu_416                                                               |   1|   0|    1|          0|
    |inputBuf_4_fu_236                                                                |   1|   0|    1|          0|
    |inputBuf_50_fu_420                                                               |   1|   0|    1|          0|
    |inputBuf_51_fu_424                                                               |   1|   0|    1|          0|
    |inputBuf_52_fu_428                                                               |   1|   0|    1|          0|
    |inputBuf_53_fu_432                                                               |   1|   0|    1|          0|
    |inputBuf_54_fu_436                                                               |   1|   0|    1|          0|
    |inputBuf_55_fu_440                                                               |   1|   0|    1|          0|
    |inputBuf_56_fu_444                                                               |   1|   0|    1|          0|
    |inputBuf_57_fu_448                                                               |   1|   0|    1|          0|
    |inputBuf_58_fu_452                                                               |   1|   0|    1|          0|
    |inputBuf_59_fu_456                                                               |   1|   0|    1|          0|
    |inputBuf_5_fu_240                                                                |   1|   0|    1|          0|
    |inputBuf_60_fu_460                                                               |   1|   0|    1|          0|
    |inputBuf_61_fu_464                                                               |   1|   0|    1|          0|
    |inputBuf_62_fu_468                                                               |   1|   0|    1|          0|
    |inputBuf_63_fu_472                                                               |   1|   0|    1|          0|
    |inputBuf_6_fu_244                                                                |   1|   0|    1|          0|
    |inputBuf_7_fu_248                                                                |   1|   0|    1|          0|
    |inputBuf_8_fu_252                                                                |   1|   0|    1|          0|
    |inputBuf_9_fu_256                                                                |   1|   0|    1|          0|
    |inputBuf_fu_220                                                                  |   1|   0|    1|          0|
    |nf_fu_476                                                                        |  32|   0|   32|          0|
    |sf_fu_208                                                                        |  32|   0|   32|          0|
    |tile_fu_212                                                                      |  32|   0|   32|          0|
    |trunc_ln123_1_reg_2102                                                           |   3|   0|    3|          0|
    |trunc_ln123_reg_2097                                                             |   6|   0|    6|          0|
    |void_Matrix_Vector_Activate_Batch_stream_stream_FixedPointWeightsSp_const_Thr    |  16|   0|   16|          0|
    |void_Matrix_Vector_Activate_Batch_stream_stream_FixedPointWeightsSp_const_Thr_1  |  16|   0|   16|          0|
    |void_Matrix_Vector_Activate_Batch_stream_stream_FixedPointWeightsSp_const_Thr_2  |  16|   0|   16|          0|
    |void_Matrix_Vector_Activate_Batch_stream_stream_FixedPointWeightsSp_const_Thr_3  |  16|   0|   16|          0|
    |void_Matrix_Vector_Activate_Batch_stream_stream_FixedPointWeightsSp_const_Thr_4  |  16|   0|   16|          0|
    +---------------------------------------------------------------------------------+----+----+-----+-----------+
    |Total                                                                            | 282|   0|  282|          0|
    +---------------------------------------------------------------------------------+----+----+-----+-----------+



================================================================
== Interface
================================================================
* Summary: 
+------------------------+-----+-----+------------+---------------------------------------+--------------+
|        RTL Ports       | Dir | Bits|  Protocol  |             Source Object             |    C Type    |
+------------------------+-----+-----+------------+---------------------------------------+--------------+
|ap_clk                  |   in|    1|  ap_ctrl_hs|  fc2full_top_Pipeline_VITIS_LOOP_131_1|  return value|
|ap_rst                  |   in|    1|  ap_ctrl_hs|  fc2full_top_Pipeline_VITIS_LOOP_131_1|  return value|
|ap_start                |   in|    1|  ap_ctrl_hs|  fc2full_top_Pipeline_VITIS_LOOP_131_1|  return value|
|ap_done                 |  out|    1|  ap_ctrl_hs|  fc2full_top_Pipeline_VITIS_LOOP_131_1|  return value|
|ap_idle                 |  out|    1|  ap_ctrl_hs|  fc2full_top_Pipeline_VITIS_LOOP_131_1|  return value|
|ap_ready                |  out|    1|  ap_ctrl_hs|  fc2full_top_Pipeline_VITIS_LOOP_131_1|  return value|
|in_stream_dout          |   in|    1|     ap_fifo|                              in_stream|       pointer|
|in_stream_empty_n       |   in|    1|     ap_fifo|                              in_stream|       pointer|
|in_stream_read          |  out|    1|     ap_fifo|                              in_stream|       pointer|
|out_stream_din          |  out|    1|     ap_fifo|                             out_stream|       pointer|
|out_stream_full_n       |   in|    1|     ap_fifo|                             out_stream|       pointer|
|out_stream_write        |  out|    1|     ap_fifo|                             out_stream|       pointer|
|fc2_weights_0_address0  |  out|    9|   ap_memory|                          fc2_weights_0|         array|
|fc2_weights_0_ce0       |  out|    1|   ap_memory|                          fc2_weights_0|         array|
|fc2_weights_0_q0        |   in|    3|   ap_memory|                          fc2_weights_0|         array|
+------------------------+-----+-----+------------+---------------------------------------+--------------+

