

================================================================
== Vitis HLS Report for 'load_weights_once_Pipeline_VITIS_LOOP_51_1_VITIS_LOOP_52_2'
================================================================
* Date:           Thu Apr 30 14:19:04 2026

* Version:        2023.1 (Build 3854077 on May  4 2023)
* Project:        fc2full_prj
* Solution:       xcvu9p-flga2577-2-e (Vivado IP Flow Target)
* Product family: virtexuplus
* Target device:  xcvu9p-flga2577-2-e


================================================================
== Performance Estimates
================================================================
+ Timing: 
    * Summary: 
    +--------+----------+----------+------------+
    |  Clock |  Target  | Estimated| Uncertainty|
    +--------+----------+----------+------------+
    |ap_clk  |  10.00 ns|  2.395 ns|     2.70 ns|
    +--------+----------+----------+------------+

+ Latency: 
    * Summary: 
    +---------+---------+----------+----------+-----+-----+---------+
    |  Latency (cycles) |  Latency (absolute) |  Interval | Pipeline|
    |   min   |   max   |    min   |    max   | min | max |   Type  |
    +---------+---------+----------+----------+-----+-----+---------+
    |      322|      322|  3.220 us|  3.220 us|  322|  322|       no|
    +---------+---------+----------+----------+-----+-----+---------+

    + Detail: 
        * Instance: 
        N/A

        * Loop: 
        +-----------------------------------+---------+---------+----------+-----------+-----------+------+----------+
        |                                   |  Latency (cycles) | Iteration|  Initiation Interval  | Trip |          |
        |             Loop Name             |   min   |   max   |  Latency |  achieved |   target  | Count| Pipelined|
        +-----------------------------------+---------+---------+----------+-----------+-----------+------+----------+
        |- VITIS_LOOP_51_1_VITIS_LOOP_52_2  |      320|      320|         2|          1|          1|   320|       yes|
        +-----------------------------------+---------+---------+----------+-----------+-----------+------+----------+



================================================================
== Utilization Estimates
================================================================
* Summary: 
+---------------------+---------+------+---------+---------+-----+
|         Name        | BRAM_18K|  DSP |    FF   |   LUT   | URAM|
+---------------------+---------+------+---------+---------+-----+
|DSP                  |        -|     -|        -|        -|    -|
|Expression           |        -|     -|        0|       99|    -|
|FIFO                 |        -|     -|        -|        -|    -|
|Instance             |        -|     -|        -|        -|    -|
|Memory               |        0|     -|        4|       33|    -|
|Multiplexer          |        -|     -|        -|       72|    -|
|Register             |        -|     -|       31|        -|    -|
+---------------------+---------+------+---------+---------+-----+
|Total                |        0|     0|       35|      204|    0|
+---------------------+---------+------+---------+---------+-----+
|Available SLR        |     1440|  2280|   788160|   394080|  320|
+---------------------+---------+------+---------+---------+-----+
|Utilization SLR (%)  |        0|     0|       ~0|       ~0|    0|
+---------------------+---------+------+---------+---------+-----+
|Available            |     4320|  6840|  2364480|  1182240|  960|
+---------------------+---------+------+---------+---------+-----+
|Utilization (%)      |        0|     0|       ~0|       ~0|    0|
+---------------------+---------+------+---------+---------+-----+

+ Detail: 
    * Instance: 
    N/A

    * DSP: 
    N/A

    * Memory: 
    +---------+------------------------------------------------------------------------------+---------+---+----+-----+------+-----+------+-------------+
    |  Memory |                                    Module                                    | BRAM_18K| FF| LUT| URAM| Words| Bits| Banks| W*Bits*Banks|
    +---------+------------------------------------------------------------------------------+---------+---+----+-----+------+-----+------+-------------+
    |FC2_W_U  |load_weights_once_Pipeline_VITIS_LOOP_51_1_VITIS_LOOP_52_2_FC2_W_ROM_AUTO_1R  |        0|  4|  33|    0|   320|    3|     1|          960|
    +---------+------------------------------------------------------------------------------+---------+---+----+-----+------+-----+------+-------------+
    |Total    |                                                                              |        0|  4|  33|    0|   320|    3|     1|          960|
    +---------+------------------------------------------------------------------------------+---------+---+----+-----+------+-----+------+-------------+

    * FIFO: 
    N/A

    * Expression: 
    +-------------------------+----------+----+---+----+------------+------------+
    |      Variable Name      | Operation| DSP| FF| LUT| Bitwidth P0| Bitwidth P1|
    +-------------------------+----------+----+---+----+------------+------------+
    |add_ln51_1_fu_107_p2     |         +|   0|  0|  16|           9|           1|
    |add_ln51_fu_119_p2       |         +|   0|  0|  10|           3|           1|
    |add_ln52_fu_170_p2       |         +|   0|  0|  14|           7|           1|
    |add_ln55_fu_159_p2       |         +|   0|  0|  16|           9|           9|
    |icmp_ln51_fu_101_p2      |      icmp|   0|  0|  16|           9|           9|
    |icmp_ln52_fu_125_p2      |      icmp|   0|  0|  15|           7|           8|
    |select_ln51_1_fu_139_p3  |    select|   0|  0|   3|           1|           3|
    |select_ln51_fu_131_p3    |    select|   0|  0|   7|           1|           1|
    |ap_enable_pp0            |       xor|   0|  0|   2|           1|           2|
    +-------------------------+----------+----+---+----+------------+------------+
    |Total                    |          |   0|  0|  99|          47|          35|
    +-------------------------+----------+----+---+----+------------+------------+

    * Multiplexer: 
    +--------------------------------------+----+-----------+-----+-----------+
    |                 Name                 | LUT| Input Size| Bits| Total Bits|
    +--------------------------------------+----+-----------+-----+-----------+
    |ap_done_int                           |   9|          2|    1|          2|
    |ap_enable_reg_pp0_iter1               |   9|          2|    1|          2|
    |ap_sig_allocacmp_col_load             |   9|          2|    7|         14|
    |ap_sig_allocacmp_indvar_flatten_load  |   9|          2|    9|         18|
    |ap_sig_allocacmp_row_load             |   9|          2|    3|          6|
    |col_fu_44                             |   9|          2|    7|         14|
    |indvar_flatten_fu_52                  |   9|          2|    9|         18|
    |row_fu_48                             |   9|          2|    3|          6|
    +--------------------------------------+----+-----------+-----+-----------+
    |Total                                 |  72|         16|   40|         80|
    +--------------------------------------+----+-----------+-----+-----------+

    * Register: 
    +-------------------------+---+----+-----+-----------+
    |           Name          | FF| LUT| Bits| Const Bits|
    +-------------------------+---+----+-----+-----------+
    |ap_CS_fsm                |  1|   0|    1|          0|
    |ap_done_reg              |  1|   0|    1|          0|
    |ap_enable_reg_pp0_iter1  |  1|   0|    1|          0|
    |col_fu_44                |  7|   0|    7|          0|
    |indvar_flatten_fu_52     |  9|   0|    9|          0|
    |row_fu_48                |  3|   0|    3|          0|
    |zext_ln55_1_reg_215      |  9|   0|   64|         55|
    +-------------------------+---+----+-----+-----------+
    |Total                    | 31|   0|   86|         55|
    +-------------------------+---+----+-----+-----------+



================================================================
== Interface
================================================================
* Summary: 
+------------------------+-----+-----+------------+------------------------------------------------------------+--------------+
|        RTL Ports       | Dir | Bits|  Protocol  |                        Source Object                       |    C Type    |
+------------------------+-----+-----+------------+------------------------------------------------------------+--------------+
|ap_clk                  |   in|    1|  ap_ctrl_hs|  load_weights_once_Pipeline_VITIS_LOOP_51_1_VITIS_LOOP_52_2|  return value|
|ap_rst                  |   in|    1|  ap_ctrl_hs|  load_weights_once_Pipeline_VITIS_LOOP_51_1_VITIS_LOOP_52_2|  return value|
|ap_start                |   in|    1|  ap_ctrl_hs|  load_weights_once_Pipeline_VITIS_LOOP_51_1_VITIS_LOOP_52_2|  return value|
|ap_done                 |  out|    1|  ap_ctrl_hs|  load_weights_once_Pipeline_VITIS_LOOP_51_1_VITIS_LOOP_52_2|  return value|
|ap_idle                 |  out|    1|  ap_ctrl_hs|  load_weights_once_Pipeline_VITIS_LOOP_51_1_VITIS_LOOP_52_2|  return value|
|ap_ready                |  out|    1|  ap_ctrl_hs|  load_weights_once_Pipeline_VITIS_LOOP_51_1_VITIS_LOOP_52_2|  return value|
|fc2_weights_0_address0  |  out|    9|   ap_memory|                                               fc2_weights_0|         array|
|fc2_weights_0_ce0       |  out|    1|   ap_memory|                                               fc2_weights_0|         array|
|fc2_weights_0_we0       |  out|    1|   ap_memory|                                               fc2_weights_0|         array|
|fc2_weights_0_d0        |  out|    3|   ap_memory|                                               fc2_weights_0|         array|
+------------------------+-----+-----+------------+------------------------------------------------------------+--------------+

