==============================================================
Vitis HLS - High-Level Synthesis from C, C++ and OpenCL v2023.1 (64-bit)
Tool Version Limit: 2023.05
Copyright 1986-2022 Xilinx, Inc. All Rights Reserved.
Copyright 2022-2023 Advanced Micro Devices, Inc. All Rights Reserved.

==============================================================
INFO: [HLS 200-1505] Using default flow_target 'vivado'
INFO: [HLS 200-1510] Running: set_part xcvu9p-flga2577-2-e 
INFO: [HLS 200-1611] Setting target device to 'xcvu9p-flga2577-2-e'
INFO: [HLS 200-1510] Running: create_clock -period 10 -name default 
INFO: [SYN 201-201] Setting up clock 'default' with a period of 10ns.
INFO: [HLS 200-1510] Running: csim_design -clean -O 
INFO: [SIM 211-2] *************** CSIM start ***************
INFO: [SIM 211-4] CSIM will launch GCC as the compiler.
INFO: [HLS 200-2036] Building optimized C Simulation binaries
ERROR: [SIM 211-100] 'csim_design' failed: compilation error(s).
INFO: [SIM 211-3] *************** CSIM finish ***************
INFO: [HLS 200-111] Finished Command csim_design CPU user time: 2.23 seconds. CPU system time: 1.21 seconds. Elapsed time: 14.42 seconds; current allocated memory: 4.000 MB.
==============================================================
Vitis HLS - High-Level Synthesis from C, C++ and OpenCL v2023.1 (64-bit)
Tool Version Limit: 2023.05
Copyright 1986-2022 Xilinx, Inc. All Rights Reserved.
Copyright 2022-2023 Advanced Micro Devices, Inc. All Rights Reserved.

==============================================================
INFO: [SYN 201-201] Setting up clock 'default' with a period of 10ns.
INFO: [HLS 200-1611] Setting target device to 'xcvu9p-flga2577-2-e'
INFO: [HLS 200-1505] Using flow_target 'vivado'
INFO: [HLS 200-1510] Running: set_part xcvu9p-flga2577-2-e 
INFO: [HLS 200-1510] Running: create_clock -period 10 -name default 
INFO: [HLS 200-1510] Running: csim_design -clean -O 
INFO: [SIM 211-2] *************** CSIM start ***************
INFO: [SIM 211-4] CSIM will launch GCC as the compiler.
INFO: [HLS 200-2036] Building optimized C Simulation binaries
ERROR: [SIM 211-100] 'csim_design' failed: compilation error(s).
INFO: [SIM 211-3] *************** CSIM finish ***************
INFO: [HLS 200-111] Finished Command csim_design CPU user time: 2.3 seconds. CPU system time: 0.93 seconds. Elapsed time: 4.91 seconds; current allocated memory: 2.184 MB.
==============================================================
Vitis HLS - High-Level Synthesis from C, C++ and OpenCL v2023.1 (64-bit)
Tool Version Limit: 2023.05
Copyright 1986-2022 Xilinx, Inc. All Rights Reserved.
Copyright 2022-2023 Advanced Micro Devices, Inc. All Rights Reserved.

==============================================================
INFO: [SYN 201-201] Setting up clock 'default' with a period of 10ns.
INFO: [HLS 200-1611] Setting target device to 'xcvu9p-flga2577-2-e'
INFO: [HLS 200-1505] Using flow_target 'vivado'
INFO: [HLS 200-1510] Running: set_part xcvu9p-flga2577-2-e 
INFO: [HLS 200-1510] Running: create_clock -period 10 -name default 
INFO: [HLS 200-1510] Running: csim_design -clean -O 
INFO: [SIM 211-2] *************** CSIM start ***************
INFO: [SIM 211-4] CSIM will launch GCC as the compiler.
INFO: [HLS 200-2036] Building optimized C Simulation binaries
ERROR: [SIM 211-100] 'csim_design' failed: compilation error(s).
INFO: [SIM 211-3] *************** CSIM finish ***************
INFO: [HLS 200-111] Finished Command csim_design CPU user time: 2.71 seconds. CPU system time: 0.9 seconds. Elapsed time: 4.58 seconds; current allocated memory: 2.184 MB.
==============================================================
Vitis HLS - High-Level Synthesis from C, C++ and OpenCL v2023.1 (64-bit)
Tool Version Limit: 2023.05
Copyright 1986-2022 Xilinx, Inc. All Rights Reserved.
Copyright 2022-2023 Advanced Micro Devices, Inc. All Rights Reserved.

==============================================================
INFO: [SYN 201-201] Setting up clock 'default' with a period of 10ns.
INFO: [HLS 200-1611] Setting target device to 'xcvu9p-flga2577-2-e'
INFO: [HLS 200-1505] Using flow_target 'vivado'
INFO: [HLS 200-1510] Running: set_part xcvu9p-flga2577-2-e 
INFO: [HLS 200-1510] Running: create_clock -period 10 -name default 
INFO: [HLS 200-1510] Running: csim_design -clean -O 
INFO: [SIM 211-2] *************** CSIM start ***************
INFO: [SIM 211-4] CSIM will launch GCC as the compiler.
INFO: [HLS 200-2036] Building optimized C Simulation binaries
ERROR: [SIM 211-100] 'csim_design' failed: compilation error(s).
INFO: [SIM 211-3] *************** CSIM finish ***************
INFO: [HLS 200-111] Finished Command csim_design CPU user time: 2.28 seconds. CPU system time: 0.76 seconds. Elapsed time: 3.71 seconds; current allocated memory: 2.184 MB.
==============================================================
Vitis HLS - High-Level Synthesis from C, C++ and OpenCL v2023.1 (64-bit)
Tool Version Limit: 2023.05
Copyright 1986-2022 Xilinx, Inc. All Rights Reserved.
Copyright 2022-2023 Advanced Micro Devices, Inc. All Rights Reserved.

==============================================================
INFO: [SYN 201-201] Setting up clock 'default' with a period of 10ns.
INFO: [HLS 200-1611] Setting target device to 'xcvu9p-flga2577-2-e'
INFO: [HLS 200-1505] Using flow_target 'vivado'
INFO: [HLS 200-1510] Running: set_part xcvu9p-flga2577-2-e 
INFO: [HLS 200-1510] Running: create_clock -period 10 -name default 
INFO: [HLS 200-1510] Running: csim_design -clean -O 
INFO: [SIM 211-2] *************** CSIM start ***************
INFO: [SIM 211-4] CSIM will launch GCC as the compiler.
INFO: [HLS 200-2036] Building optimized C Simulation binaries
INFO: [SIM 211-1] CSim done with 0 errors.
INFO: [SIM 211-3] *************** CSIM finish ***************
INFO: [HLS 200-111] Finished Command csim_design CPU user time: 3.12 seconds. CPU system time: 1.12 seconds. Elapsed time: 6.06 seconds; current allocated memory: 2.184 MB.
INFO: [HLS 200-1510] Running: csynth_design 
INFO: [HLS 200-111] Finished File checks and directory preparation: CPU user time: 0.09 seconds. CPU system time: 0.01 seconds. Elapsed time: 0.11 seconds; current allocated memory: 1.459 GB.
INFO: [HLS 200-10] Analyzing design file '/home/coder/Desktop/s2n2/convSNN/fc2full_top.cpp' ... 
WARNING: [HLS 207-5531] 'Resource pragma' is deprecated, use 'bind_op/bind_storage pragma' instead (/home/coder/Documents/s2n2/finn-hlslib-lif/slidingwindow.h:75:9)
WARNING: [HLS 207-5531] 'Resource pragma' is deprecated, use 'bind_op/bind_storage pragma' instead (/home/coder/Documents/s2n2/finn-hlslib-lif/slidingwindow.h:97:9)
WARNING: [HLS 207-5531] 'Resource pragma' is deprecated, use 'bind_op/bind_storage pragma' instead (/home/coder/Documents/s2n2/finn-hlslib-lif/slidingwindow.h:119:9)
WARNING: [HLS 207-5531] 'Resource pragma' is deprecated, use 'bind_op/bind_storage pragma' instead (/home/coder/Documents/s2n2/finn-hlslib-lif/slidingwindow.h:141:9)
WARNING: [HLS 207-5531] 'Resource pragma' is deprecated, use 'bind_op/bind_storage pragma' instead (/home/coder/Documents/s2n2/finn-hlslib-lif/maxpool.h:296:9)
WARNING: [HLS 207-5531] 'Resource pragma' is deprecated, use 'bind_op/bind_storage pragma' instead (/home/coder/Documents/s2n2/finn-hlslib-lif/mac.hpp:116:9)
WARNING: [HLS 207-5531] 'Resource pragma' is deprecated, use 'bind_op/bind_storage pragma' instead (/home/coder/Documents/s2n2/finn-hlslib-lif/mac.hpp:142:9)
WARNING: [HLS 207-5292] unused parameter 'reps' (/home/coder/Documents/s2n2/finn-hlslib-lif/streamtools.h:837:77)
WARNING: [HLS 207-5292] unused parameter 'reps' (/home/coder/Documents/s2n2/finn-hlslib-lif/streamtools.h:869:78)
WARNING: [HLS 207-5292] unused parameter 'mmv' (/home/coder/Documents/s2n2/finn-hlslib-lif/interpret.hpp:149:53)
WARNING: [HLS 207-5292] unused parameter 'mmv' (/home/coder/Documents/s2n2/finn-hlslib-lif/interpret.hpp:166:58)
WARNING: [HLS 207-5292] unused parameter 'mmv' (/home/coder/Documents/s2n2/finn-hlslib-lif/interpret.hpp:209:56)
WARNING: [HLS 207-5292] unused parameter 'flag' (/home/coder/Documents/s2n2/finn-hlslib-lif/interpret.hpp:209:72)
WARNING: [HLS 207-5292] unused parameter 'mmv' (/home/coder/Documents/s2n2/finn-hlslib-lif/interpret.hpp:213:53)
WARNING: [HLS 207-5292] unused parameter 'mmv' (/home/coder/Documents/s2n2/finn-hlslib-lif/interpret.hpp:218:30)
WARNING: [HLS 207-5292] unused parameter 'mmv' (/home/coder/Documents/s2n2/finn-hlslib-lif/interpret.hpp:240:53)
WARNING: [HLS 207-5292] unused parameter 'mmv' (/home/coder/Documents/s2n2/finn-hlslib-lif/interpret.hpp:262:39)
WARNING: [HLS 207-5292] unused parameter 'flag' (/home/coder/Documents/s2n2/finn-hlslib-lif/interpret.hpp:273:72)
WARNING: [HLS 207-5292] unused parameter 'mmv' (/home/coder/Documents/s2n2/finn-hlslib-lif/interpret.hpp:300:52)
WARNING: [HLS 207-5292] unused parameter 'activation' (/home/coder/Documents/s2n2/finn-hlslib-lif/mvau.hpp:98:17)
WARNING: [HLS 207-5292] unused parameter 'decay' (/home/coder/Documents/s2n2/finn-hlslib-lif/mvau.hpp:99:16)
WARNING: [HLS 207-5292] unused parameter 'r' (/home/coder/Documents/s2n2/finn-hlslib-lif/mvau.hpp:101:16)
WARNING: [HLS 207-5292] unused parameter 'nf' (/home/coder/Desktop/s2n2/convSNN/fc2full_top.cpp:35:27)
WARNING: [HLS 207-5292] unused parameter 'pe' (/home/coder/Desktop/s2n2/convSNN/fc2full_top.cpp:35:46)
WARNING: [HLS 207-5292] unused parameter 'nf' (/home/coder/Desktop/s2n2/convSNN/fc2full_top.cpp:40:38)
WARNING: [HLS 207-5292] unused parameter 'pe' (/home/coder/Desktop/s2n2/convSNN/fc2full_top.cpp:40:57)
INFO: [HLS 200-111] Finished Source Code Analysis and Preprocessing: CPU user time: 7.11 seconds. CPU system time: 1.23 seconds. Elapsed time: 17.72 seconds; current allocated memory: 1.462 GB.
INFO: [HLS 200-777] Using interface defaults for 'Vivado' flow target.
INFO: [HLS 200-1995] There were 2,315 instructions in the design after the 'Compile/Link' phase of compilation. See the Design Size Report for more details: /home/coder/Desktop/s2n2/convSNN/convSNN_hls/fc2full_prj/xcvu9p-flga2577-2-e/syn/report/csynth_design_size.rpt
INFO: [HLS 200-1995] There were 298 instructions in the design after the 'Unroll/Inline' phase of compilation. See the Design Size Report for more details: /home/coder/Desktop/s2n2/convSNN/convSNN_hls/fc2full_prj/xcvu9p-flga2577-2-e/syn/report/csynth_design_size.rpt
INFO: [HLS 200-1995] There were 434 instructions in the design after the 'Performance/Pipeline' phase of compilation. See the Design Size Report for more details: /home/coder/Desktop/s2n2/convSNN/convSNN_hls/fc2full_prj/xcvu9p-flga2577-2-e/syn/report/csynth_design_size.rpt
INFO: [HLS 200-1995] There were 600 instructions in the design after the 'Optimizations' phase of compilation. See the Design Size Report for more details: /home/coder/Desktop/s2n2/convSNN/convSNN_hls/fc2full_prj/xcvu9p-flga2577-2-e/syn/report/csynth_design_size.rpt
INFO: [HLS 214-131] Inlining function 'FixedPointWeightsSp<1u, ap_int<8>, 1u, 320u>::TileIndex::TileIndex(FixedPointWeightsSp<1u, ap_int<8>, 1u, 320u> const&, unsigned int, ap_uint<1>)' into 'FixedPointWeightsSp<1u, ap_int<8>, 1u, 320u>::weights(unsigned int, ap_uint<1>) const' (/home/coder/Documents/s2n2/finn-hlslib-lif/weights.hpp:216:9)
INFO: [HLS 214-131] Inlining function 'Slice<ap_uint<1>, 1u>::Container<ap_uint<1> >::operator ap_uint<1> const&() const' into 'void Matrix_Vector_Activate_Batch<64u, 5u, 1u, 1u, 1u, 1u, Identity, Slice<ap_uint<1>, 1u>, Identity, ap_fixed<16, 8, (ap_q_mode)5, (ap_o_mode)3, 0>, 16u, 8u, 1u, ap_uint<1>, ap_uint<1>, FixedPointWeightsSp<1u, ap_int<8>, 1u, 320u>, ThresholdActivation1, ap_resource_dflt>(hls::stream<ap_uint<1>, 0>&, hls::stream<ap_uint<1>, 0>&, FixedPointWeightsSp<1u, ap_int<8>, 1u, 320u> const&, ThresholdActivation1 const&, ap_fixed<16, 8, (ap_q_mode)5, (ap_o_mode)3, 0>, int, ap_resource_dflt const&)' (/home/coder/Documents/s2n2/finn-hlslib-lif/mvau.hpp:187:17)
INFO: [HLS 214-131] Inlining function 'Slice<ap_uint<1>, 1u>::Container<ap_uint<1> >::operator()(unsigned int, unsigned int, bool) const' into 'void Matrix_Vector_Activate_Batch<64u, 5u, 1u, 1u, 1u, 1u, Identity, Slice<ap_uint<1>, 1u>, Identity, ap_fixed<16, 8, (ap_q_mode)5, (ap_o_mode)3, 0>, 16u, 8u, 1u, ap_uint<1>, ap_uint<1>, FixedPointWeightsSp<1u, ap_int<8>, 1u, 320u>, ThresholdActivation1, ap_resource_dflt>(hls::stream<ap_uint<1>, 0>&, hls::stream<ap_uint<1>, 0>&, FixedPointWeightsSp<1u, ap_int<8>, 1u, 320u> const&, ThresholdActivation1 const&, ap_fixed<16, 8, (ap_q_mode)5, (ap_o_mode)3, 0>, int, ap_resource_dflt const&)' (/home/coder/Documents/s2n2/finn-hlslib-lif/mvau.hpp:183:9)
INFO: [HLS 214-131] Inlining function 'Slice<ap_uint<1>, 1u>::Container<ap_uint<1> >::operator()(unsigned int, unsigned int, bool) const' into 'void Matrix_Vector_Activate_Batch<64u, 5u, 1u, 1u, 1u, 1u, Identity, Slice<ap_uint<1>, 1u>, Identity, ap_fixed<16, 8, (ap_q_mode)5, (ap_o_mode)3, 0>, 16u, 8u, 1u, ap_uint<1>, ap_uint<1>, FixedPointWeightsSp<1u, ap_int<8>, 1u, 320u>, ThresholdActivation1, ap_resource_dflt>(hls::stream<ap_uint<1>, 0>&, hls::stream<ap_uint<1>, 0>&, FixedPointWeightsSp<1u, ap_int<8>, 1u, 320u> const&, ThresholdActivation1 const&, ap_fixed<16, 8, (ap_q_mode)5, (ap_o_mode)3, 0>, int, ap_resource_dflt const&)' (/home/coder/Documents/s2n2/finn-hlslib-lif/mvau.hpp:180:9)
INFO: [HLS 214-131] Inlining function 'FixedPointWeightsSp<1u, ap_int<8>, 1u, 320u>::TileIndex::operator[](unsigned int) const' into 'void Matrix_Vector_Activate_Batch<64u, 5u, 1u, 1u, 1u, 1u, Identity, Slice<ap_uint<1>, 1u>, Identity, ap_fixed<16, 8, (ap_q_mode)5, (ap_o_mode)3, 0>, 16u, 8u, 1u, ap_uint<1>, ap_uint<1>, FixedPointWeightsSp<1u, ap_int<8>, 1u, 320u>, ThresholdActivation1, ap_resource_dflt>(hls::stream<ap_uint<1>, 0>&, hls::stream<ap_uint<1>, 0>&, FixedPointWeightsSp<1u, ap_int<8>, 1u, 320u> const&, ThresholdActivation1 const&, ap_fixed<16, 8, (ap_q_mode)5, (ap_o_mode)3, 0>, int, ap_resource_dflt const&)' (/home/coder/Documents/s2n2/finn-hlslib-lif/mvau.hpp:165:14)
INFO: [HLS 214-131] Inlining function 'FixedPointWeightsSp<1u, ap_int<8>, 1u, 320u>::weights(unsigned int, ap_uint<1>) const' into 'void Matrix_Vector_Activate_Batch<64u, 5u, 1u, 1u, 1u, 1u, Identity, Slice<ap_uint<1>, 1u>, Identity, ap_fixed<16, 8, (ap_q_mode)5, (ap_o_mode)3, 0>, 16u, 8u, 1u, ap_uint<1>, ap_uint<1>, FixedPointWeightsSp<1u, ap_int<8>, 1u, 320u>, ThresholdActivation1, ap_resource_dflt>(hls::stream<ap_uint<1>, 0>&, hls::stream<ap_uint<1>, 0>&, FixedPointWeightsSp<1u, ap_int<8>, 1u, 320u> const&, ThresholdActivation1 const&, ap_fixed<16, 8, (ap_q_mode)5, (ap_o_mode)3, 0>, int, ap_resource_dflt const&)' (/home/coder/Documents/s2n2/finn-hlslib-lif/mvau.hpp:162:29)
INFO: [HLS 214-131] Inlining function 'void StreamingFCLayer_Batch<64u, 5u, 1u, 1u, 1u, Identity, Slice<ap_uint<1>, 1u>, Identity, ap_fixed<16, 8, (ap_q_mode)5, (ap_o_mode)3, 0>, 16u, 8u, 1u, 1, 1, FixedPointWeightsSp<1u, ap_int<8>, 1u, 320u>, ThresholdActivation1, ap_resource_dflt>(hls::stream<ap_uint<1>, 0>&, hls::stream<ap_uint<1>, 0>&, FixedPointWeightsSp<1u, ap_int<8>, 1u, 320u> const&, ThresholdActivation1 const&, unsigned int, ap_fixed<16, 8, (ap_q_mode)5, (ap_o_mode)3, 0>, ap_resource_dflt const&)' into 'fc2full_top(ap_uint<1> const*, ap_uint<1>*)' (/home/coder/Desktop/s2n2/convSNN/fc2full_top.cpp:83:3)
INFO: [HLS 214-291] Loop 'VITIS_LOOP_150_2' is marked as complete unroll implied by the pipeline pragma (/home/coder/Documents/s2n2/finn-hlslib-lif/mvau.hpp:150:24)
INFO: [HLS 214-291] Loop 'VITIS_LOOP_163_3' is marked as complete unroll implied by the pipeline pragma (/home/coder/Documents/s2n2/finn-hlslib-lif/mvau.hpp:163:23)
INFO: [HLS 214-291] Loop 'VITIS_LOOP_200_1' is marked as complete unroll implied by the pipeline pragma (/home/coder/Documents/s2n2/finn-hlslib-lif/weights.hpp:200:25)
INFO: [HLS 214-291] Loop 'VITIS_LOOP_175_4' is marked as complete unroll implied by the pipeline pragma (/home/coder/Documents/s2n2/finn-hlslib-lif/mvau.hpp:175:25)
INFO: [HLS 214-186] Unrolling loop 'VITIS_LOOP_150_2' (/home/coder/Documents/s2n2/finn-hlslib-lif/mvau.hpp:150:24) in function 'Matrix_Vector_Activate_Batch<64u, 5u, 1u, 1u, 1u, 1u, Identity, Slice<ap_uint<1>, 1u>, Identity, ap_fixed<16, 8, (ap_q_mode)5, (ap_o_mode)3, 0>, 16u, 8u, 1u, ap_uint<1>, ap_uint<1>, FixedPointWeightsSp<1u, ap_int<8>, 1u, 320u>, ThresholdActivation1, ap_resource_dflt>' completely with a factor of 1 (/home/coder/Documents/s2n2/finn-hlslib-lif/mvau.hpp:101:0)
INFO: [HLS 214-186] Unrolling loop 'VITIS_LOOP_163_3' (/home/coder/Documents/s2n2/finn-hlslib-lif/mvau.hpp:163:23) in function 'Matrix_Vector_Activate_Batch<64u, 5u, 1u, 1u, 1u, 1u, Identity, Slice<ap_uint<1>, 1u>, Identity, ap_fixed<16, 8, (ap_q_mode)5, (ap_o_mode)3, 0>, 16u, 8u, 1u, ap_uint<1>, ap_uint<1>, FixedPointWeightsSp<1u, ap_int<8>, 1u, 320u>, ThresholdActivation1, ap_resource_dflt>' completely with a factor of 1 (/home/coder/Documents/s2n2/finn-hlslib-lif/mvau.hpp:101:0)
INFO: [HLS 214-186] Unrolling loop 'VITIS_LOOP_200_1' (/home/coder/Documents/s2n2/finn-hlslib-lif/weights.hpp:200:25) in function 'Matrix_Vector_Activate_Batch<64u, 5u, 1u, 1u, 1u, 1u, Identity, Slice<ap_uint<1>, 1u>, Identity, ap_fixed<16, 8, (ap_q_mode)5, (ap_o_mode)3, 0>, 16u, 8u, 1u, ap_uint<1>, ap_uint<1>, FixedPointWeightsSp<1u, ap_int<8>, 1u, 320u>, ThresholdActivation1, ap_resource_dflt>' completely with a factor of 1 (/home/coder/Documents/s2n2/finn-hlslib-lif/mvau.hpp:101:0)
INFO: [HLS 214-186] Unrolling loop 'VITIS_LOOP_175_4' (/home/coder/Documents/s2n2/finn-hlslib-lif/mvau.hpp:175:25) in function 'Matrix_Vector_Activate_Batch<64u, 5u, 1u, 1u, 1u, 1u, Identity, Slice<ap_uint<1>, 1u>, Identity, ap_fixed<16, 8, (ap_q_mode)5, (ap_o_mode)3, 0>, 16u, 8u, 1u, ap_uint<1>, ap_uint<1>, FixedPointWeightsSp<1u, ap_int<8>, 1u, 320u>, ThresholdActivation1, ap_resource_dflt>' completely with a factor of 1 (/home/coder/Documents/s2n2/finn-hlslib-lif/mvau.hpp:101:0)
INFO: [HLS 214-178] Inlining function 'WidthAdjustedInputStream<1u, 1u, 64u>::WidthAdjustedInputStream(hls::stream<ap_uint<1>, 0>&, unsigned int)' into 'fc2full_top(ap_uint<1> const*, ap_uint<1>*)' (/home/coder/Desktop/s2n2/convSNN/fc2full_top.cpp:63:0)
INFO: [HLS 214-178] Inlining function 'WidthAdjustedOutputStream<1u, 1u, 5u>::WidthAdjustedOutputStream(hls::stream<ap_uint<1>, 0>&, unsigned int)' into 'fc2full_top(ap_uint<1> const*, ap_uint<1>*)' (/home/coder/Desktop/s2n2/convSNN/fc2full_top.cpp:63:0)
INFO: [HLS 214-178] Inlining function 'WidthAdjustedInputStream<1u, 1u, 64u>::operator hls::stream<ap_uint<1>, 0>&()' into 'fc2full_top(ap_uint<1> const*, ap_uint<1>*)' (/home/coder/Desktop/s2n2/convSNN/fc2full_top.cpp:63:0)
INFO: [HLS 214-178] Inlining function 'WidthAdjustedOutputStream<1u, 1u, 5u>::operator hls::stream<ap_uint<1>, 0>&()' into 'fc2full_top(ap_uint<1> const*, ap_uint<1>*)' (/home/coder/Desktop/s2n2/convSNN/fc2full_top.cpp:63:0)
INFO: [HLS 214-178] Inlining function 'void Matrix_Vector_Activate_Batch<64u, 5u, 1u, 1u, 1u, 1u, Identity, Slice<ap_uint<1>, 1u>, Identity, ap_fixed<16, 8, (ap_q_mode)5, (ap_o_mode)3, 0>, 16u, 8u, 1u, ap_uint<1>, ap_uint<1>, FixedPointWeightsSp<1u, ap_int<8>, 1u, 320u>, ThresholdActivation1, ap_resource_dflt>(hls::stream<ap_uint<1>, 0>&, hls::stream<ap_uint<1>, 0>&, FixedPointWeightsSp<1u, ap_int<8>, 1u, 320u> const&, ThresholdActivation1 const&, ap_fixed<16, 8, (ap_q_mode)5, (ap_o_mode)3, 0>, int, ap_resource_dflt const&)' into 'fc2full_top(ap_uint<1> const*, ap_uint<1>*)' (/home/coder/Desktop/s2n2/convSNN/fc2full_top.cpp:63:0)
INFO: [HLS 214-248] Applying array_partition to '_ZZ28Matrix_Vector_Activate_BatchILj64ELj5ELj1ELj1ELj1ELj1E8Identity5SliceI7ap_uintILi1EELj1EES0_8ap_fixedILi16ELi8EL9ap_q_mode5EL9ap_o_mode3ELi0EELj16ELj8ELj1ES3_S3_19FixedPointWeightsSpILj1E6ap_intILi8EELj1ELj320EE20ThresholdActivation116ap_resource_dfltEvRN3hls6streamIT12_Li0EEERNSG_IT13_Li0EEERKT14_RKT15_T8_iRKT16_E5neust': Complete partitioning on dimension 2. (/home/coder/Documents/s2n2/finn-hlslib-lif/mvau.hpp:116:0)
INFO: [HLS 214-248] Applying array_partition to 'inputBuf.i': Complete partitioning on dimension 1. (/home/coder/Documents/s2n2/finn-hlslib-lif/mvau.hpp:111:6)
INFO: [HLS 214-248] Applying array_partition to 'in': Complete partitioning on dimension 1. (/home/coder/Desktop/s2n2/convSNN/fc2full_top.cpp:63:0)
INFO: [HLS 214-248] Applying array_partition to 'out': Complete partitioning on dimension 1. (/home/coder/Desktop/s2n2/convSNN/fc2full_top.cpp:63:0)
INFO: [HLS 200-111] Finished Compiling Optimization and Transform: CPU user time: 2.98 seconds. CPU system time: 0.95 seconds. Elapsed time: 17.25 seconds; current allocated memory: 1.463 GB.
INFO: [HLS 200-111] Finished Checking Pragmas: CPU user time: 0 seconds. CPU system time: 0 seconds. Elapsed time: 0 seconds; current allocated memory: 1.463 GB.
INFO: [HLS 200-10] Starting code transformations ...
INFO: [HLS 200-111] Finished Standard Transforms: CPU user time: 0.06 seconds. CPU system time: 0.01 seconds. Elapsed time: 0.23 seconds; current allocated memory: 1.466 GB.
INFO: [HLS 200-10] Checking synthesizability ...
INFO: [HLS 200-111] Finished Checking Synthesizability: CPU user time: 0.07 seconds. CPU system time: 0 seconds. Elapsed time: 0.14 seconds; current allocated memory: 1.467 GB.
INFO: [XFORM 203-102] Partitioning array 'void Matrix_Vector_Activate_Batch<64u, 5u, 1u, 1u, 1u, 1u, Identity, Slice<ap_uint<1>, 1u>, Identity, ap_fixed<16, 8, 5, 3, 0>, 16u, 8u, 1u, ap_uint<1>, ap_uint<1>, FixedPointWeightsSp<1u, ap_int<8>, 1u, 320u>, ThresholdActivation1, ap_resource_dflt>(stream<ap_uint<1>, 0>&, stream<ap_uint<1>, 0>&, FixedPointWeightsSp<1u, ap_int<8>, 1u, 320u> const&, ThresholdActivation1 const&, ap_fixed<16, 8, 5, 3, 0>, int, ap_resource_dflt const&)neust.4' automatically.
INFO: [XFORM 203-102] Partitioning array 'void Matrix_Vector_Activate_Batch<64u, 5u, 1u, 1u, 1u, 1u, Identity, Slice<ap_uint<1>, 1u>, Identity, ap_fixed<16, 8, 5, 3, 0>, 16u, 8u, 1u, ap_uint<1>, ap_uint<1>, FixedPointWeightsSp<1u, ap_int<8>, 1u, 320u>, ThresholdActivation1, ap_resource_dflt>(stream<ap_uint<1>, 0>&, stream<ap_uint<1>, 0>&, FixedPointWeightsSp<1u, ap_int<8>, 1u, 320u> const&, ThresholdActivation1 const&, ap_fixed<16, 8, 5, 3, 0>, int, ap_resource_dflt const&)neust.3' automatically.
INFO: [XFORM 203-102] Partitioning array 'void Matrix_Vector_Activate_Batch<64u, 5u, 1u, 1u, 1u, 1u, Identity, Slice<ap_uint<1>, 1u>, Identity, ap_fixed<16, 8, 5, 3, 0>, 16u, 8u, 1u, ap_uint<1>, ap_uint<1>, FixedPointWeightsSp<1u, ap_int<8>, 1u, 320u>, ThresholdActivation1, ap_resource_dflt>(stream<ap_uint<1>, 0>&, stream<ap_uint<1>, 0>&, FixedPointWeightsSp<1u, ap_int<8>, 1u, 320u> const&, ThresholdActivation1 const&, ap_fixed<16, 8, 5, 3, 0>, int, ap_resource_dflt const&)neust.2' automatically.
INFO: [XFORM 203-102] Partitioning array 'void Matrix_Vector_Activate_Batch<64u, 5u, 1u, 1u, 1u, 1u, Identity, Slice<ap_uint<1>, 1u>, Identity, ap_fixed<16, 8, 5, 3, 0>, 16u, 8u, 1u, ap_uint<1>, ap_uint<1>, FixedPointWeightsSp<1u, ap_int<8>, 1u, 320u>, ThresholdActivation1, ap_resource_dflt>(stream<ap_uint<1>, 0>&, stream<ap_uint<1>, 0>&, FixedPointWeightsSp<1u, ap_int<8>, 1u, 320u> const&, ThresholdActivation1 const&, ap_fixed<16, 8, 5, 3, 0>, int, ap_resource_dflt const&)neust.1' automatically.
INFO: [XFORM 203-102] Partitioning array 'void Matrix_Vector_Activate_Batch<64u, 5u, 1u, 1u, 1u, 1u, Identity, Slice<ap_uint<1>, 1u>, Identity, ap_fixed<16, 8, 5, 3, 0>, 16u, 8u, 1u, ap_uint<1>, ap_uint<1>, FixedPointWeightsSp<1u, ap_int<8>, 1u, 320u>, ThresholdActivation1, ap_resource_dflt>(stream<ap_uint<1>, 0>&, stream<ap_uint<1>, 0>&, FixedPointWeightsSp<1u, ap_int<8>, 1u, 320u> const&, ThresholdActivation1 const&, ap_fixed<16, 8, 5, 3, 0>, int, ap_resource_dflt const&)neust' automatically.
INFO: [XFORM 203-102] Partitioning array 'fc2_weights' in dimension 1 automatically.
INFO: [XFORM 203-401] Performing if-conversion on hyperblock to (/home/coder/Documents/s2n2/finn-hlslib-lif/mvau.hpp:172:8) in function 'fc2full_top'... converting 3 basic blocks.
INFO: [HLS 200-111] Finished Loop, function and other optimizations: CPU user time: 0.35 seconds. CPU system time: 0.01 seconds. Elapsed time: 1.09 seconds; current allocated memory: 1.493 GB.
INFO: [XFORM 203-541] Flattening a loop nest 'VITIS_LOOP_51_1' (/home/coder/Desktop/s2n2/convSNN/fc2full_top.cpp:51:20) in function 'load_weights_once'.
INFO: [HLS 200-111] Finished Architecture Synthesis: CPU user time: 0.28 seconds. CPU system time: 0.01 seconds. Elapsed time: 0.33 seconds; current allocated memory: 1.535 GB.
INFO: [HLS 200-10] Starting hardware synthesis ...
INFO: [HLS 200-10] Synthesizing 'fc2full_top' ...
INFO: [HLS 200-10] ----------------------------------------------------------------
INFO: [HLS 200-42] -- Implementing module 'load_weights_once_Pipeline_VITIS_LOOP_51_1_VITIS_LOOP_52_2' 
INFO: [HLS 200-10] ----------------------------------------------------------------
INFO: [SCHED 204-11] Starting scheduling ...
INFO: [SCHED 204-61] Pipelining loop 'VITIS_LOOP_51_1_VITIS_LOOP_52_2'.
INFO: [HLS 200-1470] Pipelining result : Target II = 1, Final II = 1, Depth = 2, loop 'VITIS_LOOP_51_1_VITIS_LOOP_52_2'
INFO: [SCHED 204-11] Finished scheduling.
INFO: [HLS 200-111] Finished Scheduling: CPU user time: 0.16 seconds. CPU system time: 0.12 seconds. Elapsed time: 1.03 seconds; current allocated memory: 1.537 GB.
INFO: [BIND 205-100] Starting micro-architecture generation ...
INFO: [BIND 205-101] Performing variable lifetime analysis.
INFO: [BIND 205-101] Exploring resource sharing.
INFO: [BIND 205-101] Binding ...
INFO: [BIND 205-100] Finished micro-architecture generation.
INFO: [HLS 200-111] Finished Binding: CPU user time: 0.05 seconds. CPU system time: 0.02 seconds. Elapsed time: 0.52 seconds; current allocated memory: 1.537 GB.
INFO: [HLS 200-10] ----------------------------------------------------------------
INFO: [HLS 200-42] -- Implementing module 'load_weights_once' 
INFO: [HLS 200-10] ----------------------------------------------------------------
INFO: [SCHED 204-11] Starting scheduling ...
INFO: [SCHED 204-11] Finished scheduling.
INFO: [HLS 200-111] Finished Scheduling: CPU user time: 0.04 seconds. CPU system time: 0 seconds. Elapsed time: 0.38 seconds; current allocated memory: 1.537 GB.
INFO: [BIND 205-100] Starting micro-architecture generation ...
INFO: [BIND 205-101] Performing variable lifetime analysis.
INFO: [BIND 205-101] Exploring resource sharing.
INFO: [BIND 205-101] Binding ...
INFO: [BIND 205-100] Finished micro-architecture generation.
INFO: [HLS 200-111] Finished Binding: CPU user time: 0.05 seconds. CPU system time: 0 seconds. Elapsed time: 0.33 seconds; current allocated memory: 1.537 GB.
INFO: [HLS 200-10] ----------------------------------------------------------------
INFO: [HLS 200-42] -- Implementing module 'fc2full_top_Pipeline_VITIS_LOOP_75_1' 
INFO: [HLS 200-10] ----------------------------------------------------------------
INFO: [SCHED 204-11] Starting scheduling ...
INFO: [SCHED 204-61] Pipelining loop 'VITIS_LOOP_75_1'.
INFO: [HLS 200-1470] Pipelining result : Target II = 1, Final II = 1, Depth = 2, loop 'VITIS_LOOP_75_1'
INFO: [SCHED 204-11] Finished scheduling.
INFO: [HLS 200-111] Finished Scheduling: CPU user time: 0.1 seconds. CPU system time: 0 seconds. Elapsed time: 0.56 seconds; current allocated memory: 1.538 GB.
INFO: [BIND 205-100] Starting micro-architecture generation ...
INFO: [BIND 205-101] Performing variable lifetime analysis.
INFO: [BIND 205-101] Exploring resource sharing.
INFO: [BIND 205-101] Binding ...
INFO: [BIND 205-100] Finished micro-architecture generation.
INFO: [HLS 200-111] Finished Binding: CPU user time: 0.05 seconds. CPU system time: 0 seconds. Elapsed time: 0.49 seconds; current allocated memory: 1.538 GB.
INFO: [HLS 200-10] ----------------------------------------------------------------
INFO: [HLS 200-42] -- Implementing module 'fc2full_top_Pipeline_VITIS_LOOP_131_1' 
INFO: [HLS 200-10] ----------------------------------------------------------------
INFO: [SCHED 204-11] Starting scheduling ...
INFO: [SCHED 204-61] Pipelining loop 'VITIS_LOOP_131_1'.
INFO: [HLS 200-1470] Pipelining result : Target II = 1, Final II = 1, Depth = 3, loop 'VITIS_LOOP_131_1'
INFO: [SCHED 204-11] Finished scheduling.
INFO: [HLS 200-111] Finished Scheduling: CPU user time: 0.35 seconds. CPU system time: 0 seconds. Elapsed time: 0.66 seconds; current allocated memory: 1.542 GB.
INFO: [BIND 205-100] Starting micro-architecture generation ...
INFO: [BIND 205-101] Performing variable lifetime analysis.
INFO: [BIND 205-101] Exploring resource sharing.
INFO: [BIND 205-101] Binding ...
INFO: [BIND 205-100] Finished micro-architecture generation.
INFO: [HLS 200-111] Finished Binding: CPU user time: 0.13 seconds. CPU system time: 0.02 seconds. Elapsed time: 1.02 seconds; current allocated memory: 1.542 GB.
INFO: [HLS 200-10] ----------------------------------------------------------------
INFO: [HLS 200-42] -- Implementing module 'fc2full_top_Pipeline_VITIS_LOOP_108_2' 
INFO: [HLS 200-10] ----------------------------------------------------------------
INFO: [SCHED 204-11] Starting scheduling ...
INFO: [SCHED 204-61] Pipelining loop 'VITIS_LOOP_108_2'.
INFO: [HLS 200-1470] Pipelining result : Target II = 1, Final II = 1, Depth = 2, loop 'VITIS_LOOP_108_2'
INFO: [SCHED 204-11] Finished scheduling.
INFO: [HLS 200-111] Finished Scheduling: CPU user time: 0.11 seconds. CPU system time: 0 seconds. Elapsed time: 0.65 seconds; current allocated memory: 1.542 GB.
INFO: [BIND 205-100] Starting micro-architecture generation ...
INFO: [BIND 205-101] Performing variable lifetime analysis.
INFO: [BIND 205-101] Exploring resource sharing.
INFO: [BIND 205-101] Binding ...
INFO: [BIND 205-100] Finished micro-architecture generation.
INFO: [HLS 200-111] Finished Binding: CPU user time: 0.04 seconds. CPU system time: 0.01 seconds. Elapsed time: 1.94 seconds; current allocated memory: 1.542 GB.
INFO: [HLS 200-10] ----------------------------------------------------------------
INFO: [HLS 200-42] -- Implementing module 'fc2full_top' 
INFO: [HLS 200-10] ----------------------------------------------------------------
INFO: [SCHED 204-11] Starting scheduling ...
INFO: [SCHED 204-11] Finished scheduling.
INFO: [HLS 200-111] Finished Scheduling: CPU user time: 0.1 seconds. CPU system time: 0.01 seconds. Elapsed time: 1.2 seconds; current allocated memory: 1.542 GB.
INFO: [BIND 205-100] Starting micro-architecture generation ...
INFO: [BIND 205-101] Performing variable lifetime analysis.
INFO: [BIND 205-101] Exploring resource sharing.
INFO: [BIND 205-101] Binding ...
INFO: [BIND 205-100] Finished micro-architecture generation.
INFO: [HLS 200-111] Finished Binding: CPU user time: 0.18 seconds. CPU system time: 0 seconds. Elapsed time: 0.39 seconds; current allocated memory: 1.542 GB.
INFO: [HLS 200-10] ----------------------------------------------------------------
INFO: [HLS 200-10] -- Generating RTL for module 'load_weights_once_Pipeline_VITIS_LOOP_51_1_VITIS_LOOP_52_2' 
INFO: [HLS 200-10] ----------------------------------------------------------------
INFO: [HLS 200-1030] Apply Unified Pipeline Control on module 'load_weights_once_Pipeline_VITIS_LOOP_51_1_VITIS_LOOP_52_2' pipeline 'VITIS_LOOP_51_1_VITIS_LOOP_52_2' pipeline type 'loop pipeline'
INFO: [RTGEN 206-100] Finished creating RTL model for 'load_weights_once_Pipeline_VITIS_LOOP_51_1_VITIS_LOOP_52_2'.
INFO: [RTMG 210-279] Implementing memory 'fc2full_top_load_weights_once_Pipeline_VITIS_LOOP_51_1_VITIS_LOOP_52_2_FC2_W_ROM_AUTO_1R' using auto ROMs.
INFO: [HLS 200-111] Finished Creating RTL model: CPU user time: 0.07 seconds. CPU system time: 0.02 seconds. Elapsed time: 3.26 seconds; current allocated memory: 1.542 GB.
INFO: [HLS 200-10] ----------------------------------------------------------------
INFO: [HLS 200-10] -- Generating RTL for module 'load_weights_once' 
INFO: [HLS 200-10] ----------------------------------------------------------------
WARNING: [RTGEN 206-101] Register 'loaded' is power-on initialization.
INFO: [RTGEN 206-100] Finished creating RTL model for 'load_weights_once'.
INFO: [HLS 200-111] Finished Creating RTL model: CPU user time: 0.1 seconds. CPU system time: 0 seconds. Elapsed time: 0.55 seconds; current allocated memory: 1.543 GB.
INFO: [HLS 200-10] ----------------------------------------------------------------
INFO: [HLS 200-10] -- Generating RTL for module 'fc2full_top_Pipeline_VITIS_LOOP_75_1' 
INFO: [HLS 200-10] ----------------------------------------------------------------
INFO: [HLS 200-1030] Apply Unified Pipeline Control on module 'fc2full_top_Pipeline_VITIS_LOOP_75_1' pipeline 'VITIS_LOOP_75_1' pipeline type 'loop pipeline'
INFO: [RTGEN 206-100] Generating core module 'mux_64_6_1_1_1': 1 instance(s).
INFO: [RTGEN 206-100] Finished creating RTL model for 'fc2full_top_Pipeline_VITIS_LOOP_75_1'.
INFO: [HLS 200-111] Finished Creating RTL model: CPU user time: 0.1 seconds. CPU system time: 0.01 seconds. Elapsed time: 1.55 seconds; current allocated memory: 1.544 GB.
INFO: [HLS 200-10] ----------------------------------------------------------------
INFO: [HLS 200-10] -- Generating RTL for module 'fc2full_top_Pipeline_VITIS_LOOP_131_1' 
INFO: [HLS 200-10] ----------------------------------------------------------------
WARNING: [RTGEN 206-101] Register 'void_Matrix_Vector_Activate_Batch_stream_stream_FixedPointWeightsSp_const_Thr_4' is power-on initialization.
WARNING: [RTGEN 206-101] Register 'void_Matrix_Vector_Activate_Batch_stream_stream_FixedPointWeightsSp_const_Thr_3' is power-on initialization.
WARNING: [RTGEN 206-101] Register 'void_Matrix_Vector_Activate_Batch_stream_stream_FixedPointWeightsSp_const_Thr_2' is power-on initialization.
WARNING: [RTGEN 206-101] Register 'void_Matrix_Vector_Activate_Batch_stream_stream_FixedPointWeightsSp_const_Thr_1' is power-on initialization.
WARNING: [RTGEN 206-101] Register 'void_Matrix_Vector_Activate_Batch_stream_stream_FixedPointWeightsSp_const_Thr' is power-on initialization.
INFO: [HLS 200-1030] Apply Unified Pipeline Control on module 'fc2full_top_Pipeline_VITIS_LOOP_131_1' pipeline 'VITIS_LOOP_131_1' pipeline type 'loop pipeline'
INFO: [RTGEN 206-100] Generating core module 'mux_5_3_16_1_1': 1 instance(s).
INFO: [RTGEN 206-100] Generating core module 'mux_64_6_1_1_1': 1 instance(s).
INFO: [RTGEN 206-100] Finished creating RTL model for 'fc2full_top_Pipeline_VITIS_LOOP_131_1'.
INFO: [HLS 200-111] Finished Creating RTL model: CPU user time: 0.19 seconds. CPU system time: 0.01 seconds. Elapsed time: 1.63 seconds; current allocated memory: 1.547 GB.
INFO: [HLS 200-10] ----------------------------------------------------------------
INFO: [HLS 200-10] -- Generating RTL for module 'fc2full_top_Pipeline_VITIS_LOOP_108_2' 
INFO: [HLS 200-10] ----------------------------------------------------------------
INFO: [HLS 200-1030] Apply Unified Pipeline Control on module 'fc2full_top_Pipeline_VITIS_LOOP_108_2' pipeline 'VITIS_LOOP_108_2' pipeline type 'loop pipeline'
INFO: [RTGEN 206-100] Finished creating RTL model for 'fc2full_top_Pipeline_VITIS_LOOP_108_2'.
INFO: [HLS 200-111] Finished Creating RTL model: CPU user time: 0.39 seconds. CPU system time: 0.04 seconds. Elapsed time: 1.66 seconds; current allocated memory: 1.553 GB.
INFO: [HLS 200-10] ----------------------------------------------------------------
INFO: [HLS 200-10] -- Generating RTL for module 'fc2full_top' 
INFO: [HLS 200-10] ----------------------------------------------------------------
INFO: [RTGEN 206-500] Setting interface mode on port 'fc2full_top/in_0' to 'ap_none'.
INFO: [RTGEN 206-500] Setting interface mode on port 'fc2full_top/in_1' to 'ap_none'.
INFO: [RTGEN 206-500] Setting interface mode on port 'fc2full_top/in_2' to 'ap_none'.
INFO: [RTGEN 206-500] Setting interface mode on port 'fc2full_top/in_3' to 'ap_none'.
INFO: [RTGEN 206-500] Setting interface mode on port 'fc2full_top/in_4' to 'ap_none'.
INFO: [RTGEN 206-500] Setting interface mode on port 'fc2full_top/in_5' to 'ap_none'.
INFO: [RTGEN 206-500] Setting interface mode on port 'fc2full_top/in_6' to 'ap_none'.
INFO: [RTGEN 206-500] Setting interface mode on port 'fc2full_top/in_7' to 'ap_none'.
INFO: [RTGEN 206-500] Setting interface mode on port 'fc2full_top/in_8' to 'ap_none'.
INFO: [RTGEN 206-500] Setting interface mode on port 'fc2full_top/in_9' to 'ap_none'.
INFO: [RTGEN 206-500] Setting interface mode on port 'fc2full_top/in_10' to 'ap_none'.
INFO: [RTGEN 206-500] Setting interface mode on port 'fc2full_top/in_11' to 'ap_none'.
INFO: [RTGEN 206-500] Setting interface mode on port 'fc2full_top/in_12' to 'ap_none'.
INFO: [RTGEN 206-500] Setting interface mode on port 'fc2full_top/in_13' to 'ap_none'.
INFO: [RTGEN 206-500] Setting interface mode on port 'fc2full_top/in_14' to 'ap_none'.
INFO: [RTGEN 206-500] Setting interface mode on port 'fc2full_top/in_15' to 'ap_none'.
INFO: [RTGEN 206-500] Setting interface mode on port 'fc2full_top/in_16' to 'ap_none'.
INFO: [RTGEN 206-500] Setting interface mode on port 'fc2full_top/in_17' to 'ap_none'.
INFO: [RTGEN 206-500] Setting interface mode on port 'fc2full_top/in_18' to 'ap_none'.
INFO: [RTGEN 206-500] Setting interface mode on port 'fc2full_top/in_19' to 'ap_none'.
INFO: [RTGEN 206-500] Setting interface mode on port 'fc2full_top/in_20' to 'ap_none'.
INFO: [RTGEN 206-500] Setting interface mode on port 'fc2full_top/in_21' to 'ap_none'.
INFO: [RTGEN 206-500] Setting interface mode on port 'fc2full_top/in_22' to 'ap_none'.
INFO: [RTGEN 206-500] Setting interface mode on port 'fc2full_top/in_23' to 'ap_none'.
INFO: [RTGEN 206-500] Setting interface mode on port 'fc2full_top/in_24' to 'ap_none'.
INFO: [RTGEN 206-500] Setting interface mode on port 'fc2full_top/in_25' to 'ap_none'.
INFO: [RTGEN 206-500] Setting interface mode on port 'fc2full_top/in_26' to 'ap_none'.
INFO: [RTGEN 206-500] Setting interface mode on port 'fc2full_top/in_27' to 'ap_none'.
INFO: [RTGEN 206-500] Setting interface mode on port 'fc2full_top/in_28' to 'ap_none'.
INFO: [RTGEN 206-500] Setting interface mode on port 'fc2full_top/in_29' to 'ap_none'.
INFO: [RTGEN 206-500] Setting interface mode on port 'fc2full_top/in_30' to 'ap_none'.
INFO: [RTGEN 206-500] Setting interface mode on port 'fc2full_top/in_31' to 'ap_none'.
INFO: [RTGEN 206-500] Setting interface mode on port 'fc2full_top/in_32' to 'ap_none'.
INFO: [RTGEN 206-500] Setting interface mode on port 'fc2full_top/in_33' to 'ap_none'.
INFO: [RTGEN 206-500] Setting interface mode on port 'fc2full_top/in_34' to 'ap_none'.
INFO: [RTGEN 206-500] Setting interface mode on port 'fc2full_top/in_35' to 'ap_none'.
INFO: [RTGEN 206-500] Setting interface mode on port 'fc2full_top/in_36' to 'ap_none'.
INFO: [RTGEN 206-500] Setting interface mode on port 'fc2full_top/in_37' to 'ap_none'.
INFO: [RTGEN 206-500] Setting interface mode on port 'fc2full_top/in_38' to 'ap_none'.
INFO: [RTGEN 206-500] Setting interface mode on port 'fc2full_top/in_39' to 'ap_none'.
INFO: [RTGEN 206-500] Setting interface mode on port 'fc2full_top/in_40' to 'ap_none'.
INFO: [RTGEN 206-500] Setting interface mode on port 'fc2full_top/in_41' to 'ap_none'.
INFO: [RTGEN 206-500] Setting interface mode on port 'fc2full_top/in_42' to 'ap_none'.
INFO: [RTGEN 206-500] Setting interface mode on port 'fc2full_top/in_43' to 'ap_none'.
INFO: [RTGEN 206-500] Setting interface mode on port 'fc2full_top/in_44' to 'ap_none'.
INFO: [RTGEN 206-500] Setting interface mode on port 'fc2full_top/in_45' to 'ap_none'.
INFO: [RTGEN 206-500] Setting interface mode on port 'fc2full_top/in_46' to 'ap_none'.
INFO: [RTGEN 206-500] Setting interface mode on port 'fc2full_top/in_47' to 'ap_none'.
INFO: [RTGEN 206-500] Setting interface mode on port 'fc2full_top/in_48' to 'ap_none'.
INFO: [RTGEN 206-500] Setting interface mode on port 'fc2full_top/in_49' to 'ap_none'.
INFO: [RTGEN 206-500] Setting interface mode on port 'fc2full_top/in_50' to 'ap_none'.
INFO: [RTGEN 206-500] Setting interface mode on port 'fc2full_top/in_51' to 'ap_none'.
INFO: [RTGEN 206-500] Setting interface mode on port 'fc2full_top/in_52' to 'ap_none'.
INFO: [RTGEN 206-500] Setting interface mode on port 'fc2full_top/in_53' to 'ap_none'.
INFO: [RTGEN 206-500] Setting interface mode on port 'fc2full_top/in_54' to 'ap_none'.
INFO: [RTGEN 206-500] Setting interface mode on port 'fc2full_top/in_55' to 'ap_none'.
INFO: [RTGEN 206-500] Setting interface mode on port 'fc2full_top/in_56' to 'ap_none'.
INFO: [RTGEN 206-500] Setting interface mode on port 'fc2full_top/in_57' to 'ap_none'.
INFO: [RTGEN 206-500] Setting interface mode on port 'fc2full_top/in_58' to 'ap_none'.
INFO: [RTGEN 206-500] Setting interface mode on port 'fc2full_top/in_59' to 'ap_none'.
INFO: [RTGEN 206-500] Setting interface mode on port 'fc2full_top/in_60' to 'ap_none'.
INFO: [RTGEN 206-500] Setting interface mode on port 'fc2full_top/in_61' to 'ap_none'.
INFO: [RTGEN 206-500] Setting interface mode on port 'fc2full_top/in_62' to 'ap_none'.
INFO: [RTGEN 206-500] Setting interface mode on port 'fc2full_top/in_63' to 'ap_none'.
INFO: [RTGEN 206-500] Setting interface mode on port 'fc2full_top/out_0' to 'ap_vld'.
INFO: [RTGEN 206-500] Setting interface mode on port 'fc2full_top/out_1' to 'ap_vld'.
INFO: [RTGEN 206-500] Setting interface mode on port 'fc2full_top/out_2' to 'ap_vld'.
INFO: [RTGEN 206-500] Setting interface mode on port 'fc2full_top/out_3' to 'ap_vld'.
INFO: [RTGEN 206-500] Setting interface mode on port 'fc2full_top/out_4' to 'ap_vld'.
INFO: [RTGEN 206-500] Setting interface mode on function 'fc2full_top' to 'ap_ctrl_hs'.
INFO: [RTGEN 206-100] Finished creating RTL model for 'fc2full_top'.
INFO: [RTMG 210-278] Implementing memory 'fc2full_top_fc2_weights_0_RAM_AUTO_1R1W' using auto RAMs.
INFO: [RTMG 210-285] Implementing FIFO 'in_stream_U(fc2full_top_fifo_w1_d128_S)' using Shift Registers.
INFO: [RTMG 210-285] Implementing FIFO 'out_stream_U(fc2full_top_fifo_w1_d16_S)' using Shift Registers.
INFO: [HLS 200-111] Finished Creating RTL model: CPU user time: 0.28 seconds. CPU system time: 0.04 seconds. Elapsed time: 14.7 seconds; current allocated memory: 1.555 GB.
INFO: [HLS 200-111] Finished Generating all RTL models: CPU user time: 0.49 seconds. CPU system time: 0.05 seconds. Elapsed time: 1.01 seconds; current allocated memory: 1.559 GB.
INFO: [HLS 200-111] Finished Updating report files: CPU user time: 1.41 seconds. CPU system time: 0.03 seconds. Elapsed time: 1.48 seconds; current allocated memory: 1.567 GB.
INFO: [VHDL 208-304] Generating VHDL RTL for fc2full_top.
INFO: [VLOG 209-307] Generating Verilog RTL for fc2full_top.
INFO: [HLS 200-790] **** Loop Constraint Status: All loop constraints were satisfied.
INFO: [HLS 200-789] **** Estimated Fmax: 265.39 MHz
INFO: [HLS 200-111] Finished Command csynth_design CPU user time: 15.37 seconds. CPU system time: 2.6 seconds. Elapsed time: 76.84 seconds; current allocated memory: 110.531 MB.
INFO: [HLS 200-1510] Running: cosim_design 
INFO: [COSIM 212-47] Using XSIM for RTL simulation.
INFO: [COSIM 212-14] Instrumenting C test bench ...
INFO: [COSIM 212-302] Starting C TB testing ... 
INFO: [COSIM 212-333] Generating C post check test bench ...
INFO: [COSIM 212-12] Generating RTL test bench ...
INFO: [COSIM 212-1] *** C/RTL co-simulation file generation completed. ***
INFO: [COSIM 212-323] Starting verilog simulation. 
INFO: [COSIM 212-15] Starting XSIM ...
INFO: [COSIM 212-316] Starting C post checking ...
INFO: [COSIM 212-1000] *** C/RTL co-simulation finished: PASS ***
INFO: [COSIM 212-211] II is measurable only when transaction number is greater than 1 in RTL simulation. Otherwise, they will be marked as all NA. If user wants to calculate them, please make sure there are at least 2 transactions in RTL simulation.
INFO: [HLS 200-111] Finished Command cosim_design CPU user time: 27.1 seconds. CPU system time: 5.96 seconds. Elapsed time: 76.5 seconds; current allocated memory: 14.359 MB.
