================================================================
== Design Size Report
================================================================

* Instructions per Function for each Compilation Phase
+------------------------------------+-------------------+-----------------+-----------------+----------------------+---------------+
| Function                           | Location          | Compile/Link    | Unroll/Inline   | Performance/Pipeline | Optimizations |
+------------------------------------+-------------------+-----------------+-----------------+----------------------+---------------+
| + fc1_top                          | fc1_top.cpp:22    | 3,836           | 5,809           | 48                   | 57            |
|    DebugThresholdActivation        | mvau.hpp:65       |     4           |     3           |                      |               |
|  + Matrix_Vector_Activate_Batch... | mvau.hpp:111      | 3,347           | 5,770           | 36                   | 44            |
|   + weights                        | weights.hpp:214   |    13           |                 |                      |               |
|      TileIndex                     | weights.hpp:190   |     8           |                 |                      |               |
|     operator[]                     | weights.hpp:196   |   336 (2 calls) |                 |                      |               |
|   + operator()<ap_uint<8> >        | interpret.hpp:235 |    12           |                 |                      |               |
|      Container                     | interpret.hpp:202 |    10           |                 |                      |               |
|     operator()                     | mvau.hpp:67       |   806           | 1,368 (8 calls) |                      |               |
|     operator[]                     | interpret.hpp:218 |     4           |                 |                      |               |
|     operator const ap_uint<8> &    | interpret.hpp:222 |     2           |                 |                      |               |
+------------------------------------+-------------------+-----------------+-----------------+----------------------+---------------+

* Description of Compilation Phases
+----------------------+------------------------------------------------------------+
| Compilation Phase    | Description                                                |
+----------------------+------------------------------------------------------------+
| Compile/Link         | All functions are compiled and linked into a single design |
| Unroll/Inline        | After user unroll and inline pragmas are applied           |
| Performance/Pipeline | After performance and pipeline pragmas are applied         |
| Optimizations        | After high level synthesis optimizations                   |
+----------------------+------------------------------------------------------------+

* Design Size Message Settings
+---------------------------------------------+--------+------------------------------------------------------------------+
| Message Setting                             | Value  | Description                                                      |
+---------------------------------------------+--------+------------------------------------------------------------------+
| config_compile -design_size_maximum_warning | 100000 | Show a warning when total design instructions exceeds this value |
+---------------------------------------------+--------+------------------------------------------------------------------+


