

================================================================
== Vivado HLS Report for 'Matrix_Vector_Activa'
================================================================
* Date:           Thu Sep 25 03:20:34 2025

* Version:        2020.1 (Build 2897737 on Wed May 27 20:21:37 MDT 2020)
* Project:        convSNN_conv1
* Solution:       new
* Product family: virtexuplus
* Target device:  xcvu9p-flga2577-2-e


================================================================
== Performance Estimates
================================================================
+ Timing: 
    * Summary: 
    +--------+----------+----------+------------+
    |  Clock |  Target  | Estimated| Uncertainty|
    +--------+----------+----------+------------+
    |ap_clk  | 10.00 ns | 4.205 ns |   1.25 ns  |
    +--------+----------+----------+------------+

+ Latency: 
    * Summary: 
    +---------+---------+----------+----------+-----+-----+---------+
    |  Latency (cycles) |  Latency (absolute) |  Interval | Pipeline|
    |   min   |   max   |    min   |    max   | min | max |   Type  |
    +---------+---------+----------+----------+-----+-----+---------+
    |        ?|        ?|         ?|         ?|    ?|    ?|   none  |
    +---------+---------+----------+----------+-----+-----+---------+

    + Detail: 
        * Instance: 
        N/A

        * Loop: 
        +----------+---------+---------+----------+-----------+-----------+------+----------+
        |          |  Latency (cycles) | Iteration|  Initiation Interval  | Trip |          |
        | Loop Name|   min   |   max   |  Latency |  achieved |   target  | Count| Pipelined|
        +----------+---------+---------+----------+-----------+-----------+------+----------+
        |- Loop 1  |        ?|        ?|         2|          2|          1|     ?|    yes   |
        +----------+---------+---------+----------+-----------+-----------+------+----------+



================================================================
== Utilization Estimates
================================================================
* Summary: 
+---------------------+---------+-------+---------+---------+-----+
|         Name        | BRAM_18K| DSP48E|    FF   |   LUT   | URAM|
+---------------------+---------+-------+---------+---------+-----+
|DSP                  |        -|      -|        -|        -|    -|
|Expression           |        -|      -|        0|     2459|    -|
|FIFO                 |        -|      -|        -|        -|    -|
|Instance             |        -|      -|        -|        -|    -|
|Memory               |       32|      -|        0|        0|    0|
|Multiplexer          |        -|      -|        -|      570|    -|
|Register             |        -|      -|      968|        -|    -|
+---------------------+---------+-------+---------+---------+-----+
|Total                |       32|      0|      968|     3029|    0|
+---------------------+---------+-------+---------+---------+-----+
|Available SLR        |     1440|   2280|   788160|   394080|  320|
+---------------------+---------+-------+---------+---------+-----+
|Utilization SLR (%)  |        2|      0|    ~0   |    ~0   |    0|
+---------------------+---------+-------+---------+---------+-----+
|Available            |     4320|   6840|  2364480|  1182240|  960|
+---------------------+---------+-------+---------+---------+-----+
|Utilization (%)      |    ~0   |      0|    ~0   |    ~0   |    0|
+---------------------+---------+-------+---------+---------+-----+

+ Detail: 
    * Instance: 
    N/A

    * DSP48E: 
    N/A

    * Memory: 
    +--------------+----------------------+---------+---+----+-----+------+-----+------+-------------+
    |    Memory    |        Module        | BRAM_18K| FF| LUT| URAM| Words| Bits| Banks| W*Bits*Banks|
    +--------------+----------------------+---------+---+----+-----+------+-----+------+-------------+
    |neust_0_V_U   |Matrix_Vector_ActdEe  |        1|  0|   0|    0|   100|   16|     1|         1600|
    |neust_1_V_U   |Matrix_Vector_ActdEe  |        1|  0|   0|    0|   100|   16|     1|         1600|
    |neust_2_V_U   |Matrix_Vector_ActdEe  |        1|  0|   0|    0|   100|   16|     1|         1600|
    |neust_3_V_U   |Matrix_Vector_ActdEe  |        1|  0|   0|    0|   100|   16|     1|         1600|
    |neust_4_V_U   |Matrix_Vector_ActdEe  |        1|  0|   0|    0|   100|   16|     1|         1600|
    |neust_5_V_U   |Matrix_Vector_ActdEe  |        1|  0|   0|    0|   100|   16|     1|         1600|
    |neust_6_V_U   |Matrix_Vector_ActdEe  |        1|  0|   0|    0|   100|   16|     1|         1600|
    |neust_7_V_U   |Matrix_Vector_ActdEe  |        1|  0|   0|    0|   100|   16|     1|         1600|
    |neust_8_V_U   |Matrix_Vector_ActdEe  |        1|  0|   0|    0|   100|   16|     1|         1600|
    |neust_9_V_U   |Matrix_Vector_ActdEe  |        1|  0|   0|    0|   100|   16|     1|         1600|
    |neust_10_V_U  |Matrix_Vector_ActdEe  |        1|  0|   0|    0|   100|   16|     1|         1600|
    |neust_11_V_U  |Matrix_Vector_ActdEe  |        1|  0|   0|    0|   100|   16|     1|         1600|
    |neust_12_V_U  |Matrix_Vector_ActdEe  |        1|  0|   0|    0|   100|   16|     1|         1600|
    |neust_13_V_U  |Matrix_Vector_ActdEe  |        1|  0|   0|    0|   100|   16|     1|         1600|
    |neust_14_V_U  |Matrix_Vector_ActdEe  |        1|  0|   0|    0|   100|   16|     1|         1600|
    |neust_15_V_U  |Matrix_Vector_ActdEe  |        1|  0|   0|    0|   100|   16|     1|         1600|
    |neust_16_V_U  |Matrix_Vector_ActdEe  |        1|  0|   0|    0|   100|   16|     1|         1600|
    |neust_17_V_U  |Matrix_Vector_ActdEe  |        1|  0|   0|    0|   100|   16|     1|         1600|
    |neust_18_V_U  |Matrix_Vector_ActdEe  |        1|  0|   0|    0|   100|   16|     1|         1600|
    |neust_19_V_U  |Matrix_Vector_ActdEe  |        1|  0|   0|    0|   100|   16|     1|         1600|
    |neust_20_V_U  |Matrix_Vector_ActdEe  |        1|  0|   0|    0|   100|   16|     1|         1600|
    |neust_21_V_U  |Matrix_Vector_ActdEe  |        1|  0|   0|    0|   100|   16|     1|         1600|
    |neust_22_V_U  |Matrix_Vector_ActdEe  |        1|  0|   0|    0|   100|   16|     1|         1600|
    |neust_23_V_U  |Matrix_Vector_ActdEe  |        1|  0|   0|    0|   100|   16|     1|         1600|
    |neust_24_V_U  |Matrix_Vector_ActdEe  |        1|  0|   0|    0|   100|   16|     1|         1600|
    |neust_25_V_U  |Matrix_Vector_ActdEe  |        1|  0|   0|    0|   100|   16|     1|         1600|
    |neust_26_V_U  |Matrix_Vector_ActdEe  |        1|  0|   0|    0|   100|   16|     1|         1600|
    |neust_27_V_U  |Matrix_Vector_ActdEe  |        1|  0|   0|    0|   100|   16|     1|         1600|
    |neust_28_V_U  |Matrix_Vector_ActdEe  |        1|  0|   0|    0|   100|   16|     1|         1600|
    |neust_29_V_U  |Matrix_Vector_ActdEe  |        1|  0|   0|    0|   100|   16|     1|         1600|
    |neust_30_V_U  |Matrix_Vector_ActdEe  |        1|  0|   0|    0|   100|   16|     1|         1600|
    |neust_31_V_U  |Matrix_Vector_ActdEe  |        1|  0|   0|    0|   100|   16|     1|         1600|
    +--------------+----------------------+---------+---+----+-----+------+-----+------+-------------+
    |Total         |                      |       32|  0|   0|    0|  3200|  512|    32|        51200|
    +--------------+----------------------+---------+---+----+-----+------+-----+------+-------------+

    * FIFO: 
    N/A

    * Expression: 
    +---------------------------------+----------+-------+---+----+------------+------------+
    |          Variable Name          | Operation| DSP48E| FF| LUT| Bitwidth P0| Bitwidth P1|
    +---------------------------------+----------+-------+---+----+------------+------------+
    |cntr_fu_2754_p2                  |     +    |      0|  0|  39|           1|          32|
    |i_fu_764_p2                      |     +    |      0|  0|  39|          32|           1|
    |nf_fu_2779_p2                    |     +    |      0|  0|  39|           1|          32|
    |sf_fu_1784_p2                    |     +    |      0|  0|  39|          32|           1|
    |accu_0_V_fu_934_p2               |     -    |      0|  0|  23|          16|          16|
    |accu_10_V_fu_1134_p2             |     -    |      0|  0|  23|          16|          16|
    |accu_11_V_fu_1154_p2             |     -    |      0|  0|  23|          16|          16|
    |accu_12_V_fu_1174_p2             |     -    |      0|  0|  23|          16|          16|
    |accu_13_V_fu_1194_p2             |     -    |      0|  0|  23|          16|          16|
    |accu_14_V_fu_1214_p2             |     -    |      0|  0|  23|          16|          16|
    |accu_15_V_fu_1234_p2             |     -    |      0|  0|  23|          16|          16|
    |accu_16_V_fu_1254_p2             |     -    |      0|  0|  23|          16|          16|
    |accu_17_V_fu_1274_p2             |     -    |      0|  0|  23|          16|          16|
    |accu_18_V_fu_1294_p2             |     -    |      0|  0|  23|          16|          16|
    |accu_19_V_fu_1314_p2             |     -    |      0|  0|  23|          16|          16|
    |accu_1_V_fu_954_p2               |     -    |      0|  0|  23|          16|          16|
    |accu_20_V_fu_1334_p2             |     -    |      0|  0|  23|          16|          16|
    |accu_21_V_fu_1354_p2             |     -    |      0|  0|  23|          16|          16|
    |accu_22_V_fu_1374_p2             |     -    |      0|  0|  23|          16|          16|
    |accu_23_V_fu_1394_p2             |     -    |      0|  0|  23|          16|          16|
    |accu_24_V_fu_1414_p2             |     -    |      0|  0|  23|          16|          16|
    |accu_25_V_fu_1434_p2             |     -    |      0|  0|  23|          16|          16|
    |accu_26_V_fu_1454_p2             |     -    |      0|  0|  23|          16|          16|
    |accu_27_V_fu_1474_p2             |     -    |      0|  0|  23|          16|          16|
    |accu_28_V_fu_1494_p2             |     -    |      0|  0|  23|          16|          16|
    |accu_29_V_fu_1514_p2             |     -    |      0|  0|  23|          16|          16|
    |accu_2_V_fu_974_p2               |     -    |      0|  0|  23|          16|          16|
    |accu_30_V_fu_1534_p2             |     -    |      0|  0|  23|          16|          16|
    |accu_31_V_fu_1554_p2             |     -    |      0|  0|  23|          16|          16|
    |accu_3_V_fu_994_p2               |     -    |      0|  0|  23|          16|          16|
    |accu_4_V_fu_1014_p2              |     -    |      0|  0|  23|          16|          16|
    |accu_5_V_fu_1034_p2              |     -    |      0|  0|  23|          16|          16|
    |accu_6_V_fu_1054_p2              |     -    |      0|  0|  23|          16|          16|
    |accu_7_V_fu_1074_p2              |     -    |      0|  0|  23|          16|          16|
    |accu_8_V_fu_1094_p2              |     -    |      0|  0|  23|          16|          16|
    |accu_9_V_fu_1114_p2              |     -    |      0|  0|  23|          16|          16|
    |sub_ln209_fu_2765_p2             |     -    |      0|  0|  39|          32|           7|
    |ap_predicate_op156_read_state3   |    and   |      0|  0|   2|           1|           1|
    |ap_predicate_op515_write_state3  |    and   |      0|  0|   2|           1|           1|
    |icmp_ln147_fu_759_p2             |   icmp   |      0|  0|  20|          32|          32|
    |icmp_ln1498_10_fu_2214_p2        |   icmp   |      0|  0|  11|           6|           1|
    |icmp_ln1498_11_fu_2239_p2        |   icmp   |      0|  0|  11|           6|           1|
    |icmp_ln1498_12_fu_2264_p2        |   icmp   |      0|  0|  11|           6|           1|
    |icmp_ln1498_13_fu_2289_p2        |   icmp   |      0|  0|  11|           6|           1|
    |icmp_ln1498_14_fu_2314_p2        |   icmp   |      0|  0|  11|           6|           1|
    |icmp_ln1498_15_fu_2339_p2        |   icmp   |      0|  0|  11|           6|           1|
    |icmp_ln1498_16_fu_2364_p2        |   icmp   |      0|  0|  11|           6|           1|
    |icmp_ln1498_17_fu_2389_p2        |   icmp   |      0|  0|  11|           6|           1|
    |icmp_ln1498_18_fu_2414_p2        |   icmp   |      0|  0|  11|           6|           1|
    |icmp_ln1498_19_fu_2439_p2        |   icmp   |      0|  0|  11|           6|           1|
    |icmp_ln1498_1_fu_1989_p2         |   icmp   |      0|  0|  11|           6|           1|
    |icmp_ln1498_20_fu_2464_p2        |   icmp   |      0|  0|  11|           6|           1|
    |icmp_ln1498_21_fu_2489_p2        |   icmp   |      0|  0|  11|           6|           1|
    |icmp_ln1498_22_fu_2514_p2        |   icmp   |      0|  0|  11|           6|           1|
    |icmp_ln1498_23_fu_2539_p2        |   icmp   |      0|  0|  11|           6|           1|
    |icmp_ln1498_24_fu_2564_p2        |   icmp   |      0|  0|  11|           6|           1|
    |icmp_ln1498_25_fu_2589_p2        |   icmp   |      0|  0|  11|           6|           1|
    |icmp_ln1498_26_fu_2614_p2        |   icmp   |      0|  0|  11|           6|           1|
    |icmp_ln1498_27_fu_2639_p2        |   icmp   |      0|  0|  11|           6|           1|
    |icmp_ln1498_28_fu_2664_p2        |   icmp   |      0|  0|  11|           6|           1|
    |icmp_ln1498_29_fu_2689_p2        |   icmp   |      0|  0|  11|           6|           1|
    |icmp_ln1498_2_fu_2014_p2         |   icmp   |      0|  0|  11|           6|           1|
    |icmp_ln1498_30_fu_2714_p2        |   icmp   |      0|  0|  11|           6|           1|
    |icmp_ln1498_31_fu_2739_p2        |   icmp   |      0|  0|  11|           6|           1|
    |icmp_ln1498_3_fu_2039_p2         |   icmp   |      0|  0|  11|           6|           1|
    |icmp_ln1498_4_fu_2064_p2         |   icmp   |      0|  0|  11|           6|           1|
    |icmp_ln1498_5_fu_2089_p2         |   icmp   |      0|  0|  11|           6|           1|
    |icmp_ln1498_6_fu_2114_p2         |   icmp   |      0|  0|  11|           6|           1|
    |icmp_ln1498_7_fu_2139_p2         |   icmp   |      0|  0|  11|           6|           1|
    |icmp_ln1498_8_fu_2164_p2         |   icmp   |      0|  0|  11|           6|           1|
    |icmp_ln1498_9_fu_2189_p2         |   icmp   |      0|  0|  11|           6|           1|
    |icmp_ln1498_fu_1964_p2           |   icmp   |      0|  0|  11|           6|           1|
    |icmp_ln150_fu_770_p2             |   icmp   |      0|  0|  20|          32|           1|
    |icmp_ln165_fu_782_p2             |   icmp   |      0|  0|  20|          32|           1|
    |icmp_ln209_fu_2759_p2            |   icmp   |      0|  0|  20|          32|           7|
    |ap_block_state1                  |    or    |      0|  0|   2|           1|           1|
    |ap_block_state3                  |    or    |      0|  0|   2|           1|           1|
    |accu_0_V_3_fu_1777_p3            |  select  |      0|  0|  16|           1|          16|
    |accu_10_V_3_fu_1707_p3           |  select  |      0|  0|  16|           1|          16|
    |accu_11_V_3_fu_1700_p3           |  select  |      0|  0|  16|           1|          16|
    |accu_12_V_3_fu_1693_p3           |  select  |      0|  0|  16|           1|          16|
    |accu_13_V_3_fu_1686_p3           |  select  |      0|  0|  16|           1|          16|
    |accu_14_V_3_fu_1679_p3           |  select  |      0|  0|  16|           1|          16|
    |accu_15_V_3_fu_1672_p3           |  select  |      0|  0|  16|           1|          16|
    |accu_16_V_3_fu_1665_p3           |  select  |      0|  0|  16|           1|          16|
    |accu_17_V_3_fu_1658_p3           |  select  |      0|  0|  16|           1|          16|
    |accu_18_V_3_fu_1651_p3           |  select  |      0|  0|  16|           1|          16|
    |accu_19_V_3_fu_1644_p3           |  select  |      0|  0|  16|           1|          16|
    |accu_1_V_3_fu_1770_p3            |  select  |      0|  0|  16|           1|          16|
    |accu_20_V_3_fu_1637_p3           |  select  |      0|  0|  16|           1|          16|
    |accu_21_V_3_fu_1630_p3           |  select  |      0|  0|  16|           1|          16|
    |accu_22_V_3_fu_1623_p3           |  select  |      0|  0|  16|           1|          16|
    |accu_23_V_3_fu_1616_p3           |  select  |      0|  0|  16|           1|          16|
    |accu_24_V_3_fu_1609_p3           |  select  |      0|  0|  16|           1|          16|
    |accu_25_V_3_fu_1602_p3           |  select  |      0|  0|  16|           1|          16|
    |accu_26_V_3_fu_1595_p3           |  select  |      0|  0|  16|           1|          16|
    |accu_27_V_3_fu_1588_p3           |  select  |      0|  0|  16|           1|          16|
    |accu_28_V_3_fu_1581_p3           |  select  |      0|  0|  16|           1|          16|
    |accu_29_V_3_fu_1574_p3           |  select  |      0|  0|  16|           1|          16|
    |accu_2_V_3_fu_1763_p3            |  select  |      0|  0|  16|           1|          16|
    |accu_30_V_3_fu_1567_p3           |  select  |      0|  0|  16|           1|          16|
    |accu_31_V_3_fu_1560_p3           |  select  |      0|  0|  16|           1|          16|
    |accu_3_V_3_fu_1756_p3            |  select  |      0|  0|  16|           1|          16|
    |accu_4_V_3_fu_1749_p3            |  select  |      0|  0|  16|           1|          16|
    |accu_5_V_3_fu_1742_p3            |  select  |      0|  0|  16|           1|          16|
    |accu_6_V_3_fu_1735_p3            |  select  |      0|  0|  16|           1|          16|
    |accu_7_V_3_fu_1728_p3            |  select  |      0|  0|  16|           1|          16|
    |accu_8_V_3_fu_1721_p3            |  select  |      0|  0|  16|           1|          16|
    |accu_9_V_3_fu_1714_p3            |  select  |      0|  0|  16|           1|          16|
    |cntr_3_fu_2771_p3                |  select  |      0|  0|  32|           1|          32|
    |neust_0_V_d0                     |  select  |      0|  0|  16|           1|           1|
    |neust_10_V_d0                    |  select  |      0|  0|  16|           1|           1|
    |neust_11_V_d0                    |  select  |      0|  0|  16|           1|           1|
    |neust_12_V_d0                    |  select  |      0|  0|  16|           1|           1|
    |neust_13_V_d0                    |  select  |      0|  0|  16|           1|           1|
    |neust_14_V_d0                    |  select  |      0|  0|  16|           1|           1|
    |neust_15_V_d0                    |  select  |      0|  0|  16|           1|           1|
    |neust_16_V_d0                    |  select  |      0|  0|  16|           1|           1|
    |neust_17_V_d0                    |  select  |      0|  0|  16|           1|           1|
    |neust_18_V_d0                    |  select  |      0|  0|  16|           1|           1|
    |neust_19_V_d0                    |  select  |      0|  0|  16|           1|           1|
    |neust_1_V_d0                     |  select  |      0|  0|  16|           1|           1|
    |neust_20_V_d0                    |  select  |      0|  0|  16|           1|           1|
    |neust_21_V_d0                    |  select  |      0|  0|  16|           1|           1|
    |neust_22_V_d0                    |  select  |      0|  0|  16|           1|           1|
    |neust_23_V_d0                    |  select  |      0|  0|  16|           1|           1|
    |neust_24_V_d0                    |  select  |      0|  0|  16|           1|           1|
    |neust_25_V_d0                    |  select  |      0|  0|  16|           1|           1|
    |neust_26_V_d0                    |  select  |      0|  0|  16|           1|           1|
    |neust_27_V_d0                    |  select  |      0|  0|  16|           1|           1|
    |neust_28_V_d0                    |  select  |      0|  0|  16|           1|           1|
    |neust_29_V_d0                    |  select  |      0|  0|  16|           1|           1|
    |neust_2_V_d0                     |  select  |      0|  0|  16|           1|           1|
    |neust_30_V_d0                    |  select  |      0|  0|  16|           1|           1|
    |neust_31_V_d0                    |  select  |      0|  0|  16|           1|           1|
    |neust_3_V_d0                     |  select  |      0|  0|  16|           1|           1|
    |neust_4_V_d0                     |  select  |      0|  0|  16|           1|           1|
    |neust_5_V_d0                     |  select  |      0|  0|  16|           1|           1|
    |neust_6_V_d0                     |  select  |      0|  0|  16|           1|           1|
    |neust_7_V_d0                     |  select  |      0|  0|  16|           1|           1|
    |neust_8_V_d0                     |  select  |      0|  0|  16|           1|           1|
    |neust_9_V_d0                     |  select  |      0|  0|  16|           1|           1|
    |select_ln212_fu_2785_p3          |  select  |      0|  0|  32|           1|           1|
    +---------------------------------+----------+-------+---+----+------------+------------+
    |Total                            |          |      0|  0|2459|        1000|        1239|
    +---------------------------------+----------+-------+---+----+------------+------------+

    * Multiplexer: 
    +---------------------+----+-----------+-----+-----------+
    |         Name        | LUT| Input Size| Bits| Total Bits|
    +---------------------+----+-----------+-----+-----------+
    |ap_NS_fsm            |  27|          5|    1|          5|
    |ap_done              |   9|          2|    1|          2|
    |cntr_2_fu_194        |   9|          2|   32|         64|
    |i_0_i_reg_730        |   9|          2|   32|         64|
    |in_V_V_blk_n         |   9|          2|    1|          2|
    |neust_0_V_address0   |  15|          3|    7|         21|
    |neust_10_V_address0  |  15|          3|    7|         21|
    |neust_11_V_address0  |  15|          3|    7|         21|
    |neust_12_V_address0  |  15|          3|    7|         21|
    |neust_13_V_address0  |  15|          3|    7|         21|
    |neust_14_V_address0  |  15|          3|    7|         21|
    |neust_15_V_address0  |  15|          3|    7|         21|
    |neust_16_V_address0  |  15|          3|    7|         21|
    |neust_17_V_address0  |  15|          3|    7|         21|
    |neust_18_V_address0  |  15|          3|    7|         21|
    |neust_19_V_address0  |  15|          3|    7|         21|
    |neust_1_V_address0   |  15|          3|    7|         21|
    |neust_20_V_address0  |  15|          3|    7|         21|
    |neust_21_V_address0  |  15|          3|    7|         21|
    |neust_22_V_address0  |  15|          3|    7|         21|
    |neust_23_V_address0  |  15|          3|    7|         21|
    |neust_24_V_address0  |  15|          3|    7|         21|
    |neust_25_V_address0  |  15|          3|    7|         21|
    |neust_26_V_address0  |  15|          3|    7|         21|
    |neust_27_V_address0  |  15|          3|    7|         21|
    |neust_28_V_address0  |  15|          3|    7|         21|
    |neust_29_V_address0  |  15|          3|    7|         21|
    |neust_2_V_address0   |  15|          3|    7|         21|
    |neust_30_V_address0  |  15|          3|    7|         21|
    |neust_31_V_address0  |  15|          3|    7|         21|
    |neust_3_V_address0   |  15|          3|    7|         21|
    |neust_4_V_address0   |  15|          3|    7|         21|
    |neust_5_V_address0   |  15|          3|    7|         21|
    |neust_6_V_address0   |  15|          3|    7|         21|
    |neust_7_V_address0   |  15|          3|    7|         21|
    |neust_8_V_address0   |  15|          3|    7|         21|
    |neust_9_V_address0   |  15|          3|    7|         21|
    |nf_0_i_fu_190        |   9|          2|   32|         64|
    |out_V_V_blk_n        |   9|          2|    1|          2|
    |sf_1_fu_186          |   9|          2|   32|         64|
    +---------------------+----+-----------+-----+-----------+
    |Total                | 570|        115|  356|        939|
    +---------------------+----+-----------+-----+-----------+

    * Register: 
    +--------------------------+----+----+-----+-----------+
    |           Name           | FF | LUT| Bits| Const Bits|
    +--------------------------+----+----+-----+-----------+
    |accu_0_V_2_fu_58          |  16|   0|   16|          0|
    |accu_10_V_2_fu_98         |  16|   0|   16|          0|
    |accu_11_V_2_fu_102        |  16|   0|   16|          0|
    |accu_12_V_2_fu_106        |  16|   0|   16|          0|
    |accu_13_V_2_fu_110        |  16|   0|   16|          0|
    |accu_14_V_2_fu_114        |  16|   0|   16|          0|
    |accu_15_V_2_fu_118        |  16|   0|   16|          0|
    |accu_16_V_2_fu_122        |  16|   0|   16|          0|
    |accu_17_V_2_fu_126        |  16|   0|   16|          0|
    |accu_18_V_2_fu_130        |  16|   0|   16|          0|
    |accu_19_V_2_fu_134        |  16|   0|   16|          0|
    |accu_1_V_2_fu_62          |  16|   0|   16|          0|
    |accu_20_V_2_fu_138        |  16|   0|   16|          0|
    |accu_21_V_2_fu_142        |  16|   0|   16|          0|
    |accu_22_V_2_fu_146        |  16|   0|   16|          0|
    |accu_23_V_2_fu_150        |  16|   0|   16|          0|
    |accu_24_V_2_fu_154        |  16|   0|   16|          0|
    |accu_25_V_2_fu_158        |  16|   0|   16|          0|
    |accu_26_V_2_fu_162        |  16|   0|   16|          0|
    |accu_27_V_2_fu_166        |  16|   0|   16|          0|
    |accu_28_V_2_fu_170        |  16|   0|   16|          0|
    |accu_29_V_2_fu_174        |  16|   0|   16|          0|
    |accu_2_V_2_fu_66          |  16|   0|   16|          0|
    |accu_30_V_2_fu_178        |  16|   0|   16|          0|
    |accu_31_V_2_fu_182        |  16|   0|   16|          0|
    |accu_3_V_2_fu_70          |  16|   0|   16|          0|
    |accu_4_V_2_fu_74          |  16|   0|   16|          0|
    |accu_5_V_2_fu_78          |  16|   0|   16|          0|
    |accu_6_V_2_fu_82          |  16|   0|   16|          0|
    |accu_7_V_2_fu_86          |  16|   0|   16|          0|
    |accu_8_V_2_fu_90          |  16|   0|   16|          0|
    |accu_9_V_2_fu_94          |  16|   0|   16|          0|
    |ap_CS_fsm                 |   4|   0|    4|          0|
    |ap_done_reg               |   1|   0|    1|          0|
    |cntr_2_fu_194             |  32|   0|   32|          0|
    |cntr_2_load_reg_3039      |  32|   0|   32|          0|
    |i_0_i_reg_730             |  32|   0|   32|          0|
    |i_reg_3024                |  32|   0|   32|          0|
    |icmp_ln147_reg_3020       |   1|   0|    1|          0|
    |icmp_ln150_reg_3029       |   1|   0|    1|          0|
    |icmp_ln165_reg_3044       |   1|   0|    1|          0|
    |neust_0_V_addr_reg_3080   |   7|   0|    7|          0|
    |neust_10_V_addr_reg_3130  |   7|   0|    7|          0|
    |neust_11_V_addr_reg_3135  |   7|   0|    7|          0|
    |neust_12_V_addr_reg_3140  |   7|   0|    7|          0|
    |neust_13_V_addr_reg_3145  |   7|   0|    7|          0|
    |neust_14_V_addr_reg_3150  |   7|   0|    7|          0|
    |neust_15_V_addr_reg_3155  |   7|   0|    7|          0|
    |neust_16_V_addr_reg_3160  |   7|   0|    7|          0|
    |neust_17_V_addr_reg_3165  |   7|   0|    7|          0|
    |neust_18_V_addr_reg_3170  |   7|   0|    7|          0|
    |neust_19_V_addr_reg_3175  |   7|   0|    7|          0|
    |neust_1_V_addr_reg_3085   |   7|   0|    7|          0|
    |neust_20_V_addr_reg_3180  |   7|   0|    7|          0|
    |neust_21_V_addr_reg_3185  |   7|   0|    7|          0|
    |neust_22_V_addr_reg_3190  |   7|   0|    7|          0|
    |neust_23_V_addr_reg_3195  |   7|   0|    7|          0|
    |neust_24_V_addr_reg_3200  |   7|   0|    7|          0|
    |neust_25_V_addr_reg_3205  |   7|   0|    7|          0|
    |neust_26_V_addr_reg_3210  |   7|   0|    7|          0|
    |neust_27_V_addr_reg_3215  |   7|   0|    7|          0|
    |neust_28_V_addr_reg_3220  |   7|   0|    7|          0|
    |neust_29_V_addr_reg_3225  |   7|   0|    7|          0|
    |neust_2_V_addr_reg_3090   |   7|   0|    7|          0|
    |neust_30_V_addr_reg_3230  |   7|   0|    7|          0|
    |neust_31_V_addr_reg_3235  |   7|   0|    7|          0|
    |neust_3_V_addr_reg_3095   |   7|   0|    7|          0|
    |neust_4_V_addr_reg_3100   |   7|   0|    7|          0|
    |neust_5_V_addr_reg_3105   |   7|   0|    7|          0|
    |neust_6_V_addr_reg_3110   |   7|   0|    7|          0|
    |neust_7_V_addr_reg_3115   |   7|   0|    7|          0|
    |neust_8_V_addr_reg_3120   |   7|   0|    7|          0|
    |neust_9_V_addr_reg_3125   |   7|   0|    7|          0|
    |nf_0_i_fu_190             |  32|   0|   32|          0|
    |sf_1_fu_186               |  32|   0|   32|          0|
    |sf_1_load_reg_3034        |  32|   0|   32|          0|
    +--------------------------+----+----+-----+-----------+
    |Total                     | 968|   0|  968|          0|
    +--------------------------+----+----+-----+-----------+



================================================================
== Interface
================================================================
* Summary: 
+----------------+-----+-----+------------+----------------------+--------------+
|    RTL Ports   | Dir | Bits|  Protocol  |     Source Object    |    C Type    |
+----------------+-----+-----+------------+----------------------+--------------+
|ap_clk          |  in |    1| ap_ctrl_hs | Matrix_Vector_Activa | return value |
|ap_rst          |  in |    1| ap_ctrl_hs | Matrix_Vector_Activa | return value |
|ap_start        |  in |    1| ap_ctrl_hs | Matrix_Vector_Activa | return value |
|ap_done         | out |    1| ap_ctrl_hs | Matrix_Vector_Activa | return value |
|ap_continue     |  in |    1| ap_ctrl_hs | Matrix_Vector_Activa | return value |
|ap_idle         | out |    1| ap_ctrl_hs | Matrix_Vector_Activa | return value |
|ap_ready        | out |    1| ap_ctrl_hs | Matrix_Vector_Activa | return value |
|in_V_V_dout     |  in |    3|   ap_fifo  |        in_V_V        |    pointer   |
|in_V_V_empty_n  |  in |    1|   ap_fifo  |        in_V_V        |    pointer   |
|in_V_V_read     | out |    1|   ap_fifo  |        in_V_V        |    pointer   |
|out_V_V_din     | out |   32|   ap_fifo  |        out_V_V       |    pointer   |
|out_V_V_full_n  |  in |    1|   ap_fifo  |        out_V_V       |    pointer   |
|out_V_V_write   | out |    1|   ap_fifo  |        out_V_V       |    pointer   |
|reps            |  in |   32|   ap_none  |         reps         |    scalar    |
+----------------+-----+-----+------------+----------------------+--------------+

