Report time       : Thu 23 Oct 2025 12:41:30 AM UTC.
Solution          : xcvu9p-flga2577-2-e.
Simulation tool   : xsim.

+----------+----------+-----------------------------------------------+-----------------------------------------------+
|          |          |                    Latency                    |                    Interval                   |
+   RTL    +  Status  +-----------------------------------------------+-----------------------------------------------+
|          |          |      min      |      avg      |      max      |      min      |      avg      |      max      |
+----------+----------+-----------------------------------------------+-----------------------------------------------+
|      VHDL|        NA|             NA|             NA|             NA|             NA|             NA|             NA|
|   Verilog|      Pass|           4147|           4147|           4147|             NA|             NA|             NA|
+----------+----------+-----------------------------------------------+-----------------------------------------------+
