

================================================================
== Vivado HLS Report for 'Testbench_label_select'
================================================================
* Date:           Fri Jul 11 20:14:08 2025

* Version:        2020.1 (Build 2897737 on Wed May 27 20:21:37 MDT 2020)
* Project:        hls-syn-label_select
* Solution:       sol1
* Product family: zynquplus
* Target device:  xczu3eg-sbva484-1-i


================================================================
== Performance Estimates
================================================================
+ Timing: 
    * Summary: 
    +--------+---------+----------+------------+
    |  Clock |  Target | Estimated| Uncertainty|
    +--------+---------+----------+------------+
    |ap_clk  | 5.00 ns | 6.430 ns |   0.62 ns  |
    +--------+---------+----------+------------+

+ Latency: 
    * Summary: 
    +---------+---------+----------+----------+-----+-----+----------+
    |  Latency (cycles) |  Latency (absolute) |  Interval | Pipeline |
    |   min   |   max   |    min   |    max   | min | max |   Type   |
    +---------+---------+----------+----------+-----+-----+----------+
    |        ?|        ?|         ?|         ?|    ?|    ?| dataflow |
    +---------+---------+----------+----------+-----+-----+----------+

    + Detail: 
        * Instance: 
        +-------------------------+----------------------+---------+---------+----------+----------+-----+-----+---------+
        |                         |                      |  Latency (cycles) |  Latency (absolute) |  Interval | Pipeline|
        |         Instance        |        Module        |   min   |   max   |    min   |    max   | min | max |   Type  |
        +-------------------------+----------------------+---------+---------+----------+----------+-----+-----+---------+
        |LabelSelect_Batch_U0     |LabelSelect_Batch     |        ?|        ?|         ?|         ?|    ?|    ?|   none  |
        |StreamingDataWidthCo_U0  |StreamingDataWidthCo  |        ?|        ?|         ?|         ?|    ?|    ?|   none  |
        +-------------------------+----------------------+---------+---------+----------+----------+-----+-----+---------+

        * Loop: 
        N/A



================================================================
== Utilization Estimates
================================================================
* Summary: 
+-----------------+---------+-------+--------+-------+-----+
|       Name      | BRAM_18K| DSP48E|   FF   |  LUT  | URAM|
+-----------------+---------+-------+--------+-------+-----+
|DSP              |        -|      -|       -|      -|    -|
|Expression       |        -|      -|       0|      2|    -|
|FIFO             |        0|      -|      10|    136|    -|
|Instance         |        0|      -|    1260|   1657|    -|
|Memory           |        -|      -|       -|      -|    -|
|Multiplexer      |        -|      -|       -|      -|    -|
|Register         |        -|      -|       -|      -|    -|
+-----------------+---------+-------+--------+-------+-----+
|Total            |        0|      0|    1270|   1795|    0|
+-----------------+---------+-------+--------+-------+-----+
|Available        |      432|    360|  141120|  70560|    0|
+-----------------+---------+-------+--------+-------+-----+
|Utilization (%)  |        0|      0|   ~0   |      2|    0|
+-----------------+---------+-------+--------+-------+-----+

+ Detail: 
    * Instance: 
    +-------------------------+----------------------+---------+-------+------+------+-----+
    |         Instance        |        Module        | BRAM_18K| DSP48E|  FF  |  LUT | URAM|
    +-------------------------+----------------------+---------+-------+------+------+-----+
    |LabelSelect_Batch_U0     |LabelSelect_Batch     |        0|      0|  1092|  1382|    0|
    |StreamingDataWidthCo_U0  |StreamingDataWidthCo  |        0|      0|   168|   275|    0|
    +-------------------------+----------------------+---------+-------+------+------+-----+
    |Total                    |                      |        0|      0|  1260|  1657|    0|
    +-------------------------+----------------------+---------+-------+------+------+-----+

    * DSP48E: 
    N/A

    * Memory: 
    N/A

    * FIFO: 
    +----------------+---------+---+----+-----+------+-----+---------+
    |      Name      | BRAM_18K| FF| LUT| URAM| Depth| Bits| Size:D*B|
    +----------------+---------+---+----+-----+------+-----+---------+
    |numReps_c_U     |        0|  5|   0|    -|     2|   32|       64|
    |wa_input_V_V_U  |        0|  5|   0|    -|     2|   80|      160|
    +----------------+---------+---+----+-----+------+-----+---------+
    |Total           |        0| 10|   0|    0|     4|  112|      224|
    +----------------+---------+---+----+-----+------+-----+---------+

    * Expression: 
    +--------------+----------+-------+---+----+------------+------------+
    | Variable Name| Operation| DSP48E| FF| LUT| Bitwidth P0| Bitwidth P1|
    +--------------+----------+-------+---+----+------------+------------+
    |ap_idle       |    and   |      0|  0|   2|           1|           1|
    +--------------+----------+-------+---+----+------------+------------+
    |Total         |          |      0|  0|   2|           1|           1|
    +--------------+----------+-------+---+----+------------+------------+

    * Multiplexer: 
    N/A

    * Register: 
    N/A



================================================================
== Interface
================================================================
* Summary: 
+----------------+-----+-----+------------+------------------------+--------------+
|    RTL Ports   | Dir | Bits|  Protocol  |      Source Object     |    C Type    |
+----------------+-----+-----+------------+------------------------+--------------+
|in_V_V_dout     |  in |   16|   ap_fifo  |         in_V_V         |    pointer   |
|in_V_V_empty_n  |  in |    1|   ap_fifo  |         in_V_V         |    pointer   |
|in_V_V_read     | out |    1|   ap_fifo  |         in_V_V         |    pointer   |
|out_V_V_din     | out |    4|   ap_fifo  |         out_V_V        |    pointer   |
|out_V_V_full_n  |  in |    1|   ap_fifo  |         out_V_V        |    pointer   |
|out_V_V_write   | out |    1|   ap_fifo  |         out_V_V        |    pointer   |
|numReps         |  in |   32|   ap_none  |         numReps        |    scalar    |
|ap_clk          |  in |    1| ap_ctrl_hs | Testbench_label_select | return value |
|ap_rst          |  in |    1| ap_ctrl_hs | Testbench_label_select | return value |
|ap_start        |  in |    1| ap_ctrl_hs | Testbench_label_select | return value |
|ap_done         | out |    1| ap_ctrl_hs | Testbench_label_select | return value |
|ap_ready        | out |    1| ap_ctrl_hs | Testbench_label_select | return value |
|ap_idle         | out |    1| ap_ctrl_hs | Testbench_label_select | return value |
+----------------+-----+-----+------------+------------------------+--------------+

