

================================================================
== Vivado HLS Report for 'ConvolutionInputGene'
================================================================
* Date:           Thu Sep 25 03:20:25 2025

* Version:        2020.1 (Build 2897737 on Wed May 27 20:21:37 MDT 2020)
* Project:        convSNN_conv1
* Solution:       new
* Product family: virtexuplus
* Target device:  xcvu9p-flga2577-2-e


================================================================
== Performance Estimates
================================================================
+ Timing: 
    * Summary: 
    +--------+----------+----------+------------+
    |  Clock |  Target  | Estimated| Uncertainty|
    +--------+----------+----------+------------+
    |ap_clk  | 10.00 ns | 4.628 ns |   1.25 ns  |
    +--------+----------+----------+------------+

+ Latency: 
    * Summary: 
    +---------+---------+----------+----------+-----+-----+---------+
    |  Latency (cycles) |  Latency (absolute) |  Interval | Pipeline|
    |   min   |   max   |    min   |    max   | min | max |   Type  |
    +---------+---------+----------+----------+-----+-----+---------+
    |        ?|        ?|         ?|         ?|    ?|    ?|   none  |
    +---------+---------+----------+----------+-----+-----+---------+

    + Detail: 
        * Instance: 
        N/A

        * Loop: 
        +----------+---------+---------+----------+-----------+-----------+------+----------+
        |          |  Latency (cycles) | Iteration|  Initiation Interval  | Trip |          |
        | Loop Name|   min   |   max   |  Latency |  achieved |   target  | Count| Pipelined|
        +----------+---------+---------+----------+-----------+-----------+------+----------+
        |- Loop 1  |        ?|        ?|         2|          1|          1|     ?|    yes   |
        +----------+---------+---------+----------+-----------+-----------+------+----------+

============================================================
+ Verbose Summary: Synthesis Manager
============================================================
InlineROM: 1
ExposeGlobal: 0
============================================================
+ Verbose Summary: CDFG Model
============================================================
IsTopModel: 0
ResetActiveHigh: 1
IsCombinational: 2
IsDatapathOnly: 0
HasWiredReturn: 1
HasMFsm: 0
HasVarLatency: 1
IsPipeline: 0
IsRtlPipelined: 0
IsInstanceOverlapped: 0
IsDontTouch: 0
HasImplIP: 0
IsGatedGlobalClock: 0

+ Individual pipeline summary: 
  * Pipeline-0: initiation interval (II) = 1, depth = 2


============================================================
+ Verbose Summary: Schedule
============================================================
* Number of FSM states : 4
* Pipeline : 1
  Pipeline-0 : II = 1, D = 2, States = { 2 3 }
* Dataflow Pipeline: 0

* FSM state transitions: 
1 --> 2 
2 --> 4 3 
3 --> 2 
4 --> 

* FSM state operations: 

State 1 <SV = 0> <Delay = 4.62>
ST_1 : Operation 5 [1/1] (0.00ns)   --->   "%read_block_2 = alloca i32"   --->   Operation 5 'alloca' 'read_block_2' <Predicate = true> <Delay = 0.00>
ST_1 : Operation 6 [1/1] (0.00ns)   --->   "%ofm_y_1_i = alloca i32"   --->   Operation 6 'alloca' 'ofm_y_1_i' <Predicate = true> <Delay = 0.00>
ST_1 : Operation 7 [1/1] (0.00ns)   --->   "%ofm_x_1 = alloca i32"   --->   Operation 7 'alloca' 'ofm_x_1' <Predicate = true> <Delay = 0.00>
ST_1 : Operation 8 [1/1] (0.00ns)   --->   "%k_y_1 = alloca i32"   --->   Operation 8 'alloca' 'k_y_1' <Predicate = true> <Delay = 0.00>
ST_1 : Operation 9 [1/1] (0.00ns)   --->   "%inp_1 = alloca i32"   --->   Operation 9 'alloca' 'inp_1' <Predicate = true> <Delay = 0.00>
ST_1 : Operation 10 [1/1] (0.00ns)   --->   "%k_x_1 = alloca i32"   --->   Operation 10 'alloca' 'k_x_1' <Predicate = true> <Delay = 0.00>
ST_1 : Operation 11 [1/1] (0.00ns)   --->   "%count_simd_1 = alloca i32"   --->   Operation 11 'alloca' 'count_simd_1' <Predicate = true> <Delay = 0.00>
ST_1 : Operation 12 [1/1] (0.00ns)   --->   "%current_block_write_5 = alloca i32"   --->   Operation 12 'alloca' 'current_block_write_5' <Predicate = true> <Delay = 0.00>
ST_1 : Operation 13 [1/1] (0.00ns)   --->   "%current_line_2 = alloca i32"   --->   Operation 13 'alloca' 'current_line_2' <Predicate = true> <Delay = 0.00>
ST_1 : Operation 14 [1/1] (0.00ns)   --->   "%counter_internal_blo = alloca i32"   --->   Operation 14 'alloca' 'counter_internal_blo' <Predicate = true> <Delay = 0.00>
ST_1 : Operation 15 [1/1] (0.00ns)   --->   "%empty = call i32 (...)* @_ssdm_op_SpecInterface(i3* %out_V_V, [8 x i8]* @ap_fifo_str, i32 0, i32 0, [1 x i8]* @p_str, i32 0, i32 0, [1 x i8]* @p_str, [1 x i8]* @p_str, [1 x i8]* @p_str, i32 2, i32 2, i32 16, i32 16, [1 x i8]* @p_str, [1 x i8]* @p_str)"   --->   Operation 15 'specinterface' 'empty' <Predicate = true> <Delay = 0.00>
ST_1 : Operation 16 [1/1] (0.00ns)   --->   "%empty_19 = call i32 (...)* @_ssdm_op_SpecInterface(i3* %in_V_V, [8 x i8]* @ap_fifo_str, i32 0, i32 0, [1 x i8]* @p_str, i32 0, i32 0, [1 x i8]* @p_str, [1 x i8]* @p_str, [1 x i8]* @p_str, i32 2, i32 2, i32 16, i32 16, [1 x i8]* @p_str, [1 x i8]* @p_str)"   --->   Operation 16 'specinterface' 'empty_19' <Predicate = true> <Delay = 0.00>
ST_1 : Operation 17 [1/1] (0.00ns)   --->   "%inputBuf_0_V = alloca [10 x i3], align 1" [/home/coder/Desktop/s2n2/finn-hlslib-lif/slidingwindow.h:180->/home/coder/Desktop/s2n2/finn-hlslib-lif/convlayer.h:110->/home/coder/Desktop/s2n2/convSNN/conv1_top.cpp:26]   --->   Operation 17 'alloca' 'inputBuf_0_V' <Predicate = true> <Delay = 0.00> <Core = "RAM_2P">   --->   Core 40 'RAM_2P' <Latency = 1> <II = 1> <Delay = 0.59> <Storage> <Opcode : 'load' 'store'> <Ports = 2> <Width = 3> <Depth = 10> <RAM>
ST_1 : Operation 18 [1/1] (0.00ns)   --->   "%inputBuf_1_V = alloca [10 x i3], align 1" [/home/coder/Desktop/s2n2/finn-hlslib-lif/slidingwindow.h:180->/home/coder/Desktop/s2n2/finn-hlslib-lif/convlayer.h:110->/home/coder/Desktop/s2n2/convSNN/conv1_top.cpp:26]   --->   Operation 18 'alloca' 'inputBuf_1_V' <Predicate = true> <Delay = 0.00> <Core = "RAM_2P">   --->   Core 40 'RAM_2P' <Latency = 1> <II = 1> <Delay = 0.59> <Storage> <Opcode : 'load' 'store'> <Ports = 2> <Width = 3> <Depth = 10> <RAM>
ST_1 : Operation 19 [1/1] (0.00ns)   --->   "%empty_20 = call i32 (...)* @_ssdm_op_SpecInterface(i32* %numReps, [8 x i8]* @ap_fifo_str, i32 0, i32 0, [1 x i8]* @p_str, i32 0, i32 0, [1 x i8]* @p_str, [1 x i8]* @p_str, [1 x i8]* @p_str, i32 2, i32 2, i32 16, i32 16, [1 x i8]* @p_str, [11 x i8]* @ScalarProp_str)"   --->   Operation 19 'specinterface' 'empty_20' <Predicate = true> <Delay = 0.00>
ST_1 : Operation 20 [1/1] (1.45ns)   --->   "%numReps_read = call i32 @_ssdm_op_Read.ap_fifo.i32P(i32* %numReps)" [/home/coder/Desktop/s2n2/finn-hlslib-lif/slidingwindow.h:174]   --->   Operation 20 'read' 'numReps_read' <Predicate = true> <Delay = 1.45> <Core = "FIFO">   --->   Core 32 'FIFO' <Latency = 0> <II = 1> <Delay = 1.45> <Storage> <Opcode : 'read' 'write' 'nbread' 'nbwrite'> <Ports = 0> <Width = 32> <Depth = 2> <FIFO>
ST_1 : Operation 21 [1/1] (0.00ns)   --->   "call void (...)* @_ssdm_op_SpecMemCore([10 x i3]* %inputBuf_0_V, [10 x i3]* %inputBuf_1_V, [1 x i8]* @p_str, [7 x i8]* @p_str23, [1 x i8]* @p_str, i32 -1, [1 x i8]* @p_str, [1 x i8]* @p_str, [1 x i8]* @p_str, [1 x i8]* @p_str, [1 x i8]* @p_str)" [/home/coder/Desktop/s2n2/finn-hlslib-lif/slidingwindow.h:75->/home/coder/Desktop/s2n2/finn-hlslib-lif/slidingwindow.h:183->/home/coder/Desktop/s2n2/finn-hlslib-lif/convlayer.h:110->/home/coder/Desktop/s2n2/convSNN/conv1_top.cpp:26]   --->   Operation 21 'specmemcore' <Predicate = true> <Delay = 0.00>
ST_1 : Operation 22 [1/1] (0.00ns)   --->   "%cast = zext i32 %numReps_read to i39" [/home/coder/Desktop/s2n2/finn-hlslib-lif/slidingwindow.h:174]   --->   Operation 22 'zext' 'cast' <Predicate = true> <Delay = 0.00>
ST_1 : Operation 23 [1/1] (3.17ns)   --->   "%bound = mul i39 %cast, 110" [/home/coder/Desktop/s2n2/finn-hlslib-lif/slidingwindow.h:174]   --->   Operation 23 'mul' 'bound' <Predicate = true> <Delay = 3.17> <Core = "Mul">   --->   Core 16 'Mul' <Latency = 0> <II = 1> <Delay = 3.17> <FuncUnit> <Opcode : 'mul'> <InPorts = 2> <OutPorts = 1>
ST_1 : Operation 24 [1/1] (0.60ns)   --->   "store i32 0, i32* %counter_internal_blo" [/home/coder/Desktop/s2n2/finn-hlslib-lif/slidingwindow.h:196->/home/coder/Desktop/s2n2/finn-hlslib-lif/convlayer.h:110->/home/coder/Desktop/s2n2/convSNN/conv1_top.cpp:26]   --->   Operation 24 'store' <Predicate = true> <Delay = 0.60>
ST_1 : Operation 25 [1/1] (0.61ns)   --->   "store i32 0, i32* %current_line_2" [/home/coder/Desktop/s2n2/finn-hlslib-lif/slidingwindow.h:196->/home/coder/Desktop/s2n2/finn-hlslib-lif/convlayer.h:110->/home/coder/Desktop/s2n2/convSNN/conv1_top.cpp:26]   --->   Operation 25 'store' <Predicate = true> <Delay = 0.61>
ST_1 : Operation 26 [1/1] (0.61ns)   --->   "store i32 0, i32* %current_block_write_5" [/home/coder/Desktop/s2n2/finn-hlslib-lif/slidingwindow.h:196->/home/coder/Desktop/s2n2/finn-hlslib-lif/convlayer.h:110->/home/coder/Desktop/s2n2/convSNN/conv1_top.cpp:26]   --->   Operation 26 'store' <Predicate = true> <Delay = 0.61>
ST_1 : Operation 27 [1/1] (0.60ns)   --->   "store i32 0, i32* %count_simd_1" [/home/coder/Desktop/s2n2/finn-hlslib-lif/slidingwindow.h:196->/home/coder/Desktop/s2n2/finn-hlslib-lif/convlayer.h:110->/home/coder/Desktop/s2n2/convSNN/conv1_top.cpp:26]   --->   Operation 27 'store' <Predicate = true> <Delay = 0.60>
ST_1 : Operation 28 [1/1] (0.60ns)   --->   "store i32 0, i32* %k_x_1" [/home/coder/Desktop/s2n2/finn-hlslib-lif/slidingwindow.h:196->/home/coder/Desktop/s2n2/finn-hlslib-lif/convlayer.h:110->/home/coder/Desktop/s2n2/convSNN/conv1_top.cpp:26]   --->   Operation 28 'store' <Predicate = true> <Delay = 0.60>
ST_1 : Operation 29 [1/1] (0.61ns)   --->   "store i32 0, i32* %inp_1" [/home/coder/Desktop/s2n2/finn-hlslib-lif/slidingwindow.h:196->/home/coder/Desktop/s2n2/finn-hlslib-lif/convlayer.h:110->/home/coder/Desktop/s2n2/convSNN/conv1_top.cpp:26]   --->   Operation 29 'store' <Predicate = true> <Delay = 0.61>
ST_1 : Operation 30 [1/1] (0.60ns)   --->   "store i32 0, i32* %k_y_1" [/home/coder/Desktop/s2n2/finn-hlslib-lif/slidingwindow.h:196->/home/coder/Desktop/s2n2/finn-hlslib-lif/convlayer.h:110->/home/coder/Desktop/s2n2/convSNN/conv1_top.cpp:26]   --->   Operation 30 'store' <Predicate = true> <Delay = 0.60>
ST_1 : Operation 31 [1/1] (0.60ns)   --->   "store i32 0, i32* %ofm_x_1" [/home/coder/Desktop/s2n2/finn-hlslib-lif/slidingwindow.h:196->/home/coder/Desktop/s2n2/finn-hlslib-lif/convlayer.h:110->/home/coder/Desktop/s2n2/convSNN/conv1_top.cpp:26]   --->   Operation 31 'store' <Predicate = true> <Delay = 0.60>
ST_1 : Operation 32 [1/1] (0.60ns)   --->   "store i32 0, i32* %ofm_y_1_i" [/home/coder/Desktop/s2n2/finn-hlslib-lif/slidingwindow.h:196->/home/coder/Desktop/s2n2/finn-hlslib-lif/convlayer.h:110->/home/coder/Desktop/s2n2/convSNN/conv1_top.cpp:26]   --->   Operation 32 'store' <Predicate = true> <Delay = 0.60>
ST_1 : Operation 33 [1/1] (0.63ns)   --->   "store i32 0, i32* %read_block_2" [/home/coder/Desktop/s2n2/finn-hlslib-lif/slidingwindow.h:196->/home/coder/Desktop/s2n2/finn-hlslib-lif/convlayer.h:110->/home/coder/Desktop/s2n2/convSNN/conv1_top.cpp:26]   --->   Operation 33 'store' <Predicate = true> <Delay = 0.63>
ST_1 : Operation 34 [1/1] (0.60ns)   --->   "br label %.preheader.i" [/home/coder/Desktop/s2n2/finn-hlslib-lif/slidingwindow.h:196->/home/coder/Desktop/s2n2/finn-hlslib-lif/convlayer.h:110->/home/coder/Desktop/s2n2/convSNN/conv1_top.cpp:26]   --->   Operation 34 'br' <Predicate = true> <Delay = 0.60>

State 2 <SV = 1> <Delay = 2.72>
ST_2 : Operation 35 [1/1] (0.00ns)   --->   "%indvar_flatten = phi i39 [ 0, %entry ], [ %add_ln196, %hls_label_0_end ]" [/home/coder/Desktop/s2n2/finn-hlslib-lif/slidingwindow.h:196->/home/coder/Desktop/s2n2/finn-hlslib-lif/convlayer.h:110->/home/coder/Desktop/s2n2/convSNN/conv1_top.cpp:26]   --->   Operation 35 'phi' 'indvar_flatten' <Predicate = true> <Delay = 0.00>
ST_2 : Operation 36 [1/1] (0.00ns)   --->   "%i_0_i = phi i7 [ 0, %entry ], [ %i, %hls_label_0_end ]"   --->   Operation 36 'phi' 'i_0_i' <Predicate = true> <Delay = 0.00>
ST_2 : Operation 37 [1/1] (1.03ns)   --->   "%icmp_ln196 = icmp eq i39 %indvar_flatten, %bound" [/home/coder/Desktop/s2n2/finn-hlslib-lif/slidingwindow.h:196->/home/coder/Desktop/s2n2/finn-hlslib-lif/convlayer.h:110->/home/coder/Desktop/s2n2/convSNN/conv1_top.cpp:26]   --->   Operation 37 'icmp' 'icmp_ln196' <Predicate = true> <Delay = 1.03> <Core = "Cmp">   --->   Core 25 'Cmp' <Latency = 0> <II = 1> <Delay = 0.85> <FuncUnit> <Opcode : 'icmp'> <InPorts = 2> <OutPorts = 1>
ST_2 : Operation 38 [1/1] (0.95ns)   --->   "%add_ln196 = add i39 %indvar_flatten, 1" [/home/coder/Desktop/s2n2/finn-hlslib-lif/slidingwindow.h:196->/home/coder/Desktop/s2n2/finn-hlslib-lif/convlayer.h:110->/home/coder/Desktop/s2n2/convSNN/conv1_top.cpp:26]   --->   Operation 38 'add' 'add_ln196' <Predicate = true> <Delay = 0.95> <Core = "AddSub">   --->   Core 14 'AddSub' <Latency = 0> <II = 1> <Delay = 0.70> <FuncUnit> <Opcode : 'add' 'sub'> <InPorts = 2> <OutPorts = 1>
ST_2 : Operation 39 [1/1] (0.00ns)   --->   "br i1 %icmp_ln196, label %.exit, label %hls_label_0_begin" [/home/coder/Desktop/s2n2/finn-hlslib-lif/slidingwindow.h:196->/home/coder/Desktop/s2n2/finn-hlslib-lif/convlayer.h:110->/home/coder/Desktop/s2n2/convSNN/conv1_top.cpp:26]   --->   Operation 39 'br' <Predicate = true> <Delay = 0.00>
ST_2 : Operation 40 [1/1] (0.00ns)   --->   "%read_block_2_load = load i32* %read_block_2" [/home/coder/Desktop/s2n2/finn-hlslib-lif/slidingwindow.h:197->/home/coder/Desktop/s2n2/finn-hlslib-lif/convlayer.h:110->/home/coder/Desktop/s2n2/convSNN/conv1_top.cpp:26]   --->   Operation 40 'load' 'read_block_2_load' <Predicate = (!icmp_ln196)> <Delay = 0.00>
ST_2 : Operation 41 [1/1] (0.00ns)   --->   "%inp_1_load = load i32* %inp_1" [/home/coder/Desktop/s2n2/finn-hlslib-lif/slidingwindow.h:199->/home/coder/Desktop/s2n2/finn-hlslib-lif/convlayer.h:110->/home/coder/Desktop/s2n2/convSNN/conv1_top.cpp:26]   --->   Operation 41 'load' 'inp_1_load' <Predicate = (!icmp_ln196)> <Delay = 0.00>
ST_2 : Operation 42 [1/1] (0.59ns)   --->   "%icmp_ln197 = icmp eq i7 %i_0_i, -18" [/home/coder/Desktop/s2n2/finn-hlslib-lif/slidingwindow.h:197->/home/coder/Desktop/s2n2/finn-hlslib-lif/convlayer.h:110->/home/coder/Desktop/s2n2/convSNN/conv1_top.cpp:26]   --->   Operation 42 'icmp' 'icmp_ln197' <Predicate = (!icmp_ln196)> <Delay = 0.59> <Core = "Cmp">   --->   Core 25 'Cmp' <Latency = 0> <II = 1> <Delay = 0.85> <FuncUnit> <Opcode : 'icmp'> <InPorts = 2> <OutPorts = 1>
ST_2 : Operation 43 [1/1] (0.22ns)   --->   "%select_ln197 = select i1 %icmp_ln197, i32 0, i32 %read_block_2_load" [/home/coder/Desktop/s2n2/finn-hlslib-lif/slidingwindow.h:197->/home/coder/Desktop/s2n2/finn-hlslib-lif/convlayer.h:110->/home/coder/Desktop/s2n2/convSNN/conv1_top.cpp:26]   --->   Operation 43 'select' 'select_ln197' <Predicate = (!icmp_ln196)> <Delay = 0.22> <Core = "Sel">   --->   Core 26 'Sel' <Latency = 0> <II = 1> <Delay = 0.30> <FuncUnit> <Opcode : 'select'> <InPorts = 3> <OutPorts = 1>
ST_2 : Operation 44 [1/1] (0.00ns)   --->   "%trunc_ln197 = trunc i32 %select_ln197 to i4" [/home/coder/Desktop/s2n2/finn-hlslib-lif/slidingwindow.h:197->/home/coder/Desktop/s2n2/finn-hlslib-lif/convlayer.h:110->/home/coder/Desktop/s2n2/convSNN/conv1_top.cpp:26]   --->   Operation 44 'trunc' 'trunc_ln197' <Predicate = (!icmp_ln196)> <Delay = 0.00>
ST_2 : Operation 45 [1/1] (0.00ns)   --->   "%tmp_i = call i32 (...)* @_ssdm_op_SpecRegionBegin([12 x i8]* @p_str20)" [/home/coder/Desktop/s2n2/finn-hlslib-lif/slidingwindow.h:197->/home/coder/Desktop/s2n2/finn-hlslib-lif/convlayer.h:110->/home/coder/Desktop/s2n2/convSNN/conv1_top.cpp:26]   --->   Operation 45 'specregionbegin' 'tmp_i' <Predicate = (!icmp_ln196)> <Delay = 0.00>
ST_2 : Operation 46 [1/1] (0.00ns)   --->   "call void (...)* @_ssdm_op_SpecPipeline(i32 1, i32 1, i32 1, i32 0, [1 x i8]* @p_str) nounwind" [/home/coder/Desktop/s2n2/finn-hlslib-lif/slidingwindow.h:198->/home/coder/Desktop/s2n2/finn-hlslib-lif/convlayer.h:110->/home/coder/Desktop/s2n2/convSNN/conv1_top.cpp:26]   --->   Operation 46 'specpipeline' <Predicate = (!icmp_ln196)> <Delay = 0.00>
ST_2 : Operation 47 [1/1] (0.85ns)   --->   "%icmp_ln199 = icmp ult i32 %inp_1_load, 10" [/home/coder/Desktop/s2n2/finn-hlslib-lif/slidingwindow.h:199->/home/coder/Desktop/s2n2/finn-hlslib-lif/convlayer.h:110->/home/coder/Desktop/s2n2/convSNN/conv1_top.cpp:26]   --->   Operation 47 'icmp' 'icmp_ln199' <Predicate = (!icmp_ln196)> <Delay = 0.85> <Core = "Cmp">   --->   Core 25 'Cmp' <Latency = 0> <II = 1> <Delay = 0.85> <FuncUnit> <Opcode : 'icmp'> <InPorts = 2> <OutPorts = 1>
ST_2 : Operation 48 [1/1] (0.00ns)   --->   "br i1 %icmp_ln199, label %0, label %3" [/home/coder/Desktop/s2n2/finn-hlslib-lif/slidingwindow.h:199->/home/coder/Desktop/s2n2/finn-hlslib-lif/convlayer.h:110->/home/coder/Desktop/s2n2/convSNN/conv1_top.cpp:26]   --->   Operation 48 'br' <Predicate = (!icmp_ln196)> <Delay = 0.00>
ST_2 : Operation 49 [1/1] (0.00ns)   --->   "%counter_internal_blo_1 = load i32* %counter_internal_blo" [/home/coder/Desktop/s2n2/finn-hlslib-lif/slidingwindow.h:215->/home/coder/Desktop/s2n2/finn-hlslib-lif/convlayer.h:110->/home/coder/Desktop/s2n2/convSNN/conv1_top.cpp:26]   --->   Operation 49 'load' 'counter_internal_blo_1' <Predicate = (!icmp_ln196 & !icmp_ln199)> <Delay = 0.00>
ST_2 : Operation 50 [1/1] (0.85ns)   --->   "%icmp_ln215 = icmp ult i32 %counter_internal_blo_1, 9" [/home/coder/Desktop/s2n2/finn-hlslib-lif/slidingwindow.h:215->/home/coder/Desktop/s2n2/finn-hlslib-lif/convlayer.h:110->/home/coder/Desktop/s2n2/convSNN/conv1_top.cpp:26]   --->   Operation 50 'icmp' 'icmp_ln215' <Predicate = (!icmp_ln196 & !icmp_ln199)> <Delay = 0.85> <Core = "Cmp">   --->   Core 25 'Cmp' <Latency = 0> <II = 1> <Delay = 0.85> <FuncUnit> <Opcode : 'icmp'> <InPorts = 2> <OutPorts = 1>
ST_2 : Operation 51 [1/1] (0.00ns)   --->   "br i1 %icmp_ln215, label %_ifconv, label %._crit_edge1.i" [/home/coder/Desktop/s2n2/finn-hlslib-lif/slidingwindow.h:215->/home/coder/Desktop/s2n2/finn-hlslib-lif/convlayer.h:110->/home/coder/Desktop/s2n2/convSNN/conv1_top.cpp:26]   --->   Operation 51 'br' <Predicate = (!icmp_ln196 & !icmp_ln199)> <Delay = 0.00>
ST_2 : Operation 52 [1/1] (0.00ns)   --->   "%ofm_x_1_load = load i32* %ofm_x_1" [/home/coder/Desktop/s2n2/finn-hlslib-lif/slidingwindow.h:220->/home/coder/Desktop/s2n2/finn-hlslib-lif/convlayer.h:110->/home/coder/Desktop/s2n2/convSNN/conv1_top.cpp:26]   --->   Operation 52 'load' 'ofm_x_1_load' <Predicate = (!icmp_ln196 & !icmp_ln199 & icmp_ln215)> <Delay = 0.00>
ST_2 : Operation 53 [1/1] (0.00ns)   --->   "%k_y_1_load = load i32* %k_y_1" [/home/coder/Desktop/s2n2/finn-hlslib-lif/slidingwindow.h:216->/home/coder/Desktop/s2n2/finn-hlslib-lif/convlayer.h:110->/home/coder/Desktop/s2n2/convSNN/conv1_top.cpp:26]   --->   Operation 53 'load' 'k_y_1_load' <Predicate = (!icmp_ln196 & !icmp_ln199 & icmp_ln215)> <Delay = 0.00>
ST_2 : Operation 54 [1/1] (0.00ns)   --->   "%k_x_1_load = load i32* %k_x_1" [/home/coder/Desktop/s2n2/finn-hlslib-lif/slidingwindow.h:220->/home/coder/Desktop/s2n2/finn-hlslib-lif/convlayer.h:110->/home/coder/Desktop/s2n2/convSNN/conv1_top.cpp:26]   --->   Operation 54 'load' 'k_x_1_load' <Predicate = (!icmp_ln196 & !icmp_ln199 & icmp_ln215)> <Delay = 0.00>
ST_2 : Operation 55 [1/1] (0.00ns)   --->   "%count_simd_1_load = load i32* %count_simd_1" [/home/coder/Desktop/s2n2/finn-hlslib-lif/slidingwindow.h:223->/home/coder/Desktop/s2n2/finn-hlslib-lif/convlayer.h:110->/home/coder/Desktop/s2n2/convSNN/conv1_top.cpp:26]   --->   Operation 55 'load' 'count_simd_1_load' <Predicate = (!icmp_ln196 & !icmp_ln199 & icmp_ln215)> <Delay = 0.00>
ST_2 : Operation 56 [1/1] (0.88ns)   --->   "%k_y = add i32 1, %k_y_1_load" [/home/coder/Desktop/s2n2/finn-hlslib-lif/slidingwindow.h:216->/home/coder/Desktop/s2n2/finn-hlslib-lif/convlayer.h:110->/home/coder/Desktop/s2n2/convSNN/conv1_top.cpp:26]   --->   Operation 56 'add' 'k_y' <Predicate = (!icmp_ln196 & !icmp_ln199 & icmp_ln215)> <Delay = 0.88> <Core = "AddSub">   --->   Core 14 'AddSub' <Latency = 0> <II = 1> <Delay = 0.70> <FuncUnit> <Opcode : 'add' 'sub'> <InPorts = 2> <OutPorts = 1>
ST_2 : Operation 57 [1/1] (0.00ns) (grouped into TernaryAdder)   --->   "%add_ln220 = add i32 %ofm_x_1_load, %count_simd_1_load" [/home/coder/Desktop/s2n2/finn-hlslib-lif/slidingwindow.h:220->/home/coder/Desktop/s2n2/finn-hlslib-lif/convlayer.h:110->/home/coder/Desktop/s2n2/convSNN/conv1_top.cpp:26]   --->   Operation 57 'add' 'add_ln220' <Predicate = (!icmp_ln196 & !icmp_ln199 & icmp_ln215)> <Delay = 0.00> <Core = "TAddSub">   --->   Core 83 'TAddSub' <Latency = 0> <II = 1> <Delay = 0.36> <IPBlock> <Opcode : 'add' 'sub'> <InPorts = 3> <OutPorts = 1> <Sync> <CReg>
ST_2 : Operation 58 [1/1] (0.73ns) (root node of TernaryAdder)   --->   "%current_line_in_bloc = add i32 %add_ln220, %k_x_1_load" [/home/coder/Desktop/s2n2/finn-hlslib-lif/slidingwindow.h:220->/home/coder/Desktop/s2n2/finn-hlslib-lif/convlayer.h:110->/home/coder/Desktop/s2n2/convSNN/conv1_top.cpp:26]   --->   Operation 58 'add' 'current_line_in_bloc' <Predicate = (!icmp_ln196 & !icmp_ln199 & icmp_ln215)> <Delay = 0.73> <Core = "TAddSub">   --->   Core 83 'TAddSub' <Latency = 0> <II = 1> <Delay = 0.36> <IPBlock> <Opcode : 'add' 'sub'> <InPorts = 3> <OutPorts = 1> <Sync> <CReg>
ST_2 : Operation 59 [1/1] (0.00ns)   --->   "%zext_ln221 = zext i32 %current_line_in_bloc to i64" [/home/coder/Desktop/s2n2/finn-hlslib-lif/slidingwindow.h:221->/home/coder/Desktop/s2n2/finn-hlslib-lif/convlayer.h:110->/home/coder/Desktop/s2n2/convSNN/conv1_top.cpp:26]   --->   Operation 59 'zext' 'zext_ln221' <Predicate = (!icmp_ln196 & !icmp_ln199 & icmp_ln215)> <Delay = 0.00>
ST_2 : Operation 60 [1/1] (0.00ns)   --->   "%inputBuf_0_V_addr_1 = getelementptr [10 x i3]* %inputBuf_0_V, i64 0, i64 %zext_ln221" [/home/coder/Desktop/s2n2/finn-hlslib-lif/slidingwindow.h:221->/home/coder/Desktop/s2n2/finn-hlslib-lif/convlayer.h:110->/home/coder/Desktop/s2n2/convSNN/conv1_top.cpp:26]   --->   Operation 60 'getelementptr' 'inputBuf_0_V_addr_1' <Predicate = (!icmp_ln196 & !icmp_ln199 & icmp_ln215)> <Delay = 0.00>
ST_2 : Operation 61 [1/1] (0.00ns)   --->   "%inputBuf_1_V_addr_1 = getelementptr [10 x i3]* %inputBuf_1_V, i64 0, i64 %zext_ln221" [/home/coder/Desktop/s2n2/finn-hlslib-lif/slidingwindow.h:221->/home/coder/Desktop/s2n2/finn-hlslib-lif/convlayer.h:110->/home/coder/Desktop/s2n2/convSNN/conv1_top.cpp:26]   --->   Operation 61 'getelementptr' 'inputBuf_1_V_addr_1' <Predicate = (!icmp_ln196 & !icmp_ln199 & icmp_ln215)> <Delay = 0.00>
ST_2 : Operation 62 [2/2] (0.59ns)   --->   "%inputBuf_0_V_load = load i3* %inputBuf_0_V_addr_1, align 1" [/home/coder/Desktop/s2n2/finn-hlslib-lif/slidingwindow.h:221->/home/coder/Desktop/s2n2/finn-hlslib-lif/convlayer.h:110->/home/coder/Desktop/s2n2/convSNN/conv1_top.cpp:26]   --->   Operation 62 'load' 'inputBuf_0_V_load' <Predicate = (!icmp_ln196 & !icmp_ln199 & icmp_ln215)> <Delay = 0.59> <Core = "RAM_2P">   --->   Core 40 'RAM_2P' <Latency = 1> <II = 1> <Delay = 0.59> <Storage> <Opcode : 'load' 'store'> <Ports = 2> <Width = 3> <Depth = 10> <RAM>
ST_2 : Operation 63 [2/2] (0.59ns)   --->   "%inputBuf_1_V_load = load i3* %inputBuf_1_V_addr_1, align 1" [/home/coder/Desktop/s2n2/finn-hlslib-lif/slidingwindow.h:221->/home/coder/Desktop/s2n2/finn-hlslib-lif/convlayer.h:110->/home/coder/Desktop/s2n2/convSNN/conv1_top.cpp:26]   --->   Operation 63 'load' 'inputBuf_1_V_load' <Predicate = (!icmp_ln196 & !icmp_ln199 & icmp_ln215)> <Delay = 0.59> <Core = "RAM_2P">   --->   Core 40 'RAM_2P' <Latency = 1> <II = 1> <Delay = 0.59> <Storage> <Opcode : 'load' 'store'> <Ports = 2> <Width = 3> <Depth = 10> <RAM>
ST_2 : Operation 64 [1/1] (0.88ns)   --->   "%count_simd = add i32 1, %count_simd_1_load" [/home/coder/Desktop/s2n2/finn-hlslib-lif/slidingwindow.h:223->/home/coder/Desktop/s2n2/finn-hlslib-lif/convlayer.h:110->/home/coder/Desktop/s2n2/convSNN/conv1_top.cpp:26]   --->   Operation 64 'add' 'count_simd' <Predicate = (!icmp_ln196 & !icmp_ln199 & icmp_ln215)> <Delay = 0.88> <Core = "AddSub">   --->   Core 14 'AddSub' <Latency = 0> <II = 1> <Delay = 0.70> <FuncUnit> <Opcode : 'add' 'sub'> <InPorts = 2> <OutPorts = 1>
ST_2 : Operation 65 [1/1] (0.85ns)   --->   "%icmp_ln224 = icmp eq i32 %count_simd_1_load, 0" [/home/coder/Desktop/s2n2/finn-hlslib-lif/slidingwindow.h:224->/home/coder/Desktop/s2n2/finn-hlslib-lif/convlayer.h:110->/home/coder/Desktop/s2n2/convSNN/conv1_top.cpp:26]   --->   Operation 65 'icmp' 'icmp_ln224' <Predicate = (!icmp_ln196 & !icmp_ln199 & icmp_ln215)> <Delay = 0.85> <Core = "Cmp">   --->   Core 25 'Cmp' <Latency = 0> <II = 1> <Delay = 0.85> <FuncUnit> <Opcode : 'icmp'> <InPorts = 2> <OutPorts = 1>
ST_2 : Operation 66 [1/1] (0.00ns)   --->   "br i1 %icmp_ln224, label %4, label %_ifconv.._crit_edge1.i_crit_edge" [/home/coder/Desktop/s2n2/finn-hlslib-lif/slidingwindow.h:224->/home/coder/Desktop/s2n2/finn-hlslib-lif/convlayer.h:110->/home/coder/Desktop/s2n2/convSNN/conv1_top.cpp:26]   --->   Operation 66 'br' <Predicate = (!icmp_ln196 & !icmp_ln199 & icmp_ln215)> <Delay = 0.00>
ST_2 : Operation 67 [1/1] (0.60ns)   --->   "store i32 %count_simd, i32* %count_simd_1" [/home/coder/Desktop/s2n2/finn-hlslib-lif/slidingwindow.h:224->/home/coder/Desktop/s2n2/finn-hlslib-lif/convlayer.h:110->/home/coder/Desktop/s2n2/convSNN/conv1_top.cpp:26]   --->   Operation 67 'store' <Predicate = (!icmp_ln196 & !icmp_ln199 & icmp_ln215 & !icmp_ln224)> <Delay = 0.60>
ST_2 : Operation 68 [1/1] (0.00ns)   --->   "br label %._crit_edge1.i" [/home/coder/Desktop/s2n2/finn-hlslib-lif/slidingwindow.h:224->/home/coder/Desktop/s2n2/finn-hlslib-lif/convlayer.h:110->/home/coder/Desktop/s2n2/convSNN/conv1_top.cpp:26]   --->   Operation 68 'br' <Predicate = (!icmp_ln196 & !icmp_ln199 & icmp_ln215 & !icmp_ln224)> <Delay = 0.00>
ST_2 : Operation 69 [1/1] (0.88ns)   --->   "%k_x = add i32 %k_x_1_load, 1" [/home/coder/Desktop/s2n2/finn-hlslib-lif/slidingwindow.h:226->/home/coder/Desktop/s2n2/finn-hlslib-lif/convlayer.h:110->/home/coder/Desktop/s2n2/convSNN/conv1_top.cpp:26]   --->   Operation 69 'add' 'k_x' <Predicate = (!icmp_ln196 & !icmp_ln199 & icmp_ln215 & icmp_ln224)> <Delay = 0.88> <Core = "AddSub">   --->   Core 14 'AddSub' <Latency = 0> <II = 1> <Delay = 0.70> <FuncUnit> <Opcode : 'add' 'sub'> <InPorts = 2> <OutPorts = 1>
ST_2 : Operation 70 [1/1] (0.85ns)   --->   "%icmp_ln227 = icmp eq i32 %k_x_1_load, 0" [/home/coder/Desktop/s2n2/finn-hlslib-lif/slidingwindow.h:227->/home/coder/Desktop/s2n2/finn-hlslib-lif/convlayer.h:110->/home/coder/Desktop/s2n2/convSNN/conv1_top.cpp:26]   --->   Operation 70 'icmp' 'icmp_ln227' <Predicate = (!icmp_ln196 & !icmp_ln199 & icmp_ln215 & icmp_ln224)> <Delay = 0.85> <Core = "Cmp">   --->   Core 25 'Cmp' <Latency = 0> <II = 1> <Delay = 0.85> <FuncUnit> <Opcode : 'icmp'> <InPorts = 2> <OutPorts = 1>
ST_2 : Operation 71 [1/1] (0.00ns)   --->   "br i1 %icmp_ln227, label %5, label %.._crit_edge1.i_crit_edge77" [/home/coder/Desktop/s2n2/finn-hlslib-lif/slidingwindow.h:227->/home/coder/Desktop/s2n2/finn-hlslib-lif/convlayer.h:110->/home/coder/Desktop/s2n2/convSNN/conv1_top.cpp:26]   --->   Operation 71 'br' <Predicate = (!icmp_ln196 & !icmp_ln199 & icmp_ln215 & icmp_ln224)> <Delay = 0.00>
ST_2 : Operation 72 [1/1] (0.60ns)   --->   "store i32 0, i32* %count_simd_1" [/home/coder/Desktop/s2n2/finn-hlslib-lif/slidingwindow.h:227->/home/coder/Desktop/s2n2/finn-hlslib-lif/convlayer.h:110->/home/coder/Desktop/s2n2/convSNN/conv1_top.cpp:26]   --->   Operation 72 'store' <Predicate = (!icmp_ln196 & !icmp_ln199 & icmp_ln215 & icmp_ln224 & !icmp_ln227)> <Delay = 0.60>
ST_2 : Operation 73 [1/1] (0.60ns)   --->   "store i32 %k_x, i32* %k_x_1" [/home/coder/Desktop/s2n2/finn-hlslib-lif/slidingwindow.h:227->/home/coder/Desktop/s2n2/finn-hlslib-lif/convlayer.h:110->/home/coder/Desktop/s2n2/convSNN/conv1_top.cpp:26]   --->   Operation 73 'store' <Predicate = (!icmp_ln196 & !icmp_ln199 & icmp_ln215 & icmp_ln224 & !icmp_ln227)> <Delay = 0.60>
ST_2 : Operation 74 [1/1] (0.00ns)   --->   "br label %._crit_edge1.i" [/home/coder/Desktop/s2n2/finn-hlslib-lif/slidingwindow.h:227->/home/coder/Desktop/s2n2/finn-hlslib-lif/convlayer.h:110->/home/coder/Desktop/s2n2/convSNN/conv1_top.cpp:26]   --->   Operation 74 'br' <Predicate = (!icmp_ln196 & !icmp_ln199 & icmp_ln215 & icmp_ln224 & !icmp_ln227)> <Delay = 0.00>
ST_2 : Operation 75 [1/1] (0.00ns)   --->   "%k_y_1_load_1 = load i32* %k_y_1" [/home/coder/Desktop/s2n2/finn-hlslib-lif/slidingwindow.h:230->/home/coder/Desktop/s2n2/finn-hlslib-lif/convlayer.h:110->/home/coder/Desktop/s2n2/convSNN/conv1_top.cpp:26]   --->   Operation 75 'load' 'k_y_1_load_1' <Predicate = (!icmp_ln196 & !icmp_ln199 & icmp_ln215 & icmp_ln224 & icmp_ln227)> <Delay = 0.00>
ST_2 : Operation 76 [1/1] (0.85ns)   --->   "%icmp_ln230 = icmp eq i32 %k_y_1_load_1, 0" [/home/coder/Desktop/s2n2/finn-hlslib-lif/slidingwindow.h:230->/home/coder/Desktop/s2n2/finn-hlslib-lif/convlayer.h:110->/home/coder/Desktop/s2n2/convSNN/conv1_top.cpp:26]   --->   Operation 76 'icmp' 'icmp_ln230' <Predicate = (!icmp_ln196 & !icmp_ln199 & icmp_ln215 & icmp_ln224 & icmp_ln227)> <Delay = 0.85> <Core = "Cmp">   --->   Core 25 'Cmp' <Latency = 0> <II = 1> <Delay = 0.85> <FuncUnit> <Opcode : 'icmp'> <InPorts = 2> <OutPorts = 1>
ST_2 : Operation 77 [1/1] (0.00ns)   --->   "br i1 %icmp_ln230, label %6, label %.._crit_edge1.i_crit_edge76" [/home/coder/Desktop/s2n2/finn-hlslib-lif/slidingwindow.h:230->/home/coder/Desktop/s2n2/finn-hlslib-lif/convlayer.h:110->/home/coder/Desktop/s2n2/convSNN/conv1_top.cpp:26]   --->   Operation 77 'br' <Predicate = (!icmp_ln196 & !icmp_ln199 & icmp_ln215 & icmp_ln224 & icmp_ln227)> <Delay = 0.00>
ST_2 : Operation 78 [1/1] (0.60ns)   --->   "store i32 0, i32* %count_simd_1" [/home/coder/Desktop/s2n2/finn-hlslib-lif/slidingwindow.h:230->/home/coder/Desktop/s2n2/finn-hlslib-lif/convlayer.h:110->/home/coder/Desktop/s2n2/convSNN/conv1_top.cpp:26]   --->   Operation 78 'store' <Predicate = (!icmp_ln196 & !icmp_ln199 & icmp_ln215 & icmp_ln224 & icmp_ln227 & !icmp_ln230)> <Delay = 0.60>
ST_2 : Operation 79 [1/1] (0.60ns)   --->   "store i32 0, i32* %k_x_1" [/home/coder/Desktop/s2n2/finn-hlslib-lif/slidingwindow.h:230->/home/coder/Desktop/s2n2/finn-hlslib-lif/convlayer.h:110->/home/coder/Desktop/s2n2/convSNN/conv1_top.cpp:26]   --->   Operation 79 'store' <Predicate = (!icmp_ln196 & !icmp_ln199 & icmp_ln215 & icmp_ln224 & icmp_ln227 & !icmp_ln230)> <Delay = 0.60>
ST_2 : Operation 80 [1/1] (0.60ns)   --->   "store i32 %k_y, i32* %k_y_1" [/home/coder/Desktop/s2n2/finn-hlslib-lif/slidingwindow.h:230->/home/coder/Desktop/s2n2/finn-hlslib-lif/convlayer.h:110->/home/coder/Desktop/s2n2/convSNN/conv1_top.cpp:26]   --->   Operation 80 'store' <Predicate = (!icmp_ln196 & !icmp_ln199 & icmp_ln215 & icmp_ln224 & icmp_ln227 & !icmp_ln230)> <Delay = 0.60>
ST_2 : Operation 81 [1/1] (0.00ns)   --->   "br label %._crit_edge1.i" [/home/coder/Desktop/s2n2/finn-hlslib-lif/slidingwindow.h:230->/home/coder/Desktop/s2n2/finn-hlslib-lif/convlayer.h:110->/home/coder/Desktop/s2n2/convSNN/conv1_top.cpp:26]   --->   Operation 81 'br' <Predicate = (!icmp_ln196 & !icmp_ln199 & icmp_ln215 & icmp_ln224 & icmp_ln227 & !icmp_ln230)> <Delay = 0.00>
ST_2 : Operation 82 [1/1] (0.00ns)   --->   "%ofm_x_1_load_1 = load i32* %ofm_x_1" [/home/coder/Desktop/s2n2/finn-hlslib-lif/slidingwindow.h:232->/home/coder/Desktop/s2n2/finn-hlslib-lif/convlayer.h:110->/home/coder/Desktop/s2n2/convSNN/conv1_top.cpp:26]   --->   Operation 82 'load' 'ofm_x_1_load_1' <Predicate = (!icmp_ln196 & !icmp_ln199 & icmp_ln215 & icmp_ln224 & icmp_ln227 & icmp_ln230)> <Delay = 0.00>
ST_2 : Operation 83 [1/1] (0.88ns)   --->   "%ofm_x = add i32 %ofm_x_1_load_1, 1" [/home/coder/Desktop/s2n2/finn-hlslib-lif/slidingwindow.h:232->/home/coder/Desktop/s2n2/finn-hlslib-lif/convlayer.h:110->/home/coder/Desktop/s2n2/convSNN/conv1_top.cpp:26]   --->   Operation 83 'add' 'ofm_x' <Predicate = (!icmp_ln196 & !icmp_ln199 & icmp_ln215 & icmp_ln224 & icmp_ln227 & icmp_ln230)> <Delay = 0.88> <Core = "AddSub">   --->   Core 14 'AddSub' <Latency = 0> <II = 1> <Delay = 0.70> <FuncUnit> <Opcode : 'add' 'sub'> <InPorts = 2> <OutPorts = 1>
ST_2 : Operation 84 [1/1] (0.85ns)   --->   "%icmp_ln233 = icmp eq i32 %ofm_x, 10" [/home/coder/Desktop/s2n2/finn-hlslib-lif/slidingwindow.h:233->/home/coder/Desktop/s2n2/finn-hlslib-lif/convlayer.h:110->/home/coder/Desktop/s2n2/convSNN/conv1_top.cpp:26]   --->   Operation 84 'icmp' 'icmp_ln233' <Predicate = (!icmp_ln196 & !icmp_ln199 & icmp_ln215 & icmp_ln224 & icmp_ln227 & icmp_ln230)> <Delay = 0.85> <Core = "Cmp">   --->   Core 25 'Cmp' <Latency = 0> <II = 1> <Delay = 0.85> <FuncUnit> <Opcode : 'icmp'> <InPorts = 2> <OutPorts = 1>
ST_2 : Operation 85 [1/1] (0.60ns)   --->   "store i32 0, i32* %k_y_1" [/home/coder/Desktop/s2n2/finn-hlslib-lif/slidingwindow.h:233->/home/coder/Desktop/s2n2/finn-hlslib-lif/convlayer.h:110->/home/coder/Desktop/s2n2/convSNN/conv1_top.cpp:26]   --->   Operation 85 'store' <Predicate = (!icmp_ln196 & !icmp_ln199 & icmp_ln215 & icmp_ln224 & icmp_ln227 & icmp_ln230)> <Delay = 0.60>
ST_2 : Operation 86 [1/1] (0.00ns)   --->   "br i1 %icmp_ln233, label %7, label %.._crit_edge1.i_crit_edge" [/home/coder/Desktop/s2n2/finn-hlslib-lif/slidingwindow.h:233->/home/coder/Desktop/s2n2/finn-hlslib-lif/convlayer.h:110->/home/coder/Desktop/s2n2/convSNN/conv1_top.cpp:26]   --->   Operation 86 'br' <Predicate = (!icmp_ln196 & !icmp_ln199 & icmp_ln215 & icmp_ln224 & icmp_ln227 & icmp_ln230)> <Delay = 0.00>
ST_2 : Operation 87 [1/1] (0.60ns)   --->   "store i32 0, i32* %count_simd_1" [/home/coder/Desktop/s2n2/finn-hlslib-lif/slidingwindow.h:233->/home/coder/Desktop/s2n2/finn-hlslib-lif/convlayer.h:110->/home/coder/Desktop/s2n2/convSNN/conv1_top.cpp:26]   --->   Operation 87 'store' <Predicate = (!icmp_ln196 & !icmp_ln199 & icmp_ln215 & icmp_ln224 & icmp_ln227 & icmp_ln230 & !icmp_ln233)> <Delay = 0.60>
ST_2 : Operation 88 [1/1] (0.60ns)   --->   "store i32 0, i32* %k_x_1" [/home/coder/Desktop/s2n2/finn-hlslib-lif/slidingwindow.h:233->/home/coder/Desktop/s2n2/finn-hlslib-lif/convlayer.h:110->/home/coder/Desktop/s2n2/convSNN/conv1_top.cpp:26]   --->   Operation 88 'store' <Predicate = (!icmp_ln196 & !icmp_ln199 & icmp_ln215 & icmp_ln224 & icmp_ln227 & icmp_ln230 & !icmp_ln233)> <Delay = 0.60>
ST_2 : Operation 89 [1/1] (0.60ns)   --->   "store i32 %ofm_x, i32* %ofm_x_1" [/home/coder/Desktop/s2n2/finn-hlslib-lif/slidingwindow.h:233->/home/coder/Desktop/s2n2/finn-hlslib-lif/convlayer.h:110->/home/coder/Desktop/s2n2/convSNN/conv1_top.cpp:26]   --->   Operation 89 'store' <Predicate = (!icmp_ln196 & !icmp_ln199 & icmp_ln215 & icmp_ln224 & icmp_ln227 & icmp_ln230 & !icmp_ln233)> <Delay = 0.60>
ST_2 : Operation 90 [1/1] (0.00ns)   --->   "br label %._crit_edge1.i" [/home/coder/Desktop/s2n2/finn-hlslib-lif/slidingwindow.h:233->/home/coder/Desktop/s2n2/finn-hlslib-lif/convlayer.h:110->/home/coder/Desktop/s2n2/convSNN/conv1_top.cpp:26]   --->   Operation 90 'br' <Predicate = (!icmp_ln196 & !icmp_ln199 & icmp_ln215 & icmp_ln224 & icmp_ln227 & icmp_ln230 & !icmp_ln233)> <Delay = 0.00>
ST_2 : Operation 91 [1/1] (0.00ns)   --->   "%ofm_y_1_i_load = load i32* %ofm_y_1_i" [/home/coder/Desktop/s2n2/finn-hlslib-lif/slidingwindow.h:235->/home/coder/Desktop/s2n2/finn-hlslib-lif/convlayer.h:110->/home/coder/Desktop/s2n2/convSNN/conv1_top.cpp:26]   --->   Operation 91 'load' 'ofm_y_1_i_load' <Predicate = (!icmp_ln196 & !icmp_ln199 & icmp_ln215 & icmp_ln224 & icmp_ln227 & icmp_ln230 & icmp_ln233)> <Delay = 0.00>
ST_2 : Operation 92 [1/1] (0.00ns)   --->   "%inp_1_load_2 = load i32* %inp_1" [/home/coder/Desktop/s2n2/finn-hlslib-lif/slidingwindow.h:236->/home/coder/Desktop/s2n2/finn-hlslib-lif/convlayer.h:110->/home/coder/Desktop/s2n2/convSNN/conv1_top.cpp:26]   --->   Operation 92 'load' 'inp_1_load_2' <Predicate = (!icmp_ln196 & !icmp_ln199 & icmp_ln215 & icmp_ln224 & icmp_ln227 & icmp_ln230 & icmp_ln233)> <Delay = 0.00>
ST_2 : Operation 93 [1/1] (0.88ns)   --->   "%ofm_y = add i32 %ofm_y_1_i_load, 1" [/home/coder/Desktop/s2n2/finn-hlslib-lif/slidingwindow.h:235->/home/coder/Desktop/s2n2/finn-hlslib-lif/convlayer.h:110->/home/coder/Desktop/s2n2/convSNN/conv1_top.cpp:26]   --->   Operation 93 'add' 'ofm_y' <Predicate = (!icmp_ln196 & !icmp_ln199 & icmp_ln215 & icmp_ln224 & icmp_ln227 & icmp_ln230 & icmp_ln233)> <Delay = 0.88> <Core = "AddSub">   --->   Core 14 'AddSub' <Latency = 0> <II = 1> <Delay = 0.70> <FuncUnit> <Opcode : 'add' 'sub'> <InPorts = 2> <OutPorts = 1>
ST_2 : Operation 94 [1/1] (0.85ns)   --->   "%icmp_ln236 = icmp eq i32 %ofm_y, 10" [/home/coder/Desktop/s2n2/finn-hlslib-lif/slidingwindow.h:236->/home/coder/Desktop/s2n2/finn-hlslib-lif/convlayer.h:110->/home/coder/Desktop/s2n2/convSNN/conv1_top.cpp:26]   --->   Operation 94 'icmp' 'icmp_ln236' <Predicate = (!icmp_ln196 & !icmp_ln199 & icmp_ln215 & icmp_ln224 & icmp_ln227 & icmp_ln230 & icmp_ln233)> <Delay = 0.85> <Core = "Cmp">   --->   Core 25 'Cmp' <Latency = 0> <II = 1> <Delay = 0.85> <FuncUnit> <Opcode : 'icmp'> <InPorts = 2> <OutPorts = 1>
ST_2 : Operation 95 [1/1] (0.22ns)   --->   "%select_ln236 = select i1 %icmp_ln236, i32 0, i32 %inp_1_load_2" [/home/coder/Desktop/s2n2/finn-hlslib-lif/slidingwindow.h:236->/home/coder/Desktop/s2n2/finn-hlslib-lif/convlayer.h:110->/home/coder/Desktop/s2n2/convSNN/conv1_top.cpp:26]   --->   Operation 95 'select' 'select_ln236' <Predicate = (!icmp_ln196 & !icmp_ln199 & icmp_ln215 & icmp_ln224 & icmp_ln227 & icmp_ln230 & icmp_ln233)> <Delay = 0.22> <Core = "Sel">   --->   Core 26 'Sel' <Latency = 0> <II = 1> <Delay = 0.30> <FuncUnit> <Opcode : 'select'> <InPorts = 3> <OutPorts = 1>
ST_2 : Operation 96 [1/1] (0.22ns)   --->   "%select_ln236_1 = select i1 %icmp_ln236, i32 0, i32 %ofm_y" [/home/coder/Desktop/s2n2/finn-hlslib-lif/slidingwindow.h:236->/home/coder/Desktop/s2n2/finn-hlslib-lif/convlayer.h:110->/home/coder/Desktop/s2n2/convSNN/conv1_top.cpp:26]   --->   Operation 96 'select' 'select_ln236_1' <Predicate = (!icmp_ln196 & !icmp_ln199 & icmp_ln215 & icmp_ln224 & icmp_ln227 & icmp_ln230 & icmp_ln233)> <Delay = 0.22> <Core = "Sel">   --->   Core 26 'Sel' <Latency = 0> <II = 1> <Delay = 0.30> <FuncUnit> <Opcode : 'select'> <InPorts = 3> <OutPorts = 1>
ST_2 : Operation 97 [1/1] (0.60ns)   --->   "store i32 0, i32* %count_simd_1" [/home/coder/Desktop/s2n2/finn-hlslib-lif/slidingwindow.h:236->/home/coder/Desktop/s2n2/finn-hlslib-lif/convlayer.h:110->/home/coder/Desktop/s2n2/convSNN/conv1_top.cpp:26]   --->   Operation 97 'store' <Predicate = (!icmp_ln196 & !icmp_ln199 & icmp_ln215 & icmp_ln224 & icmp_ln227 & icmp_ln230 & icmp_ln233)> <Delay = 0.60>
ST_2 : Operation 98 [1/1] (0.60ns)   --->   "store i32 0, i32* %k_x_1" [/home/coder/Desktop/s2n2/finn-hlslib-lif/slidingwindow.h:236->/home/coder/Desktop/s2n2/finn-hlslib-lif/convlayer.h:110->/home/coder/Desktop/s2n2/convSNN/conv1_top.cpp:26]   --->   Operation 98 'store' <Predicate = (!icmp_ln196 & !icmp_ln199 & icmp_ln215 & icmp_ln224 & icmp_ln227 & icmp_ln230 & icmp_ln233)> <Delay = 0.60>
ST_2 : Operation 99 [1/1] (0.61ns)   --->   "store i32 %select_ln236, i32* %inp_1" [/home/coder/Desktop/s2n2/finn-hlslib-lif/slidingwindow.h:236->/home/coder/Desktop/s2n2/finn-hlslib-lif/convlayer.h:110->/home/coder/Desktop/s2n2/convSNN/conv1_top.cpp:26]   --->   Operation 99 'store' <Predicate = (!icmp_ln196 & !icmp_ln199 & icmp_ln215 & icmp_ln224 & icmp_ln227 & icmp_ln230 & icmp_ln233)> <Delay = 0.61>
ST_2 : Operation 100 [1/1] (0.60ns)   --->   "store i32 0, i32* %ofm_x_1" [/home/coder/Desktop/s2n2/finn-hlslib-lif/slidingwindow.h:236->/home/coder/Desktop/s2n2/finn-hlslib-lif/convlayer.h:110->/home/coder/Desktop/s2n2/convSNN/conv1_top.cpp:26]   --->   Operation 100 'store' <Predicate = (!icmp_ln196 & !icmp_ln199 & icmp_ln215 & icmp_ln224 & icmp_ln227 & icmp_ln230 & icmp_ln233)> <Delay = 0.60>
ST_2 : Operation 101 [1/1] (0.60ns)   --->   "store i32 %select_ln236_1, i32* %ofm_y_1_i" [/home/coder/Desktop/s2n2/finn-hlslib-lif/slidingwindow.h:236->/home/coder/Desktop/s2n2/finn-hlslib-lif/convlayer.h:110->/home/coder/Desktop/s2n2/convSNN/conv1_top.cpp:26]   --->   Operation 101 'store' <Predicate = (!icmp_ln196 & !icmp_ln199 & icmp_ln215 & icmp_ln224 & icmp_ln227 & icmp_ln230 & icmp_ln233)> <Delay = 0.60>
ST_2 : Operation 102 [1/1] (0.00ns)   --->   "br label %._crit_edge1.i" [/home/coder/Desktop/s2n2/finn-hlslib-lif/slidingwindow.h:236->/home/coder/Desktop/s2n2/finn-hlslib-lif/convlayer.h:110->/home/coder/Desktop/s2n2/convSNN/conv1_top.cpp:26]   --->   Operation 102 'br' <Predicate = (!icmp_ln196 & !icmp_ln199 & icmp_ln215 & icmp_ln224 & icmp_ln227 & icmp_ln230 & icmp_ln233)> <Delay = 0.00>
ST_2 : Operation 103 [1/1] (0.85ns)   --->   "%icmp_ln245 = icmp ult i32 %select_ln197, 10" [/home/coder/Desktop/s2n2/finn-hlslib-lif/slidingwindow.h:245->/home/coder/Desktop/s2n2/finn-hlslib-lif/convlayer.h:110->/home/coder/Desktop/s2n2/convSNN/conv1_top.cpp:26]   --->   Operation 103 'icmp' 'icmp_ln245' <Predicate = (!icmp_ln196 & !icmp_ln199)> <Delay = 0.85> <Core = "Cmp">   --->   Core 25 'Cmp' <Latency = 0> <II = 1> <Delay = 0.85> <FuncUnit> <Opcode : 'icmp'> <InPorts = 2> <OutPorts = 1>
ST_2 : Operation 104 [1/1] (0.12ns)   --->   "%and_ln245 = and i1 %icmp_ln215, %icmp_ln245" [/home/coder/Desktop/s2n2/finn-hlslib-lif/slidingwindow.h:245->/home/coder/Desktop/s2n2/finn-hlslib-lif/convlayer.h:110->/home/coder/Desktop/s2n2/convSNN/conv1_top.cpp:26]   --->   Operation 104 'and' 'and_ln245' <Predicate = (!icmp_ln196 & !icmp_ln199)> <Delay = 0.12> <Core = "LogicGate">   --->   Core 27 'LogicGate' <Latency = 0> <II = 1> <Delay = 0.12> <FuncUnit> <Opcode : 'and' 'or' 'xor'> <InPorts = 2> <OutPorts = 1>
ST_2 : Operation 105 [1/1] (0.00ns)   --->   "br i1 %and_ln245, label %hls_label_1_begin, label %._crit_edge1.i.._crit_edge7.i_crit_edge" [/home/coder/Desktop/s2n2/finn-hlslib-lif/slidingwindow.h:245->/home/coder/Desktop/s2n2/finn-hlslib-lif/convlayer.h:110->/home/coder/Desktop/s2n2/convSNN/conv1_top.cpp:26]   --->   Operation 105 'br' <Predicate = (!icmp_ln196 & !icmp_ln199)> <Delay = 0.00>
ST_2 : Operation 106 [1/1] (0.63ns)   --->   "store i32 %select_ln197, i32* %read_block_2" [/home/coder/Desktop/s2n2/finn-hlslib-lif/slidingwindow.h:245->/home/coder/Desktop/s2n2/finn-hlslib-lif/convlayer.h:110->/home/coder/Desktop/s2n2/convSNN/conv1_top.cpp:26]   --->   Operation 106 'store' <Predicate = (!icmp_ln196 & !icmp_ln199 & !and_ln245)> <Delay = 0.63>
ST_2 : Operation 107 [1/1] (0.00ns)   --->   "br label %._crit_edge7.i" [/home/coder/Desktop/s2n2/finn-hlslib-lif/slidingwindow.h:245->/home/coder/Desktop/s2n2/finn-hlslib-lif/convlayer.h:110->/home/coder/Desktop/s2n2/convSNN/conv1_top.cpp:26]   --->   Operation 107 'br' <Predicate = (!icmp_ln196 & !icmp_ln199 & !and_ln245)> <Delay = 0.00>
ST_2 : Operation 108 [1/1] (0.00ns)   --->   "%current_line_2_load_2 = load i32* %current_line_2" [/home/coder/Desktop/s2n2/finn-hlslib-lif/slidingwindow.h:248->/home/coder/Desktop/s2n2/finn-hlslib-lif/convlayer.h:110->/home/coder/Desktop/s2n2/convSNN/conv1_top.cpp:26]   --->   Operation 108 'load' 'current_line_2_load_2' <Predicate = (!icmp_ln196 & !icmp_ln199 & and_ln245)> <Delay = 0.00>
ST_2 : Operation 109 [1/1] (0.00ns)   --->   "%current_line_2_load_3 = load i32* %current_line_2" [/home/coder/Desktop/s2n2/finn-hlslib-lif/slidingwindow.h:251->/home/coder/Desktop/s2n2/finn-hlslib-lif/convlayer.h:110->/home/coder/Desktop/s2n2/convSNN/conv1_top.cpp:26]   --->   Operation 109 'load' 'current_line_2_load_3' <Predicate = (!icmp_ln196 & !icmp_ln199 & and_ln245)> <Delay = 0.00>
ST_2 : Operation 110 [1/1] (0.88ns)   --->   "%current_line_3 = add i32 %current_line_2_load_3, 1" [/home/coder/Desktop/s2n2/finn-hlslib-lif/slidingwindow.h:251->/home/coder/Desktop/s2n2/finn-hlslib-lif/convlayer.h:110->/home/coder/Desktop/s2n2/convSNN/conv1_top.cpp:26]   --->   Operation 110 'add' 'current_line_3' <Predicate = (!icmp_ln196 & !icmp_ln199 & and_ln245)> <Delay = 0.88> <Core = "AddSub">   --->   Core 14 'AddSub' <Latency = 0> <II = 1> <Delay = 0.70> <FuncUnit> <Opcode : 'add' 'sub'> <InPorts = 2> <OutPorts = 1>
ST_2 : Operation 111 [1/1] (0.85ns)   --->   "%icmp_ln252 = icmp eq i32 %current_line_3, 10" [/home/coder/Desktop/s2n2/finn-hlslib-lif/slidingwindow.h:252->/home/coder/Desktop/s2n2/finn-hlslib-lif/convlayer.h:110->/home/coder/Desktop/s2n2/convSNN/conv1_top.cpp:26]   --->   Operation 111 'icmp' 'icmp_ln252' <Predicate = (!icmp_ln196 & !icmp_ln199 & and_ln245)> <Delay = 0.85> <Core = "Cmp">   --->   Core 25 'Cmp' <Latency = 0> <II = 1> <Delay = 0.85> <FuncUnit> <Opcode : 'icmp'> <InPorts = 2> <OutPorts = 1>
ST_2 : Operation 112 [1/1] (0.70ns)   --->   "%add_ln255 = add i4 %trunc_ln197, 1" [/home/coder/Desktop/s2n2/finn-hlslib-lif/slidingwindow.h:255->/home/coder/Desktop/s2n2/finn-hlslib-lif/convlayer.h:110->/home/coder/Desktop/s2n2/convSNN/conv1_top.cpp:26]   --->   Operation 112 'add' 'add_ln255' <Predicate = (!icmp_ln196 & !icmp_ln199 & and_ln245)> <Delay = 0.70> <Core = "AddSub">   --->   Core 14 'AddSub' <Latency = 0> <II = 1> <Delay = 0.70> <FuncUnit> <Opcode : 'add' 'sub'> <InPorts = 2> <OutPorts = 1>
ST_2 : Operation 113 [1/1] (0.22ns)   --->   "%select_ln252 = select i1 %icmp_ln252, i32 0, i32 %current_line_3" [/home/coder/Desktop/s2n2/finn-hlslib-lif/slidingwindow.h:252->/home/coder/Desktop/s2n2/finn-hlslib-lif/convlayer.h:110->/home/coder/Desktop/s2n2/convSNN/conv1_top.cpp:26]   --->   Operation 113 'select' 'select_ln252' <Predicate = (!icmp_ln196 & !icmp_ln199 & and_ln245)> <Delay = 0.22> <Core = "Sel">   --->   Core 26 'Sel' <Latency = 0> <II = 1> <Delay = 0.30> <FuncUnit> <Opcode : 'select'> <InPorts = 3> <OutPorts = 1>
ST_2 : Operation 114 [1/1] (0.35ns)   --->   "%read_block_3 = select i1 %icmp_ln252, i4 %add_ln255, i4 %trunc_ln197" [/home/coder/Desktop/s2n2/finn-hlslib-lif/slidingwindow.h:252->/home/coder/Desktop/s2n2/finn-hlslib-lif/convlayer.h:110->/home/coder/Desktop/s2n2/convSNN/conv1_top.cpp:26]   --->   Operation 114 'select' 'read_block_3' <Predicate = (!icmp_ln196 & !icmp_ln199 & and_ln245)> <Delay = 0.35> <Core = "Sel">   --->   Core 26 'Sel' <Latency = 0> <II = 1> <Delay = 0.30> <FuncUnit> <Opcode : 'select'> <InPorts = 3> <OutPorts = 1>
ST_2 : Operation 115 [1/1] (0.00ns)   --->   "%zext_ln252 = zext i4 %read_block_3 to i32" [/home/coder/Desktop/s2n2/finn-hlslib-lif/slidingwindow.h:252->/home/coder/Desktop/s2n2/finn-hlslib-lif/convlayer.h:110->/home/coder/Desktop/s2n2/convSNN/conv1_top.cpp:26]   --->   Operation 115 'zext' 'zext_ln252' <Predicate = (!icmp_ln196 & !icmp_ln199 & and_ln245)> <Delay = 0.00>
ST_2 : Operation 116 [1/1] (0.61ns)   --->   "store i32 %select_ln252, i32* %current_line_2" [/home/coder/Desktop/s2n2/finn-hlslib-lif/slidingwindow.h:262->/home/coder/Desktop/s2n2/finn-hlslib-lif/convlayer.h:110->/home/coder/Desktop/s2n2/convSNN/conv1_top.cpp:26]   --->   Operation 116 'store' <Predicate = (!icmp_ln196 & !icmp_ln199 & and_ln245)> <Delay = 0.61>
ST_2 : Operation 117 [1/1] (0.63ns)   --->   "store i32 %zext_ln252, i32* %read_block_2" [/home/coder/Desktop/s2n2/finn-hlslib-lif/slidingwindow.h:262->/home/coder/Desktop/s2n2/finn-hlslib-lif/convlayer.h:110->/home/coder/Desktop/s2n2/convSNN/conv1_top.cpp:26]   --->   Operation 117 'store' <Predicate = (!icmp_ln196 & !icmp_ln199 & and_ln245)> <Delay = 0.63>
ST_2 : Operation 118 [1/1] (0.00ns)   --->   "%counter_internal_blo_2 = load i32* %counter_internal_blo" [/home/coder/Desktop/s2n2/finn-hlslib-lif/slidingwindow.h:263->/home/coder/Desktop/s2n2/finn-hlslib-lif/convlayer.h:110->/home/coder/Desktop/s2n2/convSNN/conv1_top.cpp:26]   --->   Operation 118 'load' 'counter_internal_blo_2' <Predicate = (!icmp_ln196 & !icmp_ln199)> <Delay = 0.00>
ST_2 : Operation 119 [1/1] (0.88ns)   --->   "%counter_internal_blo_3 = add i32 %counter_internal_blo_2, 1" [/home/coder/Desktop/s2n2/finn-hlslib-lif/slidingwindow.h:263->/home/coder/Desktop/s2n2/finn-hlslib-lif/convlayer.h:110->/home/coder/Desktop/s2n2/convSNN/conv1_top.cpp:26]   --->   Operation 119 'add' 'counter_internal_blo_3' <Predicate = (!icmp_ln196 & !icmp_ln199)> <Delay = 0.88> <Core = "AddSub">   --->   Core 14 'AddSub' <Latency = 0> <II = 1> <Delay = 0.70> <FuncUnit> <Opcode : 'add' 'sub'> <InPorts = 2> <OutPorts = 1>
ST_2 : Operation 120 [1/1] (0.85ns)   --->   "%icmp_ln264 = icmp eq i32 %counter_internal_blo_3, 9" [/home/coder/Desktop/s2n2/finn-hlslib-lif/slidingwindow.h:264->/home/coder/Desktop/s2n2/finn-hlslib-lif/convlayer.h:110->/home/coder/Desktop/s2n2/convSNN/conv1_top.cpp:26]   --->   Operation 120 'icmp' 'icmp_ln264' <Predicate = (!icmp_ln196 & !icmp_ln199)> <Delay = 0.85> <Core = "Cmp">   --->   Core 25 'Cmp' <Latency = 0> <II = 1> <Delay = 0.85> <FuncUnit> <Opcode : 'icmp'> <InPorts = 2> <OutPorts = 1>
ST_2 : Operation 121 [1/1] (0.22ns)   --->   "%select_ln264 = select i1 %icmp_ln264, i32 0, i32 %counter_internal_blo_3" [/home/coder/Desktop/s2n2/finn-hlslib-lif/slidingwindow.h:264->/home/coder/Desktop/s2n2/finn-hlslib-lif/convlayer.h:110->/home/coder/Desktop/s2n2/convSNN/conv1_top.cpp:26]   --->   Operation 121 'select' 'select_ln264' <Predicate = (!icmp_ln196 & !icmp_ln199)> <Delay = 0.22> <Core = "Sel">   --->   Core 26 'Sel' <Latency = 0> <II = 1> <Delay = 0.30> <FuncUnit> <Opcode : 'select'> <InPorts = 3> <OutPorts = 1>
ST_2 : Operation 122 [1/1] (0.60ns)   --->   "store i32 %select_ln264, i32* %counter_internal_blo" [/home/coder/Desktop/s2n2/finn-hlslib-lif/slidingwindow.h:264->/home/coder/Desktop/s2n2/finn-hlslib-lif/convlayer.h:110->/home/coder/Desktop/s2n2/convSNN/conv1_top.cpp:26]   --->   Operation 122 'store' <Predicate = (!icmp_ln196 & !icmp_ln199)> <Delay = 0.60>
ST_2 : Operation 123 [1/1] (0.00ns)   --->   "br label %hls_label_0_end"   --->   Operation 123 'br' <Predicate = (!icmp_ln196 & !icmp_ln199)> <Delay = 0.00>
ST_2 : Operation 124 [1/1] (0.00ns)   --->   "%current_line_2_load = load i32* %current_line_2" [/home/coder/Desktop/s2n2/finn-hlslib-lif/slidingwindow.h:202->/home/coder/Desktop/s2n2/finn-hlslib-lif/convlayer.h:110->/home/coder/Desktop/s2n2/convSNN/conv1_top.cpp:26]   --->   Operation 124 'load' 'current_line_2_load' <Predicate = (!icmp_ln196 & icmp_ln199)> <Delay = 0.00>
ST_2 : Operation 125 [1/1] (0.00ns)   --->   "%inp_1_load_1 = load i32* %inp_1" [/home/coder/Desktop/s2n2/finn-hlslib-lif/slidingwindow.h:204->/home/coder/Desktop/s2n2/finn-hlslib-lif/convlayer.h:110->/home/coder/Desktop/s2n2/convSNN/conv1_top.cpp:26]   --->   Operation 125 'load' 'inp_1_load_1' <Predicate = (!icmp_ln196 & icmp_ln199)> <Delay = 0.00>
ST_2 : Operation 126 [1/1] (0.00ns)   --->   "%current_line_2_load_1 = load i32* %current_line_2" [/home/coder/Desktop/s2n2/finn-hlslib-lif/slidingwindow.h:203->/home/coder/Desktop/s2n2/finn-hlslib-lif/convlayer.h:110->/home/coder/Desktop/s2n2/convSNN/conv1_top.cpp:26]   --->   Operation 126 'load' 'current_line_2_load_1' <Predicate = (!icmp_ln196 & icmp_ln199)> <Delay = 0.00>
ST_2 : Operation 127 [1/1] (0.88ns)   --->   "%current_line = add i32 %current_line_2_load_1, 1" [/home/coder/Desktop/s2n2/finn-hlslib-lif/slidingwindow.h:203->/home/coder/Desktop/s2n2/finn-hlslib-lif/convlayer.h:110->/home/coder/Desktop/s2n2/convSNN/conv1_top.cpp:26]   --->   Operation 127 'add' 'current_line' <Predicate = (!icmp_ln196 & icmp_ln199)> <Delay = 0.88> <Core = "AddSub">   --->   Core 14 'AddSub' <Latency = 0> <II = 1> <Delay = 0.70> <FuncUnit> <Opcode : 'add' 'sub'> <InPorts = 2> <OutPorts = 1>
ST_2 : Operation 128 [1/1] (0.88ns)   --->   "%inp = add i32 %inp_1_load_1, 1" [/home/coder/Desktop/s2n2/finn-hlslib-lif/slidingwindow.h:204->/home/coder/Desktop/s2n2/finn-hlslib-lif/convlayer.h:110->/home/coder/Desktop/s2n2/convSNN/conv1_top.cpp:26]   --->   Operation 128 'add' 'inp' <Predicate = (!icmp_ln196 & icmp_ln199)> <Delay = 0.88> <Core = "AddSub">   --->   Core 14 'AddSub' <Latency = 0> <II = 1> <Delay = 0.70> <FuncUnit> <Opcode : 'add' 'sub'> <InPorts = 2> <OutPorts = 1>
ST_2 : Operation 129 [1/1] (0.85ns)   --->   "%icmp_ln205 = icmp eq i32 %current_line, 10" [/home/coder/Desktop/s2n2/finn-hlslib-lif/slidingwindow.h:205->/home/coder/Desktop/s2n2/finn-hlslib-lif/convlayer.h:110->/home/coder/Desktop/s2n2/convSNN/conv1_top.cpp:26]   --->   Operation 129 'icmp' 'icmp_ln205' <Predicate = (!icmp_ln196 & icmp_ln199)> <Delay = 0.85> <Core = "Cmp">   --->   Core 25 'Cmp' <Latency = 0> <II = 1> <Delay = 0.85> <FuncUnit> <Opcode : 'icmp'> <InPorts = 2> <OutPorts = 1>
ST_2 : Operation 130 [1/1] (0.61ns)   --->   "store i32 %inp, i32* %inp_1" [/home/coder/Desktop/s2n2/finn-hlslib-lif/slidingwindow.h:205->/home/coder/Desktop/s2n2/finn-hlslib-lif/convlayer.h:110->/home/coder/Desktop/s2n2/convSNN/conv1_top.cpp:26]   --->   Operation 130 'store' <Predicate = (!icmp_ln196 & icmp_ln199)> <Delay = 0.61>
ST_2 : Operation 131 [1/1] (0.00ns)   --->   "br i1 %icmp_ln205, label %2, label %.hls_label_0_end_crit_edge" [/home/coder/Desktop/s2n2/finn-hlslib-lif/slidingwindow.h:205->/home/coder/Desktop/s2n2/finn-hlslib-lif/convlayer.h:110->/home/coder/Desktop/s2n2/convSNN/conv1_top.cpp:26]   --->   Operation 131 'br' <Predicate = (!icmp_ln196 & icmp_ln199)> <Delay = 0.00>
ST_2 : Operation 132 [1/1] (0.61ns)   --->   "store i32 %current_line, i32* %current_line_2" [/home/coder/Desktop/s2n2/finn-hlslib-lif/slidingwindow.h:205->/home/coder/Desktop/s2n2/finn-hlslib-lif/convlayer.h:110->/home/coder/Desktop/s2n2/convSNN/conv1_top.cpp:26]   --->   Operation 132 'store' <Predicate = (!icmp_ln196 & icmp_ln199 & !icmp_ln205)> <Delay = 0.61>
ST_2 : Operation 133 [1/1] (0.63ns)   --->   "store i32 %select_ln197, i32* %read_block_2" [/home/coder/Desktop/s2n2/finn-hlslib-lif/slidingwindow.h:205->/home/coder/Desktop/s2n2/finn-hlslib-lif/convlayer.h:110->/home/coder/Desktop/s2n2/convSNN/conv1_top.cpp:26]   --->   Operation 133 'store' <Predicate = (!icmp_ln196 & icmp_ln199 & !icmp_ln205)> <Delay = 0.63>
ST_2 : Operation 134 [1/1] (0.00ns)   --->   "br label %hls_label_0_end" [/home/coder/Desktop/s2n2/finn-hlslib-lif/slidingwindow.h:205->/home/coder/Desktop/s2n2/finn-hlslib-lif/convlayer.h:110->/home/coder/Desktop/s2n2/convSNN/conv1_top.cpp:26]   --->   Operation 134 'br' <Predicate = (!icmp_ln196 & icmp_ln199 & !icmp_ln205)> <Delay = 0.00>
ST_2 : Operation 135 [1/1] (0.88ns)   --->   "%read_block = add i32 %select_ln197, 1" [/home/coder/Desktop/s2n2/finn-hlslib-lif/slidingwindow.h:211->/home/coder/Desktop/s2n2/finn-hlslib-lif/convlayer.h:110->/home/coder/Desktop/s2n2/convSNN/conv1_top.cpp:26]   --->   Operation 135 'add' 'read_block' <Predicate = (!icmp_ln196 & icmp_ln199 & icmp_ln205)> <Delay = 0.88> <Core = "AddSub">   --->   Core 14 'AddSub' <Latency = 0> <II = 1> <Delay = 0.70> <FuncUnit> <Opcode : 'add' 'sub'> <InPorts = 2> <OutPorts = 1>
ST_2 : Operation 136 [1/1] (0.60ns)   --->   "store i32 0, i32* %counter_internal_blo" [/home/coder/Desktop/s2n2/finn-hlslib-lif/slidingwindow.h:213->/home/coder/Desktop/s2n2/finn-hlslib-lif/convlayer.h:110->/home/coder/Desktop/s2n2/convSNN/conv1_top.cpp:26]   --->   Operation 136 'store' <Predicate = (!icmp_ln196 & icmp_ln199 & icmp_ln205)> <Delay = 0.60>
ST_2 : Operation 137 [1/1] (0.61ns)   --->   "store i32 0, i32* %current_line_2" [/home/coder/Desktop/s2n2/finn-hlslib-lif/slidingwindow.h:213->/home/coder/Desktop/s2n2/finn-hlslib-lif/convlayer.h:110->/home/coder/Desktop/s2n2/convSNN/conv1_top.cpp:26]   --->   Operation 137 'store' <Predicate = (!icmp_ln196 & icmp_ln199 & icmp_ln205)> <Delay = 0.61>
ST_2 : Operation 138 [1/1] (0.63ns)   --->   "store i32 %read_block, i32* %read_block_2" [/home/coder/Desktop/s2n2/finn-hlslib-lif/slidingwindow.h:213->/home/coder/Desktop/s2n2/finn-hlslib-lif/convlayer.h:110->/home/coder/Desktop/s2n2/convSNN/conv1_top.cpp:26]   --->   Operation 138 'store' <Predicate = (!icmp_ln196 & icmp_ln199 & icmp_ln205)> <Delay = 0.63>
ST_2 : Operation 139 [1/1] (0.00ns)   --->   "%empty_23 = call i32 (...)* @_ssdm_op_SpecRegionEnd([12 x i8]* @p_str20, i32 %tmp_i)" [/home/coder/Desktop/s2n2/finn-hlslib-lif/slidingwindow.h:268->/home/coder/Desktop/s2n2/finn-hlslib-lif/convlayer.h:110->/home/coder/Desktop/s2n2/convSNN/conv1_top.cpp:26]   --->   Operation 139 'specregionend' 'empty_23' <Predicate = (!icmp_ln196)> <Delay = 0.00>
ST_2 : Operation 140 [1/1] (0.70ns)   --->   "%add_ln197 = add i7 %i_0_i, 1" [/home/coder/Desktop/s2n2/finn-hlslib-lif/slidingwindow.h:197->/home/coder/Desktop/s2n2/finn-hlslib-lif/convlayer.h:110->/home/coder/Desktop/s2n2/convSNN/conv1_top.cpp:26]   --->   Operation 140 'add' 'add_ln197' <Predicate = (!icmp_ln196)> <Delay = 0.70> <Core = "AddSub">   --->   Core 14 'AddSub' <Latency = 0> <II = 1> <Delay = 0.70> <FuncUnit> <Opcode : 'add' 'sub'> <InPorts = 2> <OutPorts = 1>
ST_2 : Operation 141 [1/1] (0.30ns)   --->   "%i = select i1 %icmp_ln197, i7 1, i7 %add_ln197" [/home/coder/Desktop/s2n2/finn-hlslib-lif/slidingwindow.h:197->/home/coder/Desktop/s2n2/finn-hlslib-lif/convlayer.h:110->/home/coder/Desktop/s2n2/convSNN/conv1_top.cpp:26]   --->   Operation 141 'select' 'i' <Predicate = (!icmp_ln196)> <Delay = 0.30> <Core = "Sel">   --->   Core 26 'Sel' <Latency = 0> <II = 1> <Delay = 0.30> <FuncUnit> <Opcode : 'select'> <InPorts = 3> <OutPorts = 1>
ST_2 : Operation 142 [1/1] (0.00ns)   --->   "br label %.preheader.i" [/home/coder/Desktop/s2n2/finn-hlslib-lif/slidingwindow.h:197->/home/coder/Desktop/s2n2/finn-hlslib-lif/convlayer.h:110->/home/coder/Desktop/s2n2/convSNN/conv1_top.cpp:26]   --->   Operation 142 'br' <Predicate = (!icmp_ln196)> <Delay = 0.00>

State 3 <SV = 2> <Delay = 2.58>
ST_3 : Operation 143 [1/1] (0.00ns)   --->   "%current_block_write_2 = load i32* %current_block_write_5" [/home/coder/Desktop/s2n2/finn-hlslib-lif/slidingwindow.h:216->/home/coder/Desktop/s2n2/finn-hlslib-lif/convlayer.h:110->/home/coder/Desktop/s2n2/convSNN/conv1_top.cpp:26]   --->   Operation 143 'load' 'current_block_write_2' <Predicate = (!icmp_ln199 & icmp_ln215)> <Delay = 0.00>
ST_3 : Operation 144 [1/1] (0.00ns) (grouped into LUT with out node outElem_V)   --->   "%trunc_ln216 = trunc i32 %k_y_1_load to i1" [/home/coder/Desktop/s2n2/finn-hlslib-lif/slidingwindow.h:216->/home/coder/Desktop/s2n2/finn-hlslib-lif/convlayer.h:110->/home/coder/Desktop/s2n2/convSNN/conv1_top.cpp:26]   --->   Operation 144 'trunc' 'trunc_ln216' <Predicate = (!icmp_ln199 & icmp_ln215)> <Delay = 0.00>
ST_3 : Operation 145 [1/1] (0.00ns) (grouped into LUT with out node outElem_V)   --->   "%trunc_ln216_1 = trunc i32 %current_block_write_2 to i1" [/home/coder/Desktop/s2n2/finn-hlslib-lif/slidingwindow.h:216->/home/coder/Desktop/s2n2/finn-hlslib-lif/convlayer.h:110->/home/coder/Desktop/s2n2/convSNN/conv1_top.cpp:26]   --->   Operation 145 'trunc' 'trunc_ln216_1' <Predicate = (!icmp_ln199 & icmp_ln215)> <Delay = 0.00>
ST_3 : Operation 146 [1/1] (0.00ns) (grouped into LUT with out node outElem_V)   --->   "%xor_ln221 = xor i1 %trunc_ln216_1, %trunc_ln216" [/home/coder/Desktop/s2n2/finn-hlslib-lif/slidingwindow.h:221->/home/coder/Desktop/s2n2/finn-hlslib-lif/convlayer.h:110->/home/coder/Desktop/s2n2/convSNN/conv1_top.cpp:26]   --->   Operation 146 'xor' 'xor_ln221' <Predicate = (!icmp_ln199 & icmp_ln215)> <Delay = 0.00> <Core = "LogicGate">   --->   Core 27 'LogicGate' <Latency = 0> <II = 1> <Delay = 0.12> <FuncUnit> <Opcode : 'and' 'or' 'xor'> <InPorts = 2> <OutPorts = 1>
ST_3 : Operation 147 [1/2] (0.59ns)   --->   "%inputBuf_0_V_load = load i3* %inputBuf_0_V_addr_1, align 1" [/home/coder/Desktop/s2n2/finn-hlslib-lif/slidingwindow.h:221->/home/coder/Desktop/s2n2/finn-hlslib-lif/convlayer.h:110->/home/coder/Desktop/s2n2/convSNN/conv1_top.cpp:26]   --->   Operation 147 'load' 'inputBuf_0_V_load' <Predicate = (!icmp_ln199 & icmp_ln215)> <Delay = 0.59> <Core = "RAM_2P">   --->   Core 40 'RAM_2P' <Latency = 1> <II = 1> <Delay = 0.59> <Storage> <Opcode : 'load' 'store'> <Ports = 2> <Width = 3> <Depth = 10> <RAM>
ST_3 : Operation 148 [1/2] (0.59ns)   --->   "%inputBuf_1_V_load = load i3* %inputBuf_1_V_addr_1, align 1" [/home/coder/Desktop/s2n2/finn-hlslib-lif/slidingwindow.h:221->/home/coder/Desktop/s2n2/finn-hlslib-lif/convlayer.h:110->/home/coder/Desktop/s2n2/convSNN/conv1_top.cpp:26]   --->   Operation 148 'load' 'inputBuf_1_V_load' <Predicate = (!icmp_ln199 & icmp_ln215)> <Delay = 0.59> <Core = "RAM_2P">   --->   Core 40 'RAM_2P' <Latency = 1> <II = 1> <Delay = 0.59> <Storage> <Opcode : 'load' 'store'> <Ports = 2> <Width = 3> <Depth = 10> <RAM>
ST_3 : Operation 149 [1/1] (0.27ns) (out node of the LUT)   --->   "%outElem_V = select i1 %xor_ln221, i3 %inputBuf_0_V_load, i3 %inputBuf_1_V_load" [/home/coder/Desktop/s2n2/finn-hlslib-lif/slidingwindow.h:221->/home/coder/Desktop/s2n2/finn-hlslib-lif/convlayer.h:110->/home/coder/Desktop/s2n2/convSNN/conv1_top.cpp:26]   --->   Operation 149 'select' 'outElem_V' <Predicate = (!icmp_ln199 & icmp_ln215)> <Delay = 0.27> <Core = "Sel">   --->   Core 26 'Sel' <Latency = 0> <II = 1> <Delay = 0.30> <FuncUnit> <Opcode : 'select'> <InPorts = 3> <OutPorts = 1>
ST_3 : Operation 150 [1/1] (1.45ns)   --->   "call void @_ssdm_op_Write.ap_fifo.volatile.i3P(i3* %out_V_V, i3 %outElem_V)" [/home/coder/Desktop/s2n2/finn-hlslib-lif/slidingwindow.h:222->/home/coder/Desktop/s2n2/finn-hlslib-lif/convlayer.h:110->/home/coder/Desktop/s2n2/convSNN/conv1_top.cpp:26]   --->   Operation 150 'write' <Predicate = (!icmp_ln199 & icmp_ln215)> <Delay = 1.45> <Core = "FIFO">   --->   Core 32 'FIFO' <Latency = 0> <II = 1> <Delay = 1.45> <Storage> <Opcode : 'read' 'write' 'nbread' 'nbwrite'> <Ports = 0> <Width = 32> <Depth = 2> <FIFO>
ST_3 : Operation 151 [1/1] (0.00ns)   --->   "%current_block_write_3 = load i32* %current_block_write_5" [/home/coder/Desktop/s2n2/finn-hlslib-lif/slidingwindow.h:248->/home/coder/Desktop/s2n2/finn-hlslib-lif/convlayer.h:110->/home/coder/Desktop/s2n2/convSNN/conv1_top.cpp:26]   --->   Operation 151 'load' 'current_block_write_3' <Predicate = (!icmp_ln199 & and_ln245)> <Delay = 0.00>
ST_3 : Operation 152 [1/1] (0.00ns)   --->   "%tmp_1_i = call i32 (...)* @_ssdm_op_SpecRegionBegin([12 x i8]* @p_str21)" [/home/coder/Desktop/s2n2/finn-hlslib-lif/slidingwindow.h:245->/home/coder/Desktop/s2n2/finn-hlslib-lif/convlayer.h:110->/home/coder/Desktop/s2n2/convSNN/conv1_top.cpp:26]   --->   Operation 152 'specregionbegin' 'tmp_1_i' <Predicate = (!icmp_ln199 & and_ln245)> <Delay = 0.00>
ST_3 : Operation 153 [1/1] (1.45ns)   --->   "%tmp_V = call i3 @_ssdm_op_Read.ap_fifo.volatile.i3P(i3* %in_V_V)" [/home/coder/Desktop/s2n2/finn-hlslib-lif/slidingwindow.h:247->/home/coder/Desktop/s2n2/finn-hlslib-lif/convlayer.h:110->/home/coder/Desktop/s2n2/convSNN/conv1_top.cpp:26]   --->   Operation 153 'read' 'tmp_V' <Predicate = (!icmp_ln199 & and_ln245)> <Delay = 1.45> <Core = "FIFO">   --->   Core 32 'FIFO' <Latency = 0> <II = 1> <Delay = 1.45> <Storage> <Opcode : 'read' 'write' 'nbread' 'nbwrite'> <Ports = 0> <Width = 32> <Depth = 2> <FIFO>
ST_3 : Operation 154 [1/1] (0.00ns)   --->   "%zext_ln248 = zext i32 %current_line_2_load_2 to i64" [/home/coder/Desktop/s2n2/finn-hlslib-lif/slidingwindow.h:248->/home/coder/Desktop/s2n2/finn-hlslib-lif/convlayer.h:110->/home/coder/Desktop/s2n2/convSNN/conv1_top.cpp:26]   --->   Operation 154 'zext' 'zext_ln248' <Predicate = (!icmp_ln199 & and_ln245)> <Delay = 0.00>
ST_3 : Operation 155 [1/1] (0.00ns)   --->   "%trunc_ln321_1 = trunc i32 %current_block_write_3 to i1" [/home/coder/Desktop/s2n2/finn-hlslib-lif/slidingwindow.h:248->/home/coder/Desktop/s2n2/finn-hlslib-lif/convlayer.h:110->/home/coder/Desktop/s2n2/convSNN/conv1_top.cpp:26]   --->   Operation 155 'trunc' 'trunc_ln321_1' <Predicate = (!icmp_ln199 & and_ln245)> <Delay = 0.00>
ST_3 : Operation 156 [1/1] (0.00ns)   --->   "%inputBuf_0_V_addr_2 = getelementptr [10 x i3]* %inputBuf_0_V, i64 0, i64 %zext_ln248" [/home/coder/Desktop/s2n2/finn-hlslib-lif/slidingwindow.h:248->/home/coder/Desktop/s2n2/finn-hlslib-lif/convlayer.h:110->/home/coder/Desktop/s2n2/convSNN/conv1_top.cpp:26]   --->   Operation 156 'getelementptr' 'inputBuf_0_V_addr_2' <Predicate = (!icmp_ln199 & and_ln245)> <Delay = 0.00>
ST_3 : Operation 157 [1/1] (0.00ns)   --->   "%inputBuf_1_V_addr_2 = getelementptr [10 x i3]* %inputBuf_1_V, i64 0, i64 %zext_ln248" [/home/coder/Desktop/s2n2/finn-hlslib-lif/slidingwindow.h:248->/home/coder/Desktop/s2n2/finn-hlslib-lif/convlayer.h:110->/home/coder/Desktop/s2n2/convSNN/conv1_top.cpp:26]   --->   Operation 157 'getelementptr' 'inputBuf_1_V_addr_2' <Predicate = (!icmp_ln199 & and_ln245)> <Delay = 0.00>
ST_3 : Operation 158 [1/1] (0.00ns)   --->   "br i1 %trunc_ln321_1, label %branch5.i, label %branch4.i" [/home/coder/Desktop/s2n2/finn-hlslib-lif/slidingwindow.h:248->/home/coder/Desktop/s2n2/finn-hlslib-lif/convlayer.h:110->/home/coder/Desktop/s2n2/convSNN/conv1_top.cpp:26]   --->   Operation 158 'br' <Predicate = (!icmp_ln199 & and_ln245)> <Delay = 0.00>
ST_3 : Operation 159 [1/1] (0.59ns)   --->   "store i3 %tmp_V, i3* %inputBuf_0_V_addr_2, align 1" [/home/coder/Desktop/s2n2/finn-hlslib-lif/slidingwindow.h:248->/home/coder/Desktop/s2n2/finn-hlslib-lif/convlayer.h:110->/home/coder/Desktop/s2n2/convSNN/conv1_top.cpp:26]   --->   Operation 159 'store' <Predicate = (!icmp_ln199 & and_ln245 & !trunc_ln321_1)> <Delay = 0.59> <Core = "RAM_2P">   --->   Core 40 'RAM_2P' <Latency = 1> <II = 1> <Delay = 0.59> <Storage> <Opcode : 'load' 'store'> <Ports = 2> <Width = 3> <Depth = 10> <RAM>
ST_3 : Operation 160 [1/1] (0.00ns)   --->   "br label %hls_label_2" [/home/coder/Desktop/s2n2/finn-hlslib-lif/slidingwindow.h:248->/home/coder/Desktop/s2n2/finn-hlslib-lif/convlayer.h:110->/home/coder/Desktop/s2n2/convSNN/conv1_top.cpp:26]   --->   Operation 160 'br' <Predicate = (!icmp_ln199 & and_ln245 & !trunc_ln321_1)> <Delay = 0.00>
ST_3 : Operation 161 [1/1] (0.59ns)   --->   "store i3 %tmp_V, i3* %inputBuf_1_V_addr_2, align 1" [/home/coder/Desktop/s2n2/finn-hlslib-lif/slidingwindow.h:248->/home/coder/Desktop/s2n2/finn-hlslib-lif/convlayer.h:110->/home/coder/Desktop/s2n2/convSNN/conv1_top.cpp:26]   --->   Operation 161 'store' <Predicate = (!icmp_ln199 & and_ln245 & trunc_ln321_1)> <Delay = 0.59> <Core = "RAM_2P">   --->   Core 40 'RAM_2P' <Latency = 1> <II = 1> <Delay = 0.59> <Storage> <Opcode : 'load' 'store'> <Ports = 2> <Width = 3> <Depth = 10> <RAM>
ST_3 : Operation 162 [1/1] (0.00ns)   --->   "br label %hls_label_2" [/home/coder/Desktop/s2n2/finn-hlslib-lif/slidingwindow.h:248->/home/coder/Desktop/s2n2/finn-hlslib-lif/convlayer.h:110->/home/coder/Desktop/s2n2/convSNN/conv1_top.cpp:26]   --->   Operation 162 'br' <Predicate = (!icmp_ln199 & and_ln245 & trunc_ln321_1)> <Delay = 0.00>
ST_3 : Operation 163 [1/1] (0.00ns)   --->   "%current_block_write_4 = load i32* %current_block_write_5" [/home/coder/Desktop/s2n2/finn-hlslib-lif/slidingwindow.h:256->/home/coder/Desktop/s2n2/finn-hlslib-lif/convlayer.h:110->/home/coder/Desktop/s2n2/convSNN/conv1_top.cpp:26]   --->   Operation 163 'load' 'current_block_write_4' <Predicate = (!icmp_ln199 & and_ln245)> <Delay = 0.00>
ST_3 : Operation 164 [1/1] (0.00ns)   --->   "%tmp_2_i = call i32 (...)* @_ssdm_op_SpecRegionBegin([12 x i8]* @p_str22)" [/home/coder/Desktop/s2n2/finn-hlslib-lif/slidingwindow.h:252->/home/coder/Desktop/s2n2/finn-hlslib-lif/convlayer.h:110->/home/coder/Desktop/s2n2/convSNN/conv1_top.cpp:26]   --->   Operation 164 'specregionbegin' 'tmp_2_i' <Predicate = (!icmp_ln199 & and_ln245)> <Delay = 0.00>
ST_3 : Operation 165 [1/1] (0.88ns)   --->   "%current_block_write_7 = add i32 %current_block_write_4, 1" [/home/coder/Desktop/s2n2/finn-hlslib-lif/slidingwindow.h:256->/home/coder/Desktop/s2n2/finn-hlslib-lif/convlayer.h:110->/home/coder/Desktop/s2n2/convSNN/conv1_top.cpp:26]   --->   Operation 165 'add' 'current_block_write_7' <Predicate = (!icmp_ln199 & and_ln245 & icmp_ln252)> <Delay = 0.88> <Core = "AddSub">   --->   Core 14 'AddSub' <Latency = 0> <II = 1> <Delay = 0.70> <FuncUnit> <Opcode : 'add' 'sub'> <InPorts = 2> <OutPorts = 1>
ST_3 : Operation 166 [1/1] (0.85ns)   --->   "%icmp_ln257 = icmp eq i32 %current_block_write_7, 2" [/home/coder/Desktop/s2n2/finn-hlslib-lif/slidingwindow.h:257->/home/coder/Desktop/s2n2/finn-hlslib-lif/convlayer.h:110->/home/coder/Desktop/s2n2/convSNN/conv1_top.cpp:26]   --->   Operation 166 'icmp' 'icmp_ln257' <Predicate = (!icmp_ln199 & and_ln245 & icmp_ln252)> <Delay = 0.85> <Core = "Cmp">   --->   Core 25 'Cmp' <Latency = 0> <II = 1> <Delay = 0.85> <FuncUnit> <Opcode : 'icmp'> <InPorts = 2> <OutPorts = 1>
ST_3 : Operation 167 [1/1] (0.00ns) (grouped into LUT with out node current_block_write_9)   --->   "%current_block_write_8 = select i1 %icmp_ln257, i32 0, i32 %current_block_write_7" [/home/coder/Desktop/s2n2/finn-hlslib-lif/slidingwindow.h:257->/home/coder/Desktop/s2n2/finn-hlslib-lif/convlayer.h:110->/home/coder/Desktop/s2n2/convSNN/conv1_top.cpp:26]   --->   Operation 167 'select' 'current_block_write_8' <Predicate = (!icmp_ln199 & and_ln245 & icmp_ln252)> <Delay = 0.00> <Core = "Sel">   --->   Core 26 'Sel' <Latency = 0> <II = 1> <Delay = 0.30> <FuncUnit> <Opcode : 'select'> <InPorts = 3> <OutPorts = 1>
ST_3 : Operation 168 [1/1] (0.00ns)   --->   "%empty_21 = call i32 (...)* @_ssdm_op_SpecRegionEnd([12 x i8]* @p_str22, i32 %tmp_2_i)" [/home/coder/Desktop/s2n2/finn-hlslib-lif/slidingwindow.h:261->/home/coder/Desktop/s2n2/finn-hlslib-lif/convlayer.h:110->/home/coder/Desktop/s2n2/convSNN/conv1_top.cpp:26]   --->   Operation 168 'specregionend' 'empty_21' <Predicate = (!icmp_ln199 & and_ln245)> <Delay = 0.00>
ST_3 : Operation 169 [1/1] (0.22ns) (out node of the LUT)   --->   "%current_block_write_9 = select i1 %icmp_ln252, i32 %current_block_write_8, i32 %current_block_write_4" [/home/coder/Desktop/s2n2/finn-hlslib-lif/slidingwindow.h:252->/home/coder/Desktop/s2n2/finn-hlslib-lif/convlayer.h:110->/home/coder/Desktop/s2n2/convSNN/conv1_top.cpp:26]   --->   Operation 169 'select' 'current_block_write_9' <Predicate = (!icmp_ln199 & and_ln245)> <Delay = 0.22> <Core = "Sel">   --->   Core 26 'Sel' <Latency = 0> <II = 1> <Delay = 0.30> <FuncUnit> <Opcode : 'select'> <InPorts = 3> <OutPorts = 1>
ST_3 : Operation 170 [1/1] (0.00ns)   --->   "%empty_22 = call i32 (...)* @_ssdm_op_SpecRegionEnd([12 x i8]* @p_str21, i32 %tmp_1_i)" [/home/coder/Desktop/s2n2/finn-hlslib-lif/slidingwindow.h:262->/home/coder/Desktop/s2n2/finn-hlslib-lif/convlayer.h:110->/home/coder/Desktop/s2n2/convSNN/conv1_top.cpp:26]   --->   Operation 170 'specregionend' 'empty_22' <Predicate = (!icmp_ln199 & and_ln245)> <Delay = 0.00>
ST_3 : Operation 171 [1/1] (0.61ns)   --->   "store i32 %current_block_write_9, i32* %current_block_write_5" [/home/coder/Desktop/s2n2/finn-hlslib-lif/slidingwindow.h:262->/home/coder/Desktop/s2n2/finn-hlslib-lif/convlayer.h:110->/home/coder/Desktop/s2n2/convSNN/conv1_top.cpp:26]   --->   Operation 171 'store' <Predicate = (!icmp_ln199 & and_ln245)> <Delay = 0.61>
ST_3 : Operation 172 [1/1] (0.00ns)   --->   "br label %._crit_edge7.i" [/home/coder/Desktop/s2n2/finn-hlslib-lif/slidingwindow.h:262->/home/coder/Desktop/s2n2/finn-hlslib-lif/convlayer.h:110->/home/coder/Desktop/s2n2/convSNN/conv1_top.cpp:26]   --->   Operation 172 'br' <Predicate = (!icmp_ln199 & and_ln245)> <Delay = 0.00>
ST_3 : Operation 173 [1/1] (0.00ns)   --->   "%current_block_write_s = load i32* %current_block_write_5" [/home/coder/Desktop/s2n2/finn-hlslib-lif/slidingwindow.h:202->/home/coder/Desktop/s2n2/finn-hlslib-lif/convlayer.h:110->/home/coder/Desktop/s2n2/convSNN/conv1_top.cpp:26]   --->   Operation 173 'load' 'current_block_write_s' <Predicate = (icmp_ln199)> <Delay = 0.00>
ST_3 : Operation 174 [1/1] (1.45ns)   --->   "%tmp_V_2 = call i3 @_ssdm_op_Read.ap_fifo.volatile.i3P(i3* %in_V_V)" [/home/coder/Desktop/s2n2/finn-hlslib-lif/slidingwindow.h:201->/home/coder/Desktop/s2n2/finn-hlslib-lif/convlayer.h:110->/home/coder/Desktop/s2n2/convSNN/conv1_top.cpp:26]   --->   Operation 174 'read' 'tmp_V_2' <Predicate = (icmp_ln199)> <Delay = 1.45> <Core = "FIFO">   --->   Core 32 'FIFO' <Latency = 0> <II = 1> <Delay = 1.45> <Storage> <Opcode : 'read' 'write' 'nbread' 'nbwrite'> <Ports = 0> <Width = 32> <Depth = 2> <FIFO>
ST_3 : Operation 175 [1/1] (0.00ns)   --->   "%zext_ln202 = zext i32 %current_line_2_load to i64" [/home/coder/Desktop/s2n2/finn-hlslib-lif/slidingwindow.h:202->/home/coder/Desktop/s2n2/finn-hlslib-lif/convlayer.h:110->/home/coder/Desktop/s2n2/convSNN/conv1_top.cpp:26]   --->   Operation 175 'zext' 'zext_ln202' <Predicate = (icmp_ln199)> <Delay = 0.00>
ST_3 : Operation 176 [1/1] (0.00ns)   --->   "%trunc_ln321 = trunc i32 %current_block_write_s to i1" [/home/coder/Desktop/s2n2/finn-hlslib-lif/slidingwindow.h:202->/home/coder/Desktop/s2n2/finn-hlslib-lif/convlayer.h:110->/home/coder/Desktop/s2n2/convSNN/conv1_top.cpp:26]   --->   Operation 176 'trunc' 'trunc_ln321' <Predicate = (icmp_ln199)> <Delay = 0.00>
ST_3 : Operation 177 [1/1] (0.00ns)   --->   "%inputBuf_0_V_addr = getelementptr [10 x i3]* %inputBuf_0_V, i64 0, i64 %zext_ln202" [/home/coder/Desktop/s2n2/finn-hlslib-lif/slidingwindow.h:202->/home/coder/Desktop/s2n2/finn-hlslib-lif/convlayer.h:110->/home/coder/Desktop/s2n2/convSNN/conv1_top.cpp:26]   --->   Operation 177 'getelementptr' 'inputBuf_0_V_addr' <Predicate = (icmp_ln199)> <Delay = 0.00>
ST_3 : Operation 178 [1/1] (0.00ns)   --->   "%inputBuf_1_V_addr = getelementptr [10 x i3]* %inputBuf_1_V, i64 0, i64 %zext_ln202" [/home/coder/Desktop/s2n2/finn-hlslib-lif/slidingwindow.h:202->/home/coder/Desktop/s2n2/finn-hlslib-lif/convlayer.h:110->/home/coder/Desktop/s2n2/convSNN/conv1_top.cpp:26]   --->   Operation 178 'getelementptr' 'inputBuf_1_V_addr' <Predicate = (icmp_ln199)> <Delay = 0.00>
ST_3 : Operation 179 [1/1] (0.00ns)   --->   "br i1 %trunc_ln321, label %branch1.i, label %branch0.i" [/home/coder/Desktop/s2n2/finn-hlslib-lif/slidingwindow.h:202->/home/coder/Desktop/s2n2/finn-hlslib-lif/convlayer.h:110->/home/coder/Desktop/s2n2/convSNN/conv1_top.cpp:26]   --->   Operation 179 'br' <Predicate = (icmp_ln199)> <Delay = 0.00>
ST_3 : Operation 180 [1/1] (0.59ns)   --->   "store i3 %tmp_V_2, i3* %inputBuf_0_V_addr, align 1" [/home/coder/Desktop/s2n2/finn-hlslib-lif/slidingwindow.h:202->/home/coder/Desktop/s2n2/finn-hlslib-lif/convlayer.h:110->/home/coder/Desktop/s2n2/convSNN/conv1_top.cpp:26]   --->   Operation 180 'store' <Predicate = (icmp_ln199 & !trunc_ln321)> <Delay = 0.59> <Core = "RAM_2P">   --->   Core 40 'RAM_2P' <Latency = 1> <II = 1> <Delay = 0.59> <Storage> <Opcode : 'load' 'store'> <Ports = 2> <Width = 3> <Depth = 10> <RAM>
ST_3 : Operation 181 [1/1] (0.00ns)   --->   "br label %1" [/home/coder/Desktop/s2n2/finn-hlslib-lif/slidingwindow.h:202->/home/coder/Desktop/s2n2/finn-hlslib-lif/convlayer.h:110->/home/coder/Desktop/s2n2/convSNN/conv1_top.cpp:26]   --->   Operation 181 'br' <Predicate = (icmp_ln199 & !trunc_ln321)> <Delay = 0.00>
ST_3 : Operation 182 [1/1] (0.59ns)   --->   "store i3 %tmp_V_2, i3* %inputBuf_1_V_addr, align 1" [/home/coder/Desktop/s2n2/finn-hlslib-lif/slidingwindow.h:202->/home/coder/Desktop/s2n2/finn-hlslib-lif/convlayer.h:110->/home/coder/Desktop/s2n2/convSNN/conv1_top.cpp:26]   --->   Operation 182 'store' <Predicate = (icmp_ln199 & trunc_ln321)> <Delay = 0.59> <Core = "RAM_2P">   --->   Core 40 'RAM_2P' <Latency = 1> <II = 1> <Delay = 0.59> <Storage> <Opcode : 'load' 'store'> <Ports = 2> <Width = 3> <Depth = 10> <RAM>
ST_3 : Operation 183 [1/1] (0.00ns)   --->   "br label %1" [/home/coder/Desktop/s2n2/finn-hlslib-lif/slidingwindow.h:202->/home/coder/Desktop/s2n2/finn-hlslib-lif/convlayer.h:110->/home/coder/Desktop/s2n2/convSNN/conv1_top.cpp:26]   --->   Operation 183 'br' <Predicate = (icmp_ln199 & trunc_ln321)> <Delay = 0.00>
ST_3 : Operation 184 [1/1] (0.00ns)   --->   "%current_block_write_1 = load i32* %current_block_write_5" [/home/coder/Desktop/s2n2/finn-hlslib-lif/slidingwindow.h:207->/home/coder/Desktop/s2n2/finn-hlslib-lif/convlayer.h:110->/home/coder/Desktop/s2n2/convSNN/conv1_top.cpp:26]   --->   Operation 184 'load' 'current_block_write_1' <Predicate = (icmp_ln199 & icmp_ln205)> <Delay = 0.00>
ST_3 : Operation 185 [1/1] (0.88ns)   --->   "%current_block_write = add i32 %current_block_write_1, 1" [/home/coder/Desktop/s2n2/finn-hlslib-lif/slidingwindow.h:207->/home/coder/Desktop/s2n2/finn-hlslib-lif/convlayer.h:110->/home/coder/Desktop/s2n2/convSNN/conv1_top.cpp:26]   --->   Operation 185 'add' 'current_block_write' <Predicate = (icmp_ln199 & icmp_ln205)> <Delay = 0.88> <Core = "AddSub">   --->   Core 14 'AddSub' <Latency = 0> <II = 1> <Delay = 0.70> <FuncUnit> <Opcode : 'add' 'sub'> <InPorts = 2> <OutPorts = 1>
ST_3 : Operation 186 [1/1] (0.85ns)   --->   "%icmp_ln208 = icmp eq i32 %current_block_write, 2" [/home/coder/Desktop/s2n2/finn-hlslib-lif/slidingwindow.h:208->/home/coder/Desktop/s2n2/finn-hlslib-lif/convlayer.h:110->/home/coder/Desktop/s2n2/convSNN/conv1_top.cpp:26]   --->   Operation 186 'icmp' 'icmp_ln208' <Predicate = (icmp_ln199 & icmp_ln205)> <Delay = 0.85> <Core = "Cmp">   --->   Core 25 'Cmp' <Latency = 0> <II = 1> <Delay = 0.85> <FuncUnit> <Opcode : 'icmp'> <InPorts = 2> <OutPorts = 1>
ST_3 : Operation 187 [1/1] (0.22ns)   --->   "%current_block_write_6 = select i1 %icmp_ln208, i32 0, i32 %current_block_write" [/home/coder/Desktop/s2n2/finn-hlslib-lif/slidingwindow.h:208->/home/coder/Desktop/s2n2/finn-hlslib-lif/convlayer.h:110->/home/coder/Desktop/s2n2/convSNN/conv1_top.cpp:26]   --->   Operation 187 'select' 'current_block_write_6' <Predicate = (icmp_ln199 & icmp_ln205)> <Delay = 0.22> <Core = "Sel">   --->   Core 26 'Sel' <Latency = 0> <II = 1> <Delay = 0.30> <FuncUnit> <Opcode : 'select'> <InPorts = 3> <OutPorts = 1>
ST_3 : Operation 188 [1/1] (0.61ns)   --->   "store i32 %current_block_write_6, i32* %current_block_write_5" [/home/coder/Desktop/s2n2/finn-hlslib-lif/slidingwindow.h:213->/home/coder/Desktop/s2n2/finn-hlslib-lif/convlayer.h:110->/home/coder/Desktop/s2n2/convSNN/conv1_top.cpp:26]   --->   Operation 188 'store' <Predicate = (icmp_ln199 & icmp_ln205)> <Delay = 0.61>
ST_3 : Operation 189 [1/1] (0.00ns)   --->   "br label %hls_label_0_end" [/home/coder/Desktop/s2n2/finn-hlslib-lif/slidingwindow.h:213->/home/coder/Desktop/s2n2/finn-hlslib-lif/convlayer.h:110->/home/coder/Desktop/s2n2/convSNN/conv1_top.cpp:26]   --->   Operation 189 'br' <Predicate = (icmp_ln199 & icmp_ln205)> <Delay = 0.00>

State 4 <SV = 2> <Delay = 0.00>
ST_4 : Operation 190 [1/1] (0.00ns)   --->   "ret void" [/home/coder/Desktop/s2n2/finn-hlslib-lif/convlayer.h:110->/home/coder/Desktop/s2n2/convSNN/conv1_top.cpp:26]   --->   Operation 190 'ret' <Predicate = true> <Delay = 0.00>


============================================================
+ Verbose Summary: Timing violations
============================================================
Target clock period: 10ns, clock uncertainty: 1.25ns.

 <State 1>: 4.63ns
The critical path consists of the following:
	fifo read on port 'numReps' (/home/coder/Desktop/s2n2/finn-hlslib-lif/slidingwindow.h:174) [19]  (1.46 ns)
	'mul' operation ('bound', /home/coder/Desktop/s2n2/finn-hlslib-lif/slidingwindow.h:174) [22]  (3.17 ns)

 <State 2>: 2.72ns
The critical path consists of the following:
	'load' operation ('current_line_2_load_3', /home/coder/Desktop/s2n2/finn-hlslib-lif/slidingwindow.h:251->/home/coder/Desktop/s2n2/finn-hlslib-lif/convlayer.h:110->/home/coder/Desktop/s2n2/convSNN/conv1_top.cpp:26) on local variable 'current_line' [145]  (0 ns)
	'add' operation ('current_line', /home/coder/Desktop/s2n2/finn-hlslib-lif/slidingwindow.h:251->/home/coder/Desktop/s2n2/finn-hlslib-lif/convlayer.h:110->/home/coder/Desktop/s2n2/convSNN/conv1_top.cpp:26) [146]  (0.88 ns)
	'icmp' operation ('icmp_ln252', /home/coder/Desktop/s2n2/finn-hlslib-lif/slidingwindow.h:252->/home/coder/Desktop/s2n2/finn-hlslib-lif/convlayer.h:110->/home/coder/Desktop/s2n2/convSNN/conv1_top.cpp:26) [147]  (0.859 ns)
	'select' operation ('read_block', /home/coder/Desktop/s2n2/finn-hlslib-lif/slidingwindow.h:252->/home/coder/Desktop/s2n2/finn-hlslib-lif/convlayer.h:110->/home/coder/Desktop/s2n2/convSNN/conv1_top.cpp:26) [156]  (0.351 ns)
	'store' operation ('store_ln262', /home/coder/Desktop/s2n2/finn-hlslib-lif/slidingwindow.h:262->/home/coder/Desktop/s2n2/finn-hlslib-lif/convlayer.h:110->/home/coder/Desktop/s2n2/convSNN/conv1_top.cpp:26) of variable 'zext_ln252', /home/coder/Desktop/s2n2/finn-hlslib-lif/slidingwindow.h:252->/home/coder/Desktop/s2n2/finn-hlslib-lif/convlayer.h:110->/home/coder/Desktop/s2n2/convSNN/conv1_top.cpp:26 on local variable 'read_block' [161]  (0.631 ns)

 <State 3>: 2.58ns
The critical path consists of the following:
	'load' operation ('current_block_write_4', /home/coder/Desktop/s2n2/finn-hlslib-lif/slidingwindow.h:256->/home/coder/Desktop/s2n2/finn-hlslib-lif/convlayer.h:110->/home/coder/Desktop/s2n2/convSNN/conv1_top.cpp:26) on local variable 'current_block_write' [144]  (0 ns)
	'add' operation ('current_block_write', /home/coder/Desktop/s2n2/finn-hlslib-lif/slidingwindow.h:256->/home/coder/Desktop/s2n2/finn-hlslib-lif/convlayer.h:110->/home/coder/Desktop/s2n2/convSNN/conv1_top.cpp:26) [150]  (0.88 ns)
	'icmp' operation ('icmp_ln257', /home/coder/Desktop/s2n2/finn-hlslib-lif/slidingwindow.h:257->/home/coder/Desktop/s2n2/finn-hlslib-lif/convlayer.h:110->/home/coder/Desktop/s2n2/convSNN/conv1_top.cpp:26) [151]  (0.859 ns)
	'select' operation ('current_block_write', /home/coder/Desktop/s2n2/finn-hlslib-lif/slidingwindow.h:257->/home/coder/Desktop/s2n2/finn-hlslib-lif/convlayer.h:110->/home/coder/Desktop/s2n2/convSNN/conv1_top.cpp:26) [152]  (0 ns)
	'select' operation ('current_block_write', /home/coder/Desktop/s2n2/finn-hlslib-lif/slidingwindow.h:252->/home/coder/Desktop/s2n2/finn-hlslib-lif/convlayer.h:110->/home/coder/Desktop/s2n2/convSNN/conv1_top.cpp:26) [154]  (0.227 ns)
	'store' operation ('store_ln262', /home/coder/Desktop/s2n2/finn-hlslib-lif/slidingwindow.h:262->/home/coder/Desktop/s2n2/finn-hlslib-lif/convlayer.h:110->/home/coder/Desktop/s2n2/convSNN/conv1_top.cpp:26) of variable 'current_block_write', /home/coder/Desktop/s2n2/finn-hlslib-lif/slidingwindow.h:252->/home/coder/Desktop/s2n2/finn-hlslib-lif/convlayer.h:110->/home/coder/Desktop/s2n2/convSNN/conv1_top.cpp:26 on local variable 'current_block_write' [160]  (0.617 ns)

 <State 4>: 0ns
The critical path consists of the following:


============================================================
+ Verbose Summary: Binding
============================================================
N/A
* FSMD analyzer results:
  - Output states:
 - Input state : 
  - Chain level:
	State 1
	State 2
	State 3
	State 4


============================================================
+ Verbose Summary: Datapath Resource usage 
============================================================
N/A
