Expected FC1 spikes: 1 1 1 0 0 1 1 0 0 0 0 0 0 0 0 0 1 0 1 1 0 1 0 0 0 0 0 0 0 0 0 1 0 1 0 0 0 1 1 1 1 1 1 1 1 0 0 0 1 0 0 0 1 1 0 1 1 0 1 1 1 1 0 0 
Got FC1 spikes     : 1 1 1 0 0 1 1 0 0 0 0 0 0 0 0 0 1 0 1 1 0 1 0 0 0 0 0 0 0 0 0 1 0 1 0 0 0 1 1 1 1 1 1 1 1 0 0 0 1 0 0 0 1 1 0 1 1 0 1 1 1 1 0 0 
FC1FULL TB PASSED
INFO [HLS SIM]: The maximum depth reached by any hls::stream() instance in the design is 3200
Vivado Simulator v2023.1
Copyright 1986-2022 Xilinx, Inc. All Rights Reserved.
Copyright 2022-2023 Advanced Micro Devices, Inc. All Rights Reserved.
Running: /tools/Xilinx/Vivado/2023.1/bin/unwrapped/lnx64.o/xelab xil_defaultlib.apatb_fc1full_top_top glbl -Oenable_linking_all_libraries -prj fc1full_top.prj -L smartconnect_v1_0 -L axi_protocol_checker_v1_1_12 -L axi_protocol_checker_v1_1_13 -L axis_protocol_checker_v1_1_11 -L axis_protocol_checker_v1_1_12 -L xil_defaultlib -L unisims_ver -L xpm -L floating_point_v7_1_15 -L floating_point_v7_0_20 --lib ieee_proposed=./ieee_proposed -s fc1full_top 
Multi-threading is on. Using 254 slave threads.
INFO: [VRFC 10-2263] Analyzing SystemVerilog file "/home/coder/Desktop/s2n2/convSNN/convSNN_hls/fc1full_prj/xcvu9p-flga2577-2-e/sim/verilog/glbl.v" into library work
INFO: [VRFC 10-311] analyzing module glbl
INFO: [VRFC 10-2263] Analyzing SystemVerilog file "/home/coder/Desktop/s2n2/convSNN/convSNN_hls/fc1full_prj/xcvu9p-flga2577-2-e/sim/verilog/fc1full_top.autotb.v" into library xil_defaultlib
INFO: [VRFC 10-311] analyzing module apatb_fc1full_top_top
INFO: [VRFC 10-2263] Analyzing SystemVerilog file "/home/coder/Desktop/s2n2/convSNN/convSNN_hls/fc1full_prj/xcvu9p-flga2577-2-e/sim/verilog/AESL_automem_in_r.v" into library xil_defaultlib
INFO: [VRFC 10-311] analyzing module AESL_automem_in_r
INFO: [VRFC 10-2263] Analyzing SystemVerilog file "/home/coder/Desktop/s2n2/convSNN/convSNN_hls/fc1full_prj/xcvu9p-flga2577-2-e/sim/verilog/fc1full_top_load_weights_once_Pipeline_VITIS_LOOP_49_1_VITIS_LOOP_50_2.v" into library xil_defaultlib
INFO: [VRFC 10-311] analyzing module fc1full_top_load_weights_once_Pipeline_VITIS_LOOP_49_1_VITIS_LOOP_50_2
INFO: [VRFC 10-2263] Analyzing SystemVerilog file "/home/coder/Desktop/s2n2/convSNN/convSNN_hls/fc1full_prj/xcvu9p-flga2577-2-e/sim/verilog/fc1full_top_load_weights_once.v" into library xil_defaultlib
INFO: [VRFC 10-311] analyzing module fc1full_top_load_weights_once
INFO: [VRFC 10-2263] Analyzing SystemVerilog file "/home/coder/Desktop/s2n2/convSNN/convSNN_hls/fc1full_prj/xcvu9p-flga2577-2-e/sim/verilog/fc1full_top_fc1full_top_Pipeline_VITIS_LOOP_72_1.v" into library xil_defaultlib
INFO: [VRFC 10-311] analyzing module fc1full_top_fc1full_top_Pipeline_VITIS_LOOP_72_1
INFO: [VRFC 10-2263] Analyzing SystemVerilog file "/home/coder/Desktop/s2n2/convSNN/convSNN_hls/fc1full_prj/xcvu9p-flga2577-2-e/sim/verilog/fc1full_top_fc1full_top_Pipeline_VITIS_LOOP_131_1.v" into library xil_defaultlib
INFO: [VRFC 10-311] analyzing module fc1full_top_fc1full_top_Pipeline_VITIS_LOOP_131_1
INFO: [VRFC 10-2263] Analyzing SystemVerilog file "/home/coder/Desktop/s2n2/convSNN/convSNN_hls/fc1full_prj/xcvu9p-flga2577-2-e/sim/verilog/fc1full_top_fc1full_top_Pipeline_VITIS_LOOP_105_2.v" into library xil_defaultlib
INFO: [VRFC 10-311] analyzing module fc1full_top_fc1full_top_Pipeline_VITIS_LOOP_105_2
INFO: [VRFC 10-2263] Analyzing SystemVerilog file "/home/coder/Desktop/s2n2/convSNN/convSNN_hls/fc1full_prj/xcvu9p-flga2577-2-e/sim/verilog/fc1full_top.v" into library xil_defaultlib
INFO: [VRFC 10-311] analyzing module fc1full_top
INFO: [VRFC 10-2263] Analyzing SystemVerilog file "/home/coder/Desktop/s2n2/convSNN/convSNN_hls/fc1full_prj/xcvu9p-flga2577-2-e/sim/verilog/fc1full_top_flow_control_loop_pipe_sequential_init.v" into library xil_defaultlib
INFO: [VRFC 10-311] analyzing module fc1full_top_flow_control_loop_pipe_sequential_init
INFO: [VRFC 10-2263] Analyzing SystemVerilog file "/home/coder/Desktop/s2n2/convSNN/convSNN_hls/fc1full_prj/xcvu9p-flga2577-2-e/sim/verilog/fc1full_top_load_weights_once_Pipeline_VITIS_LOOP_49_1_VITIS_LOOP_50_2_FC1_W_ROM_AUTO_1R.v" into library xil_defaultlib
INFO: [VRFC 10-311] analyzing module fc1full_top_load_weights_once_Pipeline_VITIS_LOOP_49_1_VITIS_LOOP_50_2_FC1_W_ROM_AUTO_1R
INFO: [VRFC 10-2263] Analyzing SystemVerilog file "/home/coder/Desktop/s2n2/convSNN/convSNN_hls/fc1full_prj/xcvu9p-flga2577-2-e/sim/verilog/fc1full_top_fc1_weights_0_RAM_AUTO_1R1W.v" into library xil_defaultlib
INFO: [VRFC 10-311] analyzing module fc1full_top_fc1_weights_0_RAM_AUTO_1R1W
INFO: [VRFC 10-2263] Analyzing SystemVerilog file "/home/coder/Desktop/s2n2/convSNN/convSNN_hls/fc1full_prj/xcvu9p-flga2577-2-e/sim/verilog/fc1full_top_fifo_w1_d4096_A.v" into library xil_defaultlib
INFO: [VRFC 10-311] analyzing module fc1full_top_fifo_w1_d4096_A
INFO: [VRFC 10-311] analyzing module fc1full_top_fifo_w1_d4096_A_ram
INFO: [VRFC 10-2263] Analyzing SystemVerilog file "/home/coder/Desktop/s2n2/convSNN/convSNN_hls/fc1full_prj/xcvu9p-flga2577-2-e/sim/verilog/fc1full_top_fifo_w1_d128_S.v" into library xil_defaultlib
INFO: [VRFC 10-311] analyzing module fc1full_top_fifo_w1_d128_S
INFO: [VRFC 10-311] analyzing module fc1full_top_fifo_w1_d128_S_ShiftReg
INFO: [VRFC 10-2263] Analyzing SystemVerilog file "/home/coder/Desktop/s2n2/convSNN/convSNN_hls/fc1full_prj/xcvu9p-flga2577-2-e/sim/verilog/fc1full_top_mac_muladd_7ns_12ns_12ns_18_4_1.v" into library xil_defaultlib
INFO: [VRFC 10-311] analyzing module fc1full_top_mac_muladd_7ns_12ns_12ns_18_4_1_DSP48_0
INFO: [VRFC 10-311] analyzing module fc1full_top_mac_muladd_7ns_12ns_12ns_18_4_1
INFO: [VRFC 10-2263] Analyzing SystemVerilog file "/home/coder/Desktop/s2n2/convSNN/convSNN_hls/fc1full_prj/xcvu9p-flga2577-2-e/sim/verilog/fc1full_top_mux_3200_12_1_1_1.v" into library xil_defaultlib
INFO: [VRFC 10-311] analyzing module fc1full_top_mux_3200_12_1_1_1
INFO: [VRFC 10-2263] Analyzing SystemVerilog file "/home/coder/Desktop/s2n2/convSNN/convSNN_hls/fc1full_prj/xcvu9p-flga2577-2-e/sim/verilog/dataflow_monitor.sv" into library xil_defaultlib
INFO: [VRFC 10-311] analyzing module dataflow_monitor
Starting static elaboration
Pass Through NonSizing Optimizer
Completed static elaboration
Starting simulation data flow analysis
Completed simulation data flow analysis
Time Resolution for simulation is 1ps
Compiling package xil_defaultlib.$unit_dataflow_monitor_sv
Compiling module xil_defaultlib.fc1full_top_fc1_weights_0_RAM_AU...
Compiling module xil_defaultlib.fc1full_top_load_weights_once_Pi...
Compiling module xil_defaultlib.fc1full_top_mac_muladd_7ns_12ns_...
Compiling module xil_defaultlib.fc1full_top_mac_muladd_7ns_12ns_...
Compiling module xil_defaultlib.fc1full_top_flow_control_loop_pi...
Compiling module xil_defaultlib.fc1full_top_load_weights_once_Pi...
Compiling module xil_defaultlib.fc1full_top_load_weights_once
Compiling module xil_defaultlib.fc1full_top_fc1full_top_Pipeline...
Compiling module xil_defaultlib.fc1full_top_mux_3200_12_1_1_1(ID...
Compiling module xil_defaultlib.fc1full_top_fc1full_top_Pipeline...
Compiling module xil_defaultlib.fc1full_top_fc1full_top_Pipeline...
Compiling module xil_defaultlib.fc1full_top_fifo_w1_d4096_A_ram
Compiling module xil_defaultlib.fc1full_top_fifo_w1_d4096_A
Compiling module xil_defaultlib.fc1full_top_fifo_w1_d128_S_Shift...
Compiling module xil_defaultlib.fc1full_top_fifo_w1_d128_S
Compiling module xil_defaultlib.fc1full_top
Compiling module xil_defaultlib.AESL_automem_in_r
Compiling module xil_defaultlib.nodf_module_intf
Compiling module xil_defaultlib.upc_loop_intf(FSM_WIDTH=1)
Compiling module xil_defaultlib.dataflow_monitor_1
Compiling module xil_defaultlib.apatb_fc1full_top_top
Compiling module work.glbl
Built simulation snapshot fc1full_top

****** xsim v2023.1 (64-bit)
  **** SW Build 3865809 on Sun May  7 15:04:56 MDT 2023
  **** IP Build 3864474 on Sun May  7 20:36:21 MDT 2023
  **** SharedData Build 3865790 on Sun May 07 13:33:03 MDT 2023
    ** Copyright 1986-2022 Xilinx, Inc. All Rights Reserved.
    ** Copyright 2022-2023 Advanced Micro Devices, Inc. All Rights Reserved.

source xsim.dir/fc1full_top/xsim_script.tcl
# xsim {fc1full_top} -autoloadwcfg -tclbatch {fc1full_top.tcl}
Time resolution is 1 ps
source fc1full_top.tcl
## run all
////////////////////////////////////////////////////////////////////////////////////
// Inter-Transaction Progress: Completed Transaction / Total Transaction
// Intra-Transaction Progress: Measured Latency / Latency Estimation * 100%
//
// RTL Simulation : "Inter-Transaction Progress" ["Intra-Transaction Progress"] @ "Simulation Time"
////////////////////////////////////////////////////////////////////////////////////
// RTL Simulation : 0 / 1 [0.00%] @ "125000"
// RTL Simulation : 1 / 1 [100.00%] @ "4128925000"
////////////////////////////////////////////////////////////////////////////////////
$finish called at time : 4128985 ns : File "/home/coder/Desktop/s2n2/convSNN/convSNN_hls/fc1full_prj/xcvu9p-flga2577-2-e/sim/verilog/fc1full_top.autotb.v" Line 4117
run: Time (s): cpu = 00:00:00.03 ; elapsed = 00:03:25 . Memory (MB): peak = 1291.723 ; gain = 0.000 ; free physical = 674093 ; free virtual = 932467
## quit
INFO: xsimkernel Simulation Memory Usage: 125332 KB (Peak: 173312 KB), Simulation CPU Usage: 204850 ms
INFO: [Common 17-206] Exiting xsim at Thu Apr 30 15:44:30 2026...
Expected FC1 spikes: 1 1 1 0 0 1 1 0 0 0 0 0 0 0 0 0 1 0 1 1 0 1 0 0 0 0 0 0 0 0 0 1 0 1 0 0 0 1 1 1 1 1 1 1 1 0 0 0 1 0 0 0 1 1 0 1 1 0 1 1 1 1 0 0 
Got FC1 spikes     : 1 1 1 0 0 1 1 0 0 0 0 0 0 0 0 0 1 0 1 1 0 1 0 0 0 0 0 0 0 0 0 1 0 1 0 0 0 1 1 1 1 1 1 1 1 0 0 0 1 0 0 0 1 1 0 1 1 0 1 1 1 1 0 0 
FC1FULL TB PASSED
