Expected FC2 spikes: 1 0 1 1 1 
Got FC2 spikes     : 1 0 1 1 1 
FC2FULL TB PASSED
INFO [HLS SIM]: The maximum depth reached by any hls::stream() instance in the design is 64
Vivado Simulator v2023.1
Copyright 1986-2022 Xilinx, Inc. All Rights Reserved.
Copyright 2022-2023 Advanced Micro Devices, Inc. All Rights Reserved.
Running: /tools/Xilinx/Vivado/2023.1/bin/unwrapped/lnx64.o/xelab xil_defaultlib.apatb_fc2full_top_top glbl -Oenable_linking_all_libraries -prj fc2full_top.prj -L smartconnect_v1_0 -L axi_protocol_checker_v1_1_12 -L axi_protocol_checker_v1_1_13 -L axis_protocol_checker_v1_1_11 -L axis_protocol_checker_v1_1_12 -L xil_defaultlib -L unisims_ver -L xpm -L floating_point_v7_1_15 -L floating_point_v7_0_20 --lib ieee_proposed=./ieee_proposed -s fc2full_top 
Multi-threading is on. Using 254 slave threads.
INFO: [VRFC 10-2263] Analyzing SystemVerilog file "/home/coder/Desktop/s2n2/convSNN/convSNN_hls/fc2full_prj/xcvu9p-flga2577-2-e/sim/verilog/glbl.v" into library work
INFO: [VRFC 10-311] analyzing module glbl
INFO: [VRFC 10-2263] Analyzing SystemVerilog file "/home/coder/Desktop/s2n2/convSNN/convSNN_hls/fc2full_prj/xcvu9p-flga2577-2-e/sim/verilog/fc2full_top.autotb.v" into library xil_defaultlib
INFO: [VRFC 10-311] analyzing module apatb_fc2full_top_top
INFO: [VRFC 10-2263] Analyzing SystemVerilog file "/home/coder/Desktop/s2n2/convSNN/convSNN_hls/fc2full_prj/xcvu9p-flga2577-2-e/sim/verilog/fc2full_top_load_weights_once_Pipeline_VITIS_LOOP_51_1_VITIS_LOOP_52_2.v" into library xil_defaultlib
INFO: [VRFC 10-311] analyzing module fc2full_top_load_weights_once_Pipeline_VITIS_LOOP_51_1_VITIS_LOOP_52_2
INFO: [VRFC 10-2263] Analyzing SystemVerilog file "/home/coder/Desktop/s2n2/convSNN/convSNN_hls/fc2full_prj/xcvu9p-flga2577-2-e/sim/verilog/fc2full_top_load_weights_once.v" into library xil_defaultlib
INFO: [VRFC 10-311] analyzing module fc2full_top_load_weights_once
INFO: [VRFC 10-2263] Analyzing SystemVerilog file "/home/coder/Desktop/s2n2/convSNN/convSNN_hls/fc2full_prj/xcvu9p-flga2577-2-e/sim/verilog/fc2full_top_fc2full_top_Pipeline_VITIS_LOOP_75_1.v" into library xil_defaultlib
INFO: [VRFC 10-311] analyzing module fc2full_top_fc2full_top_Pipeline_VITIS_LOOP_75_1
INFO: [VRFC 10-2263] Analyzing SystemVerilog file "/home/coder/Desktop/s2n2/convSNN/convSNN_hls/fc2full_prj/xcvu9p-flga2577-2-e/sim/verilog/fc2full_top_fc2full_top_Pipeline_VITIS_LOOP_131_1.v" into library xil_defaultlib
INFO: [VRFC 10-311] analyzing module fc2full_top_fc2full_top_Pipeline_VITIS_LOOP_131_1
INFO: [VRFC 10-2263] Analyzing SystemVerilog file "/home/coder/Desktop/s2n2/convSNN/convSNN_hls/fc2full_prj/xcvu9p-flga2577-2-e/sim/verilog/fc2full_top_fc2full_top_Pipeline_VITIS_LOOP_108_2.v" into library xil_defaultlib
INFO: [VRFC 10-311] analyzing module fc2full_top_fc2full_top_Pipeline_VITIS_LOOP_108_2
INFO: [VRFC 10-2263] Analyzing SystemVerilog file "/home/coder/Desktop/s2n2/convSNN/convSNN_hls/fc2full_prj/xcvu9p-flga2577-2-e/sim/verilog/fc2full_top.v" into library xil_defaultlib
INFO: [VRFC 10-311] analyzing module fc2full_top
INFO: [VRFC 10-2263] Analyzing SystemVerilog file "/home/coder/Desktop/s2n2/convSNN/convSNN_hls/fc2full_prj/xcvu9p-flga2577-2-e/sim/verilog/fc2full_top_flow_control_loop_pipe_sequential_init.v" into library xil_defaultlib
INFO: [VRFC 10-311] analyzing module fc2full_top_flow_control_loop_pipe_sequential_init
INFO: [VRFC 10-2263] Analyzing SystemVerilog file "/home/coder/Desktop/s2n2/convSNN/convSNN_hls/fc2full_prj/xcvu9p-flga2577-2-e/sim/verilog/fc2full_top_load_weights_once_Pipeline_VITIS_LOOP_51_1_VITIS_LOOP_52_2_FC2_W_ROM_AUTO_1R.v" into library xil_defaultlib
INFO: [VRFC 10-311] analyzing module fc2full_top_load_weights_once_Pipeline_VITIS_LOOP_51_1_VITIS_LOOP_52_2_FC2_W_ROM_AUTO_1R
INFO: [VRFC 10-2263] Analyzing SystemVerilog file "/home/coder/Desktop/s2n2/convSNN/convSNN_hls/fc2full_prj/xcvu9p-flga2577-2-e/sim/verilog/fc2full_top_fc2_weights_0_RAM_AUTO_1R1W.v" into library xil_defaultlib
INFO: [VRFC 10-311] analyzing module fc2full_top_fc2_weights_0_RAM_AUTO_1R1W
INFO: [VRFC 10-2263] Analyzing SystemVerilog file "/home/coder/Desktop/s2n2/convSNN/convSNN_hls/fc2full_prj/xcvu9p-flga2577-2-e/sim/verilog/fc2full_top_fifo_w1_d128_S.v" into library xil_defaultlib
INFO: [VRFC 10-311] analyzing module fc2full_top_fifo_w1_d128_S
INFO: [VRFC 10-311] analyzing module fc2full_top_fifo_w1_d128_S_ShiftReg
INFO: [VRFC 10-2263] Analyzing SystemVerilog file "/home/coder/Desktop/s2n2/convSNN/convSNN_hls/fc2full_prj/xcvu9p-flga2577-2-e/sim/verilog/fc2full_top_fifo_w1_d16_S.v" into library xil_defaultlib
INFO: [VRFC 10-311] analyzing module fc2full_top_fifo_w1_d16_S
INFO: [VRFC 10-311] analyzing module fc2full_top_fifo_w1_d16_S_ShiftReg
INFO: [VRFC 10-2263] Analyzing SystemVerilog file "/home/coder/Desktop/s2n2/convSNN/convSNN_hls/fc2full_prj/xcvu9p-flga2577-2-e/sim/verilog/fc2full_top_mux_64_6_1_1_1.v" into library xil_defaultlib
INFO: [VRFC 10-311] analyzing module fc2full_top_mux_64_6_1_1_1
INFO: [VRFC 10-2263] Analyzing SystemVerilog file "/home/coder/Desktop/s2n2/convSNN/convSNN_hls/fc2full_prj/xcvu9p-flga2577-2-e/sim/verilog/fc2full_top_mux_5_3_16_1_1.v" into library xil_defaultlib
INFO: [VRFC 10-311] analyzing module fc2full_top_mux_5_3_16_1_1
INFO: [VRFC 10-2263] Analyzing SystemVerilog file "/home/coder/Desktop/s2n2/convSNN/convSNN_hls/fc2full_prj/xcvu9p-flga2577-2-e/sim/verilog/dataflow_monitor.sv" into library xil_defaultlib
INFO: [VRFC 10-311] analyzing module dataflow_monitor
Starting static elaboration
Pass Through NonSizing Optimizer
Completed static elaboration
Starting simulation data flow analysis
Completed simulation data flow analysis
Time Resolution for simulation is 1ps
Compiling package xil_defaultlib.$unit_dataflow_monitor_sv
Compiling module xil_defaultlib.fc2full_top_fc2_weights_0_RAM_AU...
Compiling module xil_defaultlib.fc2full_top_load_weights_once_Pi...
Compiling module xil_defaultlib.fc2full_top_flow_control_loop_pi...
Compiling module xil_defaultlib.fc2full_top_load_weights_once_Pi...
Compiling module xil_defaultlib.fc2full_top_load_weights_once
Compiling module xil_defaultlib.fc2full_top_mux_64_6_1_1_1(ID=1,...
Compiling module xil_defaultlib.fc2full_top_fc2full_top_Pipeline...
Compiling module xil_defaultlib.fc2full_top_mux_5_3_16_1_1(ID=1,...
Compiling module xil_defaultlib.fc2full_top_fc2full_top_Pipeline...
Compiling module xil_defaultlib.fc2full_top_fc2full_top_Pipeline...
Compiling module xil_defaultlib.fc2full_top_fifo_w1_d128_S_Shift...
Compiling module xil_defaultlib.fc2full_top_fifo_w1_d128_S
Compiling module xil_defaultlib.fc2full_top_fifo_w1_d16_S_ShiftR...
Compiling module xil_defaultlib.fc2full_top_fifo_w1_d16_S
Compiling module xil_defaultlib.fc2full_top
Compiling module xil_defaultlib.nodf_module_intf
Compiling module xil_defaultlib.upc_loop_intf(FSM_WIDTH=1)
Compiling module xil_defaultlib.dataflow_monitor_1
Compiling module xil_defaultlib.apatb_fc2full_top_top
Compiling module work.glbl
Built simulation snapshot fc2full_top

****** xsim v2023.1 (64-bit)
  **** SW Build 3865809 on Sun May  7 15:04:56 MDT 2023
  **** IP Build 3864474 on Sun May  7 20:36:21 MDT 2023
  **** SharedData Build 3865790 on Sun May 07 13:33:03 MDT 2023
    ** Copyright 1986-2022 Xilinx, Inc. All Rights Reserved.
    ** Copyright 2022-2023 Advanced Micro Devices, Inc. All Rights Reserved.

source xsim.dir/fc2full_top/xsim_script.tcl
# xsim {fc2full_top} -autoloadwcfg -tclbatch {fc2full_top.tcl}
Time resolution is 1 ps
source fc2full_top.tcl
## run all
////////////////////////////////////////////////////////////////////////////////////
// Inter-Transaction Progress: Completed Transaction / Total Transaction
// Intra-Transaction Progress: Measured Latency / Latency Estimation * 100%
//
// RTL Simulation : "Inter-Transaction Progress" ["Intra-Transaction Progress"] @ "Simulation Time"
////////////////////////////////////////////////////////////////////////////////////
// RTL Simulation : 0 / 1 [0.00%] @ "125000"
// RTL Simulation : 1 / 1 [100.00%] @ "7335000"
////////////////////////////////////////////////////////////////////////////////////
$finish called at time : 7395 ns : File "/home/coder/Desktop/s2n2/convSNN/convSNN_hls/fc2full_prj/xcvu9p-flga2577-2-e/sim/verilog/fc2full_top.autotb.v" Line 4307
## quit
INFO: [Common 17-206] Exiting xsim at Thu Apr 30 14:20:42 2026...
Expected FC2 spikes: 1 0 1 1 1 
Got FC2 spikes     : 1 0 1 1 1 
FC2FULL TB PASSED
